Archive member included because of file (symbol)

c:/siliconlabs/simplicitystudio/v4/developer/toolchains/gnu_arm/4.9_2015q3/bin/../lib/gcc/arm-none-eabi/4.9.3/armv7-m\libgcc.a(_aeabi_uldivmod.o)
                              ./emlib/src/em_usart.o (__aeabi_uldivmod)
c:/siliconlabs/simplicitystudio/v4/developer/toolchains/gnu_arm/4.9_2015q3/bin/../lib/gcc/arm-none-eabi/4.9.3/armv7-m\libgcc.a(bpabi.o)
                              c:/siliconlabs/simplicitystudio/v4/developer/toolchains/gnu_arm/4.9_2015q3/bin/../lib/gcc/arm-none-eabi/4.9.3/armv7-m\libgcc.a(_aeabi_uldivmod.o) (__gnu_uldivmod_helper)
c:/siliconlabs/simplicitystudio/v4/developer/toolchains/gnu_arm/4.9_2015q3/bin/../lib/gcc/arm-none-eabi/4.9.3/armv7-m\libgcc.a(_dvmd_tls.o)
                              c:/siliconlabs/simplicitystudio/v4/developer/toolchains/gnu_arm/4.9_2015q3/bin/../lib/gcc/arm-none-eabi/4.9.3/armv7-m\libgcc.a(_aeabi_uldivmod.o) (__aeabi_ldiv0)
c:/siliconlabs/simplicitystudio/v4/developer/toolchains/gnu_arm/4.9_2015q3/bin/../lib/gcc/arm-none-eabi/4.9.3/armv7-m\libgcc.a(_divdi3.o)
                              c:/siliconlabs/simplicitystudio/v4/developer/toolchains/gnu_arm/4.9_2015q3/bin/../lib/gcc/arm-none-eabi/4.9.3/armv7-m\libgcc.a(bpabi.o) (__divdi3)
c:/siliconlabs/simplicitystudio/v4/developer/toolchains/gnu_arm/4.9_2015q3/bin/../lib/gcc/arm-none-eabi/4.9.3/armv7-m\libgcc.a(_udivdi3.o)
                              c:/siliconlabs/simplicitystudio/v4/developer/toolchains/gnu_arm/4.9_2015q3/bin/../lib/gcc/arm-none-eabi/4.9.3/armv7-m\libgcc.a(bpabi.o) (__udivdi3)
c:/siliconlabs/simplicitystudio/v4/developer/toolchains/gnu_arm/4.9_2015q3/bin/../lib/gcc/arm-none-eabi/4.9.3/../../../../arm-none-eabi/lib/armv7-m\libc_nano.a(lib_a-exit.o)
                              c:/siliconlabs/simplicitystudio/v4/developer/toolchains/gnu_arm/4.9_2015q3/bin/../lib/gcc/arm-none-eabi/4.9.3/../../../../arm-none-eabi/lib/armv7-m/crt0.o (exit)
c:/siliconlabs/simplicitystudio/v4/developer/toolchains/gnu_arm/4.9_2015q3/bin/../lib/gcc/arm-none-eabi/4.9.3/../../../../arm-none-eabi/lib/armv7-m\libc_nano.a(lib_a-impure.o)
                              c:/siliconlabs/simplicitystudio/v4/developer/toolchains/gnu_arm/4.9_2015q3/bin/../lib/gcc/arm-none-eabi/4.9.3/../../../../arm-none-eabi/lib/armv7-m\libc_nano.a(lib_a-exit.o) (_global_impure_ptr)
c:/siliconlabs/simplicitystudio/v4/developer/toolchains/gnu_arm/4.9_2015q3/bin/../lib/gcc/arm-none-eabi/4.9.3/../../../../arm-none-eabi/lib/armv7-m\libc_nano.a(lib_a-init.o)
                              c:/siliconlabs/simplicitystudio/v4/developer/toolchains/gnu_arm/4.9_2015q3/bin/../lib/gcc/arm-none-eabi/4.9.3/../../../../arm-none-eabi/lib/armv7-m/crt0.o (__libc_init_array)
c:/siliconlabs/simplicitystudio/v4/developer/toolchains/gnu_arm/4.9_2015q3/bin/../lib/gcc/arm-none-eabi/4.9.3/../../../../arm-none-eabi/lib/armv7-m\libc_nano.a(lib_a-memcpy.o)
                              ./lmic/lmic.o (memcpy)
c:/siliconlabs/simplicitystudio/v4/developer/toolchains/gnu_arm/4.9_2015q3/bin/../lib/gcc/arm-none-eabi/4.9.3/../../../../arm-none-eabi/lib/armv7-m\libc_nano.a(lib_a-memset.o)
                              c:/siliconlabs/simplicitystudio/v4/developer/toolchains/gnu_arm/4.9_2015q3/bin/../lib/gcc/arm-none-eabi/4.9.3/../../../../arm-none-eabi/lib/armv7-m/crt0.o (memset)
c:/siliconlabs/simplicitystudio/v4/developer/toolchains/gnu_arm/4.9_2015q3/bin/../lib/gcc/arm-none-eabi/4.9.3/../../../../arm-none-eabi/lib/armv7-m\libc_nano.a(lib_a-sprintf.o)
                              ./devices_src/tbr.o (sprintf)
c:/siliconlabs/simplicitystudio/v4/developer/toolchains/gnu_arm/4.9_2015q3/bin/../lib/gcc/arm-none-eabi/4.9.3/../../../../arm-none-eabi/lib/armv7-m\libc_nano.a(lib_a-strchr.o)
                              ./devices_src/tbr.o (strchr)
c:/siliconlabs/simplicitystudio/v4/developer/toolchains/gnu_arm/4.9_2015q3/bin/../lib/gcc/arm-none-eabi/4.9.3/../../../../arm-none-eabi/lib/armv7-m\libc_nano.a(lib_a-strlen.o)
                              ./devices_src/tbr.o (strlen)
c:/siliconlabs/simplicitystudio/v4/developer/toolchains/gnu_arm/4.9_2015q3/bin/../lib/gcc/arm-none-eabi/4.9.3/../../../../arm-none-eabi/lib/armv7-m\libc_nano.a(lib_a-strncmp.o)
                              ./devices_src/tbr.o (strncmp)
c:/siliconlabs/simplicitystudio/v4/developer/toolchains/gnu_arm/4.9_2015q3/bin/../lib/gcc/arm-none-eabi/4.9.3/../../../../arm-none-eabi/lib/armv7-m\libc_nano.a(lib_a-strstr.o)
                              ./devices_src/tbr.o (strstr)
c:/siliconlabs/simplicitystudio/v4/developer/toolchains/gnu_arm/4.9_2015q3/bin/../lib/gcc/arm-none-eabi/4.9.3/../../../../arm-none-eabi/lib/armv7-m\libc_nano.a(lib_a-strtok.o)
                              ./devices_src/tbr.o (strtok)
c:/siliconlabs/simplicitystudio/v4/developer/toolchains/gnu_arm/4.9_2015q3/bin/../lib/gcc/arm-none-eabi/4.9.3/../../../../arm-none-eabi/lib/armv7-m\libc_nano.a(lib_a-strtok_r.o)
[...]
Memory Configuration

Name             Origin             Length             Attributes
FLASH            0x00000000         0x00100000         xr
RAM              0x20000000         0x00020000         xrw
*default*        0x00000000         0xffffffff

Linker script and memory map

LOAD c:/siliconlabs/simplicitystudio/v4/developer/toolchains/gnu_arm/4.9_2015q3/bin/../lib/gcc/arm-none-eabi/4.9.3/armv7-m/crti.o
LOAD c:/siliconlabs/simplicitystudio/v4/developer/toolchains/gnu_arm/4.9_2015q3/bin/../lib/gcc/arm-none-eabi/4.9.3/armv7-m/crtbegin.o
LOAD c:/siliconlabs/simplicitystudio/v4/developer/toolchains/gnu_arm/4.9_2015q3/bin/../lib/gcc/arm-none-eabi/4.9.3/../../../../arm-none-eabi/lib/armv7-m/crt0.o
LOAD ./CMSIS/EFM32GG/startup_efm32gg.o
LOAD ./CMSIS/EFM32GG/system_efm32gg.o
LOAD ./devices_src/rgb_led.o
LOAD ./devices_src/sd_card.o
LOAD ./devices_src/tbr.o
LOAD ./devices_src/ublox_gps.o
LOAD ./drivers_src/delay.o
LOAD ./drivers_src/pwm.o
LOAD ./drivers_src/rs232.o
LOAD ./drivers_src/rs485.o
LOAD ./drivers_src/spi.o
LOAD ./emlib/src/em_acmp.o
LOAD ./emlib/src/em_adc.o
LOAD ./emlib/src/em_aes.o
LOAD ./emlib/src/em_assert.o
LOAD ./emlib/src/em_burtc.o
LOAD ./emlib/src/em_can.o
LOAD ./emlib/src/em_cmu.o
LOAD ./emlib/src/em_core.o
LOAD ./emlib/src/em_cryotimer.o
LOAD ./emlib/src/em_crypto.o
LOAD ./emlib/src/em_csen.o
LOAD ./emlib/src/em_dac.o
LOAD ./emlib/src/em_dbg.o
LOAD ./emlib/src/em_dma.o
LOAD ./emlib/src/em_ebi.o
LOAD ./emlib/src/em_emu.o
LOAD ./emlib/src/em_gpcrc.o
LOAD ./emlib/src/em_gpio.o
LOAD ./emlib/src/em_i2c.o
LOAD ./emlib/src/em_idac.o
LOAD ./emlib/src/em_int.o
LOAD ./emlib/src/em_lcd.o
LOAD ./emlib/src/em_ldma.o
LOAD ./emlib/src/em_lesense.o
LOAD ./emlib/src/em_letimer.o
LOAD ./emlib/src/em_leuart.o
LOAD ./emlib/src/em_mpu.o
LOAD ./emlib/src/em_msc.o
LOAD ./emlib/src/em_opamp.o
LOAD ./emlib/src/em_pcnt.o
LOAD ./emlib/src/em_prs.o
LOAD ./emlib/src/em_qspi.o
LOAD ./emlib/src/em_rmu.o
LOAD ./emlib/src/em_rtc.o
LOAD ./emlib/src/em_rtcc.o
LOAD ./emlib/src/em_system.o
LOAD ./emlib/src/em_timer.o
LOAD ./emlib/src/em_usart.o
LOAD ./emlib/src/em_vcmp.o
LOAD ./emlib/src/em_vdac.o
LOAD ./emlib/src/em_wdog.o
LOAD ./fat_filesystem_src/diskio.o
LOAD ./fat_filesystem_src/ff.o
LOAD ./fifo_buffers_src/fifo_rs232.o
LOAD ./fifo_buffers_src/fifo_tbr.o
LOAD ./hal/debug.o
LOAD ./hal/hal.o
LOAD ./lmic/aes.o
LOAD ./lmic/lmic.o
LOAD ./lmic/oslmic.o
LOAD ./lmic/radio.o
LOAD ./resource managers_src/app_manager.o
LOAD ./resource managers_src/lpwan_manager.o
LOAD ./src/main.o
START GROUP
LOAD c:/siliconlabs/simplicitystudio/v4/developer/toolchains/gnu_arm/4.9_2015q3/bin/../lib/gcc/arm-none-eabi/4.9.3/armv7-m\libgcc.a
LOAD c:/siliconlabs/simplicitystudio/v4/developer/toolchains/gnu_arm/4.9_2015q3/bin/../lib/gcc/arm-none-eabi/4.9.3/../../../../arm-none-eabi/lib/armv7-m\libc_nano.a
LOAD c:/siliconlabs/simplicitystudio/v4/developer/toolchains/gnu_arm/4.9_2015q3/bin/../lib/gcc/arm-none-eabi/4.9.3/../../../../arm-none-eabi/lib/armv7-m\libnosys.a
END GROUP
START GROUP
LOAD c:/siliconlabs/simplicitystudio/v4/developer/toolchains/gnu_arm/4.9_2015q3/bin/../lib/gcc/arm-none-eabi/4.9.3/armv7-m\libgcc.a
LOAD c:/siliconlabs/simplicitystudio/v4/developer/toolchains/gnu_arm/4.9_2015q3/bin/../lib/gcc/arm-none-eabi/4.9.3/../../../../arm-none-eabi/lib/armv7-m\libg_nano.a
LOAD c:/siliconlabs/simplicitystudio/v4/developer/toolchains/gnu_arm/4.9_2015q3/bin/../lib/gcc/arm-none-eabi/4.9.3/../../../../arm-none-eabi/lib/armv7-m\libc_nano.a
END GROUP
START GROUP
LOAD c:/siliconlabs/simplicitystudio/v4/developer/toolchains/gnu_arm/4.9_2015q3/bin/../lib/gcc/arm-none-eabi/4.9.3/armv7-m\libgcc.a
LOAD c:/siliconlabs/simplicitystudio/v4/developer/toolchains/gnu_arm/4.9_2015q3/bin/../lib/gcc/arm-none-eabi/4.9.3/../../../../arm-none-eabi/lib/armv7-m\libc_nano.a
END GROUP
LOAD c:/siliconlabs/simplicitystudio/v4/developer/toolchains/gnu_arm/4.9_2015q3/bin/../lib/gcc/arm-none-eabi/4.9.3/armv7-m/crtend.o
LOAD c:/siliconlabs/simplicitystudio/v4/developer/toolchains/gnu_arm/4.9_2015q3/bin/../lib/gcc/arm-none-eabi/4.9.3/armv7-m/crtn.o

.text           0x00000000     0xf40c
 *(.vectors)
 .vectors       0x00000000       0xdc ./CMSIS/EFM32GG/startup_efm32gg.o
                0x00000000                __Vectors
                0x000000dc                __Vectors_End = .
                0x000000dc                __Vectors_Size = (__Vectors_End - __Vectors)
                0x000000dc                __end__ = .
 *(.text*)
 .text          0x000000dc       0x5c c:/siliconlabs/simplicitystudio/v4/developer/toolchains/gnu_arm/4.9_2015q3/bin/../lib/gcc/arm-none-eabi/4.9.3/armv7-m/crtbegin.o
 .text          0x00000138       0x74 c:/siliconlabs/simplicitystudio/v4/developer/toolchains/gnu_arm/4.9_2015q3/bin/../lib/gcc/arm-none-eabi/4.9.3/../../../../arm-none-eabi/lib/armv7-m/crt0.o
                0x00000138                _start
                0x00000138                _mainCRTStartup
 .text          0x000001ac       0x30 ./CMSIS/EFM32GG/startup_efm32gg.o
                0x000001ac                Reset_Handler
                0x000001d8                DebugMon_Handler
                0x000001d8                USART0_TX_IRQHandler
                0x000001d8                I2C0_IRQHandler
                0x000001d8                HardFault_Handler
                0x000001d8                LEUART1_IRQHandler
                0x000001d8                SysTick_Handler
                0x000001d8                USART1_RX_IRQHandler
                0x000001d8                PendSV_Handler
                0x000001d8                NMI_Handler
                0x000001d8                I2C1_IRQHandler
                0x000001d8                TIMER3_IRQHandler
                0x000001d8                USART1_TX_IRQHandler
                0x000001d8                MSC_IRQHandler
                0x000001d8                ADC0_IRQHandler
                0x000001d8                UsageFault_Handler
                0x000001d8                UART0_TX_IRQHandler
                0x000001d8                UART1_TX_IRQHandler
                0x000001d8                TIMER0_IRQHandler
                0x000001d8                TIMER2_IRQHandler
                0x000001d8                LCD_IRQHandler
                0x000001d8                PCNT2_IRQHandler
                0x000001d8                UART0_RX_IRQHandler
                0x000001d8                LETIMER0_IRQHandler
                0x000001d8                TIMER1_IRQHandler
                0x000001d8                Default_Handler
                0x000001d8                EMU_IRQHandler
                0x000001d8                PCNT0_IRQHandler
                0x000001d8                USB_IRQHandler
                0x000001d8                PCNT1_IRQHandler
                0x000001d8                ACMP0_IRQHandler
                0x000001d8                USART0_RX_IRQHandler
                0x000001d8                MemManage_Handler
                0x000001d8                SVC_Handler
                0x000001d8                DAC0_IRQHandler
                0x000001d8                UART1_RX_IRQHandler
                0x000001d8                CMU_IRQHandler
                0x000001d8                EBI_IRQHandler
                0x000001d8                LESENSE_IRQHandler
                0x000001d8                AES_IRQHandler
                0x000001d8                VCMP_IRQHandler
                0x000001d8                BusFault_Handler
 .text.GetProdRev
                0x000001dc       0x1c ./CMSIS/EFM32GG/system_efm32gg.o
 .text.SystemCoreClockGet
                0x000001f8       0x34 ./CMSIS/EFM32GG/system_efm32gg.o
                0x000001f8                SystemCoreClockGet
 .text.SystemMaxCoreClockGet
                0x0000022c       0x14 ./CMSIS/EFM32GG/system_efm32gg.o
                0x0000022c                SystemMaxCoreClockGet
 .text.SystemHFClockGet
                0x00000240      0x100 ./CMSIS/EFM32GG/system_efm32gg.o
                0x00000240                SystemHFClockGet
 .text.SystemHFXOClockGet
                0x00000340       0x18 ./CMSIS/EFM32GG/system_efm32gg.o
                0x00000340                SystemHFXOClockGet
 .text.SystemInit
                0x00000358        0xc ./CMSIS/EFM32GG/system_efm32gg.o
                0x00000358                SystemInit
 .text.SystemLFRCOClockGet
                0x00000364       0x14 ./CMSIS/EFM32GG/system_efm32gg.o
                0x00000364                SystemLFRCOClockGet
 .text.SystemULFRCOClockGet
                0x00000378       0x14 ./CMSIS/EFM32GG/system_efm32gg.o
                0x00000378                SystemULFRCOClockGet
 .text.SystemLFXOClockGet
                0x0000038c       0x18 ./CMSIS/EFM32GG/system_efm32gg.o
                0x0000038c                SystemLFXOClockGet
 .text.GPIO_PinOutClear
                0x000003a4       0x58 ./devices_src/rgb_led.o
 .text.GPIO_PinOutSet
                0x000003fc       0x58 ./devices_src/rgb_led.o
 .text.generate_pulses
                0x00000454       0x50 ./devices_src/rgb_led.o
                0x00000454                generate_pulses
 .text.rgb_init
                0x000004a4       0x34 ./devices_src/rgb_led.o
                0x000004a4                rgb_init
 .text.rgb_on   0x000004d8      0x110 ./devices_src/rgb_led.o
                0x000004d8                rgb_on
 .text.rgb_shutdown
                0x000005e8       0x18 ./devices_src/rgb_led.o
                0x000005e8                rgb_shutdown
 .text.GPIO_PinOutClear
                0x00000600       0x58 ./devices_src/sd_card.o
 .text.GPIO_PinOutSet
                0x00000658       0x58 ./devices_src/sd_card.o
 .text.start_transfer
                0x000006b0       0x10 ./devices_src/sd_card.o
                0x000006b0                start_transfer
 .text.end_transfer
                0x000006c0       0x14 ./devices_src/sd_card.o
                0x000006c0                end_transfer
 .text.send_cmd
                0x000006d4      0x24c ./devices_src/sd_card.o
                0x000006d4                send_cmd
 .text.sd_card_init
                0x00000920      0x1e0 ./devices_src/sd_card.o
                0x00000920                sd_card_init
 .text.sd_card_on
                0x00000b00       0x10 ./devices_src/sd_card.o
                0x00000b00                sd_card_on
 .text.sd_card_off
                0x00000b10       0x10 ./devices_src/sd_card.o
                0x00000b10                sd_card_off
 .text.sd_card_read
                0x00000b20      0x130 ./devices_src/sd_card.o
                0x00000b20                sd_card_read
 .text.sd_card_write
                0x00000c50      0x10c ./devices_src/sd_card.o
                0x00000c50                sd_card_write
 .text.array_is_full
                0x00000d5c       0x24 ./devices_src/tbr.o
                0x00000d5c                array_is_full
 .text.array_is_empty
                0x00000d80       0x20 ./devices_src/tbr.o
                0x00000d80                array_is_empty
 .text.array_add
                0x00000da0       0x58 ./devices_src/tbr.o
                0x00000da0                array_add
 .text.array_remove
                0x00000df8       0x5c ./devices_src/tbr.o
                0x00000df8                array_remove
 .text.CalculateLuhn
                0x00000e54      0x12c ./devices_src/tbr.o
                0x00000e54                CalculateLuhn
 .text.parse_message_tbr
                0x00000f80       0xa4 ./devices_src/tbr.o
                0x00000f80                parse_message_tbr
 .text.check_other_messages
                0x00001024       0x3c ./devices_src/tbr.o
                0x00001024                check_other_messages
 .text.clear_buffer
                0x00001060       0x3c ./devices_src/tbr.o
                0x00001060                clear_buffer
 .text.get_and_compare
                0x0000109c       0xb0 ./devices_src/tbr.o
                0x0000109c                get_and_compare
 .text.convert_single_tbr_msg_into_uint
                0x0000114c      0x3d8 ./devices_src/tbr.o
                0x0000114c                convert_single_tbr_msg_into_uint
 .text.convert_tbr_msgs_to_uint
                0x00001524      0x1a0 ./devices_src/tbr.o
                0x00001524                convert_tbr_msgs_to_uint
 .text.tbr_init
                0x000016c4       0x48 ./devices_src/tbr.o
                0x000016c4                tbr_init
 .text.tbr_send_cmd
                0x0000170c      0x100 ./devices_src/tbr.o
                0x0000170c                tbr_send_cmd
 .text.tbr_recv_msg_uint
                0x0000180c       0xa4 ./devices_src/tbr.o
                0x0000180c                tbr_recv_msg_uint
 .text.GPIO_PinOutSet
                0x000018b0       0x58 ./devices_src/ublox_gps.o
 .text.send_cmd_rx_ack
                0x00001908       0xfc ./devices_src/ublox_gps.o
                0x00001908                send_cmd_rx_ack
 .text.port_config
                0x00001a04       0x64 ./devices_src/ublox_gps.o
                0x00001a04                port_config
 .text.receiver_nav_status
                0x00001a68       0xfc ./devices_src/ublox_gps.o
                0x00001a68                receiver_nav_status
 .text.config_low_power
                0x00001b64       0x24 ./devices_src/ublox_gps.o
                0x00001b64                config_low_power
 .text.enter_low_power
                0x00001b88       0x24 ./devices_src/ublox_gps.o
                0x00001b88                enter_low_power
 .text.disable_sbas
                0x00001bac       0x24 ./devices_src/ublox_gps.o
                0x00001bac                disable_sbas
 .text.poll_psm
                0x00001bd0      0x130 ./devices_src/ublox_gps.o
                0x00001bd0                poll_psm
 .text.parse_message
                0x00001d00      0x32c ./devices_src/ublox_gps.o
                0x00001d00                parse_message
 .text.gps_init
                0x0000202c      0x148 ./devices_src/ublox_gps.o
                0x0000202c                gps_init
 .text.gps_get_nav_data
                0x00002174      0x19c ./devices_src/ublox_gps.o
                0x00002174                gps_get_nav_data
 .text.gps_on   0x00002310       0x10 ./devices_src/ublox_gps.o
                0x00002310                gps_on
 .text.TIMER_Valid
                0x00002320       0x50 ./drivers_src/delay.o
 .text.TIMER_MaxCount
                0x00002370       0x18 ./drivers_src/delay.o
 .text.TIMER_CounterSet
                0x00002388       0x1c ./drivers_src/delay.o
 .text.TIMER_Enable
                0x000023a4       0x2c ./drivers_src/delay.o
 .text.TIMER_IntClear
                0x000023d0       0x1c ./drivers_src/delay.o
 .text.TIMER_IntEnable
                0x000023ec       0x20 ./drivers_src/delay.o
 .text.TIMER_IntGetEnabled
                0x0000240c       0x24 ./drivers_src/delay.o
 .text.TIMER_TopBufSet
                0x00002430       0x1c ./drivers_src/delay.o
 .text.TIMER_TopSet
                0x0000244c       0x1c ./drivers_src/delay.o
 .text.delay_init
                0x00002468       0x7c ./drivers_src/delay.o
                0x00002468                delay_init
 .text.delay_enable
                0x000024e4       0x14 ./drivers_src/delay.o
                0x000024e4                delay_enable
 .text.delay_disable
                0x000024f8       0x14 ./drivers_src/delay.o
                0x000024f8                delay_disable
 .text.delay_ms
                0x0000250c       0x64 ./drivers_src/delay.o
                0x0000250c                delay_ms
 .text.TIMER_Valid
                0x00002570       0x50 ./drivers_src/pwm.o
 .text.TIMER_MaxCount
                0x000025c0       0x18 ./drivers_src/pwm.o
 .text.TIMER_CounterSet
                0x000025d8       0x1c ./drivers_src/pwm.o
 .text.TIMER_Enable
                0x000025f4       0x2c ./drivers_src/pwm.o
 .text.TIMER_IntClear
                0x00002620       0x1c ./drivers_src/pwm.o
 .text.TIMER_IntEnable
                0x0000263c       0x20 ./drivers_src/pwm.o
 .text.TIMER_IntGetEnabled
                0x0000265c       0x24 ./drivers_src/pwm.o
 .text.TIMER_TopBufSet
                0x00002680       0x1c ./drivers_src/pwm.o
 .text.TIMER_TopSet
                0x0000269c       0x1c ./drivers_src/pwm.o
 .text.pwm_init
                0x000026b8       0x7c ./drivers_src/pwm.o
                0x000026b8                pwm_init
 .text.pwm_enable
                0x00002734       0x14 ./drivers_src/pwm.o
                0x00002734                pwm_enable
 .text.pwm_disable
                0x00002748       0x14 ./drivers_src/pwm.o
                0x00002748                pwm_disable
 .text.pwm_us_delay
                0x0000275c       0x5c ./drivers_src/pwm.o
                0x0000275c                pwm_us_delay
 .text.NVIC_EnableIRQ
                0x000027b8       0x30 ./drivers_src/rs232.o
 .text.NVIC_ClearPendingIRQ
                0x000027e8       0x34 ./drivers_src/rs232.o
 .text.USART_IntClear
                0x0000281c       0x1c ./drivers_src/rs232.o
 .text.USART_IntDisable
                0x00002838       0x24 ./drivers_src/rs232.o
 .text.USART_IntEnable
                0x0000285c       0x20 ./drivers_src/rs232.o
 .text.rs232_init
                0x0000287c       0xb0 ./drivers_src/rs232.o
                0x0000287c                rs232_init
 .text.rs232_enable
                0x0000292c       0x14 ./drivers_src/rs232.o
                0x0000292c                rs232_enable
 .text.rs232_transmit_string
                0x00002940       0x6c ./drivers_src/rs232.o
                0x00002940                rs232_transmit_string
 .text.rs232_transmit_char
                0x000029ac       0x4c ./drivers_src/rs232.o
                0x000029ac                rs232_transmit_char
 .text.USART2_TX_IRQHandler
                0x000029f8       0x4c ./drivers_src/rs232.o
                0x000029f8                USART2_TX_IRQHandler
 .text.USART2_RX_IRQHandler
                0x00002a44       0x40 ./drivers_src/rs232.o
                0x00002a44                USART2_RX_IRQHandler
 .text.NVIC_EnableIRQ
                0x00002a84       0x30 ./drivers_src/rs485.o
 .text.NVIC_ClearPendingIRQ
                0x00002ab4       0x34 ./drivers_src/rs485.o
 .text.GPIO_PinOutClear
                0x00002ae8       0x58 ./drivers_src/rs485.o
 .text.GPIO_PinOutSet
                0x00002b40       0x58 ./drivers_src/rs485.o
 .text.LEUART_IntClear
                0x00002b98       0x1c ./drivers_src/rs485.o
 .text.LEUART_IntDisable
                0x00002bb4       0x24 ./drivers_src/rs485.o
 .text.LEUART_IntEnable
                0x00002bd8       0x20 ./drivers_src/rs485.o
 .text.rs485_init
                0x00002bf8       0xe0 ./drivers_src/rs485.o
                0x00002bf8                rs485_init
 .text.rs485_enable
                0x00002cd8       0x14 ./drivers_src/rs485.o
                0x00002cd8                rs485_enable
 .text.rs485_transmit_string
                0x00002cec       0x78 ./drivers_src/rs485.o
                0x00002cec                rs485_transmit_string
 .text.rs485_recieve_char
                0x00002d64       0x3c ./drivers_src/rs485.o
                0x00002d64                rs485_recieve_char
 .text.rs485_tx_mode
                0x00002da0       0x18 ./drivers_src/rs485.o
                0x00002da0                rs485_tx_mode
 .text.rs485_rx_mode
                0x00002db8       0x18 ./drivers_src/rs485.o
                0x00002db8                rs485_rx_mode
 .text.LEUART0_IRQHandler
                0x00002dd0       0xd0 ./drivers_src/rs485.o
                0x00002dd0                LEUART0_IRQHandler
 .text.GPIO_PinOutClear
                0x00002ea0       0x58 ./drivers_src/spi.o
 .text.GPIO_PinOutSet
                0x00002ef8       0x58 ./drivers_src/spi.o
 .text.USART_IntClear
                0x00002f50       0x1c ./drivers_src/spi.o
 .text.spi_init
                0x00002f6c       0xbc ./drivers_src/spi.o
                0x00002f6c                spi_init
 .text.spi_enable
                0x00003028       0x14 ./drivers_src/spi.o
                0x00003028                spi_enable
 .text.spi_disable
                0x0000303c       0x14 ./drivers_src/spi.o
                0x0000303c                spi_disable
 .text.spi_cs_set
                0x00003050       0x40 ./drivers_src/spi.o
                0x00003050                spi_cs_set
 .text.spi_cs_clear
                0x00003090       0x8c ./drivers_src/spi.o
                0x00003090                spi_cs_clear
 .text.spi_read_write_byte
                0x0000311c       0x34 ./drivers_src/spi.o
                0x0000311c                spi_read_write_byte
 .text.spi_write_byte
                0x00003150       0x28 ./drivers_src/spi.o
                0x00003150                spi_write_byte
 .text.spi_read_byte
                0x00003178       0x2c ./drivers_src/spi.o
                0x00003178                spi_read_byte
 .text.BUS_RegBitWrite
                0x000031a4       0x2c ./emlib/src/em_burtc.o
 .text.BUS_RegBitRead
                0x000031d0       0x2c ./emlib/src/em_burtc.o
 .text.BURTC_IntClear
                0x000031fc       0x1c ./emlib/src/em_burtc.o
 .text.BURTC_Enable
                0x00003218       0x50 ./emlib/src/em_burtc.o
 .text.BURTC_FreezeEnable
                0x00003268       0x20 ./emlib/src/em_burtc.o
 .text.divToLog2
                0x00003288       0x34 ./emlib/src/em_burtc.o
 .text.regSync  0x000032bc       0x40 ./emlib/src/em_burtc.o
 .text.BURTC_Init
                0x000032fc       0xe8 ./emlib/src/em_burtc.o
                0x000032fc                BURTC_Init
 .text.BURTC_CompareSet
                0x000033e4       0x20 ./emlib/src/em_burtc.o
                0x000033e4                BURTC_CompareSet
 .text.BURTC_Reset
                0x00003404       0x3c ./emlib/src/em_burtc.o
                0x00003404                BURTC_Reset
 .text.BUS_RegBitWrite
                0x00003440       0x2c ./emlib/src/em_cmu.o
 .text.BUS_RegBitRead
                0x0000346c       0x2c ./emlib/src/em_cmu.o
 .text.CMU_DivToLog2
                0x00003498       0x34 ./emlib/src/em_cmu.o
 .text.SYSTEM_GetProdRev
                0x000034cc       0x1c ./emlib/src/em_cmu.o
 .text.SYSTEM_GetFamily
                0x000034e8       0x20 ./emlib/src/em_cmu.o
 .text.maxFreqHfle
                0x00003508       0x78 ./emlib/src/em_cmu.o
 .text.setHfLeConfig
                0x00003580       0x60 ./emlib/src/em_cmu.o
 .text.getHfLeConfig
                0x000035e0       0x20 ./emlib/src/em_cmu.o
 .text.auxClkGet
                0x00003600       0xb0 ./emlib/src/em_cmu.o
 .text.dbgClkGet
                0x000036b0       0x40 ./emlib/src/em_cmu.o
 .text.flashWaitStateControl
                0x000036f0       0xb8 ./emlib/src/em_cmu.o
 .text.flashWaitStateMax
                0x000037a8       0x14 ./emlib/src/em_cmu.o
 .text.CMU_UpdateWaitStates
                0x000037bc       0x18 ./emlib/src/em_cmu.o
                0x000037bc                CMU_UpdateWaitStates
 .text.lfClkGet
                0x000037d4       0xec ./emlib/src/em_cmu.o
 .text.syncReg  0x000038c0       0x34 ./emlib/src/em_cmu.o
 .text.CMU_ClockDivSet
                0x000038f4      0x22c ./emlib/src/em_cmu.o
                0x000038f4                CMU_ClockDivSet
 .text.CMU_ClockEnable
                0x00003b20       0xd0 ./emlib/src/em_cmu.o
                0x00003b20                CMU_ClockEnable
 .text.CMU_ClockFreqGet
                0x00003bf0      0x1c8 ./emlib/src/em_cmu.o
                0x00003bf0                CMU_ClockFreqGet
 .text.CMU_ClockSelectGet
                0x00003db8      0x124 ./emlib/src/em_cmu.o
                0x00003db8                CMU_ClockSelectGet
 .text.CMU_ClockSelectSet
                0x00003edc      0x22c ./emlib/src/em_cmu.o
                0x00003edc                CMU_ClockSelectSet
 .text.CMU_HFRCOBandSet
                0x00004108       0xe0 ./emlib/src/em_cmu.o
                0x00004108                CMU_HFRCOBandSet
 .text.CMU_OscillatorEnable
                0x000041e8       0xbc ./emlib/src/em_cmu.o
                0x000041e8                CMU_OscillatorEnable
 .text.CORE_EnterAtomic
                0x000042a4       0x20 ./emlib/src/em_core.o
                0x000042a4                CORE_EnterAtomic
 .text.CORE_ExitAtomic
                0x000042c4       0x1c ./emlib/src/em_core.o
                0x000042c4                CORE_ExitAtomic
 .text.DMA_IRQHandler
                0x000042e0       0xd8 ./emlib/src/em_dma.o
                0x000042e0                DMA_IRQHandler
 .text.BUS_RegBitWrite
                0x000043b8       0x2c ./emlib/src/em_gpio.o
 .text.BUS_RegMaskedWrite
                0x000043e4       0x28 ./emlib/src/em_gpio.o
 .text.GPIO_PinOutClear
                0x0000440c       0x58 ./emlib/src/em_gpio.o
 .text.GPIO_PinOutSet
                0x00004464       0x58 ./emlib/src/em_gpio.o
 .text.GPIO_DriveModeSet
                0x000044bc       0x70 ./emlib/src/em_gpio.o
                0x000044bc                GPIO_DriveModeSet
 .text.GPIO_ExtIntConfig
                0x0000452c       0xd4 ./emlib/src/em_gpio.o
                0x0000452c                GPIO_ExtIntConfig
 .text.GPIO_PinModeSet
                0x00004600      0x10c ./emlib/src/em_gpio.o
                0x00004600                GPIO_PinModeSet
 .text.LETIMER_Enable
                0x0000470c       0x2c ./emlib/src/em_letimer.o
                0x0000470c                LETIMER_Enable
 .text.LETIMER_FreezeEnable
                0x00004738       0x34 ./emlib/src/em_letimer.o
                0x00004738                LETIMER_FreezeEnable
 .text.LETIMER_Init
                0x0000476c       0xf0 ./emlib/src/em_letimer.o
                0x0000476c                LETIMER_Init
 .text.LETIMER_Reset
                0x0000485c       0x50 ./emlib/src/em_letimer.o
                0x0000485c                LETIMER_Reset
 .text.LEUART_Sync
                0x000048ac       0x30 ./emlib/src/em_leuart.o
 .text.LEUART_BaudrateSet
                0x000048dc       0x80 ./emlib/src/em_leuart.o
                0x000048dc                LEUART_BaudrateSet
 .text.LEUART_Enable
                0x0000495c       0x58 ./emlib/src/em_leuart.o
                0x0000495c                LEUART_Enable
 .text.LEUART_FreezeEnable
                0x000049b4       0x34 ./emlib/src/em_leuart.o
                0x000049b4                LEUART_FreezeEnable
 .text.LEUART_Init
                0x000049e8       0x84 ./emlib/src/em_leuart.o
                0x000049e8                LEUART_Init
 .text.LEUART_Reset
                0x00004a6c       0x70 ./emlib/src/em_leuart.o
                0x00004a6c                LEUART_Reset
 .text.LEUART_Rx
                0x00004adc       0x28 ./emlib/src/em_leuart.o
                0x00004adc                LEUART_Rx
 .text.LEUART_Tx
                0x00004b04       0x30 ./emlib/src/em_leuart.o
                0x00004b04                LEUART_Tx
 .text.SL_CTZ   0x00004b34       0x28 ./emlib/src/em_rmu.o
 .text.BUS_RegBitWrite
                0x00004b5c       0x2c ./emlib/src/em_rmu.o
 .text.RMU_ResetControl
                0x00004b88       0x3c ./emlib/src/em_rmu.o
                0x00004b88                RMU_ResetControl
 .text.BUS_RegBitWrite
                0x00004bc4       0x2c ./emlib/src/em_rtc.o
 .text.RTC_CompareSet
                0x00004bf0       0x3c ./emlib/src/em_rtc.o
                0x00004bf0                RTC_CompareSet
 .text.RTC_Enable
                0x00004c2c       0x20 ./emlib/src/em_rtc.o
                0x00004c2c                RTC_Enable
 .text.RTC_Init
                0x00004c4c       0x50 ./emlib/src/em_rtc.o
                0x00004c4c                RTC_Init
 .text.SYSTEM_ChipRevisionGet
                0x00004c9c       0x74 ./emlib/src/em_system.o
                0x00004c9c                SYSTEM_ChipRevisionGet
 .text.TIMER_Valid
                0x00004d10       0x50 ./emlib/src/em_timer.o
 .text.TIMER_Init
                0x00004d60       0xdc ./emlib/src/em_timer.o
                0x00004d60                TIMER_Init
 .text.USART_BaudrateAsyncSet
                0x00004e3c       0xb0 ./emlib/src/em_usart.o
                0x00004e3c                USART_BaudrateAsyncSet
 .text.USART_BaudrateSyncSet
                0x00004eec       0x40 ./emlib/src/em_usart.o
                0x00004eec                USART_BaudrateSyncSet
 .text.USART_Enable
                0x00004f2c       0x58 ./emlib/src/em_usart.o
                0x00004f2c                USART_Enable
 .text.USART_InitAsync
                0x00004f84       0x9c ./emlib/src/em_usart.o
                0x00004f84                USART_InitAsync
 .text.USART_InitSync
                0x00005020       0xcc ./emlib/src/em_usart.o
                0x00005020                USART_InitSync
 .text.USART_Reset
                0x000050ec       0x98 ./emlib/src/em_usart.o
                0x000050ec                USART_Reset
 .text.USART_Rx
                0x00005184       0x28 ./emlib/src/em_usart.o
                0x00005184                USART_Rx
 .text.USART_SpiTransfer
                0x000051ac       0x40 ./emlib/src/em_usart.o
                0x000051ac                USART_SpiTransfer
 .text.USART_Tx
                0x000051ec       0x2c ./emlib/src/em_usart.o
                0x000051ec                USART_Tx
 .text.disk_status
                0x00005218       0x44 ./fat_filesystem_src/diskio.o
                0x00005218                disk_status
 .text.disk_initialize
                0x0000525c       0x4c ./fat_filesystem_src/diskio.o
                0x0000525c                disk_initialize
 .text.disk_read
                0x000052a8       0x50 ./fat_filesystem_src/diskio.o
                0x000052a8                disk_read
 .text.disk_write
                0x000052f8       0x50 ./fat_filesystem_src/diskio.o
                0x000052f8                disk_write
 .text.disk_ioctl
                0x00005348       0x50 ./fat_filesystem_src/diskio.o
                0x00005348                disk_ioctl
 .text.ld_word  0x00005398       0x30 ./fat_filesystem_src/ff.o
 .text.ld_dword
                0x000053c8       0x48 ./fat_filesystem_src/ff.o
 .text.st_word  0x00005410       0x34 ./fat_filesystem_src/ff.o
 .text.st_dword
                0x00005444       0x58 ./fat_filesystem_src/ff.o
 .text.mem_cpy  0x0000549c       0x40 ./fat_filesystem_src/ff.o
 .text.mem_set  0x000054dc       0x34 ./fat_filesystem_src/ff.o
 .text.mem_cmp  0x00005510       0x50 ./fat_filesystem_src/ff.o
 .text.chk_chr  0x00005560       0x38 ./fat_filesystem_src/ff.o
 .text.sync_window
                0x00005598       0x8c ./fat_filesystem_src/ff.o
 .text.move_window
                0x00005624       0x5c ./fat_filesystem_src/ff.o
 .text.sync_fs  0x00005680       0xdc ./fat_filesystem_src/ff.o
 .text.clust2sect
                0x0000575c       0x40 ./fat_filesystem_src/ff.o
 .text.get_fat  0x0000579c      0x140 ./fat_filesystem_src/ff.o
 .text.put_fat  0x000058dc      0x1bc ./fat_filesystem_src/ff.o
 .text.remove_chain
                0x00005a98       0xc8 ./fat_filesystem_src/ff.o
 .text.create_chain
                0x00005b60      0x134 ./fat_filesystem_src/ff.o
 .text.dir_sdi  0x00005c94       0xf4 ./fat_filesystem_src/ff.o
 .text.dir_next
                0x00005d88      0x188 ./fat_filesystem_src/ff.o
 .text.dir_alloc
                0x00005f10       0x90 ./fat_filesystem_src/ff.o
 .text.ld_clust
                0x00005fa0       0x40 ./fat_filesystem_src/ff.o
 .text.st_clust
                0x00005fe0       0x40 ./fat_filesystem_src/ff.o
 .text.dir_find
                0x00006020       0xa8 ./fat_filesystem_src/ff.o
 .text.dir_register
                0x000060c8       0x68 ./fat_filesystem_src/ff.o
 .text.create_name
                0x00006130      0x1a0 ./fat_filesystem_src/ff.o
 .text.follow_path
                0x000062d0       0xdc ./fat_filesystem_src/ff.o
 .text.get_ldnumber
                0x000063ac       0x88 ./fat_filesystem_src/ff.o
 .text.check_fs
                0x00006434       0xa8 ./fat_filesystem_src/ff.o
 .text.find_volume
                0x000064dc      0x474 ./fat_filesystem_src/ff.o
 .text.validate
                0x00006950       0x68 ./fat_filesystem_src/ff.o
 .text.f_mount  0x000069b8       0x88 ./fat_filesystem_src/ff.o
                0x000069b8                f_mount
 .text.f_open   0x00006a40      0x320 ./fat_filesystem_src/ff.o
                0x00006a40                f_open
 .text.f_write  0x00006d60      0x2d8 ./fat_filesystem_src/ff.o
                0x00006d60                f_write
 .text.f_sync   0x00007038      0x108 ./fat_filesystem_src/ff.o
                0x00007038                f_sync
 .text.f_close  0x00007140       0x40 ./fat_filesystem_src/ff.o
                0x00007140                f_close
 .text.putc_bfd
                0x00007180       0x78 ./fat_filesystem_src/ff.o
 .text.putc_flush
                0x000071f8       0x54 ./fat_filesystem_src/ff.o
 .text.putc_init
                0x0000724c       0x28 ./fat_filesystem_src/ff.o
 .text.f_puts   0x00007274       0x48 ./fat_filesystem_src/ff.o
                0x00007274                f_puts
 .text.get_fattime
                0x000072bc       0x14 ./fat_filesystem_src/ff.o
                0x000072bc                get_fattime
 .text.fifo_rs232_init
                0x000072d0       0x48 ./fifo_buffers_src/fifo_rs232.o
                0x000072d0                fifo_rs232_init
 .text.fifo_rs232_is_empty
                0x00007318       0x4c ./fifo_buffers_src/fifo_rs232.o
                0x00007318                fifo_rs232_is_empty
 .text.fifo_rs232_is_full
                0x00007364       0x50 ./fifo_buffers_src/fifo_rs232.o
                0x00007364                fifo_rs232_is_full
 .text.fifo_rs232_remove
                0x000073b4       0xbc ./fifo_buffers_src/fifo_rs232.o
                0x000073b4                fifo_rs232_remove
 .text.fifo_rs232_add
                0x00007470       0xb0 ./fifo_buffers_src/fifo_rs232.o
                0x00007470                fifo_rs232_add
 .text.fifo_tbr_init
                0x00007520       0x68 ./fifo_buffers_src/fifo_tbr.o
                0x00007520                fifo_tbr_init
 .text.fifo_tbr_is_empty
                0x00007588       0x6c ./fifo_buffers_src/fifo_tbr.o
                0x00007588                fifo_tbr_is_empty
 .text.fifo_tbr_is_full
                0x000075f4       0x6c ./fifo_buffers_src/fifo_tbr.o
                0x000075f4                fifo_tbr_is_full
 .text.fifo_tbr_remove
                0x00007660      0x108 ./fifo_buffers_src/fifo_tbr.o
                0x00007660                fifo_tbr_remove
 .text.fifo_tbr_add
                0x00007768       0xf8 ./fifo_buffers_src/fifo_tbr.o
                0x00007768                fifo_tbr_add
 .text.debug_char
                0x00007860       0x18 ./hal/debug.o
                0x00007860                debug_char
 .text.debug_str
                0x00007878       0x28 ./hal/debug.o
                0x00007878                debug_str
 .text.NVIC_EnableIRQ
                0x000078a0       0x30 ./hal/hal.o
 .text.NVIC_ClearPendingIRQ
                0x000078d0       0x34 ./hal/hal.o
 .text.NVIC_SystemReset
                0x00007904       0x28 ./hal/hal.o
 .text.BUS_RegBitWrite
                0x0000792c       0x2c ./hal/hal.o
 .text.GPIO_IntClear
                0x00007958       0x20 ./hal/hal.o
 .text.GPIO_IntGetEnabled
                0x00007978       0x28 ./hal/hal.o
 .text.GPIO_PinOutSet
                0x000079a0       0x58 ./hal/hal.o
 .text.GPIO_IntConfig
                0x000079f8       0x38 ./hal/hal.o
 .text.RTC_CounterGet
                0x00007a30       0x18 ./hal/hal.o
 .text.RTC_IntClear
                0x00007a48       0x1c ./hal/hal.o
 .text.RTC_IntDisable
                0x00007a64       0x24 ./hal/hal.o
 .text.RTC_IntEnable
                0x00007a88       0x24 ./hal/hal.o
 .text.RTC_IntGet
                0x00007aac       0x18 ./hal/hal.o
 .text.BURTC_IntClear
                0x00007ac4       0x1c ./hal/hal.o
 .text.BURTC_IntDisable
                0x00007ae0       0x24 ./hal/hal.o
 .text.BURTC_IntEnable
                0x00007b04       0x24 ./hal/hal.o
 .text.BURTC_IntGet
                0x00007b28       0x18 ./hal/hal.o
 .text.BURTC_Enable
                0x00007b40       0x50 ./hal/hal.o
 .text.LETIMER_CounterGet
                0x00007b90       0x18 ./hal/hal.o
 .text.BURTC_IRQHandler
                0x00007ba8      0x160 ./hal/hal.o
                0x00007ba8                BURTC_IRQHandler
 .text.time_manager_init
                0x00007d08       0xec ./hal/hal.o
                0x00007d08                time_manager_init
 .text.time_manager_unixTimestamp
                0x00007df4      0x118 ./hal/hal.o
                0x00007df4                time_manager_unixTimestamp
 .text.time_manager_get_cmd
                0x00007f0c       0x18 ./hal/hal.o
                0x00007f0c                time_manager_get_cmd
 .text.GPIO_EVEN_IRQHandler
                0x00007f24      0x110 ./hal/hal.o
                0x00007f24                GPIO_EVEN_IRQHandler
 .text.GPIO_ODD_IRQHandler
                0x00008034       0x2c ./hal/hal.o
                0x00008034                GPIO_ODD_IRQHandler
 .text.hal_io_init
                0x00008060       0xbc ./hal/hal.o
 .text.hal_pin_rxtx
                0x0000811c       0x14 ./hal/hal.o
                0x0000811c                hal_pin_rxtx
 .text.hal_pin_nss
                0x00008130       0x24 ./hal/hal.o
                0x00008130                hal_pin_nss
 .text.hal_pin_rst
                0x00008154       0x18 ./hal/hal.o
                0x00008154                hal_pin_rst
 .text.hal_spi_init
                0x0000816c       0x10 ./hal/hal.o
 .text.hal_spi  0x0000817c       0x24 ./hal/hal.o
                0x0000817c                hal_spi
 .text.RTC_IRQHandler
                0x000081a0       0x34 ./hal/hal.o
                0x000081a0                RTC_IRQHandler
 .text.hal_time_init
                0x000081d4       0x84 ./hal/hal.o
 .text.hal_ticks
                0x00008258       0x4c ./hal/hal.o
                0x00008258                hal_ticks
 .text.deltaticks
                0x000082a4       0x3c ./hal/hal.o
 .text.hal_waitUntil
                0x000082e0       0x1c ./hal/hal.o
                0x000082e0                hal_waitUntil
 .text.hal_checkTimer
                0x000082fc       0x4c ./hal/hal.o
                0x000082fc                hal_checkTimer
 .text.hal_disableIRQs
                0x00008348       0x40 ./hal/hal.o
                0x00008348                hal_disableIRQs
 .text.hal_enableIRQs
                0x00008388       0x38 ./hal/hal.o
                0x00008388                hal_enableIRQs
 .text.hal_sleep
                0x000083c0        0xc ./hal/hal.o
                0x000083c0                hal_sleep
 .text.hal_init
                0x000083cc       0x28 ./hal/hal.o
                0x000083cc                hal_init
 .text.hal_failed
                0x000083f4       0x74 ./hal/hal.o
                0x000083f4                hal_failed
 .text.aesroundkeys
                0x00008468       0xf4 ./lmic/aes.o
 .text.os_aes   0x0000855c      0x99c ./lmic/aes.o
                0x0000855c                os_aes
 .text.getSf    0x00008ef8       0x20 ./lmic/lmic.o
                0x00008ef8                getSf
 .text.getBw    0x00008f18       0x24 ./lmic/lmic.o
                0x00008f18                getBw
 .text.getCr    0x00008f3c       0x24 ./lmic/lmic.o
                0x00008f3c                getCr
 .text.setCr    0x00008f60       0x30 ./lmic/lmic.o
                0x00008f60                setCr
 .text.getNocrc
                0x00008f90       0x20 ./lmic/lmic.o
                0x00008f90                getNocrc
 .text.setNocrc
                0x00008fb0       0x2c ./lmic/lmic.o
                0x00008fb0                setNocrc
 .text.getIh    0x00008fdc       0x20 ./lmic/lmic.o
                0x00008fdc                getIh
 .text.updr2rps
                0x00008ffc       0x24 ./lmic/lmic.o
                0x00008ffc                updr2rps
 .text.dndr2rps
                0x00009020       0x28 ./lmic/lmic.o
                0x00009020                dndr2rps
 .text.decDR    0x00009048       0x30 ./lmic/lmic.o
                0x00009048                decDR
 .text.validDR  0x00009078       0x2c ./lmic/lmic.o
                0x00009078                validDR
 .text.lowerDR  0x000090a4       0x34 ./lmic/lmic.o
                0x000090a4                lowerDR
 .text.os_rlsbf2
                0x000090d8       0x2c ./lmic/lmic.o
                0x000090d8                os_rlsbf2
 .text.os_rlsbf4
                0x00009104       0x3c ./lmic/lmic.o
                0x00009104                os_rlsbf4
 .text.os_rmsbf4
                0x00009140       0x3c ./lmic/lmic.o
                0x00009140                os_rmsbf4
 .text.os_wlsbf2
                0x0000917c       0x2c ./lmic/lmic.o
                0x0000917c                os_wlsbf2
 .text.os_wlsbf4
                0x000091a8       0x40 ./lmic/lmic.o
                0x000091a8                os_wlsbf4
 .text.os_wmsbf4
                0x000091e8       0x40 ./lmic/lmic.o
                0x000091e8                os_wmsbf4
 .text.os_getBattLevel
                0x00009228       0x10 ./lmic/lmic.o
                0x00009228                os_getBattLevel
 .text.micB0    0x00009238       0x60 ./lmic/lmic.o
 .text.aes_verifyMic
                0x00009298       0x58 ./lmic/lmic.o
 .text.aes_appendMic
                0x000092f0       0x4c ./lmic/lmic.o
 .text.aes_appendMic0
                0x0000933c       0x38 ./lmic/lmic.o
 .text.aes_verifyMic0
                0x00009374       0x44 ./lmic/lmic.o
 .text.aes_encrypt
                0x000093b8       0x28 ./lmic/lmic.o
 .text.aes_cipher
                0x000093e0       0x84 ./lmic/lmic.o
 .text.aes_sessKeys
                0x00009464       0x78 ./lmic/lmic.o
 .text.getSensitivity
                0x000094dc       0x40 ./lmic/lmic.o
                0x000094dc                getSensitivity
 .text.calcAirTime
                0x0000951c      0x124 ./lmic/lmic.o
                0x0000951c                calcAirTime
 .text.rndDelay
                0x00009640       0x64 ./lmic/lmic.o
 .text.txDelay  0x000096a4       0x58 ./lmic/lmic.o
 .text.setDrJoin
                0x000096fc       0x28 ./lmic/lmic.o
 .text.setDrTxpow
                0x00009724       0x58 ./lmic/lmic.o
 .text.initDefaultChannels
                0x0000977c      0x120 ./lmic/lmic.o
 .text.LMIC_setupBand
                0x0000989c       0x5c ./lmic/lmic.o
                0x0000989c                LMIC_setupBand
 .text.LMIC_setupChannel
                0x000098f8       0xf8 ./lmic/lmic.o
                0x000098f8                LMIC_setupChannel
 .text.LMIC_disableChannel
                0x000099f0       0x54 ./lmic/lmic.o
                0x000099f0                LMIC_disableChannel
 .text.convFreq
                0x00009a44       0x44 ./lmic/lmic.o
 .text.mapChannels
                0x00009a88       0x90 ./lmic/lmic.o
 .text.updateTx
                0x00009b18       0x90 ./lmic/lmic.o
 .text.nextTx   0x00009ba8      0x138 ./lmic/lmic.o
 .text.initJoinLoop
                0x00009ce0       0x6c ./lmic/lmic.o
 .text.nextJoinState
                0x00009d4c       0xcc ./lmic/lmic.o
 .text.runEngineUpdate
                0x00009e18       0x14 ./lmic/lmic.o
 .text.reportEvent
                0x00009e2c       0x1c ./lmic/lmic.o
 .text.runReset
                0x00009e48       0x1c ./lmic/lmic.o
 .text.stateJustJoined
                0x00009e64       0xb0 ./lmic/lmic.o
 .text.decodeFrame
                0x00009f14      0x57c ./lmic/lmic.o
 .text.setupRx2
                0x0000a490       0x40 ./lmic/lmic.o
 .text.schedRx2
                0x0000a4d0       0x50 ./lmic/lmic.o
 .text.setupRx1
                0x0000a520       0x44 ./lmic/lmic.o
 .text.txDone   0x0000a564       0x70 ./lmic/lmic.o
 .text.onJoinFailed
                0x0000a5d4       0x14 ./lmic/lmic.o
 .text.processJoinAccept
                0x0000a5e8      0x25c ./lmic/lmic.o
 .text.processRx2Jacc
                0x0000a844       0x28 ./lmic/lmic.o
 .text.setupRx2Jacc
                0x0000a86c       0x20 ./lmic/lmic.o
 .text.processRx1Jacc
                0x0000a88c       0x34 ./lmic/lmic.o
 .text.setupRx1Jacc
                0x0000a8c0       0x18 ./lmic/lmic.o
 .text.jreqDone
                0x0000a8d8       0x1c ./lmic/lmic.o
 .text.processRx2DnDataDelay
                0x0000a8f4       0x14 ./lmic/lmic.o
 .text.processRx2DnData
                0x0000a908       0x50 ./lmic/lmic.o
 .text.setupRx2DnData
                0x0000a958       0x20 ./lmic/lmic.o
 .text.processRx1DnData
                0x0000a978       0x34 ./lmic/lmic.o
 .text.setupRx1DnData
                0x0000a9ac       0x18 ./lmic/lmic.o
 .text.updataDone
                0x0000a9c4       0x1c ./lmic/lmic.o
 .text.buildDataFrame
                0x0000a9e0      0x330 ./lmic/lmic.o
 .text.buildJoinRequest
                0x0000ad10       0x6c ./lmic/lmic.o
 .text.startJoining
                0x0000ad7c       0x14 ./lmic/lmic.o
 .text.LMIC_startJoining
                0x0000ad90       0x94 ./lmic/lmic.o
                0x0000ad90                LMIC_startJoining
 .text.processDnData
                0x0000ae24      0x1a0 ./lmic/lmic.o
 .text.engineUpdate
                0x0000afc4      0x214 ./lmic/lmic.o
 .text.LMIC_setAdrMode
                0x0000b1d8       0x2c ./lmic/lmic.o
                0x0000b1d8                LMIC_setAdrMode
 .text.LMIC_setDrTxpow
                0x0000b204       0x28 ./lmic/lmic.o
                0x0000b204                LMIC_setDrTxpow
 .text.LMIC_reset
                0x0000b22c       0x74 ./lmic/lmic.o
                0x0000b22c                LMIC_reset
 .text.LMIC_init
                0x0000b2a0       0x18 ./lmic/lmic.o
                0x0000b2a0                LMIC_init
 .text.LMIC_setTxData
                0x0000b2b8       0x38 ./lmic/lmic.o
                0x0000b2b8                LMIC_setTxData
 .text.LMIC_setTxData2
                0x0000b2f0       0x64 ./lmic/lmic.o
                0x0000b2f0                LMIC_setTxData2
 .text.os_init  0x0000b354       0x20 ./lmic/oslmic.o
                0x0000b354                os_init
 .text.os_getTime
                0x0000b374       0x10 ./lmic/oslmic.o
                0x0000b374                os_getTime
 .text.unlinkjob
                0x0000b384       0x40 ./lmic/oslmic.o
 .text.os_clearCallback
                0x0000b3c4       0x3c ./lmic/oslmic.o
                0x0000b3c4                os_clearCallback
 .text.os_setCallback
                0x0000b400       0x48 ./lmic/oslmic.o
                0x0000b400                os_setCallback
 .text.os_setTimedCallback
                0x0000b448       0x68 ./lmic/oslmic.o
                0x0000b448                os_setTimedCallback
 .text.os_runloop
                0x0000b4b0       0x6c ./lmic/oslmic.o
                0x0000b4b0                os_runloop
 .text.writeReg
                0x0000b51c       0x38 ./lmic/radio.o
 .text.readReg  0x0000b554       0x38 ./lmic/radio.o
 .text.writeBuf
                0x0000b58c       0x54 ./lmic/radio.o
 .text.readBuf  0x0000b5e0       0x54 ./lmic/radio.o
 .text.opmode   0x0000b634       0x30 ./lmic/radio.o
 .text.opmodeLora
                0x0000b664       0x24 ./lmic/radio.o
 .text.opmodeFSK
                0x0000b688       0x24 ./lmic/radio.o
 .text.configLoraModem
                0x0000b6ac      0x150 ./lmic/radio.o
 .text.configChannel
                0x0000b7fc       0x7c ./lmic/radio.o
 .text.configPower
                0x0000b878       0x60 ./lmic/radio.o
 .text.txfsk    0x0000b8d8       0xd8 ./lmic/radio.o
 .text.txlora   0x0000b9b0       0xb4 ./lmic/radio.o
 .text.starttx  0x0000ba64       0x38 ./lmic/radio.o
 .text.rxlora   0x0000ba9c       0xd8 ./lmic/radio.o
 .text.rxfsk    0x0000bb74       0xe0 ./lmic/radio.o
 .text.startrx  0x0000bc54       0x4c ./lmic/radio.o
 .text.radio_init
                0x0000bca0      0x16c ./lmic/radio.o
                0x0000bca0                radio_init
 .text.radio_rand1
                0x0000be0c       0x4c ./lmic/radio.o
                0x0000be0c                radio_rand1
 .text.radio_irq_handler
                0x0000be58      0x1ac ./lmic/radio.o
                0x0000be58                radio_irq_handler
 .text.os_radio
                0x0000c004       0x54 ./lmic/radio.o
                0x0000c004                os_radio
 .text.file_sys_setup
                0x0000c058       0xf8 ./resource managers_src/app_manager.o
                0x0000c058                file_sys_setup
 .text.tbr_cmd_update_rgb_led
                0x0000c150       0x54 ./resource managers_src/app_manager.o
                0x0000c150                tbr_cmd_update_rgb_led
 .text.app_manager_init
                0x0000c1a4      0x1d8 ./resource managers_src/app_manager.o
                0x0000c1a4                app_manager_init
 .text.app_manager_tbr_synch_msg
                0x0000c37c      0x1ec ./resource managers_src/app_manager.o
                0x0000c37c                app_manager_tbr_synch_msg
 .text.app_manager_get_lora_buffer
                0x0000c568       0x64 ./resource managers_src/app_manager.o
                0x0000c568                app_manager_get_lora_buffer
 .text.EMU_EnterEM1
                0x0000c5cc       0x20 ./resource managers_src/lpwan_manager.o
 .text.os_getArtEui
                0x0000c5ec       0x1c ./resource managers_src/lpwan_manager.o
                0x0000c5ec                os_getArtEui
 .text.os_getDevEui
                0x0000c608       0x1c ./resource managers_src/lpwan_manager.o
                0x0000c608                os_getDevEui
 .text.os_getDevKey
                0x0000c624       0x1c ./resource managers_src/lpwan_manager.o
                0x0000c624                os_getDevKey
 .text.lora_tx_function
                0x0000c640       0x38 ./resource managers_src/lpwan_manager.o
 .text.setup_channel
                0x0000c678       0x60 ./resource managers_src/lpwan_manager.o
 .text.init_funct
                0x0000c6d8       0x18 ./resource managers_src/lpwan_manager.o
 .text.app_funct
                0x0000c6f0      0x184 ./resource managers_src/lpwan_manager.o
 .text.lpwan_init
                0x0000c874       0x28 ./resource managers_src/lpwan_manager.o
                0x0000c874                lpwan_init
 .text.onEvent  0x0000c89c      0x178 ./resource managers_src/lpwan_manager.o
                0x0000c89c                onEvent
 .text.SYSTEM_GetProdRev
                0x0000ca14       0x1c ./src/main.o
 .text.CHIP_Init
                0x0000ca30       0x3c ./src/main.o
 .text.main     0x0000ca6c       0x6c ./src/main.o
                0x0000ca6c                main
 .text          0x0000cad8       0x30 c:/siliconlabs/simplicitystudio/v4/developer/toolchains/gnu_arm/4.9_2015q3/bin/../lib/gcc/arm-none-eabi/4.9.3/armv7-m\libgcc.a(_aeabi_uldivmod.o)
                0x0000cad8                __aeabi_uldivmod
 .text          0x0000cb08       0x60 c:/siliconlabs/simplicitystudio/v4/developer/toolchains/gnu_arm/4.9_2015q3/bin/../lib/gcc/arm-none-eabi/4.9.3/armv7-m\libgcc.a(bpabi.o)
                0x0000cb08                __gnu_ldivmod_helper
                0x0000cb38                __gnu_uldivmod_helper
 .text          0x0000cb68        0x4 c:/siliconlabs/simplicitystudio/v4/developer/toolchains/gnu_arm/4.9_2015q3/bin/../lib/gcc/arm-none-eabi/4.9.3/armv7-m\libgcc.a(_dvmd_tls.o)
                0x0000cb68                __aeabi_idiv0
                0x0000cb68                __aeabi_ldiv0
 .text          0x0000cb6c      0x2ac c:/siliconlabs/simplicitystudio/v4/developer/toolchains/gnu_arm/4.9_2015q3/bin/../lib/gcc/arm-none-eabi/4.9.3/armv7-m\libgcc.a(_divdi3.o)
                0x0000cb6c                __divdi3
 .text          0x0000ce18      0x270 c:/siliconlabs/simplicitystudio/v4/developer/toolchains/gnu_arm/4.9_2015q3/bin/../lib/gcc/arm-none-eabi/4.9.3/armv7-m\libgcc.a(_udivdi3.o)
                0x0000ce18                __udivdi3
 .text.exit     0x0000d088       0x28 c:/siliconlabs/simplicitystudio/v4/developer/toolchains/gnu_arm/4.9_2015q3/bin/../lib/gcc/arm-none-eabi/4.9.3/../../../../arm-none-eabi/lib/armv7-m\libc_nano.a(lib_a-exit.o)
                0x0000d088                exit
 .text.__libc_init_array
                0x0000d0b0       0x4c c:/siliconlabs/simplicitystudio/v4/developer/toolchains/gnu_arm/4.9_2015q3/bin/../lib/gcc/arm-none-eabi/4.9.3/../../../../arm-none-eabi/lib/armv7-m\libc_nano.a(lib_a-init.o)
                0x0000d0b0                __libc_init_array
 .text.memcpy   0x0000d0fc       0x16 c:/siliconlabs/simplicitystudio/v4/developer/toolchains/gnu_arm/4.9_2015q3/bin/../lib/gcc/arm-none-eabi/4.9.3/../../../../arm-none-eabi/lib/armv7-m\libc_nano.a(lib_a-memcpy.o)
                0x0000d0fc                memcpy
 .text.memset   0x0000d112       0x10 c:/siliconlabs/simplicitystudio/v4/developer/toolchains/gnu_arm/4.9_2015q3/bin/../lib/gcc/arm-none-eabi/4.9.3/../../../../arm-none-eabi/lib/armv7-m\libc_nano.a(lib_a-memset.o)
                0x0000d112                memset
 *fill*         0x0000d122        0x2 
 .text.sprintf  0x0000d124       0x48 c:/siliconlabs/simplicitystudio/v4/developer/toolchains/gnu_arm/4.9_2015q3/bin/../lib/gcc/arm-none-eabi/4.9.3/../../../../arm-none-eabi/lib/armv7-m\libc_nano.a(lib_a-sprintf.o)
                0x0000d124                siprintf
                0x0000d124                sprintf
 .text.strchr   0x0000d16c       0x1c c:/siliconlabs/simplicitystudio/v4/developer/toolchains/gnu_arm/4.9_2015q3/bin/../lib/gcc/arm-none-eabi/4.9.3/../../../../arm-none-eabi/lib/armv7-m\libc_nano.a(lib_a-strchr.o)
                0x0000d16c                strchr
 .text.strlen   0x0000d188       0x10 c:/siliconlabs/simplicitystudio/v4/developer/toolchains/gnu_arm/4.9_2015q3/bin/../lib/gcc/arm-none-eabi/4.9.3/../../../../arm-none-eabi/lib/armv7-m\libc_nano.a(lib_a-strlen.o)
                0x0000d188                strlen
 .text.strncmp  0x0000d198       0x32 c:/siliconlabs/simplicitystudio/v4/developer/toolchains/gnu_arm/4.9_2015q3/bin/../lib/gcc/arm-none-eabi/4.9.3/../../../../arm-none-eabi/lib/armv7-m\libc_nano.a(lib_a-strncmp.o)
                0x0000d198                strncmp
 .text.strstr   0x0000d1ca       0x30 c:/siliconlabs/simplicitystudio/v4/developer/toolchains/gnu_arm/4.9_2015q3/bin/../lib/gcc/arm-none-eabi/4.9.3/../../../../arm-none-eabi/lib/armv7-m\libc_nano.a(lib_a-strstr.o)
                0x0000d1ca                strstr
 *fill*         0x0000d1fa        0x2 
 .text.strtok   0x0000d1fc       0x64 c:/siliconlabs/simplicitystudio/v4/developer/toolchains/gnu_arm/4.9_2015q3/bin/../lib/gcc/arm-none-eabi/4.9.3/../../../../arm-none-eabi/lib/armv7-m\libc_nano.a(lib_a-strtok.o)
                0x0000d1fc                strtok
 .text.__strtok_r
                0x0000d260       0x56 c:/siliconlabs/simplicitystudio/v4/developer/toolchains/gnu_arm/4.9_2015q3/bin/../lib/gcc/arm-none-eabi/4.9.3/../../../../arm-none-eabi/lib/armv7-m\libc_nano.a(lib_a-strtok_r.o)
                0x0000d260                __strtok_r
 *fill*         0x0000d2b6        0x2 
 .text._strtoul_r
                0x0000d2b8       0xf8 c:/siliconlabs/simplicitystudio/v4/developer/toolchains/gnu_arm/4.9_2015q3/bin/../lib/gcc/arm-none-eabi/4.9.3/../../../../arm-none-eabi/lib/armv7-m\libc_nano.a(lib_a-strtoul.o)
                0x0000d2b8                _strtoul_r
 .text.strtoul  0x0000d3b0       0x1c c:/siliconlabs/simplicitystudio/v4/developer/toolchains/gnu_arm/4.9_2015q3/bin/../lib/gcc/arm-none-eabi/4.9.3/../../../../arm-none-eabi/lib/armv7-m\libc_nano.a(lib_a-strtoul.o)
                0x0000d3b0                strtoul
 .text.malloc   0x0000d3cc       0x10 c:/siliconlabs/simplicitystudio/v4/developer/toolchains/gnu_arm/4.9_2015q3/bin/../lib/gcc/arm-none-eabi/4.9.3/../../../../arm-none-eabi/lib/armv7-m\libc_nano.a(lib_a-malloc.o)
                0x0000d3cc                malloc
 .text._free_r  0x0000d3dc       0x88 c:/siliconlabs/simplicitystudio/v4/developer/toolchains/gnu_arm/4.9_2015q3/bin/../lib/gcc/arm-none-eabi/4.9.3/../../../../arm-none-eabi/lib/armv7-m\libc_nano.a(lib_a-nano-freer.o)
                0x0000d3dc                _free_r
 .text._malloc_r
                0x0000d464       0xac c:/siliconlabs/simplicitystudio/v4/developer/toolchains/gnu_arm/4.9_2015q3/bin/../lib/gcc/arm-none-eabi/4.9.3/../../../../arm-none-eabi/lib/armv7-m\libc_nano.a(lib_a-nano-mallocr.o)
                0x0000d464                _malloc_r
 .text.__ssputs_r
                0x0000d510       0xb2 c:/siliconlabs/simplicitystudio/v4/developer/toolchains/gnu_arm/4.9_2015q3/bin/../lib/gcc/arm-none-eabi/4.9.3/../../../../arm-none-eabi/lib/armv7-m\libc_nano.a(lib_a-nano-svfprintf.o)
                0x0000d510                __ssputs_r
 *fill*         0x0000d5c2        0x2 
 .text._svfprintf_r
                0x0000d5c4      0x1e4 c:/siliconlabs/simplicitystudio/v4/developer/toolchains/gnu_arm/4.9_2015q3/bin/../lib/gcc/arm-none-eabi/4.9.3/../../../../arm-none-eabi/lib/armv7-m\libc_nano.a(lib_a-nano-svfprintf.o)
                0x0000d5c4                _svfiprintf_r
                0x0000d5c4                _svfprintf_r
 .text._printf_common
                0x0000d7a8       0xea c:/siliconlabs/simplicitystudio/v4/developer/toolchains/gnu_arm/4.9_2015q3/bin/../lib/gcc/arm-none-eabi/4.9.3/../../../../arm-none-eabi/lib/armv7-m\libc_nano.a(lib_a-nano-vfprintf_i.o)
                0x0000d7a8                _printf_common
 *fill*         0x0000d892        0x2 
 .text._printf_i
                0x0000d894      0x240 c:/siliconlabs/simplicitystudio/v4/developer/toolchains/gnu_arm/4.9_2015q3/bin/../lib/gcc/arm-none-eabi/4.9.3/../../../../arm-none-eabi/lib/armv7-m\libc_nano.a(lib_a-nano-vfprintf_i.o)
                0x0000d894                _printf_i
 .text._sbrk_r  0x0000dad4       0x20 c:/siliconlabs/simplicitystudio/v4/developer/toolchains/gnu_arm/4.9_2015q3/bin/../lib/gcc/arm-none-eabi/4.9.3/../../../../arm-none-eabi/lib/armv7-m\libc_nano.a(lib_a-sbrkr.o)
                0x0000dad4                _sbrk_r
 .text.memchr   0x0000daf4       0x1c c:/siliconlabs/simplicitystudio/v4/developer/toolchains/gnu_arm/4.9_2015q3/bin/../lib/gcc/arm-none-eabi/4.9.3/../../../../arm-none-eabi/lib/armv7-m\libc_nano.a(lib_a-memchr.o)
                0x0000daf4                memchr
 .text.memmove  0x0000db10       0x36 c:/siliconlabs/simplicitystudio/v4/developer/toolchains/gnu_arm/4.9_2015q3/bin/../lib/gcc/arm-none-eabi/4.9.3/../../../../arm-none-eabi/lib/armv7-m\libc_nano.a(lib_a-memmove.o)
                0x0000db10                memmove
 .text._realloc_r
                0x0000db46       0x4c c:/siliconlabs/simplicitystudio/v4/developer/toolchains/gnu_arm/4.9_2015q3/bin/../lib/gcc/arm-none-eabi/4.9.3/../../../../arm-none-eabi/lib/armv7-m\libc_nano.a(lib_a-nano-reallocr.o)
                0x0000db46                _realloc_r
 .text._malloc_usable_size_r
                0x0000db92       0x14 c:/siliconlabs/simplicitystudio/v4/developer/toolchains/gnu_arm/4.9_2015q3/bin/../lib/gcc/arm-none-eabi/4.9.3/../../../../arm-none-eabi/lib/armv7-m\libc_nano.a(lib_a-nano-msizer.o)
                0x0000db92                _malloc_usable_size_r
 *fill*         0x0000dba6        0x2 
 .text._sbrk    0x0000dba8       0x1c c:/siliconlabs/simplicitystudio/v4/developer/toolchains/gnu_arm/4.9_2015q3/bin/../lib/gcc/arm-none-eabi/4.9.3/../../../../arm-none-eabi/lib/armv7-m\libnosys.a(sbrk.o)
                0x0000dba8                _sbrk
 .text._exit    0x0000dbc4        0x4 c:/siliconlabs/simplicitystudio/v4/developer/toolchains/gnu_arm/4.9_2015q3/bin/../lib/gcc/arm-none-eabi/4.9.3/../../../../arm-none-eabi/lib/armv7-m\libnosys.a(_exit.o)
                0x0000dbc4                _exit
 *(.init)
 .init          0x0000dbc8        0x4 c:/siliconlabs/simplicitystudio/v4/developer/toolchains/gnu_arm/4.9_2015q3/bin/../lib/gcc/arm-none-eabi/4.9.3/armv7-m/crti.o
                0x0000dbc8                _init
 .init          0x0000dbcc        0x8 c:/siliconlabs/simplicitystudio/v4/developer/toolchains/gnu_arm/4.9_2015q3/bin/../lib/gcc/arm-none-eabi/4.9.3/armv7-m/crtn.o
 *(.fini)
 .fini          0x0000dbd4        0x4 c:/siliconlabs/simplicitystudio/v4/developer/toolchains/gnu_arm/4.9_2015q3/bin/../lib/gcc/arm-none-eabi/4.9.3/armv7-m/crti.o
                0x0000dbd4                _fini
 .fini          0x0000dbd8        0x8 c:/siliconlabs/simplicitystudio/v4/developer/toolchains/gnu_arm/4.9_2015q3/bin/../lib/gcc/arm-none-eabi/4.9.3/armv7-m/crtn.o
 *crtbegin.o(.ctors)
 *crtbegin?.o(.ctors)
 *(EXCLUDE_FILE(*crtend.o *crtend?.o) .ctors)
 *(SORT(.ctors.*))
 *(.ctors)
 *crtbegin.o(.dtors)
 *crtbegin?.o(.dtors)
 *(EXCLUDE_FILE(*crtend.o *crtend?.o) .dtors)
 *(SORT(.dtors.*))
 *(.dtors)
 *(.rodata*)
 .rodata        0x0000dbe0       0xda ./devices_src/tbr.o
 *fill*         0x0000dcba        0x2 
 .rodata.nav_pvt_gps_data
                0x0000dcbc        0x8 ./devices_src/ublox_gps.o
 .rodata.cfg_prt_spi
                0x0000dcc4       0x1c ./devices_src/ublox_gps.o
 .rodata.cfg_prt_usb
                0x0000dce0       0x1c ./devices_src/ublox_gps.o
 .rodata.cfg_prt_ddc
                0x0000dcfc       0x1c ./devices_src/ublox_gps.o
 .rodata.cfg_pm2_on_off
                0x0000dd18       0x34 ./devices_src/ublox_gps.o
 .rodata.cfg_sbas_disable
                0x0000dd4c       0x10 ./devices_src/ublox_gps.o
 .rodata.cfg_rxm_psm_mode
                0x0000dd5c        0xa ./devices_src/ublox_gps.o
 *fill*         0x0000dd66        0x2 
 .rodata.cfg_rxm_poll_psm
                0x0000dd68        0x8 ./devices_src/ublox_gps.o
 .rodata        0x0000dd70       0x1f ./devices_src/ublox_gps.o
 *fill*         0x0000dd8f        0x1 
 .rodata        0x0000dd90       0x18 ./drivers_src/rs232.o
 .rodata        0x0000dda8       0x18 ./drivers_src/spi.o
 .rodata        0x0000ddc0        0xf ./fat_filesystem_src/ff.o
 *fill*         0x0000ddcf        0x1 
 .rodata        0x0000ddd0       0x97 ./hal/hal.o
 *fill*         0x0000de67        0x1 
 .rodata.AES_RCON
                0x0000de68       0x28 ./lmic/aes.o
 .rodata.AES_S  0x0000de90      0x100 ./lmic/aes.o
 .rodata.AES_E1
                0x0000df90      0x400 ./lmic/aes.o
 .rodata.AES_E2
                0x0000e390      0x400 ./lmic/aes.o
 .rodata.AES_E3
                0x0000e790      0x400 ./lmic/aes.o
 .rodata.AES_E4
                0x0000eb90      0x400 ./lmic/aes.o
 .rodata._DR2RPS_CRC
                0x0000ef90        0xa ./lmic/lmic.o
                0x0000ef90                _DR2RPS_CRC
 *fill*         0x0000ef9a        0x2 
 .rodata.TXPOWLEVELS
                0x0000ef9c       0x10 ./lmic/lmic.o
 .rodata.SENSITIVITY
                0x0000efac       0x15 ./lmic/lmic.o
 *fill*         0x0000efc1        0x3 
 .rodata.DRADJUST
                0x0000efc4        0xa ./lmic/lmic.o
 *fill*         0x0000efce        0x2 
 .rodata.DR2HSYM_osticks
                0x0000efd0       0x20 ./lmic/lmic.o
 .rodata.iniChannelFreq
                0x0000eff0       0x30 ./lmic/lmic.o
 .rodata.rxlorairqmask
                0x0000f020        0x3 ./lmic/radio.o
 *fill*         0x0000f023        0x1 
 .rodata.LORA_RXDONE_FIXUP
                0x0000f024        0xe ./lmic/radio.o
 *fill*         0x0000f032        0x2 
 .rodata        0x0000f034       0xd7 ./resource managers_src/app_manager.o
 *fill*         0x0000f10b        0x1 
 .rodata.APPEUI
                0x0000f10c        0x8 ./resource managers_src/lpwan_manager.o
 .rodata.DEVEUI
                0x0000f114        0x8 ./resource managers_src/lpwan_manager.o
 .rodata.DEVKEY
                0x0000f11c       0x10 ./resource managers_src/lpwan_manager.o
 .rodata        0x0000f12c      0x164 ./resource managers_src/lpwan_manager.o
 .rodata        0x0000f290       0x3e ./src/main.o
 .rodata.str1.1
                0x0000f2ce        0x2 c:/siliconlabs/simplicitystudio/v4/developer/toolchains/gnu_arm/4.9_2015q3/bin/../lib/gcc/arm-none-eabi/4.9.3/../../../../arm-none-eabi/lib/armv7-m\libc_nano.a(lib_a-impure.o)
 .rodata._global_impure_ptr
                0x0000f2d0        0x4 c:/siliconlabs/simplicitystudio/v4/developer/toolchains/gnu_arm/4.9_2015q3/bin/../lib/gcc/arm-none-eabi/4.9.3/../../../../arm-none-eabi/lib/armv7-m\libc_nano.a(lib_a-impure.o)
                0x0000f2d0                _global_impure_ptr
 .rodata._ctype_
                0x0000f2d4      0x101 c:/siliconlabs/simplicitystudio/v4/developer/toolchains/gnu_arm/4.9_2015q3/bin/../lib/gcc/arm-none-eabi/4.9.3/../../../../arm-none-eabi/lib/armv7-m\libc_nano.a(lib_a-ctype_.o)
                0x0000f2d4                _ctype_
 .rodata.str1.1
                0x0000f3d5       0x11 c:/siliconlabs/simplicitystudio/v4/developer/toolchains/gnu_arm/4.9_2015q3/bin/../lib/gcc/arm-none-eabi/4.9.3/../../../../arm-none-eabi/lib/armv7-m\libc_nano.a(lib_a-nano-svfprintf.o)
 .rodata.str1.1
                0x0000f3e6       0x22 c:/siliconlabs/simplicitystudio/v4/developer/toolchains/gnu_arm/4.9_2015q3/bin/../lib/gcc/arm-none-eabi/4.9.3/../../../../arm-none-eabi/lib/armv7-m\libc_nano.a(lib_a-nano-vfprintf_i.o)
 *(.eh_frame*)
 .eh_frame      0x0000f408        0x0 c:/siliconlabs/simplicitystudio/v4/developer/toolchains/gnu_arm/4.9_2015q3/bin/../lib/gcc/arm-none-eabi/4.9.3/armv7-m/crtbegin.o
 .eh_frame      0x0000f408        0x4 c:/siliconlabs/simplicitystudio/v4/developer/toolchains/gnu_arm/4.9_2015q3/bin/../lib/gcc/arm-none-eabi/4.9.3/armv7-m/crtend.o

.glue_7         0x0000f40c        0x0
 .glue_7        0x00000000        0x0 linker stubs

.glue_7t        0x0000f40c        0x0
 .glue_7t       0x00000000        0x0 linker stubs

.vfp11_veneer   0x0000f40c        0x0
 .vfp11_veneer  0x00000000        0x0 linker stubs

.v4_bx          0x0000f40c        0x0
 .v4_bx         0x00000000        0x0 linker stubs

.iplt           0x0000f40c        0x0
 .iplt          0x00000000        0x0 c:/siliconlabs/simplicitystudio/v4/developer/toolchains/gnu_arm/4.9_2015q3/bin/../lib/gcc/arm-none-eabi/4.9.3/armv7-m/crtbegin.o

.ARM.extab
 *(.ARM.extab* .gnu.linkonce.armextab.*)
                0x0000f40c                __exidx_start = .

.ARM.exidx      0x0000f40c        0x8
 *(.ARM.exidx* .gnu.linkonce.armexidx.*)
 .ARM.exidx     0x0000f40c        0x8 c:/siliconlabs/simplicitystudio/v4/developer/toolchains/gnu_arm/4.9_2015q3/bin/../lib/gcc/arm-none-eabi/4.9.3/../../../../arm-none-eabi/lib/armv7-m/crt0.o
 .ARM.exidx     0x0000f414        0x0 c:/siliconlabs/simplicitystudio/v4/developer/toolchains/gnu_arm/4.9_2015q3/bin/../lib/gcc/arm-none-eabi/4.9.3/armv7-m\libgcc.a(_divdi3.o)
                                  0x8 (size before relaxing)
 .ARM.exidx     0x0000f414        0x0 c:/siliconlabs/simplicitystudio/v4/developer/toolchains/gnu_arm/4.9_2015q3/bin/../lib/gcc/arm-none-eabi/4.9.3/armv7-m\libgcc.a(_udivdi3.o)
                                  0x8 (size before relaxing)
                0x0000f414                __exidx_end = .
                0x0000f414                __etext = .

.rel.dyn        0x0000f414        0x0
 .rel.iplt      0x00000000        0x0 c:/siliconlabs/simplicitystudio/v4/developer/toolchains/gnu_arm/4.9_2015q3/bin/../lib/gcc/arm-none-eabi/4.9.3/armv7-m/crtbegin.o

.data           0x20000000       0x8c load address 0x0000f414
                0x20000000                __data_start__ = .
 *(vtable)
 *(.data*)
 .data.SystemHFXOClock
                0x20000000        0x4 ./CMSIS/EFM32GG/system_efm32gg.o
 .data.SystemLFXOClock
                0x20000004        0x4 ./CMSIS/EFM32GG/system_efm32gg.o
 .data.SystemCoreClock
                0x20000008        0x4 ./CMSIS/EFM32GG/system_efm32gg.o
                0x20000008                SystemCoreClock
 .data.isr_rx_tx_char
                0x2000000c        0x1 ./drivers_src/rs485.o
 *fill*         0x2000000d        0x3 
 .data.one_sec_top_ref
                0x20000010        0x4 ./hal/hal.o
 .data.last_letimer_count
                0x20000014        0x4 ./hal/hal.o
 .data.impure_data
                0x20000018       0x60 c:/siliconlabs/simplicitystudio/v4/developer/toolchains/gnu_arm/4.9_2015q3/bin/../lib/gcc/arm-none-eabi/4.9.3/../../../../arm-none-eabi/lib/armv7-m\libc_nano.a(lib_a-impure.o)
 .data._impure_ptr
                0x20000078        0x4 c:/siliconlabs/simplicitystudio/v4/developer/toolchains/gnu_arm/4.9_2015q3/bin/../lib/gcc/arm-none-eabi/4.9.3/../../../../arm-none-eabi/lib/armv7-m\libc_nano.a(lib_a-impure.o)
                0x20000078                _impure_ptr
 .data.__ctype_ptr__
                0x2000007c        0x4 c:/siliconlabs/simplicitystudio/v4/developer/toolchains/gnu_arm/4.9_2015q3/bin/../lib/gcc/arm-none-eabi/4.9.3/../../../../arm-none-eabi/lib/armv7-m\libc_nano.a(lib_a-ctype_.o)
                0x2000007c                __ctype_ptr__
                0x20000080                . = ALIGN (0x4)
 *(.ram)
                0x20000080                . = ALIGN (0x4)
                0x20000080                PROVIDE (__preinit_array_start, .)
 *(.preinit_array)
                0x20000080                PROVIDE (__preinit_array_end, .)
                0x20000080                . = ALIGN (0x4)
                0x20000080                PROVIDE (__init_array_start, .)
 *(SORT(.init_array.*))
 *(.init_array)
 .init_array    0x20000080        0x4 c:/siliconlabs/simplicitystudio/v4/developer/toolchains/gnu_arm/4.9_2015q3/bin/../lib/gcc/arm-none-eabi/4.9.3/armv7-m/crtbegin.o
                0x20000084                PROVIDE (__init_array_end, .)
                0x20000084                . = ALIGN (0x4)
                0x20000084                PROVIDE (__fini_array_start, .)
 *(SORT(.fini_array.*))
 *(.fini_array)
 .fini_array    0x20000084        0x4 c:/siliconlabs/simplicitystudio/v4/developer/toolchains/gnu_arm/4.9_2015q3/bin/../lib/gcc/arm-none-eabi/4.9.3/armv7-m/crtbegin.o
                0x20000088                PROVIDE (__fini_array_end, .)
 *(.jcr*)
 .jcr           0x20000088        0x0 c:/siliconlabs/simplicitystudio/v4/developer/toolchains/gnu_arm/4.9_2015q3/bin/../lib/gcc/arm-none-eabi/4.9.3/armv7-m/crtbegin.o
 .jcr           0x20000088        0x4 c:/siliconlabs/simplicitystudio/v4/developer/toolchains/gnu_arm/4.9_2015q3/bin/../lib/gcc/arm-none-eabi/4.9.3/armv7-m/crtend.o
                0x2000008c                . = ALIGN (0x4)
                0x2000008c                __data_end__ = .

.igot.plt       0x2000008c        0x0 load address 0x0000f4a0
 .igot.plt      0x00000000        0x0 c:/siliconlabs/simplicitystudio/v4/developer/toolchains/gnu_arm/4.9_2015q3/bin/../lib/gcc/arm-none-eabi/4.9.3/armv7-m/crtbegin.o

.bss            0x20000090     0x138c load address 0x0000f4a8
                0x20000090                . = ALIGN (0x4)
                0x20000090                __bss_start__ = .
 *(.bss*)
 .bss           0x20000090       0x1c c:/siliconlabs/simplicitystudio/v4/developer/toolchains/gnu_arm/4.9_2015q3/bin/../lib/gcc/arm-none-eabi/4.9.3/armv7-m/crtbegin.o
 .bss.array_msg
                0x200000ac      0x200 ./devices_src/tbr.o
 .bss.array_size
                0x200002ac        0x4 ./devices_src/tbr.o
 .bss.array_front
                0x200002b0        0x4 ./devices_src/tbr.o
 .bss.array_rear
                0x200002b4        0x4 ./devices_src/tbr.o
 .bss.current_rx_fifo
                0x200002b8        0x1 ./drivers_src/rs485.o
 .bss.init_flag
                0x200002b9        0x1 ./fat_filesystem_src/diskio.o
 *fill*         0x200002ba        0x2 
 .bss.FatFs     0x200002bc        0x4 ./fat_filesystem_src/ff.o
 .bss.Fsid      0x200002c0        0x2 ./fat_filesystem_src/ff.o
 *fill*         0x200002c2        0x2 
 .bss.fifo_rx_size
                0x200002c4        0x4 ./fifo_buffers_src/fifo_rs232.o
 .bss.fifo_tx_size
                0x200002c8        0x4 ./fifo_buffers_src/fifo_rs232.o
 .bss.fifo_rx_front
                0x200002cc        0x4 ./fifo_buffers_src/fifo_rs232.o
 .bss.fifo_tx_front
                0x200002d0        0x4 ./fifo_buffers_src/fifo_rs232.o
 .bss.fifo_rx_rear
                0x200002d4        0x4 ./fifo_buffers_src/fifo_rs232.o
 .bss.fifo_tx_rear
                0x200002d8        0x4 ./fifo_buffers_src/fifo_rs232.o
 .bss.fifo_tx   0x200002dc      0x200 ./fifo_buffers_src/fifo_rs232.o
 .bss.fifo_rx   0x200004dc       0x10 ./fifo_buffers_src/fifo_rs232.o
 .bss.fifo_rx_data_size
                0x200004ec        0x4 ./fifo_buffers_src/fifo_tbr.o
 .bss.fifo_rx_cmd_size
                0x200004f0        0x4 ./fifo_buffers_src/fifo_tbr.o
 .bss.fifo_tx_cmd_size
                0x200004f4        0x4 ./fifo_buffers_src/fifo_tbr.o
 .bss.fifo_rx_cmd_front
                0x200004f8        0x4 ./fifo_buffers_src/fifo_tbr.o
 .bss.fifo_tx_cmd_front
                0x200004fc        0x4 ./fifo_buffers_src/fifo_tbr.o
 .bss.fifo_rx_data_front
                0x20000500        0x4 ./fifo_buffers_src/fifo_tbr.o
 .bss.fifo_rx_cmd_rear
                0x20000504        0x4 ./fifo_buffers_src/fifo_tbr.o
 .bss.fifo_tx_cmd_rear
                0x20000508        0x4 ./fifo_buffers_src/fifo_tbr.o
 .bss.fifo_rx_data_rear
                0x2000050c        0x4 ./fifo_buffers_src/fifo_tbr.o
 .bss.fifo_tx_cmd
                0x20000510       0x10 ./fifo_buffers_src/fifo_tbr.o
 .bss.fifo_rx_cmd
                0x20000520        0x0 ./fifo_buffers_src/fifo_tbr.o
 .bss.fifo_rx_data
                0x20000520      0x200 ./fifo_buffers_src/fifo_tbr.o
 .bss.HAL       0x20000720        0x8 ./hal/hal.o
 .bss.letimer_running
                0x20000728        0x1 ./hal/hal.o
 *fill*         0x20000729        0x1 
 .bss.average_n
                0x2000072a        0x2 ./hal/hal.o
 .bss.avergae_sum
                0x2000072c        0x4 ./hal/hal.o
 .bss.ref_count
                0x20000730        0x4 ./hal/hal.o
 .bss.time_manager_cmd
                0x20000734        0x1 ./hal/hal.o
 *fill*         0x20000735        0x3 
 .bss.time_count
                0x20000738        0x4 ./hal/hal.o
 .bss.rtcInitialized
                0x2000073c        0x1 ./hal/hal.o
 *fill*         0x2000073d        0x3 
 .bss.rtcFreq   0x20000740        0x4 ./hal/hal.o
 .bss.irqlevel  0x20000744        0x1 ./hal/hal.o
 .bss.int_flag  0x20000745        0x1 ./hal/hal.o
 *fill*         0x20000746        0x2 
 .bss.OS        0x20000748        0x8 ./lmic/oslmic.o
 .bss.randbuf   0x20000750       0x10 ./lmic/radio.o
 .bss.FatFs     0x20000760      0x230 ./resource managers_src/app_manager.o
 .bss.tbr_lora_length
                0x20000990        0x4 ./resource managers_src/app_manager.o
 .bss.tbr_lora_buf
                0x20000994      0x200 ./resource managers_src/app_manager.o
 .bss.init_job  0x20000b94        0xc ./resource managers_src/lpwan_manager.o
 .bss.app_job   0x20000ba0        0xc ./resource managers_src/lpwan_manager.o
 .bss.lora_msg_length
                0x20000bac        0x1 ./src/main.o
                0x20000bac                lora_msg_length
 *fill*         0x20000bad        0x3 
 .bss.__malloc_sbrk_start
                0x20000bb0        0x4 c:/siliconlabs/simplicitystudio/v4/developer/toolchains/gnu_arm/4.9_2015q3/bin/../lib/gcc/arm-none-eabi/4.9.3/../../../../arm-none-eabi/lib/armv7-m\libc_nano.a(lib_a-nano-mallocr.o)
                0x20000bb0                __malloc_sbrk_start
 .bss.__malloc_free_list
                0x20000bb4        0x4 c:/siliconlabs/simplicitystudio/v4/developer/toolchains/gnu_arm/4.9_2015q3/bin/../lib/gcc/arm-none-eabi/4.9.3/../../../../arm-none-eabi/lib/armv7-m\libc_nano.a(lib_a-nano-mallocr.o)
                0x20000bb4                __malloc_free_list
 .bss.heap_end.4079
                0x20000bb8        0x4 c:/siliconlabs/simplicitystudio/v4/developer/toolchains/gnu_arm/4.9_2015q3/bin/../lib/gcc/arm-none-eabi/4.9.3/../../../../arm-none-eabi/lib/armv7-m\libnosys.a(sbrk.o)
 *(COMMON)
 COMMON         0x20000bbc       0x80 ./devices_src/tbr.o
                0x20000bbc                resuable_buffer
 COMMON         0x20000c3c       0x84 ./hal/hal.o
                0x20000c3c                irqState
                0x20000c40                temp_buf
 COMMON         0x20000cc0       0xc0 ./lmic/aes.o
                0x20000cc0                AESKEY
                0x20000d70                AESAUX
 COMMON         0x20000d80      0x244 ./lmic/lmic.o
                0x20000d80                LMIC
 COMMON         0x20000fc4      0x200 ./resource managers_src/app_manager.o
                0x20000fc4                rs232_tx_buf
 COMMON         0x200011c4       0x54 ./resource managers_src/lpwan_manager.o
                0x200011c4                diff_in_tstamp
                0x200011c8                running_tstamp
                0x200011f0                ref_tstamp
 COMMON         0x20001218      0x200 ./src/main.o
                0x20001218                lora_buffer
 COMMON         0x20001418        0x4 c:/siliconlabs/simplicitystudio/v4/developer/toolchains/gnu_arm/4.9_2015q3/bin/../lib/gcc/arm-none-eabi/4.9.3/../../../../arm-none-eabi/lib/armv7-m\libc_nano.a(lib_a-reent.o)
                0x20001418                errno
                0x2000141c                . = ALIGN (0x4)
                0x2000141c                __bss_end__ = .

.heap           0x20001420      0xc00
                0x20001420                __HeapBase = .
                0x20001420                __end__ = .
                0x20001420                end = __end__
                0x20001420                _end = __end__
 *(.heap*)
 .heap          0x20001420      0xc00 ./CMSIS/EFM32GG/startup_efm32gg.o
                0x20002020                __HeapLimit = .

.stack_dummy    0x20001420      0x400
 *(.stack*)
 .stack         0x20001420      0x400 ./CMSIS/EFM32GG/startup_efm32gg.o
                0x20020000                __StackTop = (ORIGIN (RAM) + 0x20000)
                0x2001fc00                __StackLimit = (__StackTop - SIZEOF (.stack_dummy))
                0x20020000                PROVIDE (__stack, __StackTop)
                0x00000001                ASSERT ((__StackLimit >= __HeapLimit), region RAM overflowed with stack)
                0x00000001                ASSERT ((0x100000 >= (__etext + SIZEOF (.data))), FLASH memory overflowed !)
OUTPUT(lmic_and_testproject_iA.axf elf32-littlearm)

.ARM.attributes
                0x00000000       0x29
 .ARM.attributes
                0x00000000       0x1d c:/siliconlabs/simplicitystudio/v4/developer/toolchains/gnu_arm/4.9_2015q3/bin/../lib/gcc/arm-none-eabi/4.9.3/armv7-m/crti.o
 .ARM.attributes
                0x0000001d       0x2d c:/siliconlabs/simplicitystudio/v4/developer/toolchains/gnu_arm/4.9_2015q3/bin/../lib/gcc/arm-none-eabi/4.9.3/armv7-m/crtbegin.o
 .ARM.attributes
                0x0000004a       0x1b c:/siliconlabs/simplicitystudio/v4/developer/toolchains/gnu_arm/4.9_2015q3/bin/../lib/gcc/arm-none-eabi/4.9.3/../../../../arm-none-eabi/lib/armv7-m/crt0.o
 .ARM.attributes
                0x00000065       0x1b ./CMSIS/EFM32GG/startup_efm32gg.o
 .ARM.attributes
                0x00000080       0x33 ./CMSIS/EFM32GG/system_efm32gg.o
 .ARM.attributes
                0x000000b3       0x33 ./devices_src/rgb_led.o
 .ARM.attributes
                0x000000e6       0x33 ./devices_src/sd_card.o
 .ARM.attributes
                0x00000119       0x33 ./devices_src/tbr.o
 .ARM.attributes
                0x0000014c       0x33 ./devices_src/ublox_gps.o
 .ARM.attributes
                0x0000017f       0x33 ./drivers_src/delay.o
 .ARM.attributes
                0x000001b2       0x33 ./drivers_src/pwm.o
 .ARM.attributes
                0x000001e5       0x33 ./drivers_src/rs232.o
 .ARM.attributes
                0x00000218       0x33 ./drivers_src/rs485.o
 .ARM.attributes
                0x0000024b       0x33 ./drivers_src/spi.o
 .ARM.attributes
                0x0000027e       0x33 ./emlib/src/em_burtc.o
 .ARM.attributes
                0x000002b1       0x33 ./emlib/src/em_cmu.o
 .ARM.attributes
                0x000002e4       0x33 ./emlib/src/em_core.o
 .ARM.attributes
                0x00000317       0x33 ./emlib/src/em_dma.o
 .ARM.attributes
                0x0000034a       0x33 ./emlib/src/em_gpio.o
 .ARM.attributes
                0x0000037d       0x33 ./emlib/src/em_letimer.o
 .ARM.attributes
                0x000003b0       0x33 ./emlib/src/em_leuart.o
 .ARM.attributes
                0x000003e3       0x33 ./emlib/src/em_rmu.o
 .ARM.attributes
                0x00000416       0x33 ./emlib/src/em_rtc.o
 .ARM.attributes
                0x00000449       0x33 ./emlib/src/em_system.o
 .ARM.attributes
                0x0000047c       0x33 ./emlib/src/em_timer.o
 .ARM.attributes
                0x000004af       0x33 ./emlib/src/em_usart.o
 .ARM.attributes
                0x000004e2       0x33 ./fat_filesystem_src/diskio.o
 .ARM.attributes
                0x00000515       0x33 ./fat_filesystem_src/ff.o
 .ARM.attributes
                0x00000548       0x33 ./fifo_buffers_src/fifo_rs232.o
 .ARM.attributes
                0x0000057b       0x33 ./fifo_buffers_src/fifo_tbr.o
 .ARM.attributes
                0x000005ae       0x33 ./hal/debug.o
 .ARM.attributes
                0x000005e1       0x33 ./hal/hal.o
 .ARM.attributes
                0x00000614       0x33 ./lmic/aes.o
 .ARM.attributes
                0x00000647       0x33 ./lmic/lmic.o
 .ARM.attributes
                0x0000067a       0x33 ./lmic/oslmic.o
 .ARM.attributes
                0x000006ad       0x33 ./lmic/radio.o
 .ARM.attributes
                0x000006e0       0x33 ./resource managers_src/app_manager.o
 .ARM.attributes
                0x00000713       0x33 ./resource managers_src/lpwan_manager.o
 .ARM.attributes
                0x00000746       0x33 ./src/main.o
 .ARM.attributes
                0x00000779       0x1d c:/siliconlabs/simplicitystudio/v4/developer/toolchains/gnu_arm/4.9_2015q3/bin/../lib/gcc/arm-none-eabi/4.9.3/armv7-m\libgcc.a(_aeabi_uldivmod.o)
 .ARM.attributes
                0x00000796       0x2d c:/siliconlabs/simplicitystudio/v4/developer/toolchains/gnu_arm/4.9_2015q3/bin/../lib/gcc/arm-none-eabi/4.9.3/armv7-m\libgcc.a(bpabi.o)
 .ARM.attributes
                0x000007c3       0x1d c:/siliconlabs/simplicitystudio/v4/developer/toolchains/gnu_arm/4.9_2015q3/bin/../lib/gcc/arm-none-eabi/4.9.3/armv7-m\libgcc.a(_dvmd_tls.o)
 .ARM.attributes
                0x000007e0       0x2d c:/siliconlabs/simplicitystudio/v4/developer/toolchains/gnu_arm/4.9_2015q3/bin/../lib/gcc/arm-none-eabi/4.9.3/armv7-m\libgcc.a(_divdi3.o)
 .ARM.attributes
                0x0000080d       0x2d c:/siliconlabs/simplicitystudio/v4/developer/toolchains/gnu_arm/4.9_2015q3/bin/../lib/gcc/arm-none-eabi/4.9.3/armv7-m\libgcc.a(_udivdi3.o)
 .ARM.attributes
                0x0000083a       0x2d c:/siliconlabs/simplicitystudio/v4/developer/toolchains/gnu_arm/4.9_2015q3/bin/../lib/gcc/arm-none-eabi/4.9.3/../../../../arm-none-eabi/lib/armv7-m\libc_nano.a(lib_a-exit.o)
 .ARM.attributes
                0x00000867       0x2d c:/siliconlabs/simplicitystudio/v4/developer/toolchains/gnu_arm/4.9_2015q3/bin/../lib/gcc/arm-none-eabi/4.9.3/../../../../arm-none-eabi/lib/armv7-m\libc_nano.a(lib_a-impure.o)
 .ARM.attributes
                0x00000894       0x2d c:/siliconlabs/simplicitystudio/v4/developer/toolchains/gnu_arm/4.9_2015q3/bin/../lib/gcc/arm-none-eabi/4.9.3/../../../../arm-none-eabi/lib/armv7-m\libc_nano.a(lib_a-init.o)
 .ARM.attributes
                0x000008c1       0x2d c:/siliconlabs/simplicitystudio/v4/developer/toolchains/gnu_arm/4.9_2015q3/bin/../lib/gcc/arm-none-eabi/4.9.3/../../../../arm-none-eabi/lib/armv7-m\libc_nano.a(lib_a-memcpy.o)
 .ARM.attributes
                0x000008ee       0x2d c:/siliconlabs/simplicitystudio/v4/developer/toolchains/gnu_arm/4.9_2015q3/bin/../lib/gcc/arm-none-eabi/4.9.3/../../../../arm-none-eabi/lib/armv7-m\libc_nano.a(lib_a-memset.o)
 .ARM.attributes
                0x0000091b       0x2d c:/siliconlabs/simplicitystudio/v4/developer/toolchains/gnu_arm/4.9_2015q3/bin/../lib/gcc/arm-none-eabi/4.9.3/../../../../arm-none-eabi/lib/armv7-m\libc_nano.a(lib_a-sprintf.o)
 .ARM.attributes
                0x00000948       0x2d c:/siliconlabs/simplicitystudio/v4/developer/toolchains/gnu_arm/4.9_2015q3/bin/../lib/gcc/arm-none-eabi/4.9.3/../../../../arm-none-eabi/lib/armv7-m\libc_nano.a(lib_a-strchr.o)
 .ARM.attributes
                0x00000975       0x2d c:/siliconlabs/simplicitystudio/v4/developer/toolchains/gnu_arm/4.9_2015q3/bin/../lib/gcc/arm-none-eabi/4.9.3/../../../../arm-none-eabi/lib/armv7-m\libc_nano.a(lib_a-strlen.o)
 .ARM.attributes
                0x000009a2       0x2d c:/siliconlabs/simplicitystudio/v4/developer/toolchains/gnu_arm/4.9_2015q3/bin/../lib/gcc/arm-none-eabi/4.9.3/../../../../arm-none-eabi/lib/armv7-m\libc_nano.a(lib_a-strncmp.o)
 .ARM.attributes
                0x000009cf       0x2d c:/siliconlabs/simplicitystudio/v4/developer/toolchains/gnu_arm/4.9_2015q3/bin/../lib/gcc/arm-none-eabi/4.9.3/../../../../arm-none-eabi/lib/armv7-m\libc_nano.a(lib_a-strstr.o)
 .ARM.attributes
                0x000009fc       0x2d c:/siliconlabs/simplicitystudio/v4/developer/toolchains/gnu_arm/4.9_2015q3/bin/../lib/gcc/arm-none-eabi/4.9.3/../../../../arm-none-eabi/lib/armv7-m\libc_nano.a(lib_a-strtok.o)
 .ARM.attributes
                0x00000a29       0x2d c:/siliconlabs/simplicitystudio/v4/developer/toolchains/gnu_arm/4.9_2015q3/bin/../lib/gcc/arm-none-eabi/4.9.3/../../../../arm-none-eabi/lib/armv7-m\libc_nano.a(lib_a-strtok_r.o)
 .ARM.attributes
                0x00000a56       0x2d c:/siliconlabs/simplicitystudio/v4/developer/toolchains/gnu_arm/4.9_2015q3/bin/../lib/gcc/arm-none-eabi/4.9.3/../../../../arm-none-eabi/lib/armv7-m\libc_nano.a(lib_a-strtoul.o)
 .ARM.attributes
                0x00000a83       0x2d c:/siliconlabs/simplicitystudio/v4/developer/toolchains/gnu_arm/4.9_2015q3/bin/../lib/gcc/arm-none-eabi/4.9.3/../../../../arm-none-eabi/lib/armv7-m\libc_nano.a(lib_a-ctype_.o)
 .ARM.attributes
                0x00000ab0       0x2d c:/siliconlabs/simplicitystudio/v4/developer/toolchains/gnu_arm/4.9_2015q3/bin/../lib/gcc/arm-none-eabi/4.9.3/../../../../arm-none-eabi/lib/armv7-m\libc_nano.a(lib_a-malloc.o)
 .ARM.attributes
                0x00000add       0x2d c:/siliconlabs/simplicitystudio/v4/developer/toolchains/gnu_arm/4.9_2015q3/bin/../lib/gcc/arm-none-eabi/4.9.3/../../../../arm-none-eabi/lib/armv7-m\libc_nano.a(lib_a-nano-freer.o)
 .ARM.attributes
                0x00000b0a       0x2d c:/siliconlabs/simplicitystudio/v4/developer/toolchains/gnu_arm/4.9_2015q3/bin/../lib/gcc/arm-none-eabi/4.9.3/../../../../arm-none-eabi/lib/armv7-m\libc_nano.a(lib_a-nano-mallocr.o)
 .ARM.attributes
                0x00000b37       0x2d c:/siliconlabs/simplicitystudio/v4/developer/toolchains/gnu_arm/4.9_2015q3/bin/../lib/gcc/arm-none-eabi/4.9.3/../../../../arm-none-eabi/lib/armv7-m\libc_nano.a(lib_a-nano-svfprintf.o)
 .ARM.attributes
                0x00000b64       0x2d c:/siliconlabs/simplicitystudio/v4/developer/toolchains/gnu_arm/4.9_2015q3/bin/../lib/gcc/arm-none-eabi/4.9.3/../../../../arm-none-eabi/lib/armv7-m\libc_nano.a(lib_a-nano-vfprintf_i.o)
 .ARM.attributes
                0x00000b91       0x2d c:/siliconlabs/simplicitystudio/v4/developer/toolchains/gnu_arm/4.9_2015q3/bin/../lib/gcc/arm-none-eabi/4.9.3/../../../../arm-none-eabi/lib/armv7-m\libc_nano.a(lib_a-sbrkr.o)
 .ARM.attributes
                0x00000bbe       0x2d c:/siliconlabs/simplicitystudio/v4/developer/toolchains/gnu_arm/4.9_2015q3/bin/../lib/gcc/arm-none-eabi/4.9.3/../../../../arm-none-eabi/lib/armv7-m\libc_nano.a(lib_a-memchr.o)
 .ARM.attributes
                0x00000beb       0x2d c:/siliconlabs/simplicitystudio/v4/developer/toolchains/gnu_arm/4.9_2015q3/bin/../lib/gcc/arm-none-eabi/4.9.3/../../../../arm-none-eabi/lib/armv7-m\libc_nano.a(lib_a-memmove.o)
 .ARM.attributes
                0x00000c18       0x2d c:/siliconlabs/simplicitystudio/v4/developer/toolchains/gnu_arm/4.9_2015q3/bin/../lib/gcc/arm-none-eabi/4.9.3/../../../../arm-none-eabi/lib/armv7-m\libc_nano.a(lib_a-nano-reallocr.o)
 .ARM.attributes
                0x00000c45       0x2d c:/siliconlabs/simplicitystudio/v4/developer/toolchains/gnu_arm/4.9_2015q3/bin/../lib/gcc/arm-none-eabi/4.9.3/../../../../arm-none-eabi/lib/armv7-m\libc_nano.a(lib_a-reent.o)
 .ARM.attributes
                0x00000c72       0x2d c:/siliconlabs/simplicitystudio/v4/developer/toolchains/gnu_arm/4.9_2015q3/bin/../lib/gcc/arm-none-eabi/4.9.3/../../../../arm-none-eabi/lib/armv7-m\libc_nano.a(lib_a-nano-msizer.o)
 .ARM.attributes
                0x00000c9f       0x2d c:/siliconlabs/simplicitystudio/v4/developer/toolchains/gnu_arm/4.9_2015q3/bin/../lib/gcc/arm-none-eabi/4.9.3/../../../../arm-none-eabi/lib/armv7-m\libnosys.a(sbrk.o)
 .ARM.attributes
                0x00000ccc       0x2d c:/siliconlabs/simplicitystudio/v4/developer/toolchains/gnu_arm/4.9_2015q3/bin/../lib/gcc/arm-none-eabi/4.9.3/../../../../arm-none-eabi/lib/armv7-m\libnosys.a(_exit.o)
 .ARM.attributes
                0x00000cf9       0x2d c:/siliconlabs/simplicitystudio/v4/developer/toolchains/gnu_arm/4.9_2015q3/bin/../lib/gcc/arm-none-eabi/4.9.3/armv7-m/crtend.o
 .ARM.attributes
                0x00000d26       0x1d c:/siliconlabs/simplicitystudio/v4/developer/toolchains/gnu_arm/4.9_2015q3/bin/../lib/gcc/arm-none-eabi/4.9.3/armv7-m/crtn.o

.comment        0x00000000       0x70
 .comment       0x00000000       0x70 ./CMSIS/EFM32GG/system_efm32gg.o
                                 0x71 (size before relaxing)
 .comment       0x00000000       0x71 ./devices_src/rgb_led.o
 .comment       0x00000000       0x71 ./devices_src/sd_card.o
 .comment       0x00000000       0x71 ./devices_src/tbr.o
 .comment       0x00000000       0x71 ./devices_src/ublox_gps.o
 .comment       0x00000000       0x71 ./drivers_src/delay.o
 .comment       0x00000000       0x71 ./drivers_src/pwm.o
 .comment       0x00000000       0x71 ./drivers_src/rs232.o
 .comment       0x00000000       0x71 ./drivers_src/rs485.o
 .comment       0x00000000       0x71 ./drivers_src/spi.o
 .comment       0x00000000       0x71 ./emlib/src/em_burtc.o
 .comment       0x00000000       0x71 ./emlib/src/em_cmu.o
 .comment       0x00000000       0x71 ./emlib/src/em_core.o
 .comment       0x00000000       0x71 ./emlib/src/em_dma.o
 .comment       0x00000000       0x71 ./emlib/src/em_gpio.o
 .comment       0x00000000       0x71 ./emlib/src/em_letimer.o
 .comment       0x00000000       0x71 ./emlib/src/em_leuart.o
 .comment       0x00000000       0x71 ./emlib/src/em_rmu.o
 .comment       0x00000000       0x71 ./emlib/src/em_rtc.o
 .comment       0x00000000       0x71 ./emlib/src/em_system.o
 .comment       0x00000000       0x71 ./emlib/src/em_timer.o
 .comment       0x00000000       0x71 ./emlib/src/em_usart.o
 .comment       0x00000000       0x71 ./fat_filesystem_src/diskio.o
 .comment       0x00000000       0x71 ./fat_filesystem_src/ff.o
 .comment       0x00000000       0x71 ./fifo_buffers_src/fifo_rs232.o
 .comment       0x00000000       0x71 ./fifo_buffers_src/fifo_tbr.o
 .comment       0x00000000       0x71 ./hal/debug.o
 .comment       0x00000000       0x71 ./hal/hal.o
 .comment       0x00000000       0x71 ./lmic/aes.o
 .comment       0x00000000       0x71 ./lmic/lmic.o
 .comment       0x00000000       0x71 ./lmic/oslmic.o
 .comment       0x00000000       0x71 ./lmic/radio.o
 .comment       0x00000000       0x71 ./resource managers_src/app_manager.o
 .comment       0x00000000       0x71 ./resource managers_src/lpwan_manager.o
 .comment       0x00000000       0x71 ./src/main.o

.debug_line     0x00000000     0xbb76
 .debug_line    0x00000000       0xd3 ./CMSIS/EFM32GG/startup_efm32gg.o
 .debug_line    0x000000d3      0x38d ./CMSIS/EFM32GG/system_efm32gg.o
 .debug_line    0x00000460      0x3fb ./devices_src/rgb_led.o
 .debug_line    0x0000085b      0x572 ./devices_src/sd_card.o
 .debug_line    0x00000dcd      0x626 ./devices_src/tbr.o
 .debug_line    0x000013f3      0x757 ./devices_src/ublox_gps.o
 .debug_line    0x00001b4a      0x3d8 ./drivers_src/delay.o
 .debug_line    0x00001f22      0x450 ./drivers_src/pwm.o
 .debug_line    0x00002372      0x4b4 ./drivers_src/rs232.o
 .debug_line    0x00002826      0x500 ./drivers_src/rs485.o
 .debug_line    0x00002d26      0x44c ./drivers_src/spi.o
 .debug_line    0x00003172      0x481 ./emlib/src/em_burtc.o
 .debug_line    0x000035f3      0xa53 ./emlib/src/em_cmu.o
 .debug_line    0x00004046      0x63e ./emlib/src/em_core.o
 .debug_line    0x00004684      0x5c3 ./emlib/src/em_dma.o
 .debug_line    0x00004c47      0x4bc ./emlib/src/em_gpio.o
 .debug_line    0x00005103      0x3f3 ./emlib/src/em_letimer.o
 .debug_line    0x000054f6      0x472 ./emlib/src/em_leuart.o
 .debug_line    0x00005968      0x3cc ./emlib/src/em_rmu.o
 .debug_line    0x00005d34      0x39c ./emlib/src/em_rtc.o
 .debug_line    0x000060d0      0x310 ./emlib/src/em_system.o
 .debug_line    0x000063e0      0x5bf ./emlib/src/em_timer.o
 .debug_line    0x0000699f      0x5f8 ./emlib/src/em_usart.o
 .debug_line    0x00006f97      0x2a8 ./fat_filesystem_src/diskio.o
 .debug_line    0x0000723f     0x124c ./fat_filesystem_src/ff.o
 .debug_line    0x0000848b      0x280 ./fifo_buffers_src/fifo_rs232.o
 .debug_line    0x0000870b      0x2ab ./fifo_buffers_src/fifo_tbr.o
 .debug_line    0x000089b6      0x2a9 ./hal/debug.o
 .debug_line    0x00008c5f      0x897 ./hal/hal.o
 .debug_line    0x000094f6      0x34a ./lmic/aes.o
 .debug_line    0x00009840      0xe32 ./lmic/lmic.o
 .debug_line    0x0000a672      0x2a8 ./lmic/oslmic.o
 .debug_line    0x0000a91a      0x4f9 ./lmic/radio.o
 .debug_line    0x0000ae13      0x47b ./resource managers_src/app_manager.o
 .debug_line    0x0000b28e      0x4da ./resource managers_src/lpwan_manager.o
 .debug_line    0x0000b768      0x40e ./src/main.o

.debug_info     0x00000000    0x1749b
 .debug_info    0x00000000      0x10e ./CMSIS/EFM32GG/startup_efm32gg.o
 .debug_info    0x0000010e      0x5a1 ./CMSIS/EFM32GG/system_efm32gg.o
 .debug_info    0x000006af      0x5df ./devices_src/rgb_led.o
 .debug_info    0x00000c8e      0x61c ./devices_src/sd_card.o
 .debug_info    0x000012aa      0xb74 ./devices_src/tbr.o
 .debug_info    0x00001e1e      0xb15 ./devices_src/ublox_gps.o
 .debug_info    0x00002933      0x801 ./drivers_src/delay.o
 .debug_info    0x00003134      0x8f1 ./drivers_src/pwm.o
 .debug_info    0x00003a25      0xd3e ./drivers_src/rs232.o
 .debug_info    0x00004763      0xcca ./drivers_src/rs485.o
 .debug_info    0x0000542d      0x9da ./drivers_src/spi.o
 .debug_info    0x00005e07      0x627 ./emlib/src/em_burtc.o
 .debug_info    0x0000642e     0x1508 ./emlib/src/em_cmu.o
 .debug_info    0x00007936      0xcd6 ./emlib/src/em_core.o
 .debug_info    0x0000860c     0x12c4 ./emlib/src/em_dma.o
 .debug_info    0x000098d0      0x65b ./emlib/src/em_gpio.o