Archive member included because of file (symbol)

c:/siliconlabs/simplicitystudio/v4/developer/toolchains/gnu_arm/4.9_2015q3/bin/../lib/gcc/arm-none-eabi/4.9.3/armv7-m\libgcc.a(_aeabi_uldivmod.o)
                              ./emlib/src/em_usart.o (__aeabi_uldivmod)
c:/siliconlabs/simplicitystudio/v4/developer/toolchains/gnu_arm/4.9_2015q3/bin/../lib/gcc/arm-none-eabi/4.9.3/armv7-m\libgcc.a(bpabi.o)
                              c:/siliconlabs/simplicitystudio/v4/developer/toolchains/gnu_arm/4.9_2015q3/bin/../lib/gcc/arm-none-eabi/4.9.3/armv7-m\libgcc.a(_aeabi_uldivmod.o) (__gnu_uldivmod_helper)
c:/siliconlabs/simplicitystudio/v4/developer/toolchains/gnu_arm/4.9_2015q3/bin/../lib/gcc/arm-none-eabi/4.9.3/armv7-m\libgcc.a(_dvmd_tls.o)
                              c:/siliconlabs/simplicitystudio/v4/developer/toolchains/gnu_arm/4.9_2015q3/bin/../lib/gcc/arm-none-eabi/4.9.3/armv7-m\libgcc.a(_aeabi_uldivmod.o) (__aeabi_ldiv0)
c:/siliconlabs/simplicitystudio/v4/developer/toolchains/gnu_arm/4.9_2015q3/bin/../lib/gcc/arm-none-eabi/4.9.3/armv7-m\libgcc.a(_divdi3.o)
                              c:/siliconlabs/simplicitystudio/v4/developer/toolchains/gnu_arm/4.9_2015q3/bin/../lib/gcc/arm-none-eabi/4.9.3/armv7-m\libgcc.a(bpabi.o) (__divdi3)
c:/siliconlabs/simplicitystudio/v4/developer/toolchains/gnu_arm/4.9_2015q3/bin/../lib/gcc/arm-none-eabi/4.9.3/armv7-m\libgcc.a(_udivdi3.o)
                              c:/siliconlabs/simplicitystudio/v4/developer/toolchains/gnu_arm/4.9_2015q3/bin/../lib/gcc/arm-none-eabi/4.9.3/armv7-m\libgcc.a(bpabi.o) (__udivdi3)
c:/siliconlabs/simplicitystudio/v4/developer/toolchains/gnu_arm/4.9_2015q3/bin/../lib/gcc/arm-none-eabi/4.9.3/../../../../arm-none-eabi/lib/armv7-m\libc_nano.a(lib_a-exit.o)
                              c:/siliconlabs/simplicitystudio/v4/developer/toolchains/gnu_arm/4.9_2015q3/bin/../lib/gcc/arm-none-eabi/4.9.3/../../../../arm-none-eabi/lib/armv7-m/crt0.o (exit)
c:/siliconlabs/simplicitystudio/v4/developer/toolchains/gnu_arm/4.9_2015q3/bin/../lib/gcc/arm-none-eabi/4.9.3/../../../../arm-none-eabi/lib/armv7-m\libc_nano.a(lib_a-impure.o)
                              c:/siliconlabs/simplicitystudio/v4/developer/toolchains/gnu_arm/4.9_2015q3/bin/../lib/gcc/arm-none-eabi/4.9.3/../../../../arm-none-eabi/lib/armv7-m\libc_nano.a(lib_a-exit.o) (_global_impure_ptr)
c:/siliconlabs/simplicitystudio/v4/developer/toolchains/gnu_arm/4.9_2015q3/bin/../lib/gcc/arm-none-eabi/4.9.3/../../../../arm-none-eabi/lib/armv7-m\libc_nano.a(lib_a-init.o)
                              c:/siliconlabs/simplicitystudio/v4/developer/toolchains/gnu_arm/4.9_2015q3/bin/../lib/gcc/arm-none-eabi/4.9.3/../../../../arm-none-eabi/lib/armv7-m/crt0.o (__libc_init_array)
c:/siliconlabs/simplicitystudio/v4/developer/toolchains/gnu_arm/4.9_2015q3/bin/../lib/gcc/arm-none-eabi/4.9.3/../../../../arm-none-eabi/lib/armv7-m\libc_nano.a(lib_a-memcpy.o)
                              ./lmic/lmic.o (memcpy)
c:/siliconlabs/simplicitystudio/v4/developer/toolchains/gnu_arm/4.9_2015q3/bin/../lib/gcc/arm-none-eabi/4.9.3/../../../../arm-none-eabi/lib/armv7-m\libc_nano.a(lib_a-memset.o)
                              c:/siliconlabs/simplicitystudio/v4/developer/toolchains/gnu_arm/4.9_2015q3/bin/../lib/gcc/arm-none-eabi/4.9.3/../../../../arm-none-eabi/lib/armv7-m/crt0.o (memset)
c:/siliconlabs/simplicitystudio/v4/developer/toolchains/gnu_arm/4.9_2015q3/bin/../lib/gcc/arm-none-eabi/4.9.3/../../../../arm-none-eabi/lib/armv7-m\libc_nano.a(lib_a-sprintf.o)
                              ./devices_src/tbr.o (sprintf)
c:/siliconlabs/simplicitystudio/v4/developer/toolchains/gnu_arm/4.9_2015q3/bin/../lib/gcc/arm-none-eabi/4.9.3/../../../../arm-none-eabi/lib/armv7-m\libc_nano.a(lib_a-strchr.o)
                              ./devices_src/tbr.o (strchr)
c:/siliconlabs/simplicitystudio/v4/developer/toolchains/gnu_arm/4.9_2015q3/bin/../lib/gcc/arm-none-eabi/4.9.3/../../../../arm-none-eabi/lib/armv7-m\libc_nano.a(lib_a-strlen.o)
                              ./devices_src/tbr.o (strlen)
c:/siliconlabs/simplicitystudio/v4/developer/toolchains/gnu_arm/4.9_2015q3/bin/../lib/gcc/arm-none-eabi/4.9.3/../../../../arm-none-eabi/lib/armv7-m\libc_nano.a(lib_a-strncmp.o)
                              ./devices_src/tbr.o (strncmp)
c:/siliconlabs/simplicitystudio/v4/developer/toolchains/gnu_arm/4.9_2015q3/bin/../lib/gcc/arm-none-eabi/4.9.3/../../../../arm-none-eabi/lib/armv7-m\libc_nano.a(lib_a-strstr.o)
                              ./devices_src/tbr.o (strstr)
c:/siliconlabs/simplicitystudio/v4/developer/toolchains/gnu_arm/4.9_2015q3/bin/../lib/gcc/arm-none-eabi/4.9.3/../../../../arm-none-eabi/lib/armv7-m\libc_nano.a(lib_a-strtok.o)
                              ./devices_src/tbr.o (strtok)
c:/siliconlabs/simplicitystudio/v4/developer/toolchains/gnu_arm/4.9_2015q3/bin/../lib/gcc/arm-none-eabi/4.9.3/../../../../arm-none-eabi/lib/armv7-m\libc_nano.a(lib_a-strtok_r.o)
[...]
Memory Configuration

Name             Origin             Length             Attributes
FLASH            0x00000000         0x00100000         xr
RAM              0x20000000         0x00020000         xrw
*default*        0x00000000         0xffffffff

Linker script and memory map

LOAD c:/siliconlabs/simplicitystudio/v4/developer/toolchains/gnu_arm/4.9_2015q3/bin/../lib/gcc/arm-none-eabi/4.9.3/armv7-m/crti.o
LOAD c:/siliconlabs/simplicitystudio/v4/developer/toolchains/gnu_arm/4.9_2015q3/bin/../lib/gcc/arm-none-eabi/4.9.3/armv7-m/crtbegin.o
LOAD c:/siliconlabs/simplicitystudio/v4/developer/toolchains/gnu_arm/4.9_2015q3/bin/../lib/gcc/arm-none-eabi/4.9.3/../../../../arm-none-eabi/lib/armv7-m/crt0.o
LOAD ./CMSIS/EFM32GG/startup_efm32gg.o
LOAD ./CMSIS/EFM32GG/system_efm32gg.o
LOAD ./devices_src/rgb_led.o
LOAD ./devices_src/sd_card.o
LOAD ./devices_src/tbr.o
LOAD ./devices_src/ublox_gps.o
LOAD ./drivers_src/delay.o
LOAD ./drivers_src/pwm.o
LOAD ./drivers_src/rs232.o
LOAD ./drivers_src/rs485.o
LOAD ./drivers_src/spi.o
LOAD ./emlib/src/em_acmp.o
LOAD ./emlib/src/em_adc.o
LOAD ./emlib/src/em_aes.o
LOAD ./emlib/src/em_assert.o
LOAD ./emlib/src/em_burtc.o
LOAD ./emlib/src/em_can.o
LOAD ./emlib/src/em_cmu.o
LOAD ./emlib/src/em_core.o
LOAD ./emlib/src/em_cryotimer.o
LOAD ./emlib/src/em_crypto.o
LOAD ./emlib/src/em_csen.o
LOAD ./emlib/src/em_dac.o
LOAD ./emlib/src/em_dbg.o
LOAD ./emlib/src/em_dma.o
LOAD ./emlib/src/em_ebi.o
LOAD ./emlib/src/em_emu.o
LOAD ./emlib/src/em_gpcrc.o
LOAD ./emlib/src/em_gpio.o
LOAD ./emlib/src/em_i2c.o
LOAD ./emlib/src/em_idac.o
LOAD ./emlib/src/em_int.o
LOAD ./emlib/src/em_lcd.o
LOAD ./emlib/src/em_ldma.o
LOAD ./emlib/src/em_lesense.o
LOAD ./emlib/src/em_letimer.o
LOAD ./emlib/src/em_leuart.o
LOAD ./emlib/src/em_mpu.o
LOAD ./emlib/src/em_msc.o
LOAD ./emlib/src/em_opamp.o
LOAD ./emlib/src/em_pcnt.o
LOAD ./emlib/src/em_prs.o
LOAD ./emlib/src/em_qspi.o
LOAD ./emlib/src/em_rmu.o
LOAD ./emlib/src/em_rtc.o
LOAD ./emlib/src/em_rtcc.o
LOAD ./emlib/src/em_system.o
LOAD ./emlib/src/em_timer.o
LOAD ./emlib/src/em_usart.o
LOAD ./emlib/src/em_vcmp.o
LOAD ./emlib/src/em_vdac.o
LOAD ./emlib/src/em_wdog.o
LOAD ./fat_filesystem_src/diskio.o
LOAD ./fat_filesystem_src/ff.o
LOAD ./fifo_buffers_src/fifo_rs232.o
LOAD ./fifo_buffers_src/fifo_tbr.o
LOAD ./hal/debug.o
LOAD ./hal/hal.o
LOAD ./lmic/aes.o
LOAD ./lmic/lmic.o
LOAD ./lmic/oslmic.o
LOAD ./lmic/radio.o
LOAD ./resource managers_src/app_manager.o
LOAD ./resource managers_src/lpwan_manager.o
LOAD ./src/main.o
START GROUP
LOAD c:/siliconlabs/simplicitystudio/v4/developer/toolchains/gnu_arm/4.9_2015q3/bin/../lib/gcc/arm-none-eabi/4.9.3/armv7-m\libgcc.a
LOAD c:/siliconlabs/simplicitystudio/v4/developer/toolchains/gnu_arm/4.9_2015q3/bin/../lib/gcc/arm-none-eabi/4.9.3/../../../../arm-none-eabi/lib/armv7-m\libc_nano.a
LOAD c:/siliconlabs/simplicitystudio/v4/developer/toolchains/gnu_arm/4.9_2015q3/bin/../lib/gcc/arm-none-eabi/4.9.3/../../../../arm-none-eabi/lib/armv7-m\libnosys.a
END GROUP
START GROUP
LOAD c:/siliconlabs/simplicitystudio/v4/developer/toolchains/gnu_arm/4.9_2015q3/bin/../lib/gcc/arm-none-eabi/4.9.3/armv7-m\libgcc.a
LOAD c:/siliconlabs/simplicitystudio/v4/developer/toolchains/gnu_arm/4.9_2015q3/bin/../lib/gcc/arm-none-eabi/4.9.3/../../../../arm-none-eabi/lib/armv7-m\libg_nano.a
LOAD c:/siliconlabs/simplicitystudio/v4/developer/toolchains/gnu_arm/4.9_2015q3/bin/../lib/gcc/arm-none-eabi/4.9.3/../../../../arm-none-eabi/lib/armv7-m\libc_nano.a
END GROUP
START GROUP
LOAD c:/siliconlabs/simplicitystudio/v4/developer/toolchains/gnu_arm/4.9_2015q3/bin/../lib/gcc/arm-none-eabi/4.9.3/armv7-m\libgcc.a
LOAD c:/siliconlabs/simplicitystudio/v4/developer/toolchains/gnu_arm/4.9_2015q3/bin/../lib/gcc/arm-none-eabi/4.9.3/../../../../arm-none-eabi/lib/armv7-m\libc_nano.a
END GROUP
LOAD c:/siliconlabs/simplicitystudio/v4/developer/toolchains/gnu_arm/4.9_2015q3/bin/../lib/gcc/arm-none-eabi/4.9.3/armv7-m/crtend.o
LOAD c:/siliconlabs/simplicitystudio/v4/developer/toolchains/gnu_arm/4.9_2015q3/bin/../lib/gcc/arm-none-eabi/4.9.3/armv7-m/crtn.o

.text           0x00000000     0xf170
 *(.vectors)
 .vectors       0x00000000       0xdc ./CMSIS/EFM32GG/startup_efm32gg.o
                0x00000000                __Vectors
                0x000000dc                __Vectors_End = .
                0x000000dc                __Vectors_Size = (__Vectors_End - __Vectors)
                0x000000dc                __end__ = .
 *(.text*)
 .text          0x000000dc       0x5c c:/siliconlabs/simplicitystudio/v4/developer/toolchains/gnu_arm/4.9_2015q3/bin/../lib/gcc/arm-none-eabi/4.9.3/armv7-m/crtbegin.o
 .text          0x00000138       0x74 c:/siliconlabs/simplicitystudio/v4/developer/toolchains/gnu_arm/4.9_2015q3/bin/../lib/gcc/arm-none-eabi/4.9.3/../../../../arm-none-eabi/lib/armv7-m/crt0.o
                0x00000138                _start
                0x00000138                _mainCRTStartup
 .text          0x000001ac       0x30 ./CMSIS/EFM32GG/startup_efm32gg.o
                0x000001ac                Reset_Handler
                0x000001d8                DebugMon_Handler
                0x000001d8                USART0_TX_IRQHandler
                0x000001d8                I2C0_IRQHandler
                0x000001d8                HardFault_Handler
                0x000001d8                LEUART1_IRQHandler
                0x000001d8                SysTick_Handler
                0x000001d8                USART1_RX_IRQHandler
                0x000001d8                PendSV_Handler
                0x000001d8                NMI_Handler
                0x000001d8                I2C1_IRQHandler
                0x000001d8                TIMER3_IRQHandler
                0x000001d8                USART1_TX_IRQHandler
                0x000001d8                MSC_IRQHandler
                0x000001d8                ADC0_IRQHandler
                0x000001d8                UsageFault_Handler
                0x000001d8                UART0_TX_IRQHandler
                0x000001d8                UART1_TX_IRQHandler
                0x000001d8                TIMER0_IRQHandler
                0x000001d8                TIMER2_IRQHandler
                0x000001d8                LCD_IRQHandler
                0x000001d8                PCNT2_IRQHandler
                0x000001d8                UART0_RX_IRQHandler
                0x000001d8                LETIMER0_IRQHandler
                0x000001d8                TIMER1_IRQHandler
                0x000001d8                Default_Handler
                0x000001d8                EMU_IRQHandler
                0x000001d8                PCNT0_IRQHandler
                0x000001d8                USB_IRQHandler
                0x000001d8                PCNT1_IRQHandler
                0x000001d8                ACMP0_IRQHandler
                0x000001d8                USART0_RX_IRQHandler
                0x000001d8                MemManage_Handler
                0x000001d8                SVC_Handler
                0x000001d8                DAC0_IRQHandler
                0x000001d8                UART1_RX_IRQHandler
                0x000001d8                CMU_IRQHandler
                0x000001d8                EBI_IRQHandler
                0x000001d8                LESENSE_IRQHandler
                0x000001d8                AES_IRQHandler
                0x000001d8                VCMP_IRQHandler
                0x000001d8                BusFault_Handler
 .text.GetProdRev
                0x000001dc       0x1c ./CMSIS/EFM32GG/system_efm32gg.o
 .text.SystemCoreClockGet
                0x000001f8       0x34 ./CMSIS/EFM32GG/system_efm32gg.o
                0x000001f8                SystemCoreClockGet
 .text.SystemMaxCoreClockGet
                0x0000022c       0x14 ./CMSIS/EFM32GG/system_efm32gg.o
                0x0000022c                SystemMaxCoreClockGet
 .text.SystemHFClockGet
                0x00000240      0x100 ./CMSIS/EFM32GG/system_efm32gg.o
                0x00000240                SystemHFClockGet
 .text.SystemHFXOClockGet
                0x00000340       0x18 ./CMSIS/EFM32GG/system_efm32gg.o
                0x00000340                SystemHFXOClockGet
 .text.SystemInit
                0x00000358        0xc ./CMSIS/EFM32GG/system_efm32gg.o
                0x00000358                SystemInit
 .text.SystemLFRCOClockGet
                0x00000364       0x14 ./CMSIS/EFM32GG/system_efm32gg.o
                0x00000364                SystemLFRCOClockGet
 .text.SystemULFRCOClockGet
                0x00000378       0x14 ./CMSIS/EFM32GG/system_efm32gg.o
                0x00000378                SystemULFRCOClockGet
 .text.SystemLFXOClockGet
                0x0000038c       0x18 ./CMSIS/EFM32GG/system_efm32gg.o
                0x0000038c                SystemLFXOClockGet
 .text.GPIO_PinOutClear
                0x000003a4       0x58 ./devices_src/rgb_led.o
 .text.GPIO_PinOutSet
                0x000003fc       0x58 ./devices_src/rgb_led.o
 .text.generate_pulses
                0x00000454       0x50 ./devices_src/rgb_led.o
                0x00000454                generate_pulses
 .text.rgb_init
                0x000004a4       0x34 ./devices_src/rgb_led.o
                0x000004a4                rgb_init
 .text.rgb_on   0x000004d8      0x110 ./devices_src/rgb_led.o
                0x000004d8                rgb_on
 .text.rgb_shutdown
                0x000005e8       0x18 ./devices_src/rgb_led.o
                0x000005e8                rgb_shutdown
 .text.GPIO_PinOutClear
                0x00000600       0x58 ./devices_src/sd_card.o
 .text.GPIO_PinOutSet
                0x00000658       0x58 ./devices_src/sd_card.o
 .text.start_transfer
                0x000006b0       0x10 ./devices_src/sd_card.o
                0x000006b0                start_transfer
 .text.end_transfer
                0x000006c0       0x14 ./devices_src/sd_card.o
                0x000006c0                end_transfer
 .text.send_cmd
                0x000006d4      0x24c ./devices_src/sd_card.o
                0x000006d4                send_cmd
 .text.sd_card_init
                0x00000920      0x1e0 ./devices_src/sd_card.o
                0x00000920                sd_card_init
 .text.sd_card_on
                0x00000b00       0x10 ./devices_src/sd_card.o
                0x00000b00                sd_card_on
 .text.sd_card_off
                0x00000b10       0x10 ./devices_src/sd_card.o
                0x00000b10                sd_card_off
 .text.sd_card_read
                0x00000b20      0x130 ./devices_src/sd_card.o
                0x00000b20                sd_card_read
 .text.sd_card_write
                0x00000c50      0x10c ./devices_src/sd_card.o
                0x00000c50                sd_card_write
 .text.array_is_full
                0x00000d5c       0x24 ./devices_src/tbr.o
                0x00000d5c                array_is_full
 .text.array_is_empty
                0x00000d80       0x20 ./devices_src/tbr.o
                0x00000d80                array_is_empty
 .text.array_add
                0x00000da0       0x58 ./devices_src/tbr.o
                0x00000da0                array_add
 .text.array_remove
                0x00000df8       0x5c ./devices_src/tbr.o
                0x00000df8                array_remove
 .text.CalculateLuhn
                0x00000e54      0x12c ./devices_src/tbr.o
                0x00000e54                CalculateLuhn
 .text.parse_message_tbr
                0x00000f80       0xa4 ./devices_src/tbr.o
                0x00000f80                parse_message_tbr
 .text.check_other_messages
                0x00001024       0x3c ./devices_src/tbr.o
                0x00001024                check_other_messages
 .text.clear_buffer
                0x00001060       0x3c ./devices_src/tbr.o
                0x00001060                clear_buffer
 .text.get_and_compare
                0x0000109c       0xb0 ./devices_src/tbr.o
                0x0000109c                get_and_compare
 .text.convert_single_tbr_msg_into_uint
                0x0000114c      0x348 ./devices_src/tbr.o
                0x0000114c                convert_single_tbr_msg_into_uint
 .text.convert_tbr_msgs_to_uint
                0x00001494      0x184 ./devices_src/tbr.o
                0x00001494                convert_tbr_msgs_to_uint
 .text.tbr_init
                0x00001618       0x48 ./devices_src/tbr.o
                0x00001618                tbr_init
 .text.tbr_send_cmd
                0x00001660      0x100 ./devices_src/tbr.o
                0x00001660                tbr_send_cmd
 .text.tbr_recv_msg_uint
                0x00001760       0xa4 ./devices_src/tbr.o
                0x00001760                tbr_recv_msg_uint
 .text.GPIO_PinOutSet
                0x00001804       0x58 ./devices_src/ublox_gps.o
 .text.send_cmd_rx_ack
                0x0000185c       0xfc ./devices_src/ublox_gps.o
                0x0000185c                send_cmd_rx_ack
 .text.port_config
                0x00001958       0x64 ./devices_src/ublox_gps.o
                0x00001958                port_config
 .text.receiver_nav_status
                0x000019bc       0xfc ./devices_src/ublox_gps.o
                0x000019bc                receiver_nav_status
 .text.config_low_power
                0x00001ab8       0x24 ./devices_src/ublox_gps.o
                0x00001ab8                config_low_power
 .text.enter_low_power
                0x00001adc       0x24 ./devices_src/ublox_gps.o
                0x00001adc                enter_low_power
 .text.disable_sbas
                0x00001b00       0x24 ./devices_src/ublox_gps.o
                0x00001b00                disable_sbas
 .text.poll_psm
                0x00001b24      0x130 ./devices_src/ublox_gps.o
                0x00001b24                poll_psm
 .text.parse_message
                0x00001c54      0x32c ./devices_src/ublox_gps.o
                0x00001c54                parse_message
 .text.gps_init
                0x00001f80      0x148 ./devices_src/ublox_gps.o
                0x00001f80                gps_init
 .text.gps_get_nav_data
                0x000020c8      0x19c ./devices_src/ublox_gps.o
                0x000020c8                gps_get_nav_data
 .text.gps_on   0x00002264       0x10 ./devices_src/ublox_gps.o
                0x00002264                gps_on
 .text.TIMER_Valid
                0x00002274       0x50 ./drivers_src/delay.o
 .text.TIMER_MaxCount
                0x000022c4       0x18 ./drivers_src/delay.o
 .text.TIMER_CounterSet
                0x000022dc       0x1c ./drivers_src/delay.o
 .text.TIMER_Enable
                0x000022f8       0x2c ./drivers_src/delay.o
 .text.TIMER_IntClear
                0x00002324       0x1c ./drivers_src/delay.o
 .text.TIMER_IntEnable
                0x00002340       0x20 ./drivers_src/delay.o
 .text.TIMER_IntGetEnabled
                0x00002360       0x24 ./drivers_src/delay.o
 .text.TIMER_TopBufSet
                0x00002384       0x1c ./drivers_src/delay.o
 .text.TIMER_TopSet
                0x000023a0       0x1c ./drivers_src/delay.o
 .text.delay_init
                0x000023bc       0x7c ./drivers_src/delay.o
                0x000023bc                delay_init
 .text.delay_enable
                0x00002438       0x14 ./drivers_src/delay.o
                0x00002438                delay_enable
 .text.delay_disable
                0x0000244c       0x14 ./drivers_src/delay.o
                0x0000244c                delay_disable
 .text.delay_ms
                0x00002460       0x64 ./drivers_src/delay.o
                0x00002460                delay_ms
 .text.TIMER_Valid
                0x000024c4       0x50 ./drivers_src/pwm.o
 .text.TIMER_MaxCount
                0x00002514       0x18 ./drivers_src/pwm.o
 .text.TIMER_CounterSet
                0x0000252c       0x1c ./drivers_src/pwm.o
 .text.TIMER_Enable
                0x00002548       0x2c ./drivers_src/pwm.o
 .text.TIMER_IntClear
                0x00002574       0x1c ./drivers_src/pwm.o
 .text.TIMER_IntEnable
                0x00002590       0x20 ./drivers_src/pwm.o
 .text.TIMER_IntGetEnabled
                0x000025b0       0x24 ./drivers_src/pwm.o
 .text.TIMER_TopBufSet
                0x000025d4       0x1c ./drivers_src/pwm.o
 .text.TIMER_TopSet
                0x000025f0       0x1c ./drivers_src/pwm.o
 .text.pwm_init
                0x0000260c       0x7c ./drivers_src/pwm.o
                0x0000260c                pwm_init
 .text.pwm_enable
                0x00002688       0x14 ./drivers_src/pwm.o
                0x00002688                pwm_enable
 .text.pwm_disable
                0x0000269c       0x14 ./drivers_src/pwm.o
                0x0000269c                pwm_disable
 .text.pwm_us_delay
                0x000026b0       0x5c ./drivers_src/pwm.o
                0x000026b0                pwm_us_delay
 .text.NVIC_EnableIRQ
                0x0000270c       0x30 ./drivers_src/rs232.o
 .text.NVIC_ClearPendingIRQ
                0x0000273c       0x34 ./drivers_src/rs232.o
 .text.USART_IntClear
                0x00002770       0x1c ./drivers_src/rs232.o
 .text.USART_IntDisable
                0x0000278c       0x24 ./drivers_src/rs232.o
 .text.USART_IntEnable
                0x000027b0       0x20 ./drivers_src/rs232.o
 .text.rs232_init
                0x000027d0       0xb0 ./drivers_src/rs232.o
                0x000027d0                rs232_init
 .text.rs232_enable
                0x00002880       0x14 ./drivers_src/rs232.o
                0x00002880                rs232_enable
 .text.rs232_transmit_string
                0x00002894       0x6c ./drivers_src/rs232.o
                0x00002894                rs232_transmit_string
 .text.USART2_TX_IRQHandler
                0x00002900       0x4c ./drivers_src/rs232.o
                0x00002900                USART2_TX_IRQHandler
 .text.USART2_RX_IRQHandler
                0x0000294c       0x40 ./drivers_src/rs232.o
                0x0000294c                USART2_RX_IRQHandler
 .text.NVIC_EnableIRQ
                0x0000298c       0x30 ./drivers_src/rs485.o
 .text.NVIC_ClearPendingIRQ
                0x000029bc       0x34 ./drivers_src/rs485.o
 .text.GPIO_PinOutClear
                0x000029f0       0x58 ./drivers_src/rs485.o
 .text.GPIO_PinOutSet
                0x00002a48       0x58 ./drivers_src/rs485.o
 .text.LEUART_IntClear
                0x00002aa0       0x1c ./drivers_src/rs485.o
 .text.LEUART_IntDisable
                0x00002abc       0x24 ./drivers_src/rs485.o
 .text.LEUART_IntEnable
                0x00002ae0       0x20 ./drivers_src/rs485.o
 .text.rs485_init
                0x00002b00       0xe0 ./drivers_src/rs485.o
                0x00002b00                rs485_init
 .text.rs485_enable
                0x00002be0       0x14 ./drivers_src/rs485.o
                0x00002be0                rs485_enable
 .text.rs485_transmit_string
                0x00002bf4       0x78 ./drivers_src/rs485.o
                0x00002bf4                rs485_transmit_string
 .text.rs485_recieve_char
                0x00002c6c       0x3c ./drivers_src/rs485.o
                0x00002c6c                rs485_recieve_char
 .text.rs485_tx_mode
                0x00002ca8       0x18 ./drivers_src/rs485.o
                0x00002ca8                rs485_tx_mode
 .text.rs485_rx_mode
                0x00002cc0       0x18 ./drivers_src/rs485.o
                0x00002cc0                rs485_rx_mode
 .text.LEUART0_IRQHandler
                0x00002cd8       0xd0 ./drivers_src/rs485.o
                0x00002cd8                LEUART0_IRQHandler
 .text.GPIO_PinOutClear
                0x00002da8       0x58 ./drivers_src/spi.o
 .text.GPIO_PinOutSet
                0x00002e00       0x58 ./drivers_src/spi.o
 .text.USART_IntClear
                0x00002e58       0x1c ./drivers_src/spi.o
 .text.spi_init
                0x00002e74       0xbc ./drivers_src/spi.o
                0x00002e74                spi_init
 .text.spi_enable
                0x00002f30       0x14 ./drivers_src/spi.o
                0x00002f30                spi_enable
 .text.spi_disable
                0x00002f44       0x14 ./drivers_src/spi.o
                0x00002f44                spi_disable
 .text.spi_cs_set
                0x00002f58       0x40 ./drivers_src/spi.o
                0x00002f58                spi_cs_set
 .text.spi_cs_clear
                0x00002f98       0x8c ./drivers_src/spi.o
                0x00002f98                spi_cs_clear
 .text.spi_read_write_byte
                0x00003024       0x34 ./drivers_src/spi.o
                0x00003024                spi_read_write_byte
 .text.spi_write_byte
                0x00003058       0x28 ./drivers_src/spi.o
                0x00003058                spi_write_byte
 .text.spi_read_byte
                0x00003080       0x2c ./drivers_src/spi.o
                0x00003080                spi_read_byte
 .text.BUS_RegBitWrite
                0x000030ac       0x2c ./emlib/src/em_burtc.o
 .text.BUS_RegBitRead
                0x000030d8       0x2c ./emlib/src/em_burtc.o
 .text.BURTC_IntClear
                0x00003104       0x1c ./emlib/src/em_burtc.o
 .text.BURTC_Enable
                0x00003120       0x50 ./emlib/src/em_burtc.o
 .text.BURTC_FreezeEnable
                0x00003170       0x20 ./emlib/src/em_burtc.o
 .text.divToLog2
                0x00003190       0x34 ./emlib/src/em_burtc.o
 .text.regSync  0x000031c4       0x40 ./emlib/src/em_burtc.o
 .text.BURTC_Init
                0x00003204       0xe8 ./emlib/src/em_burtc.o
                0x00003204                BURTC_Init
 .text.BURTC_CompareSet
                0x000032ec       0x20 ./emlib/src/em_burtc.o
                0x000032ec                BURTC_CompareSet
 .text.BURTC_Reset
                0x0000330c       0x3c ./emlib/src/em_burtc.o
                0x0000330c                BURTC_Reset
 .text.BUS_RegBitWrite
                0x00003348       0x2c ./emlib/src/em_cmu.o
 .text.BUS_RegBitRead
                0x00003374       0x2c ./emlib/src/em_cmu.o
 .text.CMU_DivToLog2
                0x000033a0       0x34 ./emlib/src/em_cmu.o
 .text.SYSTEM_GetProdRev
                0x000033d4       0x1c ./emlib/src/em_cmu.o
 .text.SYSTEM_GetFamily
                0x000033f0       0x20 ./emlib/src/em_cmu.o
 .text.maxFreqHfle
                0x00003410       0x78 ./emlib/src/em_cmu.o
 .text.setHfLeConfig
                0x00003488       0x60 ./emlib/src/em_cmu.o
 .text.getHfLeConfig
                0x000034e8       0x20 ./emlib/src/em_cmu.o
 .text.auxClkGet
                0x00003508       0xb0 ./emlib/src/em_cmu.o
 .text.dbgClkGet
                0x000035b8       0x40 ./emlib/src/em_cmu.o
 .text.flashWaitStateControl
                0x000035f8       0xb8 ./emlib/src/em_cmu.o
 .text.flashWaitStateMax
                0x000036b0       0x14 ./emlib/src/em_cmu.o
 .text.CMU_UpdateWaitStates
                0x000036c4       0x18 ./emlib/src/em_cmu.o
                0x000036c4                CMU_UpdateWaitStates
 .text.lfClkGet
                0x000036dc       0xec ./emlib/src/em_cmu.o
 .text.syncReg  0x000037c8       0x34 ./emlib/src/em_cmu.o
 .text.CMU_ClockDivSet
                0x000037fc      0x22c ./emlib/src/em_cmu.o
                0x000037fc                CMU_ClockDivSet
 .text.CMU_ClockEnable
                0x00003a28       0xd0 ./emlib/src/em_cmu.o
                0x00003a28                CMU_ClockEnable
 .text.CMU_ClockFreqGet
                0x00003af8      0x1c8 ./emlib/src/em_cmu.o
                0x00003af8                CMU_ClockFreqGet
 .text.CMU_ClockSelectGet
                0x00003cc0      0x124 ./emlib/src/em_cmu.o
                0x00003cc0                CMU_ClockSelectGet
 .text.CMU_ClockSelectSet
                0x00003de4      0x22c ./emlib/src/em_cmu.o
                0x00003de4                CMU_ClockSelectSet
 .text.CMU_HFRCOBandSet
                0x00004010       0xe0 ./emlib/src/em_cmu.o
                0x00004010                CMU_HFRCOBandSet
 .text.CMU_OscillatorEnable
                0x000040f0       0xbc ./emlib/src/em_cmu.o
                0x000040f0                CMU_OscillatorEnable
 .text.CORE_EnterAtomic
                0x000041ac       0x20 ./emlib/src/em_core.o
                0x000041ac                CORE_EnterAtomic
 .text.CORE_ExitAtomic
                0x000041cc       0x1c ./emlib/src/em_core.o
                0x000041cc                CORE_ExitAtomic
 .text.DMA_IRQHandler
                0x000041e8       0xd8 ./emlib/src/em_dma.o
                0x000041e8                DMA_IRQHandler
 .text.BUS_RegBitWrite
                0x000042c0       0x2c ./emlib/src/em_gpio.o
 .text.BUS_RegMaskedWrite
                0x000042ec       0x28 ./emlib/src/em_gpio.o
 .text.GPIO_PinOutClear
                0x00004314       0x58 ./emlib/src/em_gpio.o
 .text.GPIO_PinOutSet
                0x0000436c       0x58 ./emlib/src/em_gpio.o
 .text.GPIO_DriveModeSet
                0x000043c4       0x70 ./emlib/src/em_gpio.o
                0x000043c4                GPIO_DriveModeSet
 .text.GPIO_ExtIntConfig
                0x00004434       0xd4 ./emlib/src/em_gpio.o
                0x00004434                GPIO_ExtIntConfig
 .text.GPIO_PinModeSet
                0x00004508      0x10c ./emlib/src/em_gpio.o
                0x00004508                GPIO_PinModeSet
 .text.LETIMER_Enable
                0x00004614       0x2c ./emlib/src/em_letimer.o
                0x00004614                LETIMER_Enable
 .text.LETIMER_FreezeEnable
                0x00004640       0x34 ./emlib/src/em_letimer.o
                0x00004640                LETIMER_FreezeEnable
 .text.LETIMER_Init
                0x00004674       0xf0 ./emlib/src/em_letimer.o
                0x00004674                LETIMER_Init
 .text.LETIMER_Reset
                0x00004764       0x50 ./emlib/src/em_letimer.o
                0x00004764                LETIMER_Reset
 .text.LEUART_Sync
                0x000047b4       0x30 ./emlib/src/em_leuart.o
 .text.LEUART_BaudrateSet
                0x000047e4       0x80 ./emlib/src/em_leuart.o
                0x000047e4                LEUART_BaudrateSet
 .text.LEUART_Enable
                0x00004864       0x58 ./emlib/src/em_leuart.o
                0x00004864                LEUART_Enable
 .text.LEUART_FreezeEnable
                0x000048bc       0x34 ./emlib/src/em_leuart.o
                0x000048bc                LEUART_FreezeEnable
 .text.LEUART_Init
                0x000048f0       0x84 ./emlib/src/em_leuart.o
                0x000048f0                LEUART_Init
 .text.LEUART_Reset
                0x00004974       0x70 ./emlib/src/em_leuart.o
                0x00004974                LEUART_Reset
 .text.LEUART_Rx
                0x000049e4       0x28 ./emlib/src/em_leuart.o
                0x000049e4                LEUART_Rx
 .text.LEUART_Tx
                0x00004a0c       0x30 ./emlib/src/em_leuart.o
                0x00004a0c                LEUART_Tx
 .text.SL_CTZ   0x00004a3c       0x28 ./emlib/src/em_rmu.o
 .text.BUS_RegBitWrite
                0x00004a64       0x2c ./emlib/src/em_rmu.o
 .text.RMU_ResetControl
                0x00004a90       0x3c ./emlib/src/em_rmu.o
                0x00004a90                RMU_ResetControl
 .text.BUS_RegBitWrite
                0x00004acc       0x2c ./emlib/src/em_rtc.o
 .text.RTC_CompareSet
                0x00004af8       0x3c ./emlib/src/em_rtc.o
                0x00004af8                RTC_CompareSet
 .text.RTC_Enable
                0x00004b34       0x20 ./emlib/src/em_rtc.o
                0x00004b34                RTC_Enable
 .text.RTC_Init
                0x00004b54       0x50 ./emlib/src/em_rtc.o
                0x00004b54                RTC_Init
 .text.SYSTEM_ChipRevisionGet
                0x00004ba4       0x74 ./emlib/src/em_system.o
                0x00004ba4                SYSTEM_ChipRevisionGet
 .text.TIMER_Valid
                0x00004c18       0x50 ./emlib/src/em_timer.o
 .text.TIMER_Init
                0x00004c68       0xdc ./emlib/src/em_timer.o
                0x00004c68                TIMER_Init
 .text.USART_BaudrateAsyncSet
                0x00004d44       0xb0 ./emlib/src/em_usart.o
                0x00004d44                USART_BaudrateAsyncSet
 .text.USART_BaudrateSyncSet
                0x00004df4       0x40 ./emlib/src/em_usart.o
                0x00004df4                USART_BaudrateSyncSet
 .text.USART_Enable
                0x00004e34       0x58 ./emlib/src/em_usart.o
                0x00004e34                USART_Enable
 .text.USART_InitAsync
                0x00004e8c       0x9c ./emlib/src/em_usart.o
                0x00004e8c                USART_InitAsync
 .text.USART_InitSync
                0x00004f28       0xcc ./emlib/src/em_usart.o
                0x00004f28                USART_InitSync
 .text.USART_Reset
                0x00004ff4       0x98 ./emlib/src/em_usart.o
                0x00004ff4                USART_Reset
 .text.USART_Rx
                0x0000508c       0x28 ./emlib/src/em_usart.o
                0x0000508c                USART_Rx
 .text.USART_SpiTransfer
                0x000050b4       0x40 ./emlib/src/em_usart.o
                0x000050b4                USART_SpiTransfer
 .text.USART_Tx
                0x000050f4       0x2c ./emlib/src/em_usart.o
                0x000050f4                USART_Tx
 .text.disk_status
                0x00005120       0x44 ./fat_filesystem_src/diskio.o
                0x00005120                disk_status
 .text.disk_initialize
                0x00005164       0x4c ./fat_filesystem_src/diskio.o
                0x00005164                disk_initialize
 .text.disk_read
                0x000051b0       0x50 ./fat_filesystem_src/diskio.o
                0x000051b0                disk_read
 .text.disk_write
                0x00005200       0x50 ./fat_filesystem_src/diskio.o
                0x00005200                disk_write
 .text.disk_ioctl
                0x00005250       0x50 ./fat_filesystem_src/diskio.o
                0x00005250                disk_ioctl
 .text.ld_word  0x000052a0       0x30 ./fat_filesystem_src/ff.o
 .text.ld_dword
                0x000052d0       0x48 ./fat_filesystem_src/ff.o
 .text.st_word  0x00005318       0x34 ./fat_filesystem_src/ff.o
 .text.st_dword
                0x0000534c       0x58 ./fat_filesystem_src/ff.o
 .text.mem_cpy  0x000053a4       0x40 ./fat_filesystem_src/ff.o
 .text.mem_set  0x000053e4       0x34 ./fat_filesystem_src/ff.o
 .text.mem_cmp  0x00005418       0x50 ./fat_filesystem_src/ff.o
 .text.chk_chr  0x00005468       0x38 ./fat_filesystem_src/ff.o
 .text.sync_window
                0x000054a0       0x8c ./fat_filesystem_src/ff.o
 .text.move_window
                0x0000552c       0x5c ./fat_filesystem_src/ff.o
 .text.sync_fs  0x00005588       0xdc ./fat_filesystem_src/ff.o
 .text.clust2sect
                0x00005664       0x40 ./fat_filesystem_src/ff.o
 .text.get_fat  0x000056a4      0x140 ./fat_filesystem_src/ff.o
 .text.put_fat  0x000057e4      0x1bc ./fat_filesystem_src/ff.o
 .text.remove_chain
                0x000059a0       0xc8 ./fat_filesystem_src/ff.o
 .text.create_chain
                0x00005a68      0x134 ./fat_filesystem_src/ff.o
 .text.dir_sdi  0x00005b9c       0xf4 ./fat_filesystem_src/ff.o
 .text.dir_next
                0x00005c90      0x188 ./fat_filesystem_src/ff.o
 .text.dir_alloc
                0x00005e18       0x90 ./fat_filesystem_src/ff.o
 .text.ld_clust
                0x00005ea8       0x40 ./fat_filesystem_src/ff.o
 .text.st_clust
                0x00005ee8       0x40 ./fat_filesystem_src/ff.o
 .text.dir_find
                0x00005f28       0xa8 ./fat_filesystem_src/ff.o
 .text.dir_register
                0x00005fd0       0x68 ./fat_filesystem_src/ff.o
 .text.create_name
                0x00006038      0x1a0 ./fat_filesystem_src/ff.o
 .text.follow_path
                0x000061d8       0xdc ./fat_filesystem_src/ff.o
 .text.get_ldnumber
                0x000062b4       0x88 ./fat_filesystem_src/ff.o
 .text.check_fs
                0x0000633c       0xa8 ./fat_filesystem_src/ff.o
 .text.find_volume
                0x000063e4      0x474 ./fat_filesystem_src/ff.o
 .text.validate
                0x00006858       0x68 ./fat_filesystem_src/ff.o
 .text.f_mount  0x000068c0       0x88 ./fat_filesystem_src/ff.o
                0x000068c0                f_mount
 .text.f_open   0x00006948      0x320 ./fat_filesystem_src/ff.o
                0x00006948                f_open
 .text.f_write  0x00006c68      0x2d8 ./fat_filesystem_src/ff.o
                0x00006c68                f_write
 .text.f_sync   0x00006f40      0x108 ./fat_filesystem_src/ff.o
                0x00006f40                f_sync
 .text.f_close  0x00007048       0x40 ./fat_filesystem_src/ff.o
                0x00007048                f_close
 .text.putc_bfd
                0x00007088       0x78 ./fat_filesystem_src/ff.o
 .text.putc_flush
                0x00007100       0x54 ./fat_filesystem_src/ff.o
 .text.putc_init
                0x00007154       0x28 ./fat_filesystem_src/ff.o
 .text.f_puts   0x0000717c       0x48 ./fat_filesystem_src/ff.o
                0x0000717c                f_puts
 .text.get_fattime
                0x000071c4       0x14 ./fat_filesystem_src/ff.o
                0x000071c4                get_fattime
 .text.fifo_rs232_init
                0x000071d8       0x48 ./fifo_buffers_src/fifo_rs232.o
                0x000071d8                fifo_rs232_init
 .text.fifo_rs232_is_empty
                0x00007220       0x4c ./fifo_buffers_src/fifo_rs232.o
                0x00007220                fifo_rs232_is_empty
 .text.fifo_rs232_is_full
                0x0000726c       0x50 ./fifo_buffers_src/fifo_rs232.o
                0x0000726c                fifo_rs232_is_full
 .text.fifo_rs232_remove
                0x000072bc       0xbc ./fifo_buffers_src/fifo_rs232.o
                0x000072bc                fifo_rs232_remove
 .text.fifo_rs232_add
                0x00007378       0xb0 ./fifo_buffers_src/fifo_rs232.o
                0x00007378                fifo_rs232_add
 .text.fifo_tbr_init
                0x00007428       0x68 ./fifo_buffers_src/fifo_tbr.o
                0x00007428                fifo_tbr_init
 .text.fifo_tbr_is_empty
                0x00007490       0x6c ./fifo_buffers_src/fifo_tbr.o
                0x00007490                fifo_tbr_is_empty
 .text.fifo_tbr_is_full
                0x000074fc       0x6c ./fifo_buffers_src/fifo_tbr.o
                0x000074fc                fifo_tbr_is_full
 .text.fifo_tbr_remove
                0x00007568      0x108 ./fifo_buffers_src/fifo_tbr.o
                0x00007568                fifo_tbr_remove
 .text.fifo_tbr_add
                0x00007670       0xf8 ./fifo_buffers_src/fifo_tbr.o
                0x00007670                fifo_tbr_add
 .text.debug_str
                0x00007768       0x28 ./hal/debug.o
                0x00007768                debug_str
 .text.NVIC_EnableIRQ
                0x00007790       0x30 ./hal/hal.o
 .text.NVIC_ClearPendingIRQ
                0x000077c0       0x34 ./hal/hal.o
 .text.NVIC_SystemReset
                0x000077f4       0x28 ./hal/hal.o
 .text.BUS_RegBitWrite
                0x0000781c       0x2c ./hal/hal.o
 .text.GPIO_IntClear
                0x00007848       0x20 ./hal/hal.o
 .text.GPIO_IntGetEnabled
                0x00007868       0x28 ./hal/hal.o
 .text.GPIO_PinOutSet
                0x00007890       0x58 ./hal/hal.o
 .text.GPIO_IntConfig
                0x000078e8       0x38 ./hal/hal.o
 .text.RTC_CounterGet
                0x00007920       0x18 ./hal/hal.o
 .text.RTC_IntClear
                0x00007938       0x1c ./hal/hal.o
 .text.RTC_IntDisable
                0x00007954       0x24 ./hal/hal.o
 .text.RTC_IntEnable
                0x00007978       0x24 ./hal/hal.o
 .text.RTC_IntGet
                0x0000799c       0x18 ./hal/hal.o
 .text.BURTC_IntClear
                0x000079b4       0x1c ./hal/hal.o
 .text.BURTC_IntDisable
                0x000079d0       0x24 ./hal/hal.o
 .text.BURTC_IntEnable
                0x000079f4       0x24 ./hal/hal.o
 .text.BURTC_IntGet
                0x00007a18       0x18 ./hal/hal.o
 .text.BURTC_Enable
                0x00007a30       0x50 ./hal/hal.o
 .text.LETIMER_CounterGet
                0x00007a80       0x18 ./hal/hal.o
 .text.BURTC_IRQHandler
                0x00007a98      0x100 ./hal/hal.o
                0x00007a98                BURTC_IRQHandler
 .text.time_manager_init
                0x00007b98       0xec ./hal/hal.o
                0x00007b98                time_manager_init
 .text.time_manager_unixTimestamp
                0x00007c84      0x118 ./hal/hal.o
                0x00007c84                time_manager_unixTimestamp
 .text.time_manager_get_cmd
                0x00007d9c       0x18 ./hal/hal.o
                0x00007d9c                time_manager_get_cmd
 .text.GPIO_EVEN_IRQHandler
                0x00007db4      0x120 ./hal/hal.o
                0x00007db4                GPIO_EVEN_IRQHandler
 .text.GPIO_ODD_IRQHandler
                0x00007ed4       0x34 ./hal/hal.o
                0x00007ed4                GPIO_ODD_IRQHandler
 .text.hal_io_init
                0x00007f08       0xbc ./hal/hal.o
 .text.hal_pin_rxtx
                0x00007fc4       0x14 ./hal/hal.o
                0x00007fc4                hal_pin_rxtx
 .text.hal_pin_nss
                0x00007fd8       0x24 ./hal/hal.o
                0x00007fd8                hal_pin_nss
 .text.hal_pin_rst
                0x00007ffc       0x18 ./hal/hal.o
                0x00007ffc                hal_pin_rst
 .text.hal_spi_init
                0x00008014       0x10 ./hal/hal.o
 .text.hal_spi  0x00008024       0x24 ./hal/hal.o
                0x00008024                hal_spi
 .text.RTC_IRQHandler
                0x00008048       0x34 ./hal/hal.o
                0x00008048                RTC_IRQHandler
 .text.hal_time_init
                0x0000807c       0x84 ./hal/hal.o
 .text.hal_ticks
                0x00008100       0x4c ./hal/hal.o
                0x00008100                hal_ticks
 .text.deltaticks
                0x0000814c       0x3c ./hal/hal.o
 .text.hal_waitUntil
                0x00008188       0x1c ./hal/hal.o
                0x00008188                hal_waitUntil
 .text.hal_checkTimer
                0x000081a4       0x4c ./hal/hal.o
                0x000081a4                hal_checkTimer
 .text.hal_disableIRQs
                0x000081f0       0x40 ./hal/hal.o
                0x000081f0                hal_disableIRQs
 .text.hal_enableIRQs
                0x00008230       0x38 ./hal/hal.o
                0x00008230                hal_enableIRQs
 .text.hal_sleep
                0x00008268        0xc ./hal/hal.o
                0x00008268                hal_sleep
 .text.hal_init
                0x00008274       0x28 ./hal/hal.o
                0x00008274                hal_init
 .text.hal_failed
                0x0000829c       0x74 ./hal/hal.o
                0x0000829c                hal_failed
 .text.aesroundkeys
                0x00008310       0xf4 ./lmic/aes.o
 .text.os_aes   0x00008404      0x99c ./lmic/aes.o
                0x00008404                os_aes
 .text.getSf    0x00008da0       0x20 ./lmic/lmic.o
                0x00008da0                getSf
 .text.getBw    0x00008dc0       0x24 ./lmic/lmic.o
                0x00008dc0                getBw
 .text.getCr    0x00008de4       0x24 ./lmic/lmic.o
                0x00008de4                getCr
 .text.setCr    0x00008e08       0x30 ./lmic/lmic.o
                0x00008e08                setCr
 .text.getNocrc
                0x00008e38       0x20 ./lmic/lmic.o
                0x00008e38                getNocrc
 .text.setNocrc
                0x00008e58       0x2c ./lmic/lmic.o
                0x00008e58                setNocrc
 .text.getIh    0x00008e84       0x20 ./lmic/lmic.o
                0x00008e84                getIh
 .text.updr2rps
                0x00008ea4       0x24 ./lmic/lmic.o
                0x00008ea4                updr2rps
 .text.dndr2rps
                0x00008ec8       0x28 ./lmic/lmic.o
                0x00008ec8                dndr2rps
 .text.decDR    0x00008ef0       0x30 ./lmic/lmic.o
                0x00008ef0                decDR
 .text.validDR  0x00008f20       0x2c ./lmic/lmic.o
                0x00008f20                validDR
 .text.lowerDR  0x00008f4c       0x34 ./lmic/lmic.o
                0x00008f4c                lowerDR
 .text.os_rlsbf2
                0x00008f80       0x2c ./lmic/lmic.o
                0x00008f80                os_rlsbf2
 .text.os_rlsbf4
                0x00008fac       0x3c ./lmic/lmic.o
                0x00008fac                os_rlsbf4
 .text.os_rmsbf4
                0x00008fe8       0x3c ./lmic/lmic.o
                0x00008fe8                os_rmsbf4
 .text.os_wlsbf2
                0x00009024       0x2c ./lmic/lmic.o
                0x00009024                os_wlsbf2
 .text.os_wlsbf4
                0x00009050       0x40 ./lmic/lmic.o
                0x00009050                os_wlsbf4
 .text.os_wmsbf4
                0x00009090       0x40 ./lmic/lmic.o
                0x00009090                os_wmsbf4
 .text.os_getBattLevel
                0x000090d0       0x10 ./lmic/lmic.o
                0x000090d0                os_getBattLevel
 .text.micB0    0x000090e0       0x60 ./lmic/lmic.o
 .text.aes_verifyMic
                0x00009140       0x58 ./lmic/lmic.o
 .text.aes_appendMic
                0x00009198       0x4c ./lmic/lmic.o
 .text.aes_appendMic0
                0x000091e4       0x38 ./lmic/lmic.o
 .text.aes_verifyMic0
                0x0000921c       0x44 ./lmic/lmic.o
 .text.aes_encrypt
                0x00009260       0x28 ./lmic/lmic.o
 .text.aes_cipher
                0x00009288       0x84 ./lmic/lmic.o
 .text.aes_sessKeys
                0x0000930c       0x78 ./lmic/lmic.o
 .text.getSensitivity
                0x00009384       0x40 ./lmic/lmic.o
                0x00009384                getSensitivity
 .text.calcAirTime
                0x000093c4      0x124 ./lmic/lmic.o
                0x000093c4                calcAirTime
 .text.rndDelay
                0x000094e8       0x64 ./lmic/lmic.o
 .text.txDelay  0x0000954c       0x58 ./lmic/lmic.o
 .text.setDrJoin
                0x000095a4       0x28 ./lmic/lmic.o
 .text.setDrTxpow
                0x000095cc       0x58 ./lmic/lmic.o
 .text.initDefaultChannels
                0x00009624      0x120 ./lmic/lmic.o
 .text.LMIC_setupBand
                0x00009744       0x5c ./lmic/lmic.o
                0x00009744                LMIC_setupBand
 .text.LMIC_setupChannel
                0x000097a0       0xf8 ./lmic/lmic.o
                0x000097a0                LMIC_setupChannel
 .text.LMIC_disableChannel
                0x00009898       0x54 ./lmic/lmic.o
                0x00009898                LMIC_disableChannel
 .text.convFreq
                0x000098ec       0x44 ./lmic/lmic.o
 .text.mapChannels
                0x00009930       0x90 ./lmic/lmic.o
 .text.updateTx
                0x000099c0       0x90 ./lmic/lmic.o
 .text.nextTx   0x00009a50      0x138 ./lmic/lmic.o
 .text.initJoinLoop
                0x00009b88       0x6c ./lmic/lmic.o
 .text.nextJoinState
                0x00009bf4       0xcc ./lmic/lmic.o
 .text.runEngineUpdate
                0x00009cc0       0x14 ./lmic/lmic.o
 .text.reportEvent
                0x00009cd4       0x1c ./lmic/lmic.o
 .text.runReset
                0x00009cf0       0x1c ./lmic/lmic.o
 .text.stateJustJoined
                0x00009d0c       0xb0 ./lmic/lmic.o
 .text.decodeFrame
                0x00009dbc      0x57c ./lmic/lmic.o
 .text.setupRx2
                0x0000a338       0x40 ./lmic/lmic.o
 .text.schedRx2
                0x0000a378       0x50 ./lmic/lmic.o
 .text.setupRx1
                0x0000a3c8       0x44 ./lmic/lmic.o
 .text.txDone   0x0000a40c       0x70 ./lmic/lmic.o
 .text.onJoinFailed
                0x0000a47c       0x14 ./lmic/lmic.o
 .text.processJoinAccept
                0x0000a490      0x25c ./lmic/lmic.o
 .text.processRx2Jacc
                0x0000a6ec       0x28 ./lmic/lmic.o
 .text.setupRx2Jacc
                0x0000a714       0x20 ./lmic/lmic.o
 .text.processRx1Jacc
                0x0000a734       0x34 ./lmic/lmic.o
 .text.setupRx1Jacc
                0x0000a768       0x18 ./lmic/lmic.o
 .text.jreqDone
                0x0000a780       0x1c ./lmic/lmic.o
 .text.processRx2DnDataDelay
                0x0000a79c       0x14 ./lmic/lmic.o
 .text.processRx2DnData
                0x0000a7b0       0x50 ./lmic/lmic.o
 .text.setupRx2DnData
                0x0000a800       0x20 ./lmic/lmic.o
 .text.processRx1DnData
                0x0000a820       0x34 ./lmic/lmic.o
 .text.setupRx1DnData
                0x0000a854       0x18 ./lmic/lmic.o
 .text.updataDone
                0x0000a86c       0x1c ./lmic/lmic.o
 .text.buildDataFrame
                0x0000a888      0x330 ./lmic/lmic.o
 .text.buildJoinRequest
                0x0000abb8       0x6c ./lmic/lmic.o
 .text.startJoining
                0x0000ac24       0x14 ./lmic/lmic.o
 .text.LMIC_startJoining
                0x0000ac38       0x94 ./lmic/lmic.o
                0x0000ac38                LMIC_startJoining
 .text.processDnData
                0x0000accc      0x1a0 ./lmic/lmic.o
 .text.engineUpdate
                0x0000ae6c      0x214 ./lmic/lmic.o
 .text.LMIC_setAdrMode
                0x0000b080       0x2c ./lmic/lmic.o
                0x0000b080                LMIC_setAdrMode
 .text.LMIC_setDrTxpow
                0x0000b0ac       0x28 ./lmic/lmic.o
                0x0000b0ac                LMIC_setDrTxpow
 .text.LMIC_reset
                0x0000b0d4       0x74 ./lmic/lmic.o
                0x0000b0d4                LMIC_reset
 .text.LMIC_init
                0x0000b148       0x18 ./lmic/lmic.o
                0x0000b148                LMIC_init
 .text.LMIC_setTxData
                0x0000b160       0x38 ./lmic/lmic.o
                0x0000b160                LMIC_setTxData
 .text.LMIC_setTxData2
                0x0000b198       0x64 ./lmic/lmic.o
                0x0000b198                LMIC_setTxData2
 .text.os_init  0x0000b1fc       0x20 ./lmic/oslmic.o
                0x0000b1fc                os_init
 .text.os_getTime
                0x0000b21c       0x10 ./lmic/oslmic.o
                0x0000b21c                os_getTime
 .text.unlinkjob
                0x0000b22c       0x40 ./lmic/oslmic.o
 .text.os_clearCallback
                0x0000b26c       0x3c ./lmic/oslmic.o
                0x0000b26c                os_clearCallback
 .text.os_setCallback
                0x0000b2a8       0x48 ./lmic/oslmic.o
                0x0000b2a8                os_setCallback
 .text.os_setTimedCallback
                0x0000b2f0       0x68 ./lmic/oslmic.o
                0x0000b2f0                os_setTimedCallback
 .text.os_runloop
                0x0000b358       0x6c ./lmic/oslmic.o
                0x0000b358                os_runloop
 .text.writeReg
                0x0000b3c4       0x38 ./lmic/radio.o
 .text.readReg  0x0000b3fc       0x38 ./lmic/radio.o
 .text.writeBuf
                0x0000b434       0x54 ./lmic/radio.o
 .text.readBuf  0x0000b488       0x54 ./lmic/radio.o
 .text.opmode   0x0000b4dc       0x30 ./lmic/radio.o
 .text.opmodeLora
                0x0000b50c       0x24 ./lmic/radio.o
 .text.opmodeFSK
                0x0000b530       0x24 ./lmic/radio.o
 .text.configLoraModem
                0x0000b554      0x150 ./lmic/radio.o
 .text.configChannel
                0x0000b6a4       0x7c ./lmic/radio.o
 .text.configPower
                0x0000b720       0x60 ./lmic/radio.o
 .text.txfsk    0x0000b780       0xd8 ./lmic/radio.o
 .text.txlora   0x0000b858       0xb4 ./lmic/radio.o
 .text.starttx  0x0000b90c       0x38 ./lmic/radio.o
 .text.rxlora   0x0000b944       0xd8 ./lmic/radio.o
 .text.rxfsk    0x0000ba1c       0xe0 ./lmic/radio.o
 .text.startrx  0x0000bafc       0x4c ./lmic/radio.o
 .text.radio_init
                0x0000bb48      0x16c ./lmic/radio.o
                0x0000bb48                radio_init
 .text.radio_rand1
                0x0000bcb4       0x4c ./lmic/radio.o
                0x0000bcb4                radio_rand1
 .text.radio_irq_handler
                0x0000bd00      0x1ac ./lmic/radio.o
                0x0000bd00                radio_irq_handler
 .text.os_radio
                0x0000beac       0x54 ./lmic/radio.o
                0x0000beac                os_radio
 .text.file_sys_setup
                0x0000bf00       0xf8 ./resource managers_src/app_manager.o
                0x0000bf00                file_sys_setup
 .text.tbr_cmd_update_rgb_led
                0x0000bff8       0x54 ./resource managers_src/app_manager.o
                0x0000bff8                tbr_cmd_update_rgb_led
 .text.app_manager_init
                0x0000c04c      0x1d8 ./resource managers_src/app_manager.o
                0x0000c04c                app_manager_init
 .text.app_manager_tbr_synch_msg
                0x0000c224      0x20c ./resource managers_src/app_manager.o
                0x0000c224                app_manager_tbr_synch_msg
 .text.app_manager_get_nav_data
                0x0000c430       0x18 ./resource managers_src/app_manager.o
                0x0000c430                app_manager_get_nav_data
 .text.app_manager_get_lora_buffer
                0x0000c448       0x64 ./resource managers_src/app_manager.o
                0x0000c448                app_manager_get_lora_buffer
 .text.EMU_EnterEM1
                0x0000c4ac       0x20 ./resource managers_src/lpwan_manager.o
 .text.os_getArtEui
                0x0000c4cc       0x1c ./resource managers_src/lpwan_manager.o
                0x0000c4cc                os_getArtEui
 .text.os_getDevEui
                0x0000c4e8       0x1c ./resource managers_src/lpwan_manager.o
                0x0000c4e8                os_getDevEui
 .text.os_getDevKey
                0x0000c504       0x1c ./resource managers_src/lpwan_manager.o
                0x0000c504                os_getDevKey
 .text.lora_tx_function
                0x0000c520       0x38 ./resource managers_src/lpwan_manager.o
 .text.setup_channel
                0x0000c558       0x60 ./resource managers_src/lpwan_manager.o
 .text.init_funct
                0x0000c5b8       0x18 ./resource managers_src/lpwan_manager.o
 .text.app_funct
                0x0000c5d0       0xb4 ./resource managers_src/lpwan_manager.o
 .text.lpwan_init
                0x0000c684       0x28 ./resource managers_src/lpwan_manager.o
                0x0000c684                lpwan_init
 .text.onEvent  0x0000c6ac       0xfc ./resource managers_src/lpwan_manager.o
                0x0000c6ac                onEvent
 .text.SYSTEM_GetProdRev
                0x0000c7a8       0x1c ./src/main.o
 .text.CHIP_Init
                0x0000c7c4       0x3c ./src/main.o
 .text.main     0x0000c800       0xe8 ./src/main.o
                0x0000c800                main
 .text          0x0000c8e8       0x30 c:/siliconlabs/simplicitystudio/v4/developer/toolchains/gnu_arm/4.9_2015q3/bin/../lib/gcc/arm-none-eabi/4.9.3/armv7-m\libgcc.a(_aeabi_uldivmod.o)
                0x0000c8e8                __aeabi_uldivmod
 .text          0x0000c918       0x60 c:/siliconlabs/simplicitystudio/v4/developer/toolchains/gnu_arm/4.9_2015q3/bin/../lib/gcc/arm-none-eabi/4.9.3/armv7-m\libgcc.a(bpabi.o)
                0x0000c918                __gnu_ldivmod_helper
                0x0000c948                __gnu_uldivmod_helper
 .text          0x0000c978        0x4 c:/siliconlabs/simplicitystudio/v4/developer/toolchains/gnu_arm/4.9_2015q3/bin/../lib/gcc/arm-none-eabi/4.9.3/armv7-m\libgcc.a(_dvmd_tls.o)
                0x0000c978                __aeabi_idiv0
                0x0000c978                __aeabi_ldiv0
 .text          0x0000c97c      0x2ac c:/siliconlabs/simplicitystudio/v4/developer/toolchains/gnu_arm/4.9_2015q3/bin/../lib/gcc/arm-none-eabi/4.9.3/armv7-m\libgcc.a(_divdi3.o)
                0x0000c97c                __divdi3
 .text          0x0000cc28      0x270 c:/siliconlabs/simplicitystudio/v4/developer/toolchains/gnu_arm/4.9_2015q3/bin/../lib/gcc/arm-none-eabi/4.9.3/armv7-m\libgcc.a(_udivdi3.o)
                0x0000cc28                __udivdi3
 .text.exit     0x0000ce98       0x28 c:/siliconlabs/simplicitystudio/v4/developer/toolchains/gnu_arm/4.9_2015q3/bin/../lib/gcc/arm-none-eabi/4.9.3/../../../../arm-none-eabi/lib/armv7-m\libc_nano.a(lib_a-exit.o)
                0x0000ce98                exit
 .text.__libc_init_array
                0x0000cec0       0x4c c:/siliconlabs/simplicitystudio/v4/developer/toolchains/gnu_arm/4.9_2015q3/bin/../lib/gcc/arm-none-eabi/4.9.3/../../../../arm-none-eabi/lib/armv7-m\libc_nano.a(lib_a-init.o)
                0x0000cec0                __libc_init_array
 .text.memcpy   0x0000cf0c       0x16 c:/siliconlabs/simplicitystudio/v4/developer/toolchains/gnu_arm/4.9_2015q3/bin/../lib/gcc/arm-none-eabi/4.9.3/../../../../arm-none-eabi/lib/armv7-m\libc_nano.a(lib_a-memcpy.o)
                0x0000cf0c                memcpy
 .text.memset   0x0000cf22       0x10 c:/siliconlabs/simplicitystudio/v4/developer/toolchains/gnu_arm/4.9_2015q3/bin/../lib/gcc/arm-none-eabi/4.9.3/../../../../arm-none-eabi/lib/armv7-m\libc_nano.a(lib_a-memset.o)
                0x0000cf22                memset
 *fill*         0x0000cf32        0x2 
 .text.sprintf  0x0000cf34       0x48 c:/siliconlabs/simplicitystudio/v4/developer/toolchains/gnu_arm/4.9_2015q3/bin/../lib/gcc/arm-none-eabi/4.9.3/../../../../arm-none-eabi/lib/armv7-m\libc_nano.a(lib_a-sprintf.o)
                0x0000cf34                siprintf
                0x0000cf34                sprintf
 .text.strchr   0x0000cf7c       0x1c c:/siliconlabs/simplicitystudio/v4/developer/toolchains/gnu_arm/4.9_2015q3/bin/../lib/gcc/arm-none-eabi/4.9.3/../../../../arm-none-eabi/lib/armv7-m\libc_nano.a(lib_a-strchr.o)
                0x0000cf7c                strchr
 .text.strlen   0x0000cf98       0x10 c:/siliconlabs/simplicitystudio/v4/developer/toolchains/gnu_arm/4.9_2015q3/bin/../lib/gcc/arm-none-eabi/4.9.3/../../../../arm-none-eabi/lib/armv7-m\libc_nano.a(lib_a-strlen.o)
                0x0000cf98                strlen
 .text.strncmp  0x0000cfa8       0x32 c:/siliconlabs/simplicitystudio/v4/developer/toolchains/gnu_arm/4.9_2015q3/bin/../lib/gcc/arm-none-eabi/4.9.3/../../../../arm-none-eabi/lib/armv7-m\libc_nano.a(lib_a-strncmp.o)
                0x0000cfa8                strncmp
 .text.strstr   0x0000cfda       0x30 c:/siliconlabs/simplicitystudio/v4/developer/toolchains/gnu_arm/4.9_2015q3/bin/../lib/gcc/arm-none-eabi/4.9.3/../../../../arm-none-eabi/lib/armv7-m\libc_nano.a(lib_a-strstr.o)
                0x0000cfda                strstr
 *fill*         0x0000d00a        0x2 
 .text.strtok   0x0000d00c       0x64 c:/siliconlabs/simplicitystudio/v4/developer/toolchains/gnu_arm/4.9_2015q3/bin/../lib/gcc/arm-none-eabi/4.9.3/../../../../arm-none-eabi/lib/armv7-m\libc_nano.a(lib_a-strtok.o)
                0x0000d00c                strtok
 .text.__strtok_r
                0x0000d070       0x56 c:/siliconlabs/simplicitystudio/v4/developer/toolchains/gnu_arm/4.9_2015q3/bin/../lib/gcc/arm-none-eabi/4.9.3/../../../../arm-none-eabi/lib/armv7-m\libc_nano.a(lib_a-strtok_r.o)
                0x0000d070                __strtok_r
 *fill*         0x0000d0c6        0x2 
 .text._strtoul_r
                0x0000d0c8       0xf8 c:/siliconlabs/simplicitystudio/v4/developer/toolchains/gnu_arm/4.9_2015q3/bin/../lib/gcc/arm-none-eabi/4.9.3/../../../../arm-none-eabi/lib/armv7-m\libc_nano.a(lib_a-strtoul.o)
                0x0000d0c8                _strtoul_r
 .text.strtoul  0x0000d1c0       0x1c c:/siliconlabs/simplicitystudio/v4/developer/toolchains/gnu_arm/4.9_2015q3/bin/../lib/gcc/arm-none-eabi/4.9.3/../../../../arm-none-eabi/lib/armv7-m\libc_nano.a(lib_a-strtoul.o)
                0x0000d1c0                strtoul
 .text.malloc   0x0000d1dc       0x10 c:/siliconlabs/simplicitystudio/v4/developer/toolchains/gnu_arm/4.9_2015q3/bin/../lib/gcc/arm-none-eabi/4.9.3/../../../../arm-none-eabi/lib/armv7-m\libc_nano.a(lib_a-malloc.o)
                0x0000d1dc                malloc
 .text._free_r  0x0000d1ec       0x88 c:/siliconlabs/simplicitystudio/v4/developer/toolchains/gnu_arm/4.9_2015q3/bin/../lib/gcc/arm-none-eabi/4.9.3/../../../../arm-none-eabi/lib/armv7-m\libc_nano.a(lib_a-nano-freer.o)
                0x0000d1ec                _free_r
 .text._malloc_r
                0x0000d274       0xac c:/siliconlabs/simplicitystudio/v4/developer/toolchains/gnu_arm/4.9_2015q3/bin/../lib/gcc/arm-none-eabi/4.9.3/../../../../arm-none-eabi/lib/armv7-m\libc_nano.a(lib_a-nano-mallocr.o)
                0x0000d274                _malloc_r
 .text.__ssputs_r
                0x0000d320       0xb2 c:/siliconlabs/simplicitystudio/v4/developer/toolchains/gnu_arm/4.9_2015q3/bin/../lib/gcc/arm-none-eabi/4.9.3/../../../../arm-none-eabi/lib/armv7-m\libc_nano.a(lib_a-nano-svfprintf.o)
                0x0000d320                __ssputs_r
 *fill*         0x0000d3d2        0x2 
 .text._svfprintf_r
                0x0000d3d4      0x1e4 c:/siliconlabs/simplicitystudio/v4/developer/toolchains/gnu_arm/4.9_2015q3/bin/../lib/gcc/arm-none-eabi/4.9.3/../../../../arm-none-eabi/lib/armv7-m\libc_nano.a(lib_a-nano-svfprintf.o)
                0x0000d3d4                _svfiprintf_r
                0x0000d3d4                _svfprintf_r
 .text._printf_common
                0x0000d5b8       0xea c:/siliconlabs/simplicitystudio/v4/developer/toolchains/gnu_arm/4.9_2015q3/bin/../lib/gcc/arm-none-eabi/4.9.3/../../../../arm-none-eabi/lib/armv7-m\libc_nano.a(lib_a-nano-vfprintf_i.o)
                0x0000d5b8                _printf_common
 *fill*         0x0000d6a2        0x2 
 .text._printf_i
                0x0000d6a4      0x240 c:/siliconlabs/simplicitystudio/v4/developer/toolchains/gnu_arm/4.9_2015q3/bin/../lib/gcc/arm-none-eabi/4.9.3/../../../../arm-none-eabi/lib/armv7-m\libc_nano.a(lib_a-nano-vfprintf_i.o)
                0x0000d6a4                _printf_i
 .text._sbrk_r  0x0000d8e4       0x20 c:/siliconlabs/simplicitystudio/v4/developer/toolchains/gnu_arm/4.9_2015q3/bin/../lib/gcc/arm-none-eabi/4.9.3/../../../../arm-none-eabi/lib/armv7-m\libc_nano.a(lib_a-sbrkr.o)
                0x0000d8e4                _sbrk_r
 .text.memchr   0x0000d904       0x1c c:/siliconlabs/simplicitystudio/v4/developer/toolchains/gnu_arm/4.9_2015q3/bin/../lib/gcc/arm-none-eabi/4.9.3/../../../../arm-none-eabi/lib/armv7-m\libc_nano.a(lib_a-memchr.o)
                0x0000d904                memchr
 .text.memmove  0x0000d920       0x36 c:/siliconlabs/simplicitystudio/v4/developer/toolchains/gnu_arm/4.9_2015q3/bin/../lib/gcc/arm-none-eabi/4.9.3/../../../../arm-none-eabi/lib/armv7-m\libc_nano.a(lib_a-memmove.o)
                0x0000d920                memmove
 .text._realloc_r
                0x0000d956       0x4c c:/siliconlabs/simplicitystudio/v4/developer/toolchains/gnu_arm/4.9_2015q3/bin/../lib/gcc/arm-none-eabi/4.9.3/../../../../arm-none-eabi/lib/armv7-m\libc_nano.a(lib_a-nano-reallocr.o)
                0x0000d956                _realloc_r
 .text._malloc_usable_size_r
                0x0000d9a2       0x14 c:/siliconlabs/simplicitystudio/v4/developer/toolchains/gnu_arm/4.9_2015q3/bin/../lib/gcc/arm-none-eabi/4.9.3/../../../../arm-none-eabi/lib/armv7-m\libc_nano.a(lib_a-nano-msizer.o)
                0x0000d9a2                _malloc_usable_size_r
 *fill*         0x0000d9b6        0x2 
 .text._sbrk    0x0000d9b8       0x1c c:/siliconlabs/simplicitystudio/v4/developer/toolchains/gnu_arm/4.9_2015q3/bin/../lib/gcc/arm-none-eabi/4.9.3/../../../../arm-none-eabi/lib/armv7-m\libnosys.a(sbrk.o)
                0x0000d9b8                _sbrk
 .text._exit    0x0000d9d4        0x4 c:/siliconlabs/simplicitystudio/v4/developer/toolchains/gnu_arm/4.9_2015q3/bin/../lib/gcc/arm-none-eabi/4.9.3/../../../../arm-none-eabi/lib/armv7-m\libnosys.a(_exit.o)
                0x0000d9d4                _exit
 *(.init)
 .init          0x0000d9d8        0x4 c:/siliconlabs/simplicitystudio/v4/developer/toolchains/gnu_arm/4.9_2015q3/bin/../lib/gcc/arm-none-eabi/4.9.3/armv7-m/crti.o
                0x0000d9d8                _init
 .init          0x0000d9dc        0x8 c:/siliconlabs/simplicitystudio/v4/developer/toolchains/gnu_arm/4.9_2015q3/bin/../lib/gcc/arm-none-eabi/4.9.3/armv7-m/crtn.o
 *(.fini)
 .fini          0x0000d9e4        0x4 c:/siliconlabs/simplicitystudio/v4/developer/toolchains/gnu_arm/4.9_2015q3/bin/../lib/gcc/arm-none-eabi/4.9.3/armv7-m/crti.o
                0x0000d9e4                _fini
 .fini          0x0000d9e8        0x8 c:/siliconlabs/simplicitystudio/v4/developer/toolchains/gnu_arm/4.9_2015q3/bin/../lib/gcc/arm-none-eabi/4.9.3/armv7-m/crtn.o
 *crtbegin.o(.ctors)
 *crtbegin?.o(.ctors)
 *(EXCLUDE_FILE(*crtend.o *crtend?.o) .ctors)
 *(SORT(.ctors.*))
 *(.ctors)
 *crtbegin.o(.dtors)
 *crtbegin?.o(.dtors)
 *(EXCLUDE_FILE(*crtend.o *crtend?.o) .dtors)
 *(SORT(.dtors.*))
 *(.dtors)
 *(.rodata*)
 .rodata        0x0000d9f0       0x56 ./devices_src/tbr.o
 *fill*         0x0000da46        0x2 
 .rodata.nav_pvt_gps_data
                0x0000da48        0x8 ./devices_src/ublox_gps.o
 .rodata.cfg_prt_spi
                0x0000da50       0x1c ./devices_src/ublox_gps.o
 .rodata.cfg_prt_usb
                0x0000da6c       0x1c ./devices_src/ublox_gps.o
 .rodata.cfg_prt_ddc
                0x0000da88       0x1c ./devices_src/ublox_gps.o
 .rodata.cfg_pm2_on_off
                0x0000daa4       0x34 ./devices_src/ublox_gps.o
 .rodata.cfg_sbas_disable
                0x0000dad8       0x10 ./devices_src/ublox_gps.o
 .rodata.cfg_rxm_psm_mode
                0x0000dae8        0xa ./devices_src/ublox_gps.o
 *fill*         0x0000daf2        0x2 
 .rodata.cfg_rxm_poll_psm
                0x0000daf4        0x8 ./devices_src/ublox_gps.o
 .rodata        0x0000dafc       0x1f ./devices_src/ublox_gps.o
 *fill*         0x0000db1b        0x1 
 .rodata        0x0000db1c       0x18 ./drivers_src/rs232.o
 .rodata        0x0000db34       0x18 ./drivers_src/spi.o
 .rodata        0x0000db4c        0xf ./fat_filesystem_src/ff.o
 *fill*         0x0000db5b        0x1 
 .rodata        0x0000db5c       0x77 ./hal/hal.o
 *fill*         0x0000dbd3        0x1 
 .rodata.AES_RCON
                0x0000dbd4       0x28 ./lmic/aes.o
 .rodata.AES_S  0x0000dbfc      0x100 ./lmic/aes.o
 .rodata.AES_E1
                0x0000dcfc      0x400 ./lmic/aes.o
 .rodata.AES_E2
                0x0000e0fc      0x400 ./lmic/aes.o
 .rodata.AES_E3
                0x0000e4fc      0x400 ./lmic/aes.o
 .rodata.AES_E4
                0x0000e8fc      0x400 ./lmic/aes.o
 .rodata._DR2RPS_CRC
                0x0000ecfc        0xa ./lmic/lmic.o
                0x0000ecfc                _DR2RPS_CRC
 *fill*         0x0000ed06        0x2 
 .rodata.TXPOWLEVELS
                0x0000ed08       0x10 ./lmic/lmic.o
 .rodata.SENSITIVITY
                0x0000ed18       0x15 ./lmic/lmic.o
 *fill*         0x0000ed2d        0x3 
 .rodata.DRADJUST
                0x0000ed30        0xa ./lmic/lmic.o
 *fill*         0x0000ed3a        0x2 
 .rodata.DR2HSYM_osticks
                0x0000ed3c       0x20 ./lmic/lmic.o
 .rodata.iniChannelFreq
                0x0000ed5c       0x30 ./lmic/lmic.o
 .rodata.rxlorairqmask
                0x0000ed8c        0x3 ./lmic/radio.o
 *fill*         0x0000ed8f        0x1 
 .rodata.LORA_RXDONE_FIXUP
                0x0000ed90        0xe ./lmic/radio.o
 *fill*         0x0000ed9e        0x2 
 .rodata        0x0000eda0       0xe4 ./resource managers_src/app_manager.o
 .rodata.APPEUI
                0x0000ee84        0x8 ./resource managers_src/lpwan_manager.o
 .rodata.DEVEUI
                0x0000ee8c        0x8 ./resource managers_src/lpwan_manager.o
 .rodata.DEVKEY
                0x0000ee94       0x10 ./resource managers_src/lpwan_manager.o
 .rodata        0x0000eea4      0x124 ./resource managers_src/lpwan_manager.o
 .rodata        0x0000efc8       0x6a ./src/main.o
 .rodata.str1.1
                0x0000f032        0x2 c:/siliconlabs/simplicitystudio/v4/developer/toolchains/gnu_arm/4.9_2015q3/bin/../lib/gcc/arm-none-eabi/4.9.3/../../../../arm-none-eabi/lib/armv7-m\libc_nano.a(lib_a-impure.o)
 .rodata._global_impure_ptr
                0x0000f034        0x4 c:/siliconlabs/simplicitystudio/v4/developer/toolchains/gnu_arm/4.9_2015q3/bin/../lib/gcc/arm-none-eabi/4.9.3/../../../../arm-none-eabi/lib/armv7-m\libc_nano.a(lib_a-impure.o)
                0x0000f034                _global_impure_ptr
 .rodata._ctype_
                0x0000f038      0x101 c:/siliconlabs/simplicitystudio/v4/developer/toolchains/gnu_arm/4.9_2015q3/bin/../lib/gcc/arm-none-eabi/4.9.3/../../../../arm-none-eabi/lib/armv7-m\libc_nano.a(lib_a-ctype_.o)
                0x0000f038                _ctype_
 .rodata.str1.1
                0x0000f139       0x11 c:/siliconlabs/simplicitystudio/v4/developer/toolchains/gnu_arm/4.9_2015q3/bin/../lib/gcc/arm-none-eabi/4.9.3/../../../../arm-none-eabi/lib/armv7-m\libc_nano.a(lib_a-nano-svfprintf.o)
 .rodata.str1.1
                0x0000f14a       0x22 c:/siliconlabs/simplicitystudio/v4/developer/toolchains/gnu_arm/4.9_2015q3/bin/../lib/gcc/arm-none-eabi/4.9.3/../../../../arm-none-eabi/lib/armv7-m\libc_nano.a(lib_a-nano-vfprintf_i.o)
 *(.eh_frame*)
 .eh_frame      0x0000f16c        0x0 c:/siliconlabs/simplicitystudio/v4/developer/toolchains/gnu_arm/4.9_2015q3/bin/../lib/gcc/arm-none-eabi/4.9.3/armv7-m/crtbegin.o
 .eh_frame      0x0000f16c        0x4 c:/siliconlabs/simplicitystudio/v4/developer/toolchains/gnu_arm/4.9_2015q3/bin/../lib/gcc/arm-none-eabi/4.9.3/armv7-m/crtend.o

.glue_7         0x0000f170        0x0
 .glue_7        0x00000000        0x0 linker stubs

.glue_7t        0x0000f170        0x0
 .glue_7t       0x00000000        0x0 linker stubs

.vfp11_veneer   0x0000f170        0x0
 .vfp11_veneer  0x00000000        0x0 linker stubs

.v4_bx          0x0000f170        0x0
 .v4_bx         0x00000000        0x0 linker stubs

.iplt           0x0000f170        0x0
 .iplt          0x00000000        0x0 c:/siliconlabs/simplicitystudio/v4/developer/toolchains/gnu_arm/4.9_2015q3/bin/../lib/gcc/arm-none-eabi/4.9.3/armv7-m/crtbegin.o

.ARM.extab
 *(.ARM.extab* .gnu.linkonce.armextab.*)
                0x0000f170                __exidx_start = .

.ARM.exidx      0x0000f170        0x8
 *(.ARM.exidx* .gnu.linkonce.armexidx.*)
 .ARM.exidx     0x0000f170        0x8 c:/siliconlabs/simplicitystudio/v4/developer/toolchains/gnu_arm/4.9_2015q3/bin/../lib/gcc/arm-none-eabi/4.9.3/../../../../arm-none-eabi/lib/armv7-m/crt0.o
 .ARM.exidx     0x0000f178        0x0 c:/siliconlabs/simplicitystudio/v4/developer/toolchains/gnu_arm/4.9_2015q3/bin/../lib/gcc/arm-none-eabi/4.9.3/armv7-m\libgcc.a(_divdi3.o)
                                  0x8 (size before relaxing)
 .ARM.exidx     0x0000f178        0x0 c:/siliconlabs/simplicitystudio/v4/developer/toolchains/gnu_arm/4.9_2015q3/bin/../lib/gcc/arm-none-eabi/4.9.3/armv7-m\libgcc.a(_udivdi3.o)
                                  0x8 (size before relaxing)
                0x0000f178                __exidx_end = .
                0x0000f178                __etext = .

.rel.dyn        0x0000f178        0x0
 .rel.iplt      0x00000000        0x0 c:/siliconlabs/simplicitystudio/v4/developer/toolchains/gnu_arm/4.9_2015q3/bin/../lib/gcc/arm-none-eabi/4.9.3/armv7-m/crtbegin.o

.data           0x20000000       0x8c load address 0x0000f178
                0x20000000                __data_start__ = .
 *(vtable)
 *(.data*)
 .data.SystemHFXOClock
                0x20000000        0x4 ./CMSIS/EFM32GG/system_efm32gg.o
 .data.SystemLFXOClock
                0x20000004        0x4 ./CMSIS/EFM32GG/system_efm32gg.o
 .data.SystemCoreClock
                0x20000008        0x4 ./CMSIS/EFM32GG/system_efm32gg.o
                0x20000008                SystemCoreClock
 .data.isr_rx_tx_char
                0x2000000c        0x1 ./drivers_src/rs485.o
 *fill*         0x2000000d        0x3 
 .data.one_sec_top_ref
                0x20000010        0x4 ./hal/hal.o
 .data.last_letimer_count
                0x20000014        0x4 ./hal/hal.o
 .data.impure_data
                0x20000018       0x60 c:/siliconlabs/simplicitystudio/v4/developer/toolchains/gnu_arm/4.9_2015q3/bin/../lib/gcc/arm-none-eabi/4.9.3/../../../../arm-none-eabi/lib/armv7-m\libc_nano.a(lib_a-impure.o)
 .data._impure_ptr
                0x20000078        0x4 c:/siliconlabs/simplicitystudio/v4/developer/toolchains/gnu_arm/4.9_2015q3/bin/../lib/gcc/arm-none-eabi/4.9.3/../../../../arm-none-eabi/lib/armv7-m\libc_nano.a(lib_a-impure.o)
                0x20000078                _impure_ptr
 .data.__ctype_ptr__
                0x2000007c        0x4 c:/siliconlabs/simplicitystudio/v4/developer/toolchains/gnu_arm/4.9_2015q3/bin/../lib/gcc/arm-none-eabi/4.9.3/../../../../arm-none-eabi/lib/armv7-m\libc_nano.a(lib_a-ctype_.o)
                0x2000007c                __ctype_ptr__
                0x20000080                . = ALIGN (0x4)
 *(.ram)
                0x20000080                . = ALIGN (0x4)
                0x20000080                PROVIDE (__preinit_array_start, .)
 *(.preinit_array)
                0x20000080                PROVIDE (__preinit_array_end, .)
                0x20000080                . = ALIGN (0x4)
                0x20000080                PROVIDE (__init_array_start, .)
 *(SORT(.init_array.*))
 *(.init_array)
 .init_array    0x20000080        0x4 c:/siliconlabs/simplicitystudio/v4/developer/toolchains/gnu_arm/4.9_2015q3/bin/../lib/gcc/arm-none-eabi/4.9.3/armv7-m/crtbegin.o
                0x20000084                PROVIDE (__init_array_end, .)
                0x20000084                . = ALIGN (0x4)
                0x20000084                PROVIDE (__fini_array_start, .)
 *(SORT(.fini_array.*))
 *(.fini_array)
 .fini_array    0x20000084        0x4 c:/siliconlabs/simplicitystudio/v4/developer/toolchains/gnu_arm/4.9_2015q3/bin/../lib/gcc/arm-none-eabi/4.9.3/armv7-m/crtbegin.o
                0x20000088                PROVIDE (__fini_array_end, .)
 *(.jcr*)
 .jcr           0x20000088        0x0 c:/siliconlabs/simplicitystudio/v4/developer/toolchains/gnu_arm/4.9_2015q3/bin/../lib/gcc/arm-none-eabi/4.9.3/armv7-m/crtbegin.o
 .jcr           0x20000088        0x4 c:/siliconlabs/simplicitystudio/v4/developer/toolchains/gnu_arm/4.9_2015q3/bin/../lib/gcc/arm-none-eabi/4.9.3/armv7-m/crtend.o
                0x2000008c                . = ALIGN (0x4)
                0x2000008c                __data_end__ = .

.igot.plt       0x2000008c        0x0 load address 0x0000f204
 .igot.plt      0x00000000        0x0 c:/siliconlabs/simplicitystudio/v4/developer/toolchains/gnu_arm/4.9_2015q3/bin/../lib/gcc/arm-none-eabi/4.9.3/armv7-m/crtbegin.o

.bss            0x20000090     0x1104 load address 0x0000f208
                0x20000090                . = ALIGN (0x4)
                0x20000090                __bss_start__ = .
 *(.bss*)
 .bss           0x20000090       0x1c c:/siliconlabs/simplicitystudio/v4/developer/toolchains/gnu_arm/4.9_2015q3/bin/../lib/gcc/arm-none-eabi/4.9.3/armv7-m/crtbegin.o
 .bss.array_msg
                0x200000ac      0x200 ./devices_src/tbr.o
 .bss.array_size
                0x200002ac        0x4 ./devices_src/tbr.o
 .bss.array_front
                0x200002b0        0x4 ./devices_src/tbr.o
 .bss.array_rear
                0x200002b4        0x4 ./devices_src/tbr.o
 .bss.current_rx_fifo
                0x200002b8        0x1 ./drivers_src/rs485.o
 .bss.init_flag
                0x200002b9        0x1 ./fat_filesystem_src/diskio.o
 *fill*         0x200002ba        0x2 
 .bss.FatFs     0x200002bc        0x4 ./fat_filesystem_src/ff.o
 .bss.Fsid      0x200002c0        0x2 ./fat_filesystem_src/ff.o
 *fill*         0x200002c2        0x2 
 .bss.fifo_rx_size
                0x200002c4        0x4 ./fifo_buffers_src/fifo_rs232.o
 .bss.fifo_tx_size
                0x200002c8        0x4 ./fifo_buffers_src/fifo_rs232.o
 .bss.fifo_rx_front
                0x200002cc        0x4 ./fifo_buffers_src/fifo_rs232.o
 .bss.fifo_tx_front
                0x200002d0        0x4 ./fifo_buffers_src/fifo_rs232.o
 .bss.fifo_rx_rear
                0x200002d4        0x4 ./fifo_buffers_src/fifo_rs232.o
 .bss.fifo_tx_rear
                0x200002d8        0x4 ./fifo_buffers_src/fifo_rs232.o
 .bss.fifo_tx   0x200002dc      0x200 ./fifo_buffers_src/fifo_rs232.o
 .bss.fifo_rx   0x200004dc       0x10 ./fifo_buffers_src/fifo_rs232.o
 .bss.fifo_rx_data_size
                0x200004ec        0x4 ./fifo_buffers_src/fifo_tbr.o
 .bss.fifo_rx_cmd_size
                0x200004f0        0x4 ./fifo_buffers_src/fifo_tbr.o
 .bss.fifo_tx_cmd_size
                0x200004f4        0x4 ./fifo_buffers_src/fifo_tbr.o
 .bss.fifo_rx_cmd_front
                0x200004f8        0x4 ./fifo_buffers_src/fifo_tbr.o
 .bss.fifo_tx_cmd_front
                0x200004fc        0x4 ./fifo_buffers_src/fifo_tbr.o
 .bss.fifo_rx_data_front
                0x20000500        0x4 ./fifo_buffers_src/fifo_tbr.o
 .bss.fifo_rx_cmd_rear
                0x20000504        0x4 ./fifo_buffers_src/fifo_tbr.o
 .bss.fifo_tx_cmd_rear
                0x20000508        0x4 ./fifo_buffers_src/fifo_tbr.o
 .bss.fifo_rx_data_rear
                0x2000050c        0x4 ./fifo_buffers_src/fifo_tbr.o
 .bss.fifo_tx_cmd
                0x20000510       0x10 ./fifo_buffers_src/fifo_tbr.o
 .bss.fifo_rx_cmd
                0x20000520        0x0 ./fifo_buffers_src/fifo_tbr.o
 .bss.fifo_rx_data
                0x20000520      0x200 ./fifo_buffers_src/fifo_tbr.o
 .bss.HAL       0x20000720        0x8 ./hal/hal.o
 .bss.letimer_running
                0x20000728        0x1 ./hal/hal.o
 *fill*         0x20000729        0x1 
 .bss.average_n
                0x2000072a        0x2 ./hal/hal.o
 .bss.avergae_sum
                0x2000072c        0x4 ./hal/hal.o
 .bss.ref_count
                0x20000730        0x4 ./hal/hal.o
 .bss.time_manager_cmd
                0x20000734        0x1 ./hal/hal.o
 *fill*         0x20000735        0x3 
 .bss.time_count
                0x20000738        0x4 ./hal/hal.o
 .bss.gpio_int_flag
                0x2000073c        0x4 ./hal/hal.o
                0x2000073c                gpio_int_flag
 .bss.rtcInitialized
                0x20000740        0x1 ./hal/hal.o
 *fill*         0x20000741        0x3 
 .bss.rtcFreq   0x20000744        0x4 ./hal/hal.o
 .bss.irqlevel  0x20000748        0x1 ./hal/hal.o
 .bss.int_flag  0x20000749        0x1 ./hal/hal.o
 *fill*         0x2000074a        0x2 
 .bss.OS        0x2000074c        0x8 ./lmic/oslmic.o
 .bss.randbuf   0x20000754       0x10 ./lmic/radio.o
 .bss.FatFs     0x20000764      0x230 ./resource managers_src/app_manager.o
 .bss.tbr_lora_length
                0x20000994        0x4 ./resource managers_src/app_manager.o
 .bss.tbr_lora_buf
                0x20000998      0x200 ./resource managers_src/app_manager.o
 .bss.init_job  0x20000b98        0xc ./resource managers_src/lpwan_manager.o
 .bss.app_job   0x20000ba4        0xc ./resource managers_src/lpwan_manager.o
 .bss.lora_msg_length
                0x20000bb0        0x1 ./src/main.o
                0x20000bb0                lora_msg_length
 *fill*         0x20000bb1        0x3 
 .bss.__malloc_sbrk_start
                0x20000bb4        0x4 c:/siliconlabs/simplicitystudio/v4/developer/toolchains/gnu_arm/4.9_2015q3/bin/../lib/gcc/arm-none-eabi/4.9.3/../../../../arm-none-eabi/lib/armv7-m\libc_nano.a(lib_a-nano-mallocr.o)
                0x20000bb4                __malloc_sbrk_start
 .bss.__malloc_free_list
                0x20000bb8        0x4 c:/siliconlabs/simplicitystudio/v4/developer/toolchains/gnu_arm/4.9_2015q3/bin/../lib/gcc/arm-none-eabi/4.9.3/../../../../arm-none-eabi/lib/armv7-m\libc_nano.a(lib_a-nano-mallocr.o)
                0x20000bb8                __malloc_free_list
 .bss.heap_end.4079
                0x20000bbc        0x4 c:/siliconlabs/simplicitystudio/v4/developer/toolchains/gnu_arm/4.9_2015q3/bin/../lib/gcc/arm-none-eabi/4.9.3/../../../../arm-none-eabi/lib/armv7-m\libnosys.a(sbrk.o)
 *(COMMON)
 COMMON         0x20000bc0       0x24 ./hal/hal.o
                0x20000bc0                irqState
                0x20000bc4                temp_buf
 COMMON         0x20000be4       0xc0 ./lmic/aes.o
                0x20000be4                AESKEY
                0x20000c94                AESAUX
 COMMON         0x20000ca4      0x244 ./lmic/lmic.o
                0x20000ca4                LMIC
 COMMON         0x20000ee8       0x80 ./resource managers_src/app_manager.o
                0x20000ee8                rs232_tx_buf
 COMMON         0x20000f68      0x228 ./src/main.o
                0x20000f68                lora_buffer
                0x20001168                ref_timestamp
 COMMON         0x20001190        0x4 c:/siliconlabs/simplicitystudio/v4/developer/toolchains/gnu_arm/4.9_2015q3/bin/../lib/gcc/arm-none-eabi/4.9.3/../../../../arm-none-eabi/lib/armv7-m\libc_nano.a(lib_a-reent.o)
                0x20001190                errno
                0x20001194                . = ALIGN (0x4)
                0x20001194                __bss_end__ = .

.heap           0x20001198      0xc00
                0x20001198                __HeapBase = .
                0x20001198                __end__ = .
                0x20001198                end = __end__
                0x20001198                _end = __end__
 *(.heap*)
 .heap          0x20001198      0xc00 ./CMSIS/EFM32GG/startup_efm32gg.o
                0x20001d98                __HeapLimit = .

.stack_dummy    0x20001198      0x400
 *(.stack*)
 .stack         0x20001198      0x400 ./CMSIS/EFM32GG/startup_efm32gg.o
                0x20020000                __StackTop = (ORIGIN (RAM) + 0x20000)
                0x2001fc00                __StackLimit = (__StackTop - SIZEOF (.stack_dummy))
                0x20020000                PROVIDE (__stack, __StackTop)
                0x00000001                ASSERT ((__StackLimit >= __HeapLimit), region RAM overflowed with stack)
                0x00000001                ASSERT ((0x100000 >= (__etext + SIZEOF (.data))), FLASH memory overflowed !)
OUTPUT(lmic_and_testproject_iA.axf elf32-littlearm)

.ARM.attributes
                0x00000000       0x29
 .ARM.attributes
                0x00000000       0x1d c:/siliconlabs/simplicitystudio/v4/developer/toolchains/gnu_arm/4.9_2015q3/bin/../lib/gcc/arm-none-eabi/4.9.3/armv7-m/crti.o
 .ARM.attributes
                0x0000001d       0x2d c:/siliconlabs/simplicitystudio/v4/developer/toolchains/gnu_arm/4.9_2015q3/bin/../lib/gcc/arm-none-eabi/4.9.3/armv7-m/crtbegin.o
 .ARM.attributes
                0x0000004a       0x1b c:/siliconlabs/simplicitystudio/v4/developer/toolchains/gnu_arm/4.9_2015q3/bin/../lib/gcc/arm-none-eabi/4.9.3/../../../../arm-none-eabi/lib/armv7-m/crt0.o
 .ARM.attributes
                0x00000065       0x1b ./CMSIS/EFM32GG/startup_efm32gg.o
 .ARM.attributes
                0x00000080       0x33 ./CMSIS/EFM32GG/system_efm32gg.o
 .ARM.attributes
                0x000000b3       0x33 ./devices_src/rgb_led.o
 .ARM.attributes
                0x000000e6       0x33 ./devices_src/sd_card.o
 .ARM.attributes
                0x00000119       0x33 ./devices_src/tbr.o
 .ARM.attributes
                0x0000014c       0x33 ./devices_src/ublox_gps.o
 .ARM.attributes
                0x0000017f       0x33 ./drivers_src/delay.o
 .ARM.attributes
                0x000001b2       0x33 ./drivers_src/pwm.o
 .ARM.attributes
                0x000001e5       0x33 ./drivers_src/rs232.o
 .ARM.attributes
                0x00000218       0x33 ./drivers_src/rs485.o
 .ARM.attributes
                0x0000024b       0x33 ./drivers_src/spi.o
 .ARM.attributes
                0x0000027e       0x33 ./emlib/src/em_burtc.o
 .ARM.attributes
                0x000002b1       0x33 ./emlib/src/em_cmu.o
 .ARM.attributes
                0x000002e4       0x33 ./emlib/src/em_core.o
 .ARM.attributes
                0x00000317       0x33 ./emlib/src/em_dma.o
 .ARM.attributes
                0x0000034a       0x33 ./emlib/src/em_gpio.o
 .ARM.attributes
                0x0000037d       0x33 ./emlib/src/em_letimer.o
 .ARM.attributes
                0x000003b0       0x33 ./emlib/src/em_leuart.o
 .ARM.attributes
                0x000003e3       0x33 ./emlib/src/em_rmu.o
 .ARM.attributes
                0x00000416       0x33 ./emlib/src/em_rtc.o
 .ARM.attributes
                0x00000449       0x33 ./emlib/src/em_system.o
 .ARM.attributes
                0x0000047c       0x33 ./emlib/src/em_timer.o
 .ARM.attributes
                0x000004af       0x33 ./emlib/src/em_usart.o
 .ARM.attributes
                0x000004e2       0x33 ./fat_filesystem_src/diskio.o
 .ARM.attributes
                0x00000515       0x33 ./fat_filesystem_src/ff.o
 .ARM.attributes
                0x00000548       0x33 ./fifo_buffers_src/fifo_rs232.o
 .ARM.attributes
                0x0000057b       0x33 ./fifo_buffers_src/fifo_tbr.o
 .ARM.attributes
                0x000005ae       0x33 ./hal/debug.o
 .ARM.attributes
                0x000005e1       0x33 ./hal/hal.o
 .ARM.attributes
                0x00000614       0x33 ./lmic/aes.o
 .ARM.attributes
                0x00000647       0x33 ./lmic/lmic.o
 .ARM.attributes
                0x0000067a       0x33 ./lmic/oslmic.o
 .ARM.attributes
                0x000006ad       0x33 ./lmic/radio.o
 .ARM.attributes
                0x000006e0       0x33 ./resource managers_src/app_manager.o
 .ARM.attributes
                0x00000713       0x33 ./resource managers_src/lpwan_manager.o
 .ARM.attributes
                0x00000746       0x33 ./src/main.o
 .ARM.attributes
                0x00000779       0x1d c:/siliconlabs/simplicitystudio/v4/developer/toolchains/gnu_arm/4.9_2015q3/bin/../lib/gcc/arm-none-eabi/4.9.3/armv7-m\libgcc.a(_aeabi_uldivmod.o)
 .ARM.attributes
                0x00000796       0x2d c:/siliconlabs/simplicitystudio/v4/developer/toolchains/gnu_arm/4.9_2015q3/bin/../lib/gcc/arm-none-eabi/4.9.3/armv7-m\libgcc.a(bpabi.o)
 .ARM.attributes
                0x000007c3       0x1d c:/siliconlabs/simplicitystudio/v4/developer/toolchains/gnu_arm/4.9_2015q3/bin/../lib/gcc/arm-none-eabi/4.9.3/armv7-m\libgcc.a(_dvmd_tls.o)
 .ARM.attributes
                0x000007e0       0x2d c:/siliconlabs/simplicitystudio/v4/developer/toolchains/gnu_arm/4.9_2015q3/bin/../lib/gcc/arm-none-eabi/4.9.3/armv7-m\libgcc.a(_divdi3.o)
 .ARM.attributes
                0x0000080d       0x2d c:/siliconlabs/simplicitystudio/v4/developer/toolchains/gnu_arm/4.9_2015q3/bin/../lib/gcc/arm-none-eabi/4.9.3/armv7-m\libgcc.a(_udivdi3.o)
 .ARM.attributes
                0x0000083a       0x2d c:/siliconlabs/simplicitystudio/v4/developer/toolchains/gnu_arm/4.9_2015q3/bin/../lib/gcc/arm-none-eabi/4.9.3/../../../../arm-none-eabi/lib/armv7-m\libc_nano.a(lib_a-exit.o)
 .ARM.attributes
                0x00000867       0x2d c:/siliconlabs/simplicitystudio/v4/developer/toolchains/gnu_arm/4.9_2015q3/bin/../lib/gcc/arm-none-eabi/4.9.3/../../../../arm-none-eabi/lib/armv7-m\libc_nano.a(lib_a-impure.o)
 .ARM.attributes
                0x00000894       0x2d c:/siliconlabs/simplicitystudio/v4/developer/toolchains/gnu_arm/4.9_2015q3/bin/../lib/gcc/arm-none-eabi/4.9.3/../../../../arm-none-eabi/lib/armv7-m\libc_nano.a(lib_a-init.o)
 .ARM.attributes
                0x000008c1       0x2d c:/siliconlabs/simplicitystudio/v4/developer/toolchains/gnu_arm/4.9_2015q3/bin/../lib/gcc/arm-none-eabi/4.9.3/../../../../arm-none-eabi/lib/armv7-m\libc_nano.a(lib_a-memcpy.o)
 .ARM.attributes
                0x000008ee       0x2d c:/siliconlabs/simplicitystudio/v4/developer/toolchains/gnu_arm/4.9_2015q3/bin/../lib/gcc/arm-none-eabi/4.9.3/../../../../arm-none-eabi/lib/armv7-m\libc_nano.a(lib_a-memset.o)
 .ARM.attributes
                0x0000091b       0x2d c:/siliconlabs/simplicitystudio/v4/developer/toolchains/gnu_arm/4.9_2015q3/bin/../lib/gcc/arm-none-eabi/4.9.3/../../../../arm-none-eabi/lib/armv7-m\libc_nano.a(lib_a-sprintf.o)
 .ARM.attributes
                0x00000948       0x2d c:/siliconlabs/simplicitystudio/v4/developer/toolchains/gnu_arm/4.9_2015q3/bin/../lib/gcc/arm-none-eabi/4.9.3/../../../../arm-none-eabi/lib/armv7-m\libc_nano.a(lib_a-strchr.o)
 .ARM.attributes
                0x00000975       0x2d c:/siliconlabs/simplicitystudio/v4/developer/toolchains/gnu_arm/4.9_2015q3/bin/../lib/gcc/arm-none-eabi/4.9.3/../../../../arm-none-eabi/lib/armv7-m\libc_nano.a(lib_a-strlen.o)
 .ARM.attributes
                0x000009a2       0x2d c:/siliconlabs/simplicitystudio/v4/developer/toolchains/gnu_arm/4.9_2015q3/bin/../lib/gcc/arm-none-eabi/4.9.3/../../../../arm-none-eabi/lib/armv7-m\libc_nano.a(lib_a-strncmp.o)
 .ARM.attributes
                0x000009cf       0x2d c:/siliconlabs/simplicitystudio/v4/developer/toolchains/gnu_arm/4.9_2015q3/bin/../lib/gcc/arm-none-eabi/4.9.3/../../../../arm-none-eabi/lib/armv7-m\libc_nano.a(lib_a-strstr.o)
 .ARM.attributes
                0x000009fc       0x2d c:/siliconlabs/simplicitystudio/v4/developer/toolchains/gnu_arm/4.9_2015q3/bin/../lib/gcc/arm-none-eabi/4.9.3/../../../../arm-none-eabi/lib/armv7-m\libc_nano.a(lib_a-strtok.o)
 .ARM.attributes
                0x00000a29       0x2d c:/siliconlabs/simplicitystudio/v4/developer/toolchains/gnu_arm/4.9_2015q3/bin/../lib/gcc/arm-none-eabi/4.9.3/../../../../arm-none-eabi/lib/armv7-m\libc_nano.a(lib_a-strtok_r.o)
 .ARM.attributes
                0x00000a56       0x2d c:/siliconlabs/simplicitystudio/v4/developer/toolchains/gnu_arm/4.9_2015q3/bin/../lib/gcc/arm-none-eabi/4.9.3/../../../../arm-none-eabi/lib/armv7-m\libc_nano.a(lib_a-strtoul.o)
 .ARM.attributes
                0x00000a83       0x2d c:/siliconlabs/simplicitystudio/v4/developer/toolchains/gnu_arm/4.9_2015q3/bin/../lib/gcc/arm-none-eabi/4.9.3/../../../../arm-none-eabi/lib/armv7-m\libc_nano.a(lib_a-ctype_.o)
 .ARM.attributes
                0x00000ab0       0x2d c:/siliconlabs/simplicitystudio/v4/developer/toolchains/gnu_arm/4.9_2015q3/bin/../lib/gcc/arm-none-eabi/4.9.3/../../../../arm-none-eabi/lib/armv7-m\libc_nano.a(lib_a-malloc.o)
 .ARM.attributes
                0x00000add       0x2d c:/siliconlabs/simplicitystudio/v4/developer/toolchains/gnu_arm/4.9_2015q3/bin/../lib/gcc/arm-none-eabi/4.9.3/../../../../arm-none-eabi/lib/armv7-m\libc_nano.a(lib_a-nano-freer.o)
 .ARM.attributes
                0x00000b0a       0x2d c:/siliconlabs/simplicitystudio/v4/developer/toolchains/gnu_arm/4.9_2015q3/bin/../lib/gcc/arm-none-eabi/4.9.3/../../../../arm-none-eabi/lib/armv7-m\libc_nano.a(lib_a-nano-mallocr.o)
 .ARM.attributes
                0x00000b37       0x2d c:/siliconlabs/simplicitystudio/v4/developer/toolchains/gnu_arm/4.9_2015q3/bin/../lib/gcc/arm-none-eabi/4.9.3/../../../../arm-none-eabi/lib/armv7-m\libc_nano.a(lib_a-nano-svfprintf.o)
 .ARM.attributes
                0x00000b64       0x2d c:/siliconlabs/simplicitystudio/v4/developer/toolchains/gnu_arm/4.9_2015q3/bin/../lib/gcc/arm-none-eabi/4.9.3/../../../../arm-none-eabi/lib/armv7-m\libc_nano.a(lib_a-nano-vfprintf_i.o)
 .ARM.attributes
                0x00000b91       0x2d c:/siliconlabs/simplicitystudio/v4/developer/toolchains/gnu_arm/4.9_2015q3/bin/../lib/gcc/arm-none-eabi/4.9.3/../../../../arm-none-eabi/lib/armv7-m\libc_nano.a(lib_a-sbrkr.o)
 .ARM.attributes
                0x00000bbe       0x2d c:/siliconlabs/simplicitystudio/v4/developer/toolchains/gnu_arm/4.9_2015q3/bin/../lib/gcc/arm-none-eabi/4.9.3/../../../../arm-none-eabi/lib/armv7-m\libc_nano.a(lib_a-memchr.o)
 .ARM.attributes
                0x00000beb       0x2d c:/siliconlabs/simplicitystudio/v4/developer/toolchains/gnu_arm/4.9_2015q3/bin/../lib/gcc/arm-none-eabi/4.9.3/../../../../arm-none-eabi/lib/armv7-m\libc_nano.a(lib_a-memmove.o)
 .ARM.attributes
                0x00000c18       0x2d c:/siliconlabs/simplicitystudio/v4/developer/toolchains/gnu_arm/4.9_2015q3/bin/../lib/gcc/arm-none-eabi/4.9.3/../../../../arm-none-eabi/lib/armv7-m\libc_nano.a(lib_a-nano-reallocr.o)
 .ARM.attributes
                0x00000c45       0x2d c:/siliconlabs/simplicitystudio/v4/developer/toolchains/gnu_arm/4.9_2015q3/bin/../lib/gcc/arm-none-eabi/4.9.3/../../../../arm-none-eabi/lib/armv7-m\libc_nano.a(lib_a-reent.o)
 .ARM.attributes
                0x00000c72       0x2d c:/siliconlabs/simplicitystudio/v4/developer/toolchains/gnu_arm/4.9_2015q3/bin/../lib/gcc/arm-none-eabi/4.9.3/../../../../arm-none-eabi/lib/armv7-m\libc_nano.a(lib_a-nano-msizer.o)
 .ARM.attributes
                0x00000c9f       0x2d c:/siliconlabs/simplicitystudio/v4/developer/toolchains/gnu_arm/4.9_2015q3/bin/../lib/gcc/arm-none-eabi/4.9.3/../../../../arm-none-eabi/lib/armv7-m\libnosys.a(sbrk.o)
 .ARM.attributes
                0x00000ccc       0x2d c:/siliconlabs/simplicitystudio/v4/developer/toolchains/gnu_arm/4.9_2015q3/bin/../lib/gcc/arm-none-eabi/4.9.3/../../../../arm-none-eabi/lib/armv7-m\libnosys.a(_exit.o)
 .ARM.attributes
                0x00000cf9       0x2d c:/siliconlabs/simplicitystudio/v4/developer/toolchains/gnu_arm/4.9_2015q3/bin/../lib/gcc/arm-none-eabi/4.9.3/armv7-m/crtend.o
 .ARM.attributes
                0x00000d26       0x1d c:/siliconlabs/simplicitystudio/v4/developer/toolchains/gnu_arm/4.9_2015q3/bin/../lib/gcc/arm-none-eabi/4.9.3/armv7-m/crtn.o

.comment        0x00000000       0x70
 .comment       0x00000000       0x70 ./CMSIS/EFM32GG/system_efm32gg.o
                                 0x71 (size before relaxing)
 .comment       0x00000000       0x71 ./devices_src/rgb_led.o
 .comment       0x00000000       0x71 ./devices_src/sd_card.o
 .comment       0x00000000       0x71 ./devices_src/tbr.o
 .comment       0x00000000       0x71 ./devices_src/ublox_gps.o
 .comment       0x00000000       0x71 ./drivers_src/delay.o
 .comment       0x00000000       0x71 ./drivers_src/pwm.o
 .comment       0x00000000       0x71 ./drivers_src/rs232.o
 .comment       0x00000000       0x71 ./drivers_src/rs485.o
 .comment       0x00000000       0x71 ./drivers_src/spi.o
 .comment       0x00000000       0x71 ./emlib/src/em_burtc.o
 .comment       0x00000000       0x71 ./emlib/src/em_cmu.o
 .comment       0x00000000       0x71 ./emlib/src/em_core.o
 .comment       0x00000000       0x71 ./emlib/src/em_dma.o
 .comment       0x00000000       0x71 ./emlib/src/em_gpio.o
 .comment       0x00000000       0x71 ./emlib/src/em_letimer.o
 .comment       0x00000000       0x71 ./emlib/src/em_leuart.o
 .comment       0x00000000       0x71 ./emlib/src/em_rmu.o
 .comment       0x00000000       0x71 ./emlib/src/em_rtc.o
 .comment       0x00000000       0x71 ./emlib/src/em_system.o
 .comment       0x00000000       0x71 ./emlib/src/em_timer.o
 .comment       0x00000000       0x71 ./emlib/src/em_usart.o
 .comment       0x00000000       0x71 ./fat_filesystem_src/diskio.o
 .comment       0x00000000       0x71 ./fat_filesystem_src/ff.o
 .comment       0x00000000       0x71 ./fifo_buffers_src/fifo_rs232.o
 .comment       0x00000000       0x71 ./fifo_buffers_src/fifo_tbr.o
 .comment       0x00000000       0x71 ./hal/debug.o
 .comment       0x00000000       0x71 ./hal/hal.o
 .comment       0x00000000       0x71 ./lmic/aes.o
 .comment       0x00000000       0x71 ./lmic/lmic.o
 .comment       0x00000000       0x71 ./lmic/oslmic.o
 .comment       0x00000000       0x71 ./lmic/radio.o
 .comment       0x00000000       0x71 ./resource managers_src/app_manager.o
 .comment       0x00000000       0x71 ./resource managers_src/lpwan_manager.o
 .comment       0x00000000       0x71 ./src/main.o

.debug_line     0x00000000     0xba0b
 .debug_line    0x00000000       0xd3 ./CMSIS/EFM32GG/startup_efm32gg.o
 .debug_line    0x000000d3      0x38d ./CMSIS/EFM32GG/system_efm32gg.o
 .debug_line    0x00000460      0x3fb ./devices_src/rgb_led.o
 .debug_line    0x0000085b      0x572 ./devices_src/sd_card.o
 .debug_line    0x00000dcd      0x5e8 ./devices_src/tbr.o
 .debug_line    0x000013b5      0x757 ./devices_src/ublox_gps.o
 .debug_line    0x00001b0c      0x3d8 ./drivers_src/delay.o
 .debug_line    0x00001ee4      0x450 ./drivers_src/pwm.o
 .debug_line    0x00002334      0x4b4 ./drivers_src/rs232.o
 .debug_line    0x000027e8      0x500 ./drivers_src/rs485.o
 .debug_line    0x00002ce8      0x44c ./drivers_src/spi.o
 .debug_line    0x00003134      0x481 ./emlib/src/em_burtc.o
 .debug_line    0x000035b5      0xa53 ./emlib/src/em_cmu.o
 .debug_line    0x00004008      0x63e ./emlib/src/em_core.o
 .debug_line    0x00004646      0x5c3 ./emlib/src/em_dma.o
 .debug_line    0x00004c09      0x4bc ./emlib/src/em_gpio.o
 .debug_line    0x000050c5      0x3f3 ./emlib/src/em_letimer.o
 .debug_line    0x000054b8      0x472 ./emlib/src/em_leuart.o
 .debug_line    0x0000592a      0x3cc ./emlib/src/em_rmu.o
 .debug_line    0x00005cf6      0x39c ./emlib/src/em_rtc.o
 .debug_line    0x00006092      0x310 ./emlib/src/em_system.o
 .debug_line    0x000063a2      0x5bf ./emlib/src/em_timer.o
 .debug_line    0x00006961      0x5f8 ./emlib/src/em_usart.o
 .debug_line    0x00006f59      0x2a8 ./fat_filesystem_src/diskio.o
 .debug_line    0x00007201     0x124c ./fat_filesystem_src/ff.o
 .debug_line    0x0000844d      0x280 ./fifo_buffers_src/fifo_rs232.o
 .debug_line    0x000086cd      0x2ab ./fifo_buffers_src/fifo_tbr.o
 .debug_line    0x00008978      0x279 ./hal/debug.o
 .debug_line    0x00008bf1      0x830 ./hal/hal.o
 .debug_line    0x00009421      0x321 ./lmic/aes.o
 .debug_line    0x00009742      0xe09 ./lmic/lmic.o
 .debug_line    0x0000a54b      0x27f ./lmic/oslmic.o
 .debug_line    0x0000a7ca      0x4d0 ./lmic/radio.o
 .debug_line    0x0000ac9a      0x480 ./resource managers_src/app_manager.o
 .debug_line    0x0000b11a      0x4b2 ./resource managers_src/lpwan_manager.o
 .debug_line    0x0000b5cc      0x43f ./src/main.o

.debug_info     0x00000000    0x16c7e
 .debug_info    0x00000000      0x10e ./CMSIS/EFM32GG/startup_efm32gg.o
 .debug_info    0x0000010e      0x5a1 ./CMSIS/EFM32GG/system_efm32gg.o
 .debug_info    0x000006af      0x5df ./devices_src/rgb_led.o
 .debug_info    0x00000c8e      0x61c ./devices_src/sd_card.o
 .debug_info    0x000012aa      0xacf ./devices_src/tbr.o
 .debug_info    0x00001d79      0xb15 ./devices_src/ublox_gps.o
 .debug_info    0x0000288e      0x801 ./drivers_src/delay.o
 .debug_info    0x0000308f      0x8f1 ./drivers_src/pwm.o
 .debug_info    0x00003980      0xd3e ./drivers_src/rs232.o
 .debug_info    0x000046be      0xcca ./drivers_src/rs485.o
 .debug_info    0x00005388      0x9da ./drivers_src/spi.o
 .debug_info    0x00005d62      0x627 ./emlib/src/em_burtc.o
 .debug_info    0x00006389     0x1508 ./emlib/src/em_cmu.o
 .debug_info    0x00007891      0xcd6 ./emlib/src/em_core.o
 .debug_info    0x00008567     0x12c4 ./emlib/src/em_dma.o
 .debug_info    0x0000982b      0x65b ./emlib/src/em_gpio.o
 .debug_info    0x00009e86      0x51f ./emlib/src/em_letimer.o
 .debug_info    0x0000a3a5      0x824 ./emlib/src/em_leuart.o
 .debug_info    0x0000abc9      0x4ad ./emlib/src/em_rmu.o
 .debug_info    0x0000b076      0x33f ./emlib/src/em_rtc.o
 .debug_info    0x0000b3b5      0x272 ./emlib/src/em_system.o