Archive member included because of file (symbol)

c:/siliconlabs/simplicitystudio/v4/developer/toolchains/gnu_arm/4.9_2015q3/bin/../lib/gcc/arm-none-eabi/4.9.3/armv7-m\libgcc.a(_aeabi_uldivmod.o)
                              ./emlib/src/em_usart.o (__aeabi_uldivmod)
c:/siliconlabs/simplicitystudio/v4/developer/toolchains/gnu_arm/4.9_2015q3/bin/../lib/gcc/arm-none-eabi/4.9.3/armv7-m\libgcc.a(bpabi.o)
                              c:/siliconlabs/simplicitystudio/v4/developer/toolchains/gnu_arm/4.9_2015q3/bin/../lib/gcc/arm-none-eabi/4.9.3/armv7-m\libgcc.a(_aeabi_uldivmod.o) (__gnu_uldivmod_helper)
c:/siliconlabs/simplicitystudio/v4/developer/toolchains/gnu_arm/4.9_2015q3/bin/../lib/gcc/arm-none-eabi/4.9.3/armv7-m\libgcc.a(_dvmd_tls.o)
                              c:/siliconlabs/simplicitystudio/v4/developer/toolchains/gnu_arm/4.9_2015q3/bin/../lib/gcc/arm-none-eabi/4.9.3/armv7-m\libgcc.a(_aeabi_uldivmod.o) (__aeabi_ldiv0)
c:/siliconlabs/simplicitystudio/v4/developer/toolchains/gnu_arm/4.9_2015q3/bin/../lib/gcc/arm-none-eabi/4.9.3/armv7-m\libgcc.a(_divdi3.o)
                              c:/siliconlabs/simplicitystudio/v4/developer/toolchains/gnu_arm/4.9_2015q3/bin/../lib/gcc/arm-none-eabi/4.9.3/armv7-m\libgcc.a(bpabi.o) (__divdi3)
c:/siliconlabs/simplicitystudio/v4/developer/toolchains/gnu_arm/4.9_2015q3/bin/../lib/gcc/arm-none-eabi/4.9.3/armv7-m\libgcc.a(_udivdi3.o)
                              c:/siliconlabs/simplicitystudio/v4/developer/toolchains/gnu_arm/4.9_2015q3/bin/../lib/gcc/arm-none-eabi/4.9.3/armv7-m\libgcc.a(bpabi.o) (__udivdi3)
c:/siliconlabs/simplicitystudio/v4/developer/toolchains/gnu_arm/4.9_2015q3/bin/../lib/gcc/arm-none-eabi/4.9.3/../../../../arm-none-eabi/lib/armv7-m\libc_nano.a(lib_a-exit.o)
                              c:/siliconlabs/simplicitystudio/v4/developer/toolchains/gnu_arm/4.9_2015q3/bin/../lib/gcc/arm-none-eabi/4.9.3/../../../../arm-none-eabi/lib/armv7-m/crt0.o (exit)
c:/siliconlabs/simplicitystudio/v4/developer/toolchains/gnu_arm/4.9_2015q3/bin/../lib/gcc/arm-none-eabi/4.9.3/../../../../arm-none-eabi/lib/armv7-m\libc_nano.a(lib_a-impure.o)
                              c:/siliconlabs/simplicitystudio/v4/developer/toolchains/gnu_arm/4.9_2015q3/bin/../lib/gcc/arm-none-eabi/4.9.3/../../../../arm-none-eabi/lib/armv7-m\libc_nano.a(lib_a-exit.o) (_global_impure_ptr)
c:/siliconlabs/simplicitystudio/v4/developer/toolchains/gnu_arm/4.9_2015q3/bin/../lib/gcc/arm-none-eabi/4.9.3/../../../../arm-none-eabi/lib/armv7-m\libc_nano.a(lib_a-init.o)
                              c:/siliconlabs/simplicitystudio/v4/developer/toolchains/gnu_arm/4.9_2015q3/bin/../lib/gcc/arm-none-eabi/4.9.3/../../../../arm-none-eabi/lib/armv7-m/crt0.o (__libc_init_array)
c:/siliconlabs/simplicitystudio/v4/developer/toolchains/gnu_arm/4.9_2015q3/bin/../lib/gcc/arm-none-eabi/4.9.3/../../../../arm-none-eabi/lib/armv7-m\libc_nano.a(lib_a-memcpy.o)
                              ./lmic/lmic.o (memcpy)
c:/siliconlabs/simplicitystudio/v4/developer/toolchains/gnu_arm/4.9_2015q3/bin/../lib/gcc/arm-none-eabi/4.9.3/../../../../arm-none-eabi/lib/armv7-m\libc_nano.a(lib_a-memset.o)
                              c:/siliconlabs/simplicitystudio/v4/developer/toolchains/gnu_arm/4.9_2015q3/bin/../lib/gcc/arm-none-eabi/4.9.3/../../../../arm-none-eabi/lib/armv7-m/crt0.o (memset)
c:/siliconlabs/simplicitystudio/v4/developer/toolchains/gnu_arm/4.9_2015q3/bin/../lib/gcc/arm-none-eabi/4.9.3/../../../../arm-none-eabi/lib/armv7-m\libc_nano.a(lib_a-sprintf.o)
                              ./devices_src/tbr.o (sprintf)
c:/siliconlabs/simplicitystudio/v4/developer/toolchains/gnu_arm/4.9_2015q3/bin/../lib/gcc/arm-none-eabi/4.9.3/../../../../arm-none-eabi/lib/armv7-m\libc_nano.a(lib_a-strchr.o)
                              ./devices_src/tbr.o (strchr)
c:/siliconlabs/simplicitystudio/v4/developer/toolchains/gnu_arm/4.9_2015q3/bin/../lib/gcc/arm-none-eabi/4.9.3/../../../../arm-none-eabi/lib/armv7-m\libc_nano.a(lib_a-strlen.o)
                              ./devices_src/tbr.o (strlen)
c:/siliconlabs/simplicitystudio/v4/developer/toolchains/gnu_arm/4.9_2015q3/bin/../lib/gcc/arm-none-eabi/4.9.3/../../../../arm-none-eabi/lib/armv7-m\libc_nano.a(lib_a-strstr.o)
                              ./devices_src/tbr.o (strstr)
c:/siliconlabs/simplicitystudio/v4/developer/toolchains/gnu_arm/4.9_2015q3/bin/../lib/gcc/arm-none-eabi/4.9.3/../../../../arm-none-eabi/lib/armv7-m\libc_nano.a(lib_a-strtok.o)
                              ./devices_src/tbr.o (strtok)
c:/siliconlabs/simplicitystudio/v4/developer/toolchains/gnu_arm/4.9_2015q3/bin/../lib/gcc/arm-none-eabi/4.9.3/../../../../arm-none-eabi/lib/armv7-m\libc_nano.a(lib_a-strtok_r.o)
                              c:/siliconlabs/simplicitystudio/v4/developer/toolchains/gnu_arm/4.9_2015q3/bin/../lib/gcc/arm-none-eabi/4.9.3/../../../../arm-none-eabi/lib/armv7-m\libc_nano.a(lib_a-strtok.o) (__strtok_r)
[...]
Memory Configuration

Name             Origin             Length             Attributes
FLASH            0x00000000         0x00100000         xr
RAM              0x20000000         0x00020000         xrw
*default*        0x00000000         0xffffffff

Linker script and memory map

LOAD c:/siliconlabs/simplicitystudio/v4/developer/toolchains/gnu_arm/4.9_2015q3/bin/../lib/gcc/arm-none-eabi/4.9.3/armv7-m/crti.o
LOAD c:/siliconlabs/simplicitystudio/v4/developer/toolchains/gnu_arm/4.9_2015q3/bin/../lib/gcc/arm-none-eabi/4.9.3/armv7-m/crtbegin.o
LOAD c:/siliconlabs/simplicitystudio/v4/developer/toolchains/gnu_arm/4.9_2015q3/bin/../lib/gcc/arm-none-eabi/4.9.3/../../../../arm-none-eabi/lib/armv7-m/crt0.o
LOAD ./CMSIS/EFM32GG/startup_efm32gg.o
LOAD ./CMSIS/EFM32GG/system_efm32gg.o
LOAD ./devices_src/rgb_led.o
LOAD ./devices_src/sd_card.o
LOAD ./devices_src/tbr.o
LOAD ./devices_src/ublox_gps.o
LOAD ./drivers_src/delay.o
LOAD ./drivers_src/pwm.o
LOAD ./drivers_src/rs232.o
LOAD ./drivers_src/rs485.o
LOAD ./drivers_src/spi.o
LOAD ./emlib/src/em_acmp.o
LOAD ./emlib/src/em_adc.o
LOAD ./emlib/src/em_aes.o
LOAD ./emlib/src/em_assert.o
LOAD ./emlib/src/em_burtc.o
LOAD ./emlib/src/em_can.o
LOAD ./emlib/src/em_cmu.o
LOAD ./emlib/src/em_core.o
LOAD ./emlib/src/em_cryotimer.o
LOAD ./emlib/src/em_crypto.o
LOAD ./emlib/src/em_csen.o
LOAD ./emlib/src/em_dac.o
LOAD ./emlib/src/em_dbg.o
LOAD ./emlib/src/em_dma.o
LOAD ./emlib/src/em_ebi.o
LOAD ./emlib/src/em_emu.o
LOAD ./emlib/src/em_gpcrc.o
LOAD ./emlib/src/em_gpio.o
LOAD ./emlib/src/em_i2c.o
LOAD ./emlib/src/em_idac.o
LOAD ./emlib/src/em_int.o
LOAD ./emlib/src/em_lcd.o
LOAD ./emlib/src/em_ldma.o
LOAD ./emlib/src/em_lesense.o
LOAD ./emlib/src/em_letimer.o
LOAD ./emlib/src/em_leuart.o
LOAD ./emlib/src/em_mpu.o
LOAD ./emlib/src/em_msc.o
LOAD ./emlib/src/em_opamp.o
LOAD ./emlib/src/em_pcnt.o
LOAD ./emlib/src/em_prs.o
LOAD ./emlib/src/em_qspi.o
LOAD ./emlib/src/em_rmu.o
LOAD ./emlib/src/em_rtc.o
LOAD ./emlib/src/em_rtcc.o
LOAD ./emlib/src/em_system.o
LOAD ./emlib/src/em_timer.o
LOAD ./emlib/src/em_usart.o
LOAD ./emlib/src/em_vcmp.o
LOAD ./emlib/src/em_vdac.o
LOAD ./emlib/src/em_wdog.o
LOAD ./fat_filesystem_src/diskio.o
LOAD ./fat_filesystem_src/ff.o
LOAD ./fifo_buffers_src/fifo_rs232.o
LOAD ./fifo_buffers_src/fifo_tbr.o
LOAD ./hal/debug.o
LOAD ./hal/hal.o
LOAD ./lmic/aes.o
LOAD ./lmic/lmic.o
LOAD ./lmic/oslmic.o
LOAD ./lmic/radio.o
LOAD ./resource managers_src/app_manager.o
LOAD ./resource managers_src/lpwan_manager.o
LOAD ./src/main.o
START GROUP
LOAD c:/siliconlabs/simplicitystudio/v4/developer/toolchains/gnu_arm/4.9_2015q3/bin/../lib/gcc/arm-none-eabi/4.9.3/armv7-m\libgcc.a
LOAD c:/siliconlabs/simplicitystudio/v4/developer/toolchains/gnu_arm/4.9_2015q3/bin/../lib/gcc/arm-none-eabi/4.9.3/../../../../arm-none-eabi/lib/armv7-m\libc_nano.a
LOAD c:/siliconlabs/simplicitystudio/v4/developer/toolchains/gnu_arm/4.9_2015q3/bin/../lib/gcc/arm-none-eabi/4.9.3/../../../../arm-none-eabi/lib/armv7-m\libnosys.a
END GROUP
START GROUP
LOAD c:/siliconlabs/simplicitystudio/v4/developer/toolchains/gnu_arm/4.9_2015q3/bin/../lib/gcc/arm-none-eabi/4.9.3/armv7-m\libgcc.a
LOAD c:/siliconlabs/simplicitystudio/v4/developer/toolchains/gnu_arm/4.9_2015q3/bin/../lib/gcc/arm-none-eabi/4.9.3/../../../../arm-none-eabi/lib/armv7-m\libg_nano.a
LOAD c:/siliconlabs/simplicitystudio/v4/developer/toolchains/gnu_arm/4.9_2015q3/bin/../lib/gcc/arm-none-eabi/4.9.3/../../../../arm-none-eabi/lib/armv7-m\libc_nano.a
END GROUP
START GROUP
LOAD c:/siliconlabs/simplicitystudio/v4/developer/toolchains/gnu_arm/4.9_2015q3/bin/../lib/gcc/arm-none-eabi/4.9.3/armv7-m\libgcc.a
LOAD c:/siliconlabs/simplicitystudio/v4/developer/toolchains/gnu_arm/4.9_2015q3/bin/../lib/gcc/arm-none-eabi/4.9.3/../../../../arm-none-eabi/lib/armv7-m\libc_nano.a
END GROUP
LOAD c:/siliconlabs/simplicitystudio/v4/developer/toolchains/gnu_arm/4.9_2015q3/bin/../lib/gcc/arm-none-eabi/4.9.3/armv7-m/crtend.o
LOAD c:/siliconlabs/simplicitystudio/v4/developer/toolchains/gnu_arm/4.9_2015q3/bin/../lib/gcc/arm-none-eabi/4.9.3/armv7-m/crtn.o

.text           0x00000000     0xe80c
 *(.vectors)
 .vectors       0x00000000       0xdc ./CMSIS/EFM32GG/startup_efm32gg.o
                0x00000000                __Vectors
                0x000000dc                __Vectors_End = .
                0x000000dc                __Vectors_Size = (__Vectors_End - __Vectors)
                0x000000dc                __end__ = .
 *(.text*)
 .text          0x000000dc       0x5c c:/siliconlabs/simplicitystudio/v4/developer/toolchains/gnu_arm/4.9_2015q3/bin/../lib/gcc/arm-none-eabi/4.9.3/armv7-m/crtbegin.o
 .text          0x00000138       0x74 c:/siliconlabs/simplicitystudio/v4/developer/toolchains/gnu_arm/4.9_2015q3/bin/../lib/gcc/arm-none-eabi/4.9.3/../../../../arm-none-eabi/lib/armv7-m/crt0.o
                0x00000138                _start
                0x00000138                _mainCRTStartup
 .text          0x000001ac       0x30 ./CMSIS/EFM32GG/startup_efm32gg.o
                0x000001ac                Reset_Handler
                0x000001d8                DebugMon_Handler
                0x000001d8                USART0_TX_IRQHandler
                0x000001d8                I2C0_IRQHandler
                0x000001d8                HardFault_Handler
                0x000001d8                LEUART1_IRQHandler
                0x000001d8                SysTick_Handler
                0x000001d8                USART1_RX_IRQHandler
                0x000001d8                PendSV_Handler
                0x000001d8                NMI_Handler
                0x000001d8                I2C1_IRQHandler
                0x000001d8                TIMER3_IRQHandler
                0x000001d8                USART1_TX_IRQHandler
                0x000001d8                MSC_IRQHandler
                0x000001d8                ADC0_IRQHandler
                0x000001d8                UsageFault_Handler
                0x000001d8                UART0_TX_IRQHandler
                0x000001d8                UART1_TX_IRQHandler
                0x000001d8                TIMER0_IRQHandler
                0x000001d8                TIMER2_IRQHandler
                0x000001d8                LCD_IRQHandler
                0x000001d8                PCNT2_IRQHandler
                0x000001d8                UART0_RX_IRQHandler
                0x000001d8                LETIMER0_IRQHandler
                0x000001d8                TIMER1_IRQHandler
                0x000001d8                Default_Handler
                0x000001d8                EMU_IRQHandler
                0x000001d8                PCNT0_IRQHandler
                0x000001d8                USB_IRQHandler
                0x000001d8                BURTC_IRQHandler
                0x000001d8                PCNT1_IRQHandler
                0x000001d8                ACMP0_IRQHandler
                0x000001d8                USART0_RX_IRQHandler
                0x000001d8                MemManage_Handler
                0x000001d8                SVC_Handler
                0x000001d8                DAC0_IRQHandler
                0x000001d8                UART1_RX_IRQHandler
                0x000001d8                CMU_IRQHandler
                0x000001d8                EBI_IRQHandler
                0x000001d8                LESENSE_IRQHandler
                0x000001d8                AES_IRQHandler
                0x000001d8                VCMP_IRQHandler
                0x000001d8                BusFault_Handler
 .text.GetProdRev
                0x000001dc       0x1c ./CMSIS/EFM32GG/system_efm32gg.o
 .text.SystemCoreClockGet
                0x000001f8       0x34 ./CMSIS/EFM32GG/system_efm32gg.o
                0x000001f8                SystemCoreClockGet
 .text.SystemMaxCoreClockGet
                0x0000022c       0x14 ./CMSIS/EFM32GG/system_efm32gg.o
                0x0000022c                SystemMaxCoreClockGet
 .text.SystemHFClockGet
                0x00000240      0x100 ./CMSIS/EFM32GG/system_efm32gg.o
                0x00000240                SystemHFClockGet
 .text.SystemHFXOClockGet
                0x00000340       0x18 ./CMSIS/EFM32GG/system_efm32gg.o
                0x00000340                SystemHFXOClockGet
 .text.SystemInit
                0x00000358        0xc ./CMSIS/EFM32GG/system_efm32gg.o
                0x00000358                SystemInit
 .text.SystemLFRCOClockGet
                0x00000364       0x14 ./CMSIS/EFM32GG/system_efm32gg.o
                0x00000364                SystemLFRCOClockGet
 .text.SystemULFRCOClockGet
                0x00000378       0x14 ./CMSIS/EFM32GG/system_efm32gg.o
                0x00000378                SystemULFRCOClockGet
 .text.SystemLFXOClockGet
                0x0000038c       0x18 ./CMSIS/EFM32GG/system_efm32gg.o
                0x0000038c                SystemLFXOClockGet
 .text.GPIO_PinOutClear
                0x000003a4       0x58 ./devices_src/rgb_led.o
 .text.GPIO_PinOutSet
                0x000003fc       0x58 ./devices_src/rgb_led.o
 .text.generate_pulses
                0x00000454       0x50 ./devices_src/rgb_led.o
                0x00000454                generate_pulses
 .text.rgb_init
                0x000004a4       0x34 ./devices_src/rgb_led.o
                0x000004a4                rgb_init
 .text.rgb_on   0x000004d8      0x110 ./devices_src/rgb_led.o
                0x000004d8                rgb_on
 .text.rgb_shutdown
                0x000005e8       0x18 ./devices_src/rgb_led.o
                0x000005e8                rgb_shutdown
 .text.GPIO_PinOutClear
                0x00000600       0x58 ./devices_src/sd_card.o
 .text.GPIO_PinOutSet
                0x00000658       0x58 ./devices_src/sd_card.o
 .text.start_transfer
                0x000006b0       0x10 ./devices_src/sd_card.o
                0x000006b0                start_transfer
 .text.end_transfer
                0x000006c0       0x14 ./devices_src/sd_card.o
                0x000006c0                end_transfer
 .text.send_cmd
                0x000006d4      0x24c ./devices_src/sd_card.o
                0x000006d4                send_cmd
 .text.sd_card_init
                0x00000920      0x1d4 ./devices_src/sd_card.o
                0x00000920                sd_card_init
 .text.sd_card_on
                0x00000af4       0x10 ./devices_src/sd_card.o
                0x00000af4                sd_card_on
 .text.sd_card_off
                0x00000b04       0x10 ./devices_src/sd_card.o
                0x00000b04                sd_card_off
 .text.sd_card_read
                0x00000b14      0x130 ./devices_src/sd_card.o
                0x00000b14                sd_card_read
 .text.sd_card_write
                0x00000c44      0x10c ./devices_src/sd_card.o
                0x00000c44                sd_card_write
 .text.array_is_full
                0x00000d50       0x24 ./devices_src/tbr.o
                0x00000d50                array_is_full
 .text.array_is_empty
                0x00000d74       0x20 ./devices_src/tbr.o
                0x00000d74                array_is_empty
 .text.array_add
                0x00000d94       0x58 ./devices_src/tbr.o
                0x00000d94                array_add
 .text.array_remove
                0x00000dec       0x5c ./devices_src/tbr.o
                0x00000dec                array_remove
 .text.CalculateLuhn
                0x00000e48      0x12c ./devices_src/tbr.o
                0x00000e48                CalculateLuhn
 .text.parse_message_tbr
                0x00000f74       0xa4 ./devices_src/tbr.o
                0x00000f74                parse_message_tbr
 .text.check_other_messages
                0x00001018       0x3c ./devices_src/tbr.o
                0x00001018                check_other_messages
 .text.clear_buffer
                0x00001054       0x3c ./devices_src/tbr.o
                0x00001054                clear_buffer
 .text.get_and_compare
                0x00001090       0xb0 ./devices_src/tbr.o
                0x00001090                get_and_compare
 .text.convert_single_tbr_msg_into_uint
                0x00001140      0x158 ./devices_src/tbr.o
                0x00001140                convert_single_tbr_msg_into_uint
 .text.convert_tbr_msgs_to_uint
                0x00001298      0x198 ./devices_src/tbr.o
                0x00001298                convert_tbr_msgs_to_uint
 .text.tbr_init
                0x00001430       0x48 ./devices_src/tbr.o
                0x00001430                tbr_init
 .text.tbr_send_cmd
                0x00001478      0x100 ./devices_src/tbr.o
                0x00001478                tbr_send_cmd
 .text.tbr_recv_msg_uint
                0x00001578       0xa0 ./devices_src/tbr.o
                0x00001578                tbr_recv_msg_uint
 .text.GPIO_PinOutSet
                0x00001618       0x58 ./devices_src/ublox_gps.o
 .text.send_cmd_rx_ack
                0x00001670       0xfc ./devices_src/ublox_gps.o
                0x00001670                send_cmd_rx_ack
 .text.port_config
                0x0000176c       0x64 ./devices_src/ublox_gps.o
                0x0000176c                port_config
 .text.receiver_nav_status
                0x000017d0       0xfc ./devices_src/ublox_gps.o
                0x000017d0                receiver_nav_status
 .text.config_low_power
                0x000018cc       0x24 ./devices_src/ublox_gps.o
                0x000018cc                config_low_power
 .text.enter_low_power
                0x000018f0       0x24 ./devices_src/ublox_gps.o
                0x000018f0                enter_low_power
 .text.disable_sbas
                0x00001914       0x24 ./devices_src/ublox_gps.o
                0x00001914                disable_sbas
 .text.poll_psm
                0x00001938      0x130 ./devices_src/ublox_gps.o
                0x00001938                poll_psm
 .text.parse_message
                0x00001a68      0x32c ./devices_src/ublox_gps.o
                0x00001a68                parse_message
 .text.gps_init
                0x00001d94      0x148 ./devices_src/ublox_gps.o
                0x00001d94                gps_init
 .text.gps_get_nav_data
                0x00001edc      0x19c ./devices_src/ublox_gps.o
                0x00001edc                gps_get_nav_data
 .text.gps_on   0x00002078       0x10 ./devices_src/ublox_gps.o
                0x00002078                gps_on
 .text.TIMER_Valid
                0x00002088       0x50 ./drivers_src/delay.o
 .text.TIMER_MaxCount
                0x000020d8       0x18 ./drivers_src/delay.o
 .text.TIMER_CounterSet
                0x000020f0       0x1c ./drivers_src/delay.o
 .text.TIMER_Enable
                0x0000210c       0x2c ./drivers_src/delay.o
 .text.TIMER_IntClear
                0x00002138       0x1c ./drivers_src/delay.o
 .text.TIMER_IntEnable
                0x00002154       0x20 ./drivers_src/delay.o
 .text.TIMER_IntGetEnabled
                0x00002174       0x24 ./drivers_src/delay.o
 .text.TIMER_TopBufSet
                0x00002198       0x1c ./drivers_src/delay.o
 .text.TIMER_TopSet
                0x000021b4       0x1c ./drivers_src/delay.o
 .text.delay_init
                0x000021d0       0x7c ./drivers_src/delay.o
                0x000021d0                delay_init
 .text.delay_enable
                0x0000224c       0x14 ./drivers_src/delay.o
                0x0000224c                delay_enable
 .text.delay_disable
                0x00002260       0x14 ./drivers_src/delay.o
                0x00002260                delay_disable
 .text.delay_ms
                0x00002274       0x64 ./drivers_src/delay.o
                0x00002274                delay_ms
 .text.TIMER_Valid
                0x000022d8       0x50 ./drivers_src/pwm.o
 .text.TIMER_MaxCount
                0x00002328       0x18 ./drivers_src/pwm.o
 .text.TIMER_CounterSet
                0x00002340       0x1c ./drivers_src/pwm.o
 .text.TIMER_Enable
                0x0000235c       0x2c ./drivers_src/pwm.o
 .text.TIMER_IntClear
                0x00002388       0x1c ./drivers_src/pwm.o
 .text.TIMER_IntEnable
                0x000023a4       0x20 ./drivers_src/pwm.o
 .text.TIMER_IntGetEnabled
                0x000023c4       0x24 ./drivers_src/pwm.o
 .text.TIMER_TopBufSet
                0x000023e8       0x1c ./drivers_src/pwm.o
 .text.TIMER_TopSet
                0x00002404       0x1c ./drivers_src/pwm.o
 .text.pwm_init
                0x00002420       0x7c ./drivers_src/pwm.o
                0x00002420                pwm_init
 .text.pwm_enable
                0x0000249c       0x14 ./drivers_src/pwm.o
                0x0000249c                pwm_enable
 .text.pwm_disable
                0x000024b0       0x14 ./drivers_src/pwm.o
                0x000024b0                pwm_disable
 .text.pwm_us_delay
                0x000024c4       0x5c ./drivers_src/pwm.o
                0x000024c4                pwm_us_delay
 .text.NVIC_EnableIRQ
                0x00002520       0x30 ./drivers_src/rs232.o
 .text.NVIC_ClearPendingIRQ
                0x00002550       0x34 ./drivers_src/rs232.o
 .text.USART_IntClear
                0x00002584       0x1c ./drivers_src/rs232.o
 .text.USART_IntDisable
                0x000025a0       0x24 ./drivers_src/rs232.o
 .text.USART_IntEnable
                0x000025c4       0x20 ./drivers_src/rs232.o
 .text.rs232_init
                0x000025e4       0xb0 ./drivers_src/rs232.o
                0x000025e4                rs232_init
 .text.rs232_enable
                0x00002694       0x14 ./drivers_src/rs232.o
                0x00002694                rs232_enable
 .text.rs232_transmit_string
                0x000026a8       0x6c ./drivers_src/rs232.o
                0x000026a8                rs232_transmit_string
 .text.USART2_TX_IRQHandler
                0x00002714       0x4c ./drivers_src/rs232.o
                0x00002714                USART2_TX_IRQHandler
 .text.USART2_RX_IRQHandler
                0x00002760       0x40 ./drivers_src/rs232.o
                0x00002760                USART2_RX_IRQHandler
 .text.NVIC_EnableIRQ
                0x000027a0       0x30 ./drivers_src/rs485.o
 .text.NVIC_ClearPendingIRQ
                0x000027d0       0x34 ./drivers_src/rs485.o
 .text.GPIO_PinOutClear
                0x00002804       0x58 ./drivers_src/rs485.o
 .text.GPIO_PinOutSet
                0x0000285c       0x58 ./drivers_src/rs485.o
 .text.LEUART_IntClear
                0x000028b4       0x1c ./drivers_src/rs485.o
 .text.LEUART_IntDisable
                0x000028d0       0x24 ./drivers_src/rs485.o
 .text.LEUART_IntEnable
                0x000028f4       0x20 ./drivers_src/rs485.o
 .text.rs485_init
                0x00002914       0xe0 ./drivers_src/rs485.o
                0x00002914                rs485_init
 .text.rs485_enable
                0x000029f4       0x14 ./drivers_src/rs485.o
                0x000029f4                rs485_enable
 .text.rs485_transmit_string
                0x00002a08       0x78 ./drivers_src/rs485.o
                0x00002a08                rs485_transmit_string
 .text.rs485_recieve_char
                0x00002a80       0x3c ./drivers_src/rs485.o
                0x00002a80                rs485_recieve_char
 .text.rs485_tx_mode
                0x00002abc       0x18 ./drivers_src/rs485.o
                0x00002abc                rs485_tx_mode
 .text.rs485_rx_mode
                0x00002ad4       0x18 ./drivers_src/rs485.o
                0x00002ad4                rs485_rx_mode
 .text.LEUART0_IRQHandler
                0x00002aec       0xd0 ./drivers_src/rs485.o
                0x00002aec                LEUART0_IRQHandler
 .text.GPIO_PinOutClear
                0x00002bbc       0x58 ./drivers_src/spi.o
 .text.GPIO_PinOutSet
                0x00002c14       0x58 ./drivers_src/spi.o
 .text.USART_IntClear
                0x00002c6c       0x1c ./drivers_src/spi.o
 .text.spi_init
                0x00002c88       0xbc ./drivers_src/spi.o
                0x00002c88                spi_init
 .text.spi_enable
                0x00002d44       0x14 ./drivers_src/spi.o
                0x00002d44                spi_enable
 .text.spi_disable
                0x00002d58       0x14 ./drivers_src/spi.o
                0x00002d58                spi_disable
 .text.spi_cs_set
                0x00002d6c       0x40 ./drivers_src/spi.o
                0x00002d6c                spi_cs_set
 .text.spi_cs_clear
                0x00002dac       0x8c ./drivers_src/spi.o
                0x00002dac                spi_cs_clear
 .text.spi_read_write_byte
                0x00002e38       0x34 ./drivers_src/spi.o
                0x00002e38                spi_read_write_byte
 .text.spi_write_byte
                0x00002e6c       0x28 ./drivers_src/spi.o
                0x00002e6c                spi_write_byte
 .text.spi_read_byte
                0x00002e94       0x2c ./drivers_src/spi.o
                0x00002e94                spi_read_byte
 .text.BUS_RegBitWrite
                0x00002ec0       0x2c ./emlib/src/em_cmu.o
 .text.BUS_RegBitRead
                0x00002eec       0x2c ./emlib/src/em_cmu.o
 .text.CMU_DivToLog2
                0x00002f18       0x34 ./emlib/src/em_cmu.o
 .text.SYSTEM_GetProdRev
                0x00002f4c       0x1c ./emlib/src/em_cmu.o
 .text.SYSTEM_GetFamily
                0x00002f68       0x20 ./emlib/src/em_cmu.o
 .text.maxFreqHfle
                0x00002f88       0x78 ./emlib/src/em_cmu.o
 .text.setHfLeConfig
                0x00003000       0x60 ./emlib/src/em_cmu.o
 .text.getHfLeConfig
                0x00003060       0x20 ./emlib/src/em_cmu.o
 .text.auxClkGet
                0x00003080       0xb0 ./emlib/src/em_cmu.o
 .text.dbgClkGet
                0x00003130       0x40 ./emlib/src/em_cmu.o
 .text.flashWaitStateControl
                0x00003170       0xb8 ./emlib/src/em_cmu.o
 .text.flashWaitStateMax
                0x00003228       0x14 ./emlib/src/em_cmu.o
 .text.CMU_UpdateWaitStates
                0x0000323c       0x18 ./emlib/src/em_cmu.o
                0x0000323c                CMU_UpdateWaitStates
 .text.lfClkGet
                0x00003254       0xec ./emlib/src/em_cmu.o
 .text.syncReg  0x00003340       0x34 ./emlib/src/em_cmu.o
 .text.CMU_ClockDivSet
                0x00003374      0x22c ./emlib/src/em_cmu.o
                0x00003374                CMU_ClockDivSet
 .text.CMU_ClockEnable
                0x000035a0       0xd0 ./emlib/src/em_cmu.o
                0x000035a0                CMU_ClockEnable
 .text.CMU_ClockFreqGet
                0x00003670      0x1c8 ./emlib/src/em_cmu.o
                0x00003670                CMU_ClockFreqGet
 .text.CMU_ClockSelectGet
                0x00003838      0x124 ./emlib/src/em_cmu.o
                0x00003838                CMU_ClockSelectGet
 .text.CMU_ClockSelectSet
                0x0000395c      0x22c ./emlib/src/em_cmu.o
                0x0000395c                CMU_ClockSelectSet
 .text.CMU_HFRCOBandSet
                0x00003b88       0xe0 ./emlib/src/em_cmu.o
                0x00003b88                CMU_HFRCOBandSet
 .text.CMU_OscillatorEnable
                0x00003c68       0xbc ./emlib/src/em_cmu.o
                0x00003c68                CMU_OscillatorEnable
 .text.CORE_EnterAtomic
                0x00003d24       0x20 ./emlib/src/em_core.o
                0x00003d24                CORE_EnterAtomic
 .text.CORE_ExitAtomic
                0x00003d44       0x1c ./emlib/src/em_core.o
                0x00003d44                CORE_ExitAtomic
 .text.DMA_IRQHandler
                0x00003d60       0xd8 ./emlib/src/em_dma.o
                0x00003d60                DMA_IRQHandler
 .text.BUS_RegBitWrite
                0x00003e38       0x2c ./emlib/src/em_gpio.o
 .text.BUS_RegMaskedWrite
                0x00003e64       0x28 ./emlib/src/em_gpio.o
 .text.GPIO_PinOutClear
                0x00003e8c       0x58 ./emlib/src/em_gpio.o
 .text.GPIO_PinOutSet
                0x00003ee4       0x58 ./emlib/src/em_gpio.o
 .text.GPIO_DriveModeSet
                0x00003f3c       0x70 ./emlib/src/em_gpio.o
                0x00003f3c                GPIO_DriveModeSet
 .text.GPIO_ExtIntConfig
                0x00003fac       0xd4 ./emlib/src/em_gpio.o
                0x00003fac                GPIO_ExtIntConfig
 .text.GPIO_PinModeSet
                0x00004080      0x10c ./emlib/src/em_gpio.o
                0x00004080                GPIO_PinModeSet
 .text.LEUART_Sync
                0x0000418c       0x30 ./emlib/src/em_leuart.o
 .text.LEUART_BaudrateSet
                0x000041bc       0x80 ./emlib/src/em_leuart.o
                0x000041bc                LEUART_BaudrateSet
 .text.LEUART_Enable
                0x0000423c       0x58 ./emlib/src/em_leuart.o
                0x0000423c                LEUART_Enable
 .text.LEUART_FreezeEnable
                0x00004294       0x34 ./emlib/src/em_leuart.o
                0x00004294                LEUART_FreezeEnable
 .text.LEUART_Init
                0x000042c8       0x84 ./emlib/src/em_leuart.o
                0x000042c8                LEUART_Init
 .text.LEUART_Reset
                0x0000434c       0x70 ./emlib/src/em_leuart.o
                0x0000434c                LEUART_Reset
 .text.LEUART_Rx
                0x000043bc       0x28 ./emlib/src/em_leuart.o
                0x000043bc                LEUART_Rx
 .text.LEUART_Tx
                0x000043e4       0x30 ./emlib/src/em_leuart.o
                0x000043e4                LEUART_Tx
 .text.BUS_RegBitWrite
                0x00004414       0x2c ./emlib/src/em_rtc.o
 .text.RTC_CompareSet
                0x00004440       0x3c ./emlib/src/em_rtc.o
                0x00004440                RTC_CompareSet
 .text.RTC_Enable
                0x0000447c       0x20 ./emlib/src/em_rtc.o
                0x0000447c                RTC_Enable
 .text.RTC_Init
                0x0000449c       0x50 ./emlib/src/em_rtc.o
                0x0000449c                RTC_Init
 .text.SYSTEM_ChipRevisionGet
                0x000044ec       0x74 ./emlib/src/em_system.o
                0x000044ec                SYSTEM_ChipRevisionGet
 .text.TIMER_Valid
                0x00004560       0x50 ./emlib/src/em_timer.o
 .text.TIMER_Init
                0x000045b0       0xdc ./emlib/src/em_timer.o
                0x000045b0                TIMER_Init
 .text.USART_BaudrateAsyncSet
                0x0000468c       0xb0 ./emlib/src/em_usart.o
                0x0000468c                USART_BaudrateAsyncSet
 .text.USART_BaudrateSyncSet
                0x0000473c       0x40 ./emlib/src/em_usart.o
                0x0000473c                USART_BaudrateSyncSet
 .text.USART_Enable
                0x0000477c       0x58 ./emlib/src/em_usart.o
                0x0000477c                USART_Enable
 .text.USART_InitAsync
                0x000047d4       0x9c ./emlib/src/em_usart.o
                0x000047d4                USART_InitAsync
 .text.USART_InitSync
                0x00004870       0xcc ./emlib/src/em_usart.o
                0x00004870                USART_InitSync
 .text.USART_Reset
                0x0000493c       0x98 ./emlib/src/em_usart.o
                0x0000493c                USART_Reset
 .text.USART_Rx
                0x000049d4       0x28 ./emlib/src/em_usart.o
                0x000049d4                USART_Rx
 .text.USART_SpiTransfer
                0x000049fc       0x40 ./emlib/src/em_usart.o
                0x000049fc                USART_SpiTransfer
 .text.USART_Tx
                0x00004a3c       0x2c ./emlib/src/em_usart.o
                0x00004a3c                USART_Tx
 .text.disk_status
                0x00004a68       0x44 ./fat_filesystem_src/diskio.o
                0x00004a68                disk_status
 .text.disk_initialize
                0x00004aac       0x4c ./fat_filesystem_src/diskio.o
                0x00004aac                disk_initialize
 .text.disk_read
                0x00004af8       0x50 ./fat_filesystem_src/diskio.o
                0x00004af8                disk_read
 .text.disk_write
                0x00004b48       0x50 ./fat_filesystem_src/diskio.o
                0x00004b48                disk_write
 .text.disk_ioctl
                0x00004b98       0x50 ./fat_filesystem_src/diskio.o
                0x00004b98                disk_ioctl
 .text.ld_word  0x00004be8       0x30 ./fat_filesystem_src/ff.o
 .text.ld_dword
                0x00004c18       0x48 ./fat_filesystem_src/ff.o
 .text.st_word  0x00004c60       0x34 ./fat_filesystem_src/ff.o
 .text.st_dword
                0x00004c94       0x58 ./fat_filesystem_src/ff.o
 .text.mem_cpy  0x00004cec       0x40 ./fat_filesystem_src/ff.o
 .text.mem_set  0x00004d2c       0x34 ./fat_filesystem_src/ff.o
 .text.mem_cmp  0x00004d60       0x50 ./fat_filesystem_src/ff.o
 .text.chk_chr  0x00004db0       0x38 ./fat_filesystem_src/ff.o
 .text.sync_window
                0x00004de8       0x8c ./fat_filesystem_src/ff.o
 .text.move_window
                0x00004e74       0x5c ./fat_filesystem_src/ff.o
 .text.sync_fs  0x00004ed0       0xdc ./fat_filesystem_src/ff.o
 .text.clust2sect
                0x00004fac       0x40 ./fat_filesystem_src/ff.o
 .text.get_fat  0x00004fec      0x140 ./fat_filesystem_src/ff.o
 .text.put_fat  0x0000512c      0x1bc ./fat_filesystem_src/ff.o
 .text.remove_chain
                0x000052e8       0xc8 ./fat_filesystem_src/ff.o
 .text.create_chain
                0x000053b0      0x134 ./fat_filesystem_src/ff.o
 .text.dir_sdi  0x000054e4       0xf4 ./fat_filesystem_src/ff.o
 .text.dir_next
                0x000055d8      0x188 ./fat_filesystem_src/ff.o
 .text.dir_alloc
                0x00005760       0x90 ./fat_filesystem_src/ff.o
 .text.ld_clust
                0x000057f0       0x40 ./fat_filesystem_src/ff.o
 .text.st_clust
                0x00005830       0x40 ./fat_filesystem_src/ff.o
 .text.dir_find
                0x00005870       0xa8 ./fat_filesystem_src/ff.o
 .text.dir_register
                0x00005918       0x68 ./fat_filesystem_src/ff.o
 .text.create_name
                0x00005980      0x1a0 ./fat_filesystem_src/ff.o
 .text.follow_path
                0x00005b20       0xdc ./fat_filesystem_src/ff.o
 .text.get_ldnumber
                0x00005bfc       0x88 ./fat_filesystem_src/ff.o
 .text.check_fs
                0x00005c84       0xa8 ./fat_filesystem_src/ff.o
 .text.find_volume
                0x00005d2c      0x474 ./fat_filesystem_src/ff.o
 .text.validate
                0x000061a0       0x68 ./fat_filesystem_src/ff.o
 .text.f_mount  0x00006208       0x88 ./fat_filesystem_src/ff.o
                0x00006208                f_mount
 .text.f_open   0x00006290      0x320 ./fat_filesystem_src/ff.o
                0x00006290                f_open
 .text.f_write  0x000065b0      0x2d8 ./fat_filesystem_src/ff.o
                0x000065b0                f_write
 .text.f_sync   0x00006888      0x108 ./fat_filesystem_src/ff.o
                0x00006888                f_sync
 .text.f_close  0x00006990       0x40 ./fat_filesystem_src/ff.o
                0x00006990                f_close
 .text.putc_bfd
                0x000069d0       0x78 ./fat_filesystem_src/ff.o
 .text.putc_flush
                0x00006a48       0x54 ./fat_filesystem_src/ff.o
 .text.putc_init
                0x00006a9c       0x28 ./fat_filesystem_src/ff.o
 .text.f_puts   0x00006ac4       0x48 ./fat_filesystem_src/ff.o
                0x00006ac4                f_puts
 .text.get_fattime
                0x00006b0c       0x14 ./fat_filesystem_src/ff.o
                0x00006b0c                get_fattime
 .text.fifo_rs232_init
                0x00006b20       0x48 ./fifo_buffers_src/fifo_rs232.o
                0x00006b20                fifo_rs232_init
 .text.fifo_rs232_is_empty
                0x00006b68       0x4c ./fifo_buffers_src/fifo_rs232.o
                0x00006b68                fifo_rs232_is_empty
 .text.fifo_rs232_is_full
                0x00006bb4       0x50 ./fifo_buffers_src/fifo_rs232.o
                0x00006bb4                fifo_rs232_is_full
 .text.fifo_rs232_remove
                0x00006c04       0xbc ./fifo_buffers_src/fifo_rs232.o
                0x00006c04                fifo_rs232_remove
 .text.fifo_rs232_add
                0x00006cc0       0xb0 ./fifo_buffers_src/fifo_rs232.o
                0x00006cc0                fifo_rs232_add
 .text.fifo_tbr_init
                0x00006d70       0x68 ./fifo_buffers_src/fifo_tbr.o
                0x00006d70                fifo_tbr_init
 .text.fifo_tbr_is_empty
                0x00006dd8       0x6c ./fifo_buffers_src/fifo_tbr.o
                0x00006dd8                fifo_tbr_is_empty
 .text.fifo_tbr_is_full
                0x00006e44       0x6c ./fifo_buffers_src/fifo_tbr.o
                0x00006e44                fifo_tbr_is_full
 .text.fifo_tbr_remove
                0x00006eb0      0x108 ./fifo_buffers_src/fifo_tbr.o
                0x00006eb0                fifo_tbr_remove
 .text.fifo_tbr_add
                0x00006fb8       0xf8 ./fifo_buffers_src/fifo_tbr.o
                0x00006fb8                fifo_tbr_add
 .text.debug_str
                0x000070b0       0x28 ./hal/debug.o
                0x000070b0                debug_str
 .text.NVIC_EnableIRQ
                0x000070d8       0x30 ./hal/hal.o
 .text.NVIC_ClearPendingIRQ
                0x00007108       0x34 ./hal/hal.o
 .text.NVIC_SystemReset
                0x0000713c       0x28 ./hal/hal.o
 .text.GPIO_IntClear
                0x00007164       0x20 ./hal/hal.o
 .text.GPIO_IntGetEnabled
                0x00007184       0x28 ./hal/hal.o
 .text.GPIO_PinOutClear
                0x000071ac       0x58 ./hal/hal.o
 .text.GPIO_PinOutSet
                0x00007204       0x58 ./hal/hal.o
 .text.GPIO_IntConfig
                0x0000725c       0x38 ./hal/hal.o
 .text.RTC_CounterGet
                0x00007294       0x18 ./hal/hal.o
 .text.RTC_IntClear
                0x000072ac       0x1c ./hal/hal.o
 .text.RTC_IntDisable
                0x000072c8       0x24 ./hal/hal.o
 .text.RTC_IntEnable
                0x000072ec       0x24 ./hal/hal.o
 .text.RTC_IntGet
                0x00007310       0x18 ./hal/hal.o
 .text.time_manager_init
                0x00007328       0x50 ./hal/hal.o
                0x00007328                time_manager_init
 .text.time_manager_unixTimestamp
                0x00007378      0x118 ./hal/hal.o
                0x00007378                time_manager_unixTimestamp
 .text.time_manager_get_cmd
                0x00007490       0x18 ./hal/hal.o
                0x00007490                time_manager_get_cmd
 .text.GPIO_EVEN_IRQHandler
                0x000074a8      0x104 ./hal/hal.o
                0x000074a8                GPIO_EVEN_IRQHandler
 .text.GPIO_ODD_IRQHandler
                0x000075ac       0x34 ./hal/hal.o
                0x000075ac                GPIO_ODD_IRQHandler
 .text.hal_io_init
                0x000075e0       0xbc ./hal/hal.o
 .text.hal_pin_rxtx
                0x0000769c       0x14 ./hal/hal.o
                0x0000769c                hal_pin_rxtx
 .text.hal_pin_nss
                0x000076b0       0x24 ./hal/hal.o
                0x000076b0                hal_pin_nss
 .text.hal_pin_rst
                0x000076d4       0x18 ./hal/hal.o
                0x000076d4                hal_pin_rst
 .text.hal_spi_init
                0x000076ec       0x10 ./hal/hal.o
 .text.hal_spi  0x000076fc       0x24 ./hal/hal.o
                0x000076fc                hal_spi
 .text.RTC_IRQHandler
                0x00007720       0x34 ./hal/hal.o
                0x00007720                RTC_IRQHandler
 .text.hal_time_init
                0x00007754       0x84 ./hal/hal.o
 .text.hal_ticks
                0x000077d8       0x4c ./hal/hal.o
                0x000077d8                hal_ticks
 .text.deltaticks
                0x00007824       0x3c ./hal/hal.o
 .text.hal_waitUntil
                0x00007860       0x1c ./hal/hal.o
                0x00007860                hal_waitUntil
 .text.hal_checkTimer
                0x0000787c       0x4c ./hal/hal.o
                0x0000787c                hal_checkTimer
 .text.hal_disableIRQs
                0x000078c8       0x40 ./hal/hal.o
                0x000078c8                hal_disableIRQs
 .text.hal_enableIRQs
                0x00007908       0x38 ./hal/hal.o
                0x00007908                hal_enableIRQs
 .text.hal_sleep
                0x00007940        0xc ./hal/hal.o
                0x00007940                hal_sleep
 .text.hal_init
                0x0000794c       0x28 ./hal/hal.o
                0x0000794c                hal_init
 .text.hal_failed
                0x00007974       0x74 ./hal/hal.o
                0x00007974                hal_failed
 .text.aesroundkeys
                0x000079e8       0xf4 ./lmic/aes.o
 .text.os_aes   0x00007adc      0x99c ./lmic/aes.o
                0x00007adc                os_aes
 .text.getSf    0x00008478       0x20 ./lmic/lmic.o
                0x00008478                getSf
 .text.getBw    0x00008498       0x24 ./lmic/lmic.o
                0x00008498                getBw
 .text.getCr    0x000084bc       0x24 ./lmic/lmic.o
                0x000084bc                getCr
 .text.setCr    0x000084e0       0x30 ./lmic/lmic.o
                0x000084e0                setCr
 .text.getNocrc
                0x00008510       0x20 ./lmic/lmic.o
                0x00008510                getNocrc
 .text.setNocrc
                0x00008530       0x2c ./lmic/lmic.o
                0x00008530                setNocrc
 .text.getIh    0x0000855c       0x20 ./lmic/lmic.o
                0x0000855c                getIh
 .text.updr2rps
                0x0000857c       0x24 ./lmic/lmic.o
                0x0000857c                updr2rps
 .text.dndr2rps
                0x000085a0       0x28 ./lmic/lmic.o
                0x000085a0                dndr2rps
 .text.decDR    0x000085c8       0x30 ./lmic/lmic.o
                0x000085c8                decDR
 .text.validDR  0x000085f8       0x2c ./lmic/lmic.o
                0x000085f8                validDR
 .text.lowerDR  0x00008624       0x34 ./lmic/lmic.o
                0x00008624                lowerDR
 .text.os_rlsbf2
                0x00008658       0x2c ./lmic/lmic.o
                0x00008658                os_rlsbf2
 .text.os_rlsbf4
                0x00008684       0x3c ./lmic/lmic.o
                0x00008684                os_rlsbf4
 .text.os_rmsbf4
                0x000086c0       0x3c ./lmic/lmic.o
                0x000086c0                os_rmsbf4
 .text.os_wlsbf2
                0x000086fc       0x2c ./lmic/lmic.o
                0x000086fc                os_wlsbf2
 .text.os_wlsbf4
                0x00008728       0x40 ./lmic/lmic.o
                0x00008728                os_wlsbf4
 .text.os_wmsbf4
                0x00008768       0x40 ./lmic/lmic.o
                0x00008768                os_wmsbf4
 .text.os_getBattLevel
                0x000087a8       0x10 ./lmic/lmic.o
                0x000087a8                os_getBattLevel
 .text.micB0    0x000087b8       0x60 ./lmic/lmic.o
 .text.aes_verifyMic
                0x00008818       0x58 ./lmic/lmic.o
 .text.aes_appendMic
                0x00008870       0x4c ./lmic/lmic.o
 .text.aes_appendMic0
                0x000088bc       0x38 ./lmic/lmic.o
 .text.aes_verifyMic0
                0x000088f4       0x44 ./lmic/lmic.o
 .text.aes_encrypt
                0x00008938       0x28 ./lmic/lmic.o
 .text.aes_cipher
                0x00008960       0x84 ./lmic/lmic.o
 .text.aes_sessKeys
                0x000089e4       0x78 ./lmic/lmic.o
 .text.getSensitivity
                0x00008a5c       0x40 ./lmic/lmic.o
                0x00008a5c                getSensitivity
 .text.calcAirTime
                0x00008a9c      0x124 ./lmic/lmic.o
                0x00008a9c                calcAirTime
 .text.rndDelay
                0x00008bc0       0x64 ./lmic/lmic.o
 .text.txDelay  0x00008c24       0x58 ./lmic/lmic.o
 .text.setDrJoin
                0x00008c7c       0x28 ./lmic/lmic.o
 .text.setDrTxpow
                0x00008ca4       0x58 ./lmic/lmic.o
 .text.initDefaultChannels
                0x00008cfc      0x120 ./lmic/lmic.o
 .text.LMIC_setupBand
                0x00008e1c       0x5c ./lmic/lmic.o
                0x00008e1c                LMIC_setupBand
 .text.LMIC_setupChannel
                0x00008e78       0xf8 ./lmic/lmic.o
                0x00008e78                LMIC_setupChannel
 .text.LMIC_disableChannel
                0x00008f70       0x54 ./lmic/lmic.o
                0x00008f70                LMIC_disableChannel
 .text.convFreq
                0x00008fc4       0x44 ./lmic/lmic.o
 .text.mapChannels
                0x00009008       0x90 ./lmic/lmic.o
 .text.updateTx
                0x00009098       0x90 ./lmic/lmic.o
 .text.nextTx   0x00009128      0x138 ./lmic/lmic.o
 .text.initJoinLoop
                0x00009260       0x6c ./lmic/lmic.o
 .text.nextJoinState
                0x000092cc       0xcc ./lmic/lmic.o
 .text.runEngineUpdate
                0x00009398       0x14 ./lmic/lmic.o
 .text.reportEvent
                0x000093ac       0x1c ./lmic/lmic.o
 .text.runReset
                0x000093c8       0x1c ./lmic/lmic.o
 .text.stateJustJoined
                0x000093e4       0xb0 ./lmic/lmic.o
 .text.decodeFrame
                0x00009494      0x57c ./lmic/lmic.o
 .text.setupRx2
                0x00009a10       0x40 ./lmic/lmic.o
 .text.schedRx2
                0x00009a50       0x50 ./lmic/lmic.o
 .text.setupRx1
                0x00009aa0       0x44 ./lmic/lmic.o
 .text.txDone   0x00009ae4       0x70 ./lmic/lmic.o
 .text.onJoinFailed
                0x00009b54       0x14 ./lmic/lmic.o
 .text.processJoinAccept
                0x00009b68      0x25c ./lmic/lmic.o
 .text.processRx2Jacc
                0x00009dc4       0x28 ./lmic/lmic.o
 .text.setupRx2Jacc
                0x00009dec       0x20 ./lmic/lmic.o
 .text.processRx1Jacc
                0x00009e0c       0x34 ./lmic/lmic.o
 .text.setupRx1Jacc
                0x00009e40       0x18 ./lmic/lmic.o
 .text.jreqDone
                0x00009e58       0x1c ./lmic/lmic.o
 .text.processRx2DnDataDelay
                0x00009e74       0x14 ./lmic/lmic.o
 .text.processRx2DnData
                0x00009e88       0x50 ./lmic/lmic.o
 .text.setupRx2DnData
                0x00009ed8       0x20 ./lmic/lmic.o
 .text.processRx1DnData
                0x00009ef8       0x34 ./lmic/lmic.o
 .text.setupRx1DnData
                0x00009f2c       0x18 ./lmic/lmic.o
 .text.updataDone
                0x00009f44       0x1c ./lmic/lmic.o
 .text.buildDataFrame
                0x00009f60      0x330 ./lmic/lmic.o
 .text.buildJoinRequest
                0x0000a290       0x6c ./lmic/lmic.o
 .text.startJoining
                0x0000a2fc       0x14 ./lmic/lmic.o
 .text.LMIC_startJoining
                0x0000a310       0x94 ./lmic/lmic.o
                0x0000a310                LMIC_startJoining
 .text.processDnData
                0x0000a3a4      0x1a0 ./lmic/lmic.o
 .text.engineUpdate
                0x0000a544      0x214 ./lmic/lmic.o
 .text.LMIC_setAdrMode
                0x0000a758       0x2c ./lmic/lmic.o
                0x0000a758                LMIC_setAdrMode
 .text.LMIC_setDrTxpow
                0x0000a784       0x28 ./lmic/lmic.o
                0x0000a784                LMIC_setDrTxpow
 .text.LMIC_reset
                0x0000a7ac       0x74 ./lmic/lmic.o
                0x0000a7ac                LMIC_reset
 .text.LMIC_init
                0x0000a820       0x18 ./lmic/lmic.o
                0x0000a820                LMIC_init
 .text.LMIC_setTxData
                0x0000a838       0x38 ./lmic/lmic.o
                0x0000a838                LMIC_setTxData
 .text.LMIC_setTxData2
                0x0000a870       0x64 ./lmic/lmic.o
                0x0000a870                LMIC_setTxData2
 .text.os_init  0x0000a8d4       0x20 ./lmic/oslmic.o
                0x0000a8d4                os_init
 .text.os_getTime
                0x0000a8f4       0x10 ./lmic/oslmic.o
                0x0000a8f4                os_getTime
 .text.unlinkjob
                0x0000a904       0x40 ./lmic/oslmic.o
 .text.os_clearCallback
                0x0000a944       0x3c ./lmic/oslmic.o
                0x0000a944                os_clearCallback
 .text.os_setCallback
                0x0000a980       0x48 ./lmic/oslmic.o
                0x0000a980                os_setCallback
 .text.os_setTimedCallback
                0x0000a9c8       0x68 ./lmic/oslmic.o
                0x0000a9c8                os_setTimedCallback
 .text.os_runloop
                0x0000aa30       0x6c ./lmic/oslmic.o
                0x0000aa30                os_runloop
 .text.writeReg
                0x0000aa9c       0x38 ./lmic/radio.o
 .text.readReg  0x0000aad4       0x38 ./lmic/radio.o
 .text.writeBuf
                0x0000ab0c       0x54 ./lmic/radio.o
 .text.readBuf  0x0000ab60       0x54 ./lmic/radio.o
 .text.opmode   0x0000abb4       0x30 ./lmic/radio.o
 .text.opmodeLora
                0x0000abe4       0x24 ./lmic/radio.o
 .text.opmodeFSK
                0x0000ac08       0x24 ./lmic/radio.o
 .text.configLoraModem
                0x0000ac2c      0x150 ./lmic/radio.o
 .text.configChannel
                0x0000ad7c       0x7c ./lmic/radio.o
 .text.configPower
                0x0000adf8       0x60 ./lmic/radio.o
 .text.txfsk    0x0000ae58       0xd8 ./lmic/radio.o
 .text.txlora   0x0000af30       0xb4 ./lmic/radio.o
 .text.starttx  0x0000afe4       0x38 ./lmic/radio.o
 .text.rxlora   0x0000b01c       0xd8 ./lmic/radio.o
 .text.rxfsk    0x0000b0f4       0xe0 ./lmic/radio.o
 .text.startrx  0x0000b1d4       0x4c ./lmic/radio.o
 .text.radio_init
                0x0000b220      0x16c ./lmic/radio.o
                0x0000b220                radio_init
 .text.radio_rand1
                0x0000b38c       0x4c ./lmic/radio.o
                0x0000b38c                radio_rand1
 .text.radio_irq_handler
                0x0000b3d8      0x1ac ./lmic/radio.o
                0x0000b3d8                radio_irq_handler
 .text.os_radio
                0x0000b584       0x54 ./lmic/radio.o
                0x0000b584                os_radio
 .text.file_sys_setup
                0x0000b5d8       0xf8 ./resource managers_src/app_manager.o
                0x0000b5d8                file_sys_setup
 .text.tbr_cmd_update_rgb_led
                0x0000b6d0       0x54 ./resource managers_src/app_manager.o
                0x0000b6d0                tbr_cmd_update_rgb_led
 .text.app_manager_init
                0x0000b724      0x1d8 ./resource managers_src/app_manager.o
                0x0000b724                app_manager_init
 .text.app_manager_tbr_synch_msg
                0x0000b8fc      0x218 ./resource managers_src/app_manager.o
                0x0000b8fc                app_manager_tbr_synch_msg
 .text.app_manager_get_nav_data
                0x0000bb14       0x18 ./resource managers_src/app_manager.o
                0x0000bb14                app_manager_get_nav_data
 .text.app_manager_get_lora_buffer
                0x0000bb2c       0x64 ./resource managers_src/app_manager.o
                0x0000bb2c                app_manager_get_lora_buffer
 .text.EMU_EnterEM1
                0x0000bb90       0x20 ./resource managers_src/lpwan_manager.o
 .text.os_getArtEui
                0x0000bbb0       0x1c ./resource managers_src/lpwan_manager.o
                0x0000bbb0                os_getArtEui
 .text.os_getDevEui
                0x0000bbcc       0x1c ./resource managers_src/lpwan_manager.o
                0x0000bbcc                os_getDevEui
 .text.os_getDevKey
                0x0000bbe8       0x1c ./resource managers_src/lpwan_manager.o
                0x0000bbe8                os_getDevKey
 .text.lora_tx_function
                0x0000bc04       0x38 ./resource managers_src/lpwan_manager.o
 .text.setup_channel
                0x0000bc3c       0x60 ./resource managers_src/lpwan_manager.o
 .text.init_funct
                0x0000bc9c       0x18 ./resource managers_src/lpwan_manager.o
 .text.app_funct
                0x0000bcb4       0xc4 ./resource managers_src/lpwan_manager.o
 .text.lpwan_init
                0x0000bd78       0x28 ./resource managers_src/lpwan_manager.o
                0x0000bd78                lpwan_init
 .text.onEvent  0x0000bda0       0xe8 ./resource managers_src/lpwan_manager.o
                0x0000bda0                onEvent
 .text.SYSTEM_GetProdRev
                0x0000be88       0x1c ./src/main.o
 .text.CHIP_Init
                0x0000bea4       0x3c ./src/main.o
 .text.main     0x0000bee0       0xe0 ./src/main.o
                0x0000bee0                main
 .text          0x0000bfc0       0x30 c:/siliconlabs/simplicitystudio/v4/developer/toolchains/gnu_arm/4.9_2015q3/bin/../lib/gcc/arm-none-eabi/4.9.3/armv7-m\libgcc.a(_aeabi_uldivmod.o)
                0x0000bfc0                __aeabi_uldivmod
 .text          0x0000bff0       0x60 c:/siliconlabs/simplicitystudio/v4/developer/toolchains/gnu_arm/4.9_2015q3/bin/../lib/gcc/arm-none-eabi/4.9.3/armv7-m\libgcc.a(bpabi.o)
                0x0000bff0                __gnu_ldivmod_helper
                0x0000c020                __gnu_uldivmod_helper
 .text          0x0000c050        0x4 c:/siliconlabs/simplicitystudio/v4/developer/toolchains/gnu_arm/4.9_2015q3/bin/../lib/gcc/arm-none-eabi/4.9.3/armv7-m\libgcc.a(_dvmd_tls.o)
                0x0000c050                __aeabi_idiv0
                0x0000c050                __aeabi_ldiv0
 .text          0x0000c054      0x2ac c:/siliconlabs/simplicitystudio/v4/developer/toolchains/gnu_arm/4.9_2015q3/bin/../lib/gcc/arm-none-eabi/4.9.3/armv7-m\libgcc.a(_divdi3.o)
                0x0000c054                __divdi3
 .text          0x0000c300      0x270 c:/siliconlabs/simplicitystudio/v4/developer/toolchains/gnu_arm/4.9_2015q3/bin/../lib/gcc/arm-none-eabi/4.9.3/armv7-m\libgcc.a(_udivdi3.o)
                0x0000c300                __udivdi3
 .text.exit     0x0000c570       0x28 c:/siliconlabs/simplicitystudio/v4/developer/toolchains/gnu_arm/4.9_2015q3/bin/../lib/gcc/arm-none-eabi/4.9.3/../../../../arm-none-eabi/lib/armv7-m\libc_nano.a(lib_a-exit.o)
                0x0000c570                exit
 .text.__libc_init_array
                0x0000c598       0x4c c:/siliconlabs/simplicitystudio/v4/developer/toolchains/gnu_arm/4.9_2015q3/bin/../lib/gcc/arm-none-eabi/4.9.3/../../../../arm-none-eabi/lib/armv7-m\libc_nano.a(lib_a-init.o)
                0x0000c598                __libc_init_array
 .text.memcpy   0x0000c5e4       0x16 c:/siliconlabs/simplicitystudio/v4/developer/toolchains/gnu_arm/4.9_2015q3/bin/../lib/gcc/arm-none-eabi/4.9.3/../../../../arm-none-eabi/lib/armv7-m\libc_nano.a(lib_a-memcpy.o)
                0x0000c5e4                memcpy
 .text.memset   0x0000c5fa       0x10 c:/siliconlabs/simplicitystudio/v4/developer/toolchains/gnu_arm/4.9_2015q3/bin/../lib/gcc/arm-none-eabi/4.9.3/../../../../arm-none-eabi/lib/armv7-m\libc_nano.a(lib_a-memset.o)
                0x0000c5fa                memset
 *fill*         0x0000c60a        0x2 
 .text.sprintf  0x0000c60c       0x48 c:/siliconlabs/simplicitystudio/v4/developer/toolchains/gnu_arm/4.9_2015q3/bin/../lib/gcc/arm-none-eabi/4.9.3/../../../../arm-none-eabi/lib/armv7-m\libc_nano.a(lib_a-sprintf.o)
                0x0000c60c                siprintf
                0x0000c60c                sprintf
 .text.strchr   0x0000c654       0x1c c:/siliconlabs/simplicitystudio/v4/developer/toolchains/gnu_arm/4.9_2015q3/bin/../lib/gcc/arm-none-eabi/4.9.3/../../../../arm-none-eabi/lib/armv7-m\libc_nano.a(lib_a-strchr.o)
                0x0000c654                strchr
 .text.strlen   0x0000c670       0x10 c:/siliconlabs/simplicitystudio/v4/developer/toolchains/gnu_arm/4.9_2015q3/bin/../lib/gcc/arm-none-eabi/4.9.3/../../../../arm-none-eabi/lib/armv7-m\libc_nano.a(lib_a-strlen.o)
                0x0000c670                strlen
 .text.strstr   0x0000c680       0x30 c:/siliconlabs/simplicitystudio/v4/developer/toolchains/gnu_arm/4.9_2015q3/bin/../lib/gcc/arm-none-eabi/4.9.3/../../../../arm-none-eabi/lib/armv7-m\libc_nano.a(lib_a-strstr.o)
                0x0000c680                strstr
 .text.strtok   0x0000c6b0       0x64 c:/siliconlabs/simplicitystudio/v4/developer/toolchains/gnu_arm/4.9_2015q3/bin/../lib/gcc/arm-none-eabi/4.9.3/../../../../arm-none-eabi/lib/armv7-m\libc_nano.a(lib_a-strtok.o)
                0x0000c6b0                strtok
 .text.__strtok_r
                0x0000c714       0x56 c:/siliconlabs/simplicitystudio/v4/developer/toolchains/gnu_arm/4.9_2015q3/bin/../lib/gcc/arm-none-eabi/4.9.3/../../../../arm-none-eabi/lib/armv7-m\libc_nano.a(lib_a-strtok_r.o)
                0x0000c714                __strtok_r
 *fill*         0x0000c76a        0x2 
 .text._strtoul_r
                0x0000c76c       0xf8 c:/siliconlabs/simplicitystudio/v4/developer/toolchains/gnu_arm/4.9_2015q3/bin/../lib/gcc/arm-none-eabi/4.9.3/../../../../arm-none-eabi/lib/armv7-m\libc_nano.a(lib_a-strtoul.o)
                0x0000c76c                _strtoul_r
 .text.strtoul  0x0000c864       0x1c c:/siliconlabs/simplicitystudio/v4/developer/toolchains/gnu_arm/4.9_2015q3/bin/../lib/gcc/arm-none-eabi/4.9.3/../../../../arm-none-eabi/lib/armv7-m\libc_nano.a(lib_a-strtoul.o)
                0x0000c864                strtoul
 .text.malloc   0x0000c880       0x10 c:/siliconlabs/simplicitystudio/v4/developer/toolchains/gnu_arm/4.9_2015q3/bin/../lib/gcc/arm-none-eabi/4.9.3/../../../../arm-none-eabi/lib/armv7-m\libc_nano.a(lib_a-malloc.o)
                0x0000c880                malloc
 .text._free_r  0x0000c890       0x88 c:/siliconlabs/simplicitystudio/v4/developer/toolchains/gnu_arm/4.9_2015q3/bin/../lib/gcc/arm-none-eabi/4.9.3/../../../../arm-none-eabi/lib/armv7-m\libc_nano.a(lib_a-nano-freer.o)
                0x0000c890                _free_r
 .text._malloc_r
                0x0000c918       0xac c:/siliconlabs/simplicitystudio/v4/developer/toolchains/gnu_arm/4.9_2015q3/bin/../lib/gcc/arm-none-eabi/4.9.3/../../../../arm-none-eabi/lib/armv7-m\libc_nano.a(lib_a-nano-mallocr.o)
                0x0000c918                _malloc_r
 .text.__ssputs_r
                0x0000c9c4       0xb2 c:/siliconlabs/simplicitystudio/v4/developer/toolchains/gnu_arm/4.9_2015q3/bin/../lib/gcc/arm-none-eabi/4.9.3/../../../../arm-none-eabi/lib/armv7-m\libc_nano.a(lib_a-nano-svfprintf.o)
                0x0000c9c4                __ssputs_r
 *fill*         0x0000ca76        0x2 
 .text._svfprintf_r
                0x0000ca78      0x1e4 c:/siliconlabs/simplicitystudio/v4/developer/toolchains/gnu_arm/4.9_2015q3/bin/../lib/gcc/arm-none-eabi/4.9.3/../../../../arm-none-eabi/lib/armv7-m\libc_nano.a(lib_a-nano-svfprintf.o)
                0x0000ca78                _svfiprintf_r
                0x0000ca78                _svfprintf_r
 .text._printf_common
                0x0000cc5c       0xea c:/siliconlabs/simplicitystudio/v4/developer/toolchains/gnu_arm/4.9_2015q3/bin/../lib/gcc/arm-none-eabi/4.9.3/../../../../arm-none-eabi/lib/armv7-m\libc_nano.a(lib_a-nano-vfprintf_i.o)
                0x0000cc5c                _printf_common
 *fill*         0x0000cd46        0x2 
 .text._printf_i
                0x0000cd48      0x240 c:/siliconlabs/simplicitystudio/v4/developer/toolchains/gnu_arm/4.9_2015q3/bin/../lib/gcc/arm-none-eabi/4.9.3/../../../../arm-none-eabi/lib/armv7-m\libc_nano.a(lib_a-nano-vfprintf_i.o)
                0x0000cd48                _printf_i
 .text._sbrk_r  0x0000cf88       0x20 c:/siliconlabs/simplicitystudio/v4/developer/toolchains/gnu_arm/4.9_2015q3/bin/../lib/gcc/arm-none-eabi/4.9.3/../../../../arm-none-eabi/lib/armv7-m\libc_nano.a(lib_a-sbrkr.o)
                0x0000cf88                _sbrk_r
 .text.memchr   0x0000cfa8       0x1c c:/siliconlabs/simplicitystudio/v4/developer/toolchains/gnu_arm/4.9_2015q3/bin/../lib/gcc/arm-none-eabi/4.9.3/../../../../arm-none-eabi/lib/armv7-m\libc_nano.a(lib_a-memchr.o)
                0x0000cfa8                memchr
 .text.memmove  0x0000cfc4       0x36 c:/siliconlabs/simplicitystudio/v4/developer/toolchains/gnu_arm/4.9_2015q3/bin/../lib/gcc/arm-none-eabi/4.9.3/../../../../arm-none-eabi/lib/armv7-m\libc_nano.a(lib_a-memmove.o)
                0x0000cfc4                memmove
 .text._realloc_r
                0x0000cffa       0x4c c:/siliconlabs/simplicitystudio/v4/developer/toolchains/gnu_arm/4.9_2015q3/bin/../lib/gcc/arm-none-eabi/4.9.3/../../../../arm-none-eabi/lib/armv7-m\libc_nano.a(lib_a-nano-reallocr.o)
                0x0000cffa                _realloc_r
 .text._malloc_usable_size_r
                0x0000d046       0x14 c:/siliconlabs/simplicitystudio/v4/developer/toolchains/gnu_arm/4.9_2015q3/bin/../lib/gcc/arm-none-eabi/4.9.3/../../../../arm-none-eabi/lib/armv7-m\libc_nano.a(lib_a-nano-msizer.o)
                0x0000d046                _malloc_usable_size_r
 *fill*         0x0000d05a        0x2 
 .text._sbrk    0x0000d05c       0x1c c:/siliconlabs/simplicitystudio/v4/developer/toolchains/gnu_arm/4.9_2015q3/bin/../lib/gcc/arm-none-eabi/4.9.3/../../../../arm-none-eabi/lib/armv7-m\libnosys.a(sbrk.o)
                0x0000d05c                _sbrk
 .text._exit    0x0000d078        0x4 c:/siliconlabs/simplicitystudio/v4/developer/toolchains/gnu_arm/4.9_2015q3/bin/../lib/gcc/arm-none-eabi/4.9.3/../../../../arm-none-eabi/lib/armv7-m\libnosys.a(_exit.o)
                0x0000d078                _exit
 *(.init)
 .init          0x0000d07c        0x4 c:/siliconlabs/simplicitystudio/v4/developer/toolchains/gnu_arm/4.9_2015q3/bin/../lib/gcc/arm-none-eabi/4.9.3/armv7-m/crti.o
                0x0000d07c                _init
 .init          0x0000d080        0x8 c:/siliconlabs/simplicitystudio/v4/developer/toolchains/gnu_arm/4.9_2015q3/bin/../lib/gcc/arm-none-eabi/4.9.3/armv7-m/crtn.o
 *(.fini)
 .fini          0x0000d088        0x4 c:/siliconlabs/simplicitystudio/v4/developer/toolchains/gnu_arm/4.9_2015q3/bin/../lib/gcc/arm-none-eabi/4.9.3/armv7-m/crti.o
                0x0000d088                _fini
 .fini          0x0000d08c        0x8 c:/siliconlabs/simplicitystudio/v4/developer/toolchains/gnu_arm/4.9_2015q3/bin/../lib/gcc/arm-none-eabi/4.9.3/armv7-m/crtn.o
 *crtbegin.o(.ctors)
 *crtbegin?.o(.ctors)
 *(EXCLUDE_FILE(*crtend.o *crtend?.o) .ctors)
 *(SORT(.ctors.*))
 *(.ctors)
 *crtbegin.o(.dtors)
 *crtbegin?.o(.dtors)
 *(EXCLUDE_FILE(*crtend.o *crtend?.o) .dtors)
 *(SORT(.dtors.*))
 *(.dtors)
 *(.rodata*)
 .rodata        0x0000d094       0x42 ./devices_src/tbr.o
 *fill*         0x0000d0d6        0x2 
 .rodata.nav_pvt_gps_data
                0x0000d0d8        0x8 ./devices_src/ublox_gps.o
 .rodata.cfg_prt_spi
                0x0000d0e0       0x1c ./devices_src/ublox_gps.o
 .rodata.cfg_prt_usb
                0x0000d0fc       0x1c ./devices_src/ublox_gps.o
 .rodata.cfg_prt_ddc
                0x0000d118       0x1c ./devices_src/ublox_gps.o
 .rodata.cfg_pm2_on_off
                0x0000d134       0x34 ./devices_src/ublox_gps.o
 .rodata.cfg_sbas_disable
                0x0000d168       0x10 ./devices_src/ublox_gps.o
 .rodata.cfg_rxm_psm_mode
                0x0000d178        0xa ./devices_src/ublox_gps.o
 *fill*         0x0000d182        0x2 
 .rodata.cfg_rxm_poll_psm
                0x0000d184        0x8 ./devices_src/ublox_gps.o
 .rodata        0x0000d18c       0x1f ./devices_src/ublox_gps.o
 *fill*         0x0000d1ab        0x1 
 .rodata        0x0000d1ac       0x18 ./drivers_src/rs232.o
 .rodata        0x0000d1c4       0x18 ./drivers_src/spi.o
 .rodata        0x0000d1dc        0xf ./fat_filesystem_src/ff.o
 *fill*         0x0000d1eb        0x1 
 .rodata        0x0000d1ec       0x23 ./hal/hal.o
 *fill*         0x0000d20f        0x1 
 .rodata.AES_RCON
                0x0000d210       0x28 ./lmic/aes.o
 .rodata.AES_S  0x0000d238      0x100 ./lmic/aes.o
 .rodata.AES_E1
                0x0000d338      0x400 ./lmic/aes.o
 .rodata.AES_E2
                0x0000d738      0x400 ./lmic/aes.o
 .rodata.AES_E3
                0x0000db38      0x400 ./lmic/aes.o
 .rodata.AES_E4
                0x0000df38      0x400 ./lmic/aes.o
 .rodata._DR2RPS_CRC
                0x0000e338        0xa ./lmic/lmic.o
                0x0000e338                _DR2RPS_CRC
 *fill*         0x0000e342        0x2 
 .rodata.TXPOWLEVELS
                0x0000e344       0x10 ./lmic/lmic.o
 .rodata.SENSITIVITY
                0x0000e354       0x15 ./lmic/lmic.o
 *fill*         0x0000e369        0x3 
 .rodata.DRADJUST
                0x0000e36c        0xa ./lmic/lmic.o
 *fill*         0x0000e376        0x2 
 .rodata.DR2HSYM_osticks
                0x0000e378       0x20 ./lmic/lmic.o
 .rodata.iniChannelFreq
                0x0000e398       0x30 ./lmic/lmic.o
 .rodata.rxlorairqmask
                0x0000e3c8        0x3 ./lmic/radio.o
 *fill*         0x0000e3cb        0x1 
 .rodata.LORA_RXDONE_FIXUP
                0x0000e3cc        0xe ./lmic/radio.o
 *fill*         0x0000e3da        0x2 
 .rodata        0x0000e3dc      0x148 ./resource managers_src/app_manager.o
 .rodata.APPEUI
                0x0000e524        0x8 ./resource managers_src/lpwan_manager.o
 .rodata.DEVEUI
                0x0000e52c        0x8 ./resource managers_src/lpwan_manager.o
 .rodata.DEVKEY
                0x0000e534       0x10 ./resource managers_src/lpwan_manager.o
 .rodata        0x0000e544      0x120 ./resource managers_src/lpwan_manager.o
 .rodata        0x0000e664       0x6a ./src/main.o
 .rodata.str1.1
                0x0000e6ce        0x2 c:/siliconlabs/simplicitystudio/v4/developer/toolchains/gnu_arm/4.9_2015q3/bin/../lib/gcc/arm-none-eabi/4.9.3/../../../../arm-none-eabi/lib/armv7-m\libc_nano.a(lib_a-impure.o)
 .rodata._global_impure_ptr
                0x0000e6d0        0x4 c:/siliconlabs/simplicitystudio/v4/developer/toolchains/gnu_arm/4.9_2015q3/bin/../lib/gcc/arm-none-eabi/4.9.3/../../../../arm-none-eabi/lib/armv7-m\libc_nano.a(lib_a-impure.o)
                0x0000e6d0                _global_impure_ptr
 .rodata._ctype_
                0x0000e6d4      0x101 c:/siliconlabs/simplicitystudio/v4/developer/toolchains/gnu_arm/4.9_2015q3/bin/../lib/gcc/arm-none-eabi/4.9.3/../../../../arm-none-eabi/lib/armv7-m\libc_nano.a(lib_a-ctype_.o)
                0x0000e6d4                _ctype_
 .rodata.str1.1
                0x0000e7d5       0x11 c:/siliconlabs/simplicitystudio/v4/developer/toolchains/gnu_arm/4.9_2015q3/bin/../lib/gcc/arm-none-eabi/4.9.3/../../../../arm-none-eabi/lib/armv7-m\libc_nano.a(lib_a-nano-svfprintf.o)
 .rodata.str1.1
                0x0000e7e6       0x22 c:/siliconlabs/simplicitystudio/v4/developer/toolchains/gnu_arm/4.9_2015q3/bin/../lib/gcc/arm-none-eabi/4.9.3/../../../../arm-none-eabi/lib/armv7-m\libc_nano.a(lib_a-nano-vfprintf_i.o)
 *(.eh_frame*)
 .eh_frame      0x0000e808        0x0 c:/siliconlabs/simplicitystudio/v4/developer/toolchains/gnu_arm/4.9_2015q3/bin/../lib/gcc/arm-none-eabi/4.9.3/armv7-m/crtbegin.o
 .eh_frame      0x0000e808        0x4 c:/siliconlabs/simplicitystudio/v4/developer/toolchains/gnu_arm/4.9_2015q3/bin/../lib/gcc/arm-none-eabi/4.9.3/armv7-m/crtend.o

.glue_7         0x0000e80c        0x0
 .glue_7        0x00000000        0x0 linker stubs

.glue_7t        0x0000e80c        0x0
 .glue_7t       0x00000000        0x0 linker stubs

.vfp11_veneer   0x0000e80c        0x0
 .vfp11_veneer  0x00000000        0x0 linker stubs

.v4_bx          0x0000e80c        0x0
 .v4_bx         0x00000000        0x0 linker stubs

.iplt           0x0000e80c        0x0
 .iplt          0x00000000        0x0 c:/siliconlabs/simplicitystudio/v4/developer/toolchains/gnu_arm/4.9_2015q3/bin/../lib/gcc/arm-none-eabi/4.9.3/armv7-m/crtbegin.o

.ARM.extab
 *(.ARM.extab* .gnu.linkonce.armextab.*)
                0x0000e80c                __exidx_start = .

.ARM.exidx      0x0000e80c        0x8
 *(.ARM.exidx* .gnu.linkonce.armexidx.*)
 .ARM.exidx     0x0000e80c        0x8 c:/siliconlabs/simplicitystudio/v4/developer/toolchains/gnu_arm/4.9_2015q3/bin/../lib/gcc/arm-none-eabi/4.9.3/../../../../arm-none-eabi/lib/armv7-m/crt0.o
 .ARM.exidx     0x0000e814        0x0 c:/siliconlabs/simplicitystudio/v4/developer/toolchains/gnu_arm/4.9_2015q3/bin/../lib/gcc/arm-none-eabi/4.9.3/armv7-m\libgcc.a(_divdi3.o)
                                  0x8 (size before relaxing)
 .ARM.exidx     0x0000e814        0x0 c:/siliconlabs/simplicitystudio/v4/developer/toolchains/gnu_arm/4.9_2015q3/bin/../lib/gcc/arm-none-eabi/4.9.3/armv7-m\libgcc.a(_udivdi3.o)
                                  0x8 (size before relaxing)
                0x0000e814                __exidx_end = .
                0x0000e814                __etext = .

.rel.dyn        0x0000e814        0x0
 .rel.iplt      0x00000000        0x0 c:/siliconlabs/simplicitystudio/v4/developer/toolchains/gnu_arm/4.9_2015q3/bin/../lib/gcc/arm-none-eabi/4.9.3/armv7-m/crtbegin.o

.data           0x20000000       0x84 load address 0x0000e814
                0x20000000                __data_start__ = .
 *(vtable)
 *(.data*)
 .data.SystemHFXOClock
                0x20000000        0x4 ./CMSIS/EFM32GG/system_efm32gg.o
 .data.SystemLFXOClock
                0x20000004        0x4 ./CMSIS/EFM32GG/system_efm32gg.o
 .data.SystemCoreClock
                0x20000008        0x4 ./CMSIS/EFM32GG/system_efm32gg.o
                0x20000008                SystemCoreClock
 .data.isr_rx_tx_char
                0x2000000c        0x1 ./drivers_src/rs485.o
 *fill*         0x2000000d        0x3 
 .data.impure_data
                0x20000010       0x60 c:/siliconlabs/simplicitystudio/v4/developer/toolchains/gnu_arm/4.9_2015q3/bin/../lib/gcc/arm-none-eabi/4.9.3/../../../../arm-none-eabi/lib/armv7-m\libc_nano.a(lib_a-impure.o)
 .data._impure_ptr
                0x20000070        0x4 c:/siliconlabs/simplicitystudio/v4/developer/toolchains/gnu_arm/4.9_2015q3/bin/../lib/gcc/arm-none-eabi/4.9.3/../../../../arm-none-eabi/lib/armv7-m\libc_nano.a(lib_a-impure.o)
                0x20000070                _impure_ptr
 .data.__ctype_ptr__
                0x20000074        0x4 c:/siliconlabs/simplicitystudio/v4/developer/toolchains/gnu_arm/4.9_2015q3/bin/../lib/gcc/arm-none-eabi/4.9.3/../../../../arm-none-eabi/lib/armv7-m\libc_nano.a(lib_a-ctype_.o)
                0x20000074                __ctype_ptr__
                0x20000078                . = ALIGN (0x4)
 *(.ram)
                0x20000078                . = ALIGN (0x4)
                0x20000078                PROVIDE (__preinit_array_start, .)
 *(.preinit_array)
                0x20000078                PROVIDE (__preinit_array_end, .)
                0x20000078                . = ALIGN (0x4)
                0x20000078                PROVIDE (__init_array_start, .)
 *(SORT(.init_array.*))
 *(.init_array)
 .init_array    0x20000078        0x4 c:/siliconlabs/simplicitystudio/v4/developer/toolchains/gnu_arm/4.9_2015q3/bin/../lib/gcc/arm-none-eabi/4.9.3/armv7-m/crtbegin.o
                0x2000007c                PROVIDE (__init_array_end, .)
                0x2000007c                . = ALIGN (0x4)
                0x2000007c                PROVIDE (__fini_array_start, .)
 *(SORT(.fini_array.*))
 *(.fini_array)
 .fini_array    0x2000007c        0x4 c:/siliconlabs/simplicitystudio/v4/developer/toolchains/gnu_arm/4.9_2015q3/bin/../lib/gcc/arm-none-eabi/4.9.3/armv7-m/crtbegin.o
                0x20000080                PROVIDE (__fini_array_end, .)
 *(.jcr*)
 .jcr           0x20000080        0x0 c:/siliconlabs/simplicitystudio/v4/developer/toolchains/gnu_arm/4.9_2015q3/bin/../lib/gcc/arm-none-eabi/4.9.3/armv7-m/crtbegin.o
 .jcr           0x20000080        0x4 c:/siliconlabs/simplicitystudio/v4/developer/toolchains/gnu_arm/4.9_2015q3/bin/../lib/gcc/arm-none-eabi/4.9.3/armv7-m/crtend.o
                0x20000084                . = ALIGN (0x4)
                0x20000084                __data_end__ = .

.igot.plt       0x20000084        0x0 load address 0x0000e898
 .igot.plt      0x00000000        0x0 c:/siliconlabs/simplicitystudio/v4/developer/toolchains/gnu_arm/4.9_2015q3/bin/../lib/gcc/arm-none-eabi/4.9.3/armv7-m/crtbegin.o

.bss            0x20000088     0x10f8 load address 0x0000e8a0
                0x20000088                . = ALIGN (0x4)
                0x20000088                __bss_start__ = .
 *(.bss*)
 .bss           0x20000088       0x1c c:/siliconlabs/simplicitystudio/v4/developer/toolchains/gnu_arm/4.9_2015q3/bin/../lib/gcc/arm-none-eabi/4.9.3/armv7-m/crtbegin.o
 .bss.array_msg
                0x200000a4      0x200 ./devices_src/tbr.o
 .bss.array_size
                0x200002a4        0x4 ./devices_src/tbr.o
 .bss.array_front
                0x200002a8        0x4 ./devices_src/tbr.o
 .bss.array_rear
                0x200002ac        0x4 ./devices_src/tbr.o
 .bss.current_rx_fifo
                0x200002b0        0x1 ./drivers_src/rs485.o
 .bss.init_flag
                0x200002b1        0x1 ./fat_filesystem_src/diskio.o
 *fill*         0x200002b2        0x2 
 .bss.FatFs     0x200002b4        0x4 ./fat_filesystem_src/ff.o
 .bss.Fsid      0x200002b8        0x2 ./fat_filesystem_src/ff.o
 *fill*         0x200002ba        0x2 
 .bss.fifo_rx_size
                0x200002bc        0x4 ./fifo_buffers_src/fifo_rs232.o
 .bss.fifo_tx_size
                0x200002c0        0x4 ./fifo_buffers_src/fifo_rs232.o
 .bss.fifo_rx_front
                0x200002c4        0x4 ./fifo_buffers_src/fifo_rs232.o
 .bss.fifo_tx_front
                0x200002c8        0x4 ./fifo_buffers_src/fifo_rs232.o
 .bss.fifo_rx_rear
                0x200002cc        0x4 ./fifo_buffers_src/fifo_rs232.o
 .bss.fifo_tx_rear
                0x200002d0        0x4 ./fifo_buffers_src/fifo_rs232.o
 .bss.fifo_tx   0x200002d4      0x200 ./fifo_buffers_src/fifo_rs232.o
 .bss.fifo_rx   0x200004d4       0x10 ./fifo_buffers_src/fifo_rs232.o
 .bss.fifo_rx_data_size
                0x200004e4        0x4 ./fifo_buffers_src/fifo_tbr.o
 .bss.fifo_rx_cmd_size
                0x200004e8        0x4 ./fifo_buffers_src/fifo_tbr.o
 .bss.fifo_tx_cmd_size
                0x200004ec        0x4 ./fifo_buffers_src/fifo_tbr.o
 .bss.fifo_rx_cmd_front
                0x200004f0        0x4 ./fifo_buffers_src/fifo_tbr.o
 .bss.fifo_tx_cmd_front
                0x200004f4        0x4 ./fifo_buffers_src/fifo_tbr.o
 .bss.fifo_rx_data_front
                0x200004f8        0x4 ./fifo_buffers_src/fifo_tbr.o
 .bss.fifo_rx_cmd_rear
                0x200004fc        0x4 ./fifo_buffers_src/fifo_tbr.o
 .bss.fifo_tx_cmd_rear
                0x20000500        0x4 ./fifo_buffers_src/fifo_tbr.o
 .bss.fifo_rx_data_rear
                0x20000504        0x4 ./fifo_buffers_src/fifo_tbr.o
 .bss.fifo_tx_cmd
                0x20000508       0x10 ./fifo_buffers_src/fifo_tbr.o
 .bss.fifo_rx_cmd
                0x20000518        0x0 ./fifo_buffers_src/fifo_tbr.o
 .bss.fifo_rx_data
                0x20000518      0x200 ./fifo_buffers_src/fifo_tbr.o
 .bss.HAL       0x20000718        0x8 ./hal/hal.o
 .bss.time_manager_cmd
                0x20000720        0x1 ./hal/hal.o
 *fill*         0x20000721        0x3 
 .bss.time_count
                0x20000724        0x4 ./hal/hal.o
 .bss.gpio_int_flag
                0x20000728        0x4 ./hal/hal.o
                0x20000728                gpio_int_flag
 .bss.test_flag
                0x2000072c        0x1 ./hal/hal.o
 .bss.rtcInitialized
                0x2000072d        0x1 ./hal/hal.o
 *fill*         0x2000072e        0x2 
 .bss.rtcFreq   0x20000730        0x4 ./hal/hal.o
 .bss.irqlevel  0x20000734        0x1 ./hal/hal.o
 .bss.int_flag  0x20000735        0x1 ./hal/hal.o
 *fill*         0x20000736        0x2 
 .bss.OS        0x20000738        0x8 ./lmic/oslmic.o
 .bss.randbuf   0x20000740       0x10 ./lmic/radio.o
 .bss.FatFs     0x20000750      0x230 ./resource managers_src/app_manager.o
 .bss.tbr_lora_length
                0x20000980        0x4 ./resource managers_src/app_manager.o
 .bss.tbr_lora_buf
                0x20000984      0x200 ./resource managers_src/app_manager.o
 .bss.init_job  0x20000b84        0xc ./resource managers_src/lpwan_manager.o
 .bss.app_job   0x20000b90        0xc ./resource managers_src/lpwan_manager.o
 .bss.lora_msg_length
                0x20000b9c        0x1 ./src/main.o
                0x20000b9c                lora_msg_length
 *fill*         0x20000b9d        0x3 
 .bss.__malloc_sbrk_start
                0x20000ba0        0x4 c:/siliconlabs/simplicitystudio/v4/developer/toolchains/gnu_arm/4.9_2015q3/bin/../lib/gcc/arm-none-eabi/4.9.3/../../../../arm-none-eabi/lib/armv7-m\libc_nano.a(lib_a-nano-mallocr.o)
                0x20000ba0                __malloc_sbrk_start
 .bss.__malloc_free_list
                0x20000ba4        0x4 c:/siliconlabs/simplicitystudio/v4/developer/toolchains/gnu_arm/4.9_2015q3/bin/../lib/gcc/arm-none-eabi/4.9.3/../../../../arm-none-eabi/lib/armv7-m\libc_nano.a(lib_a-nano-mallocr.o)
                0x20000ba4                __malloc_free_list
 .bss.heap_end.4079
                0x20000ba8        0x4 c:/siliconlabs/simplicitystudio/v4/developer/toolchains/gnu_arm/4.9_2015q3/bin/../lib/gcc/arm-none-eabi/4.9.3/../../../../arm-none-eabi/lib/armv7-m\libnosys.a(sbrk.o)
 *(COMMON)
 COMMON         0x20000bac        0x4 ./hal/hal.o
                0x20000bac                irqState
 COMMON         0x20000bb0       0xc0 ./lmic/aes.o
                0x20000bb0                AESKEY
                0x20000c60                AESAUX
 COMMON         0x20000c70      0x244 ./lmic/lmic.o
                0x20000c70                LMIC
 COMMON         0x20000eb4       0x80 ./resource managers_src/app_manager.o
                0x20000eb4                rs232_tx_buf
 COMMON         0x20000f34       0x20 ./resource managers_src/lpwan_manager.o
                0x20000f34                temp_buf
 COMMON         0x20000f54      0x228 ./src/main.o
                0x20000f54                lora_buffer
                0x20001154                ref_timestamp
 COMMON         0x2000117c        0x4 c:/siliconlabs/simplicitystudio/v4/developer/toolchains/gnu_arm/4.9_2015q3/bin/../lib/gcc/arm-none-eabi/4.9.3/../../../../arm-none-eabi/lib/armv7-m\libc_nano.a(lib_a-reent.o)
                0x2000117c                errno
                0x20001180                . = ALIGN (0x4)
                0x20001180                __bss_end__ = .

.heap           0x20001180      0xc00
                0x20001180                __HeapBase = .
                0x20001180                __end__ = .
                0x20001180                end = __end__
                0x20001180                _end = __end__
 *(.heap*)
 .heap          0x20001180      0xc00 ./CMSIS/EFM32GG/startup_efm32gg.o
                0x20001d80                __HeapLimit = .

.stack_dummy    0x20001180      0x400
 *(.stack*)
 .stack         0x20001180      0x400 ./CMSIS/EFM32GG/startup_efm32gg.o
                0x20020000                __StackTop = (ORIGIN (RAM) + 0x20000)
                0x2001fc00                __StackLimit = (__StackTop - SIZEOF (.stack_dummy))
                0x20020000                PROVIDE (__stack, __StackTop)
                0x00000001                ASSERT ((__StackLimit >= __HeapLimit), region RAM overflowed with stack)
                0x00000001                ASSERT ((0x100000 >= (__etext + SIZEOF (.data))), FLASH memory overflowed !)
OUTPUT(lmic_and_testproject_iA.axf elf32-littlearm)

.ARM.attributes
                0x00000000       0x29
 .ARM.attributes
                0x00000000       0x1d c:/siliconlabs/simplicitystudio/v4/developer/toolchains/gnu_arm/4.9_2015q3/bin/../lib/gcc/arm-none-eabi/4.9.3/armv7-m/crti.o
 .ARM.attributes
                0x0000001d       0x2d c:/siliconlabs/simplicitystudio/v4/developer/toolchains/gnu_arm/4.9_2015q3/bin/../lib/gcc/arm-none-eabi/4.9.3/armv7-m/crtbegin.o
 .ARM.attributes
                0x0000004a       0x1b c:/siliconlabs/simplicitystudio/v4/developer/toolchains/gnu_arm/4.9_2015q3/bin/../lib/gcc/arm-none-eabi/4.9.3/../../../../arm-none-eabi/lib/armv7-m/crt0.o
 .ARM.attributes
                0x00000065       0x1b ./CMSIS/EFM32GG/startup_efm32gg.o
 .ARM.attributes
                0x00000080       0x33 ./CMSIS/EFM32GG/system_efm32gg.o
 .ARM.attributes
                0x000000b3       0x33 ./devices_src/rgb_led.o
 .ARM.attributes
                0x000000e6       0x33 ./devices_src/sd_card.o
 .ARM.attributes
                0x00000119       0x33 ./devices_src/tbr.o
 .ARM.attributes
                0x0000014c       0x33 ./devices_src/ublox_gps.o
 .ARM.attributes
                0x0000017f       0x33 ./drivers_src/delay.o
 .ARM.attributes
                0x000001b2       0x33 ./drivers_src/pwm.o
 .ARM.attributes
                0x000001e5       0x33 ./drivers_src/rs232.o
 .ARM.attributes
                0x00000218       0x33 ./drivers_src/rs485.o
 .ARM.attributes
                0x0000024b       0x33 ./drivers_src/spi.o
 .ARM.attributes
                0x0000027e       0x33 ./emlib/src/em_cmu.o
 .ARM.attributes
                0x000002b1       0x33 ./emlib/src/em_core.o
 .ARM.attributes
                0x000002e4       0x33 ./emlib/src/em_dma.o
 .ARM.attributes
                0x00000317       0x33 ./emlib/src/em_gpio.o
 .ARM.attributes
                0x0000034a       0x33 ./emlib/src/em_leuart.o
 .ARM.attributes
                0x0000037d       0x33 ./emlib/src/em_rtc.o
 .ARM.attributes
                0x000003b0       0x33 ./emlib/src/em_system.o
 .ARM.attributes
                0x000003e3       0x33 ./emlib/src/em_timer.o
 .ARM.attributes
                0x00000416       0x33 ./emlib/src/em_usart.o
 .ARM.attributes
                0x00000449       0x33 ./fat_filesystem_src/diskio.o
 .ARM.attributes
                0x0000047c       0x33 ./fat_filesystem_src/ff.o
 .ARM.attributes
                0x000004af       0x33 ./fifo_buffers_src/fifo_rs232.o
 .ARM.attributes
                0x000004e2       0x33 ./fifo_buffers_src/fifo_tbr.o
 .ARM.attributes
                0x00000515       0x33 ./hal/debug.o
 .ARM.attributes
                0x00000548       0x33 ./hal/hal.o
 .ARM.attributes
                0x0000057b       0x33 ./lmic/aes.o
 .ARM.attributes
                0x000005ae       0x33 ./lmic/lmic.o
 .ARM.attributes
                0x000005e1       0x33 ./lmic/oslmic.o
 .ARM.attributes
                0x00000614       0x33 ./lmic/radio.o
 .ARM.attributes
                0x00000647       0x33 ./resource managers_src/app_manager.o
 .ARM.attributes
                0x0000067a       0x33 ./resource managers_src/lpwan_manager.o
 .ARM.attributes
                0x000006ad       0x33 ./src/main.o
 .ARM.attributes
                0x000006e0       0x1d c:/siliconlabs/simplicitystudio/v4/developer/toolchains/gnu_arm/4.9_2015q3/bin/../lib/gcc/arm-none-eabi/4.9.3/armv7-m\libgcc.a(_aeabi_uldivmod.o)
 .ARM.attributes
                0x000006fd       0x2d c:/siliconlabs/simplicitystudio/v4/developer/toolchains/gnu_arm/4.9_2015q3/bin/../lib/gcc/arm-none-eabi/4.9.3/armv7-m\libgcc.a(bpabi.o)
 .ARM.attributes
                0x0000072a       0x1d c:/siliconlabs/simplicitystudio/v4/developer/toolchains/gnu_arm/4.9_2015q3/bin/../lib/gcc/arm-none-eabi/4.9.3/armv7-m\libgcc.a(_dvmd_tls.o)
 .ARM.attributes
                0x00000747       0x2d c:/siliconlabs/simplicitystudio/v4/developer/toolchains/gnu_arm/4.9_2015q3/bin/../lib/gcc/arm-none-eabi/4.9.3/armv7-m\libgcc.a(_divdi3.o)
 .ARM.attributes
                0x00000774       0x2d c:/siliconlabs/simplicitystudio/v4/developer/toolchains/gnu_arm/4.9_2015q3/bin/../lib/gcc/arm-none-eabi/4.9.3/armv7-m\libgcc.a(_udivdi3.o)
 .ARM.attributes
                0x000007a1       0x2d c:/siliconlabs/simplicitystudio/v4/developer/toolchains/gnu_arm/4.9_2015q3/bin/../lib/gcc/arm-none-eabi/4.9.3/../../../../arm-none-eabi/lib/armv7-m\libc_nano.a(lib_a-exit.o)
 .ARM.attributes
                0x000007ce       0x2d c:/siliconlabs/simplicitystudio/v4/developer/toolchains/gnu_arm/4.9_2015q3/bin/../lib/gcc/arm-none-eabi/4.9.3/../../../../arm-none-eabi/lib/armv7-m\libc_nano.a(lib_a-impure.o)
 .ARM.attributes
                0x000007fb       0x2d c:/siliconlabs/simplicitystudio/v4/developer/toolchains/gnu_arm/4.9_2015q3/bin/../lib/gcc/arm-none-eabi/4.9.3/../../../../arm-none-eabi/lib/armv7-m\libc_nano.a(lib_a-init.o)
 .ARM.attributes
                0x00000828       0x2d c:/siliconlabs/simplicitystudio/v4/developer/toolchains/gnu_arm/4.9_2015q3/bin/../lib/gcc/arm-none-eabi/4.9.3/../../../../arm-none-eabi/lib/armv7-m\libc_nano.a(lib_a-memcpy.o)
 .ARM.attributes
                0x00000855       0x2d c:/siliconlabs/simplicitystudio/v4/developer/toolchains/gnu_arm/4.9_2015q3/bin/../lib/gcc/arm-none-eabi/4.9.3/../../../../arm-none-eabi/lib/armv7-m\libc_nano.a(lib_a-memset.o)
 .ARM.attributes
                0x00000882       0x2d c:/siliconlabs/simplicitystudio/v4/developer/toolchains/gnu_arm/4.9_2015q3/bin/../lib/gcc/arm-none-eabi/4.9.3/../../../../arm-none-eabi/lib/armv7-m\libc_nano.a(lib_a-sprintf.o)
 .ARM.attributes
                0x000008af       0x2d c:/siliconlabs/simplicitystudio/v4/developer/toolchains/gnu_arm/4.9_2015q3/bin/../lib/gcc/arm-none-eabi/4.9.3/../../../../arm-none-eabi/lib/armv7-m\libc_nano.a(lib_a-strchr.o)
 .ARM.attributes
                0x000008dc       0x2d c:/siliconlabs/simplicitystudio/v4/developer/toolchains/gnu_arm/4.9_2015q3/bin/../lib/gcc/arm-none-eabi/4.9.3/../../../../arm-none-eabi/lib/armv7-m\libc_nano.a(lib_a-strlen.o)
 .ARM.attributes
                0x00000909       0x2d c:/siliconlabs/simplicitystudio/v4/developer/toolchains/gnu_arm/4.9_2015q3/bin/../lib/gcc/arm-none-eabi/4.9.3/../../../../arm-none-eabi/lib/armv7-m\libc_nano.a(lib_a-strstr.o)
 .ARM.attributes
                0x00000936       0x2d c:/siliconlabs/simplicitystudio/v4/developer/toolchains/gnu_arm/4.9_2015q3/bin/../lib/gcc/arm-none-eabi/4.9.3/../../../../arm-none-eabi/lib/armv7-m\libc_nano.a(lib_a-strtok.o)
 .ARM.attributes
                0x00000963       0x2d c:/siliconlabs/simplicitystudio/v4/developer/toolchains/gnu_arm/4.9_2015q3/bin/../lib/gcc/arm-none-eabi/4.9.3/../../../../arm-none-eabi/lib/armv7-m\libc_nano.a(lib_a-strtok_r.o)
 .ARM.attributes
                0x00000990       0x2d c:/siliconlabs/simplicitystudio/v4/developer/toolchains/gnu_arm/4.9_2015q3/bin/../lib/gcc/arm-none-eabi/4.9.3/../../../../arm-none-eabi/lib/armv7-m\libc_nano.a(lib_a-strtoul.o)
 .ARM.attributes
                0x000009bd       0x2d c:/siliconlabs/simplicitystudio/v4/developer/toolchains/gnu_arm/4.9_2015q3/bin/../lib/gcc/arm-none-eabi/4.9.3/../../../../arm-none-eabi/lib/armv7-m\libc_nano.a(lib_a-ctype_.o)
 .ARM.attributes
                0x000009ea       0x2d c:/siliconlabs/simplicitystudio/v4/developer/toolchains/gnu_arm/4.9_2015q3/bin/../lib/gcc/arm-none-eabi/4.9.3/../../../../arm-none-eabi/lib/armv7-m\libc_nano.a(lib_a-malloc.o)
 .ARM.attributes
                0x00000a17       0x2d c:/siliconlabs/simplicitystudio/v4/developer/toolchains/gnu_arm/4.9_2015q3/bin/../lib/gcc/arm-none-eabi/4.9.3/../../../../arm-none-eabi/lib/armv7-m\libc_nano.a(lib_a-nano-freer.o)
 .ARM.attributes
                0x00000a44       0x2d c:/siliconlabs/simplicitystudio/v4/developer/toolchains/gnu_arm/4.9_2015q3/bin/../lib/gcc/arm-none-eabi/4.9.3/../../../../arm-none-eabi/lib/armv7-m\libc_nano.a(lib_a-nano-mallocr.o)
 .ARM.attributes
                0x00000a71       0x2d c:/siliconlabs/simplicitystudio/v4/developer/toolchains/gnu_arm/4.9_2015q3/bin/../lib/gcc/arm-none-eabi/4.9.3/../../../../arm-none-eabi/lib/armv7-m\libc_nano.a(lib_a-nano-svfprintf.o)
 .ARM.attributes
                0x00000a9e       0x2d c:/siliconlabs/simplicitystudio/v4/developer/toolchains/gnu_arm/4.9_2015q3/bin/../lib/gcc/arm-none-eabi/4.9.3/../../../../arm-none-eabi/lib/armv7-m\libc_nano.a(lib_a-nano-vfprintf_i.o)
 .ARM.attributes
                0x00000acb       0x2d c:/siliconlabs/simplicitystudio/v4/developer/toolchains/gnu_arm/4.9_2015q3/bin/../lib/gcc/arm-none-eabi/4.9.3/../../../../arm-none-eabi/lib/armv7-m\libc_nano.a(lib_a-sbrkr.o)
 .ARM.attributes
                0x00000af8       0x2d c:/siliconlabs/simplicitystudio/v4/developer/toolchains/gnu_arm/4.9_2015q3/bin/../lib/gcc/arm-none-eabi/4.9.3/../../../../arm-none-eabi/lib/armv7-m\libc_nano.a(lib_a-memchr.o)
 .ARM.attributes
                0x00000b25       0x2d c:/siliconlabs/simplicitystudio/v4/developer/toolchains/gnu_arm/4.9_2015q3/bin/../lib/gcc/arm-none-eabi/4.9.3/../../../../arm-none-eabi/lib/armv7-m\libc_nano.a(lib_a-memmove.o)
 .ARM.attributes
                0x00000b52       0x2d c:/siliconlabs/simplicitystudio/v4/developer/toolchains/gnu_arm/4.9_2015q3/bin/../lib/gcc/arm-none-eabi/4.9.3/../../../../arm-none-eabi/lib/armv7-m\libc_nano.a(lib_a-nano-reallocr.o)
 .ARM.attributes
                0x00000b7f       0x2d c:/siliconlabs/simplicitystudio/v4/developer/toolchains/gnu_arm/4.9_2015q3/bin/../lib/gcc/arm-none-eabi/4.9.3/../../../../arm-none-eabi/lib/armv7-m\libc_nano.a(lib_a-reent.o)
 .ARM.attributes
                0x00000bac       0x2d c:/siliconlabs/simplicitystudio/v4/developer/toolchains/gnu_arm/4.9_2015q3/bin/../lib/gcc/arm-none-eabi/4.9.3/../../../../arm-none-eabi/lib/armv7-m\libc_nano.a(lib_a-nano-msizer.o)
 .ARM.attributes
                0x00000bd9       0x2d c:/siliconlabs/simplicitystudio/v4/developer/toolchains/gnu_arm/4.9_2015q3/bin/../lib/gcc/arm-none-eabi/4.9.3/../../../../arm-none-eabi/lib/armv7-m\libnosys.a(sbrk.o)
 .ARM.attributes
                0x00000c06       0x2d c:/siliconlabs/simplicitystudio/v4/developer/toolchains/gnu_arm/4.9_2015q3/bin/../lib/gcc/arm-none-eabi/4.9.3/../../../../arm-none-eabi/lib/armv7-m\libnosys.a(_exit.o)
 .ARM.attributes
                0x00000c33       0x2d c:/siliconlabs/simplicitystudio/v4/developer/toolchains/gnu_arm/4.9_2015q3/bin/../lib/gcc/arm-none-eabi/4.9.3/armv7-m/crtend.o
 .ARM.attributes
                0x00000c60       0x1d c:/siliconlabs/simplicitystudio/v4/developer/toolchains/gnu_arm/4.9_2015q3/bin/../lib/gcc/arm-none-eabi/4.9.3/armv7-m/crtn.o

.comment        0x00000000       0x70
 .comment       0x00000000       0x70 ./CMSIS/EFM32GG/system_efm32gg.o
                                 0x71 (size before relaxing)
 .comment       0x00000000       0x71 ./devices_src/rgb_led.o
 .comment       0x00000000       0x71 ./devices_src/sd_card.o
 .comment       0x00000000       0x71 ./devices_src/tbr.o
 .comment       0x00000000       0x71 ./devices_src/ublox_gps.o
 .comment       0x00000000       0x71 ./drivers_src/delay.o
 .comment       0x00000000       0x71 ./drivers_src/pwm.o
 .comment       0x00000000       0x71 ./drivers_src/rs232.o
 .comment       0x00000000       0x71 ./drivers_src/rs485.o
 .comment       0x00000000       0x71 ./drivers_src/spi.o
 .comment       0x00000000       0x71 ./emlib/src/em_cmu.o
 .comment       0x00000000       0x71 ./emlib/src/em_core.o
 .comment       0x00000000       0x71 ./emlib/src/em_dma.o
 .comment       0x00000000       0x71 ./emlib/src/em_gpio.o
 .comment       0x00000000       0x71 ./emlib/src/em_leuart.o
 .comment       0x00000000       0x71 ./emlib/src/em_rtc.o
 .comment       0x00000000       0x71 ./emlib/src/em_system.o
 .comment       0x00000000       0x71 ./emlib/src/em_timer.o
 .comment       0x00000000       0x71 ./emlib/src/em_usart.o
 .comment       0x00000000       0x71 ./fat_filesystem_src/diskio.o
 .comment       0x00000000       0x71 ./fat_filesystem_src/ff.o
 .comment       0x00000000       0x71 ./fifo_buffers_src/fifo_rs232.o
 .comment       0x00000000       0x71 ./fifo_buffers_src/fifo_tbr.o
 .comment       0x00000000       0x71 ./hal/debug.o
 .comment       0x00000000       0x71 ./hal/hal.o
 .comment       0x00000000       0x71 ./lmic/aes.o
 .comment       0x00000000       0x71 ./lmic/lmic.o
 .comment       0x00000000       0x71 ./lmic/oslmic.o
 .comment       0x00000000       0x71 ./lmic/radio.o
 .comment       0x00000000       0x71 ./resource managers_src/app_manager.o
 .comment       0x00000000       0x71 ./resource managers_src/lpwan_manager.o
 .comment       0x00000000       0x71 ./src/main.o

.debug_line     0x00000000     0xac98
 .debug_line    0x00000000       0xd3 ./CMSIS/EFM32GG/startup_efm32gg.o
 .debug_line    0x000000d3      0x38d ./CMSIS/EFM32GG/system_efm32gg.o
 .debug_line    0x00000460      0x3fb ./devices_src/rgb_led.o
 .debug_line    0x0000085b      0x571 ./devices_src/sd_card.o
 .debug_line    0x00000dcc      0x5d2 ./devices_src/tbr.o
 .debug_line    0x0000139e      0x757 ./devices_src/ublox_gps.o
 .debug_line    0x00001af5      0x3d8 ./drivers_src/delay.o
 .debug_line    0x00001ecd      0x450 ./drivers_src/pwm.o
 .debug_line    0x0000231d      0x4b4 ./drivers_src/rs232.o
 .debug_line    0x000027d1      0x500 ./drivers_src/rs485.o
 .debug_line    0x00002cd1      0x44c ./drivers_src/spi.o
 .debug_line    0x0000311d      0xa53 ./emlib/src/em_cmu.o
 .debug_line    0x00003b70      0x63e ./emlib/src/em_core.o
 .debug_line    0x000041ae      0x5c3 ./emlib/src/em_dma.o
 .debug_line    0x00004771      0x4bc ./emlib/src/em_gpio.o
 .debug_line    0x00004c2d      0x472 ./emlib/src/em_leuart.o
 .debug_line    0x0000509f      0x39c ./emlib/src/em_rtc.o
 .debug_line    0x0000543b      0x310 ./emlib/src/em_system.o
 .debug_line    0x0000574b      0x5bf ./emlib/src/em_timer.o
 .debug_line    0x00005d0a      0x5f8 ./emlib/src/em_usart.o
 .debug_line    0x00006302      0x2a8 ./fat_filesystem_src/diskio.o
 .debug_line    0x000065aa     0x124c ./fat_filesystem_src/ff.o
 .debug_line    0x000077f6      0x280 ./fifo_buffers_src/fifo_rs232.o
 .debug_line    0x00007a76      0x2ab ./fifo_buffers_src/fifo_tbr.o
 .debug_line    0x00007d21      0x279 ./hal/debug.o
 .debug_line    0x00007f9a      0x720 ./hal/hal.o
 .debug_line    0x000086ba      0x321 ./lmic/aes.o
 .debug_line    0x000089db      0xe09 ./lmic/lmic.o
 .debug_line    0x000097e4      0x27f ./lmic/oslmic.o
 .debug_line    0x00009a63      0x4d0 ./lmic/radio.o
 .debug_line    0x00009f33      0x482 ./resource managers_src/app_manager.o
 .debug_line    0x0000a3b5      0x4a5 ./resource managers_src/lpwan_manager.o
 .debug_line    0x0000a85a      0x43e ./src/main.o

.debug_info     0x00000000    0x1561b
 .debug_info    0x00000000      0x10e ./CMSIS/EFM32GG/startup_efm32gg.o
 .debug_info    0x0000010e      0x5a1 ./CMSIS/EFM32GG/system_efm32gg.o
 .debug_info    0x000006af      0x5df ./devices_src/rgb_led.o
 .debug_info    0x00000c8e      0x61c ./devices_src/sd_card.o
 .debug_info    0x000012aa      0xacc ./devices_src/tbr.o
 .debug_info    0x00001d76      0xb15 ./devices_src/ublox_gps.o
 .debug_info    0x0000288b      0x801 ./drivers_src/delay.o
 .debug_info    0x0000308c      0x8f1 ./drivers_src/pwm.o
 .debug_info    0x0000397d      0xd3e ./drivers_src/rs232.o
 .debug_info    0x000046bb      0xcca ./drivers_src/rs485.o
 .debug_info    0x00005385      0x9da ./drivers_src/spi.o
 .debug_info    0x00005d5f     0x1508 ./emlib/src/em_cmu.o
 .debug_info    0x00007267      0xcd6 ./emlib/src/em_core.o
 .debug_info    0x00007f3d     0x12c4 ./emlib/src/em_dma.o
 .debug_info    0x00009201      0x65b ./emlib/src/em_gpio.o
 .debug_info    0x0000985c      0x824 ./emlib/src/em_leuart.o
 .debug_info    0x0000a080      0x33f ./emlib/src/em_rtc.o
 .debug_info    0x0000a3bf      0x272 ./emlib/src/em_system.o
 .debug_info    0x0000a631      0x90f ./emlib/src/em_timer.o
 .debug_info    0x0000af40      0xe92 ./emlib/src/em_usart.o
 .debug_info    0x0000bdd2      0x2c1 ./fat_filesystem_src/diskio.o
 .debug_info    0x0000c093     0x1dd6 ./fat_filesystem_src/ff.o
 .debug_info    0x0000de69      0x275 ./fifo_buffers_src/fifo_rs232.o
 .debug_info    0x0000e0de      0x2ce ./fifo_buffers_src/fifo_tbr.o
 .debug_info    0x0000e3ac      0x335 ./hal/debug.o
 .debug_info    0x0000e6e1     0x1376 ./hal/hal.o
 .debug_info    0x0000fa57      0x2f0 ./lmic/aes.o
 .debug_info    0x0000fd47     0x2699 ./lmic/lmic.o
 .debug_info    0x000123e0      0x4ea ./lmic/oslmic.o
 .debug_info    0x000128ca      0xe0d ./lmic/radio.o
 .debug_info    0x000136d7      0xb0d ./resource managers_src/app_manager.o
 .debug_info    0x000141e4      0xab5 ./resource managers_src/lpwan_manager.o
 .debug_info    0x00014c99      0x982 ./src/main.o

.debug_abbrev   0x00000000     0x3938
 .debug_abbrev  0x00000000       0x14 ./CMSIS/EFM32GG/startup_efm32gg.o
 .debug_abbrev  0x00000014      0x1a3 ./CMSIS/EFM32GG/system_efm32gg.o
 .debug_abbrev  0x000001b7      0x15a ./devices_src/rgb_led.o
 .debug_abbrev  0x00000311      0x1c0 ./devices_src/sd_card.o
 .debug_abbrev  0x000004d1      0x231 ./devices_src/tbr.o
 .debug_abbrev  0x00000702      0x1d1 ./devices_src/ublox_gps.o
 .debug_abbrev  0x000008d3      0x1a4 ./drivers_src/delay.o
 .debug_abbrev  0x00000a77      0x1ba ./drivers_src/pwm.o
 .debug_abbrev  0x00000c31      0x1cd ./drivers_src/rs232.o
 .debug_abbrev  0x00000dfe      0x1d8 ./drivers_src/rs485.o
 .debug_abbrev  0x00000fd6      0x1a2 ./drivers_src/spi.o
 .debug_abbrev  0x00001178      0x2de ./emlib/src/em_cmu.o
 .debug_abbrev  0x00001456      0x237 ./emlib/src/em_core.o
 .debug_abbrev  0x0000168d      0x240 ./emlib/src/em_dma.o
 .debug_abbrev  0x000018cd      0x1c0 ./emlib/src/em_gpio.o
 .debug_abbrev  0x00001a8d      0x1e0 ./emlib/src/em_leuart.o
 .debug_abbrev  0x00001c6d      0x196 ./emlib/src/em_rtc.o
 .debug_abbrev  0x00001e03      0x107 ./emlib/src/em_system.o
 .debug_abbrev  0x00001f0a      0x172 ./emlib/src/em_timer.o
 .debug_abbrev  0x0000207c      0x1c5 ./emlib/src/em_usart.o
 .debug_abbrev  0x00002241       0xf2 ./fat_filesystem_src/diskio.o
 .debug_abbrev  0x00002333      0x212 ./fat_filesystem_src/ff.o
 .debug_abbrev  0x00002545       0xee ./fifo_buffers_src/fifo_rs232.o
 .debug_abbrev  0x00002633       0xf5 ./fifo_buffers_src/fifo_tbr.o
 .debug_abbrev  0x00002728      0x107 ./hal/debug.o
 .debug_abbrev  0x0000282f      0x3aa ./hal/hal.o
 .debug_abbrev  0x00002bd9      0x108 ./lmic/aes.o
 .debug_abbrev  0x00002ce1      0x380 ./lmic/lmic.o
 .debug_abbrev  0x00003061      0x183 ./lmic/oslmic.o
 .debug_abbrev  0x000031e4      0x228 ./lmic/radio.o
 .debug_abbrev  0x0000340c      0x19e ./resource managers_src/app_manager.o
 .debug_abbrev  0x000035aa      0x21f ./resource managers_src/lpwan_manager.o
 .debug_abbrev  0x000037c9      0x16f ./src/main.o

.debug_aranges  0x00000000     0x1440
 .debug_aranges
                0x00000000       0x20 ./CMSIS/EFM32GG/startup_efm32gg.o
 .debug_aranges
                0x00000020       0x70 ./CMSIS/EFM32GG/system_efm32gg.o
 .debug_aranges
                0x00000090       0x50 ./devices_src/rgb_led.o
 .debug_aranges
                0x000000e0       0x70 ./devices_src/sd_card.o
 .debug_aranges
                0x00000150       0xa0 ./devices_src/tbr.o
 .debug_aranges
                0x000001f0       0x98 ./devices_src/ublox_gps.o
 .debug_aranges
                0x00000288       0x80 ./drivers_src/delay.o
 .debug_aranges
                0x00000308       0xa8 ./drivers_src/pwm.o
 .debug_aranges
                0x000003b0       0x98 ./drivers_src/rs232.o
 .debug_aranges
                0x00000448       0xa0 ./drivers_src/rs485.o
 .debug_aranges
                0x000004e8       0x78 ./drivers_src/spi.o
 .debug_aranges
                0x00000560      0x168 ./emlib/src/em_cmu.o
 .debug_aranges