Archive member included because of file (symbol)

c:/siliconlabs/simplicitystudio/v4/developer/toolchains/gnu_arm/4.9_2015q3/bin/../lib/gcc/arm-none-eabi/4.9.3/armv7-m\libgcc.a(_aeabi_uldivmod.o)
                              ./emlib/src/em_usart.o (__aeabi_uldivmod)
c:/siliconlabs/simplicitystudio/v4/developer/toolchains/gnu_arm/4.9_2015q3/bin/../lib/gcc/arm-none-eabi/4.9.3/armv7-m\libgcc.a(bpabi.o)
                              c:/siliconlabs/simplicitystudio/v4/developer/toolchains/gnu_arm/4.9_2015q3/bin/../lib/gcc/arm-none-eabi/4.9.3/armv7-m\libgcc.a(_aeabi_uldivmod.o) (__gnu_uldivmod_helper)
c:/siliconlabs/simplicitystudio/v4/developer/toolchains/gnu_arm/4.9_2015q3/bin/../lib/gcc/arm-none-eabi/4.9.3/armv7-m\libgcc.a(_dvmd_tls.o)
                              c:/siliconlabs/simplicitystudio/v4/developer/toolchains/gnu_arm/4.9_2015q3/bin/../lib/gcc/arm-none-eabi/4.9.3/armv7-m\libgcc.a(_aeabi_uldivmod.o) (__aeabi_ldiv0)
c:/siliconlabs/simplicitystudio/v4/developer/toolchains/gnu_arm/4.9_2015q3/bin/../lib/gcc/arm-none-eabi/4.9.3/armv7-m\libgcc.a(_divdi3.o)
                              c:/siliconlabs/simplicitystudio/v4/developer/toolchains/gnu_arm/4.9_2015q3/bin/../lib/gcc/arm-none-eabi/4.9.3/armv7-m\libgcc.a(bpabi.o) (__divdi3)
c:/siliconlabs/simplicitystudio/v4/developer/toolchains/gnu_arm/4.9_2015q3/bin/../lib/gcc/arm-none-eabi/4.9.3/armv7-m\libgcc.a(_udivdi3.o)
                              c:/siliconlabs/simplicitystudio/v4/developer/toolchains/gnu_arm/4.9_2015q3/bin/../lib/gcc/arm-none-eabi/4.9.3/armv7-m\libgcc.a(bpabi.o) (__udivdi3)
c:/siliconlabs/simplicitystudio/v4/developer/toolchains/gnu_arm/4.9_2015q3/bin/../lib/gcc/arm-none-eabi/4.9.3/../../../../arm-none-eabi/lib/armv7-m\libc_nano.a(lib_a-exit.o)
                              c:/siliconlabs/simplicitystudio/v4/developer/toolchains/gnu_arm/4.9_2015q3/bin/../lib/gcc/arm-none-eabi/4.9.3/../../../../arm-none-eabi/lib/armv7-m/crt0.o (exit)
c:/siliconlabs/simplicitystudio/v4/developer/toolchains/gnu_arm/4.9_2015q3/bin/../lib/gcc/arm-none-eabi/4.9.3/../../../../arm-none-eabi/lib/armv7-m\libc_nano.a(lib_a-impure.o)
                              c:/siliconlabs/simplicitystudio/v4/developer/toolchains/gnu_arm/4.9_2015q3/bin/../lib/gcc/arm-none-eabi/4.9.3/../../../../arm-none-eabi/lib/armv7-m\libc_nano.a(lib_a-exit.o) (_global_impure_ptr)
c:/siliconlabs/simplicitystudio/v4/developer/toolchains/gnu_arm/4.9_2015q3/bin/../lib/gcc/arm-none-eabi/4.9.3/../../../../arm-none-eabi/lib/armv7-m\libc_nano.a(lib_a-init.o)
                              c:/siliconlabs/simplicitystudio/v4/developer/toolchains/gnu_arm/4.9_2015q3/bin/../lib/gcc/arm-none-eabi/4.9.3/../../../../arm-none-eabi/lib/armv7-m/crt0.o (__libc_init_array)
c:/siliconlabs/simplicitystudio/v4/developer/toolchains/gnu_arm/4.9_2015q3/bin/../lib/gcc/arm-none-eabi/4.9.3/../../../../arm-none-eabi/lib/armv7-m\libc_nano.a(lib_a-memcpy.o)
                              ./lmic/lmic.o (memcpy)
c:/siliconlabs/simplicitystudio/v4/developer/toolchains/gnu_arm/4.9_2015q3/bin/../lib/gcc/arm-none-eabi/4.9.3/../../../../arm-none-eabi/lib/armv7-m\libc_nano.a(lib_a-memset.o)
                              c:/siliconlabs/simplicitystudio/v4/developer/toolchains/gnu_arm/4.9_2015q3/bin/../lib/gcc/arm-none-eabi/4.9.3/../../../../arm-none-eabi/lib/armv7-m/crt0.o (memset)
c:/siliconlabs/simplicitystudio/v4/developer/toolchains/gnu_arm/4.9_2015q3/bin/../lib/gcc/arm-none-eabi/4.9.3/../../../../arm-none-eabi/lib/armv7-m\libc_nano.a(lib_a-sprintf.o)
                              ./devices_src/tbr.o (sprintf)
c:/siliconlabs/simplicitystudio/v4/developer/toolchains/gnu_arm/4.9_2015q3/bin/../lib/gcc/arm-none-eabi/4.9.3/../../../../arm-none-eabi/lib/armv7-m\libc_nano.a(lib_a-strchr.o)
                              ./devices_src/tbr.o (strchr)
c:/siliconlabs/simplicitystudio/v4/developer/toolchains/gnu_arm/4.9_2015q3/bin/../lib/gcc/arm-none-eabi/4.9.3/../../../../arm-none-eabi/lib/armv7-m\libc_nano.a(lib_a-strlen.o)
                              ./devices_src/tbr.o (strlen)
c:/siliconlabs/simplicitystudio/v4/developer/toolchains/gnu_arm/4.9_2015q3/bin/../lib/gcc/arm-none-eabi/4.9.3/../../../../arm-none-eabi/lib/armv7-m\libc_nano.a(lib_a-strncmp.o)
                              ./devices_src/tbr.o (strncmp)
c:/siliconlabs/simplicitystudio/v4/developer/toolchains/gnu_arm/4.9_2015q3/bin/../lib/gcc/arm-none-eabi/4.9.3/../../../../arm-none-eabi/lib/armv7-m\libc_nano.a(lib_a-strstr.o)
                              ./devices_src/tbr.o (strstr)
c:/siliconlabs/simplicitystudio/v4/developer/toolchains/gnu_arm/4.9_2015q3/bin/../lib/gcc/arm-none-eabi/4.9.3/../../../../arm-none-eabi/lib/armv7-m\libc_nano.a(lib_a-strtok.o)
                              ./devices_src/tbr.o (strtok)
c:/siliconlabs/simplicitystudio/v4/developer/toolchains/gnu_arm/4.9_2015q3/bin/../lib/gcc/arm-none-eabi/4.9.3/../../../../arm-none-eabi/lib/armv7-m\libc_nano.a(lib_a-strtok_r.o)
[...]
Memory Configuration

Name             Origin             Length             Attributes
FLASH            0x00000000         0x00100000         xr
RAM              0x20000000         0x00020000         xrw
*default*        0x00000000         0xffffffff

Linker script and memory map

LOAD c:/siliconlabs/simplicitystudio/v4/developer/toolchains/gnu_arm/4.9_2015q3/bin/../lib/gcc/arm-none-eabi/4.9.3/armv7-m/crti.o
LOAD c:/siliconlabs/simplicitystudio/v4/developer/toolchains/gnu_arm/4.9_2015q3/bin/../lib/gcc/arm-none-eabi/4.9.3/armv7-m/crtbegin.o
LOAD c:/siliconlabs/simplicitystudio/v4/developer/toolchains/gnu_arm/4.9_2015q3/bin/../lib/gcc/arm-none-eabi/4.9.3/../../../../arm-none-eabi/lib/armv7-m/crt0.o
LOAD ./CMSIS/EFM32GG/startup_efm32gg.o
LOAD ./CMSIS/EFM32GG/system_efm32gg.o
LOAD ./devices_src/rgb_led.o
LOAD ./devices_src/sd_card.o
LOAD ./devices_src/tbr.o
LOAD ./devices_src/ublox_gps.o
LOAD ./drivers_src/delay.o
LOAD ./drivers_src/pwm.o
LOAD ./drivers_src/rs232.o
LOAD ./drivers_src/rs485.o
LOAD ./drivers_src/spi.o
LOAD ./emlib/src/em_acmp.o
LOAD ./emlib/src/em_adc.o
LOAD ./emlib/src/em_aes.o
LOAD ./emlib/src/em_assert.o
LOAD ./emlib/src/em_burtc.o
LOAD ./emlib/src/em_can.o
LOAD ./emlib/src/em_cmu.o
LOAD ./emlib/src/em_core.o
LOAD ./emlib/src/em_cryotimer.o
LOAD ./emlib/src/em_crypto.o
LOAD ./emlib/src/em_csen.o
LOAD ./emlib/src/em_dac.o
LOAD ./emlib/src/em_dbg.o
LOAD ./emlib/src/em_dma.o
LOAD ./emlib/src/em_ebi.o
LOAD ./emlib/src/em_emu.o
LOAD ./emlib/src/em_gpcrc.o
LOAD ./emlib/src/em_gpio.o
LOAD ./emlib/src/em_i2c.o
LOAD ./emlib/src/em_idac.o
LOAD ./emlib/src/em_int.o
LOAD ./emlib/src/em_lcd.o
LOAD ./emlib/src/em_ldma.o
LOAD ./emlib/src/em_lesense.o
LOAD ./emlib/src/em_letimer.o
LOAD ./emlib/src/em_leuart.o
LOAD ./emlib/src/em_mpu.o
LOAD ./emlib/src/em_msc.o
LOAD ./emlib/src/em_opamp.o
LOAD ./emlib/src/em_pcnt.o
LOAD ./emlib/src/em_prs.o
LOAD ./emlib/src/em_qspi.o
LOAD ./emlib/src/em_rmu.o
LOAD ./emlib/src/em_rtc.o
LOAD ./emlib/src/em_rtcc.o
LOAD ./emlib/src/em_system.o
LOAD ./emlib/src/em_timer.o
LOAD ./emlib/src/em_usart.o
LOAD ./emlib/src/em_vcmp.o
LOAD ./emlib/src/em_vdac.o
LOAD ./emlib/src/em_wdog.o
LOAD ./fat_filesystem_src/diskio.o
LOAD ./fat_filesystem_src/ff.o
LOAD ./fifo_buffers_src/fifo_rs232.o
LOAD ./fifo_buffers_src/fifo_tbr.o
LOAD ./hal/debug.o
LOAD ./hal/hal.o
LOAD ./lmic/aes.o
LOAD ./lmic/lmic.o
LOAD ./lmic/oslmic.o
LOAD ./lmic/radio.o
LOAD ./resource managers_src/app_manager.o
LOAD ./resource managers_src/lpwan_manager.o
LOAD ./src/main.o
START GROUP
LOAD c:/siliconlabs/simplicitystudio/v4/developer/toolchains/gnu_arm/4.9_2015q3/bin/../lib/gcc/arm-none-eabi/4.9.3/armv7-m\libgcc.a
LOAD c:/siliconlabs/simplicitystudio/v4/developer/toolchains/gnu_arm/4.9_2015q3/bin/../lib/gcc/arm-none-eabi/4.9.3/../../../../arm-none-eabi/lib/armv7-m\libc_nano.a
LOAD c:/siliconlabs/simplicitystudio/v4/developer/toolchains/gnu_arm/4.9_2015q3/bin/../lib/gcc/arm-none-eabi/4.9.3/../../../../arm-none-eabi/lib/armv7-m\libnosys.a
END GROUP
START GROUP
LOAD c:/siliconlabs/simplicitystudio/v4/developer/toolchains/gnu_arm/4.9_2015q3/bin/../lib/gcc/arm-none-eabi/4.9.3/armv7-m\libgcc.a
LOAD c:/siliconlabs/simplicitystudio/v4/developer/toolchains/gnu_arm/4.9_2015q3/bin/../lib/gcc/arm-none-eabi/4.9.3/../../../../arm-none-eabi/lib/armv7-m\libg_nano.a
LOAD c:/siliconlabs/simplicitystudio/v4/developer/toolchains/gnu_arm/4.9_2015q3/bin/../lib/gcc/arm-none-eabi/4.9.3/../../../../arm-none-eabi/lib/armv7-m\libc_nano.a
END GROUP
START GROUP
LOAD c:/siliconlabs/simplicitystudio/v4/developer/toolchains/gnu_arm/4.9_2015q3/bin/../lib/gcc/arm-none-eabi/4.9.3/armv7-m\libgcc.a
LOAD c:/siliconlabs/simplicitystudio/v4/developer/toolchains/gnu_arm/4.9_2015q3/bin/../lib/gcc/arm-none-eabi/4.9.3/../../../../arm-none-eabi/lib/armv7-m\libc_nano.a
END GROUP
LOAD c:/siliconlabs/simplicitystudio/v4/developer/toolchains/gnu_arm/4.9_2015q3/bin/../lib/gcc/arm-none-eabi/4.9.3/armv7-m/crtend.o
LOAD c:/siliconlabs/simplicitystudio/v4/developer/toolchains/gnu_arm/4.9_2015q3/bin/../lib/gcc/arm-none-eabi/4.9.3/armv7-m/crtn.o

.text           0x00000000     0xeba0
 *(.vectors)
 .vectors       0x00000000       0xdc ./CMSIS/EFM32GG/startup_efm32gg.o
                0x00000000                __Vectors
                0x000000dc                __Vectors_End = .
                0x000000dc                __Vectors_Size = (__Vectors_End - __Vectors)
                0x000000dc                __end__ = .
 *(.text*)
 .text          0x000000dc       0x5c c:/siliconlabs/simplicitystudio/v4/developer/toolchains/gnu_arm/4.9_2015q3/bin/../lib/gcc/arm-none-eabi/4.9.3/armv7-m/crtbegin.o
 .text          0x00000138       0x74 c:/siliconlabs/simplicitystudio/v4/developer/toolchains/gnu_arm/4.9_2015q3/bin/../lib/gcc/arm-none-eabi/4.9.3/../../../../arm-none-eabi/lib/armv7-m/crt0.o
                0x00000138                _start
                0x00000138                _mainCRTStartup
 .text          0x000001ac       0x30 ./CMSIS/EFM32GG/startup_efm32gg.o
                0x000001ac                Reset_Handler
                0x000001d8                DebugMon_Handler
                0x000001d8                USART0_TX_IRQHandler
                0x000001d8                I2C0_IRQHandler
                0x000001d8                HardFault_Handler
                0x000001d8                LEUART1_IRQHandler
                0x000001d8                SysTick_Handler
                0x000001d8                USART1_RX_IRQHandler
                0x000001d8                PendSV_Handler
                0x000001d8                NMI_Handler
                0x000001d8                I2C1_IRQHandler
                0x000001d8                TIMER3_IRQHandler
                0x000001d8                USART1_TX_IRQHandler
                0x000001d8                MSC_IRQHandler
                0x000001d8                ADC0_IRQHandler
                0x000001d8                UsageFault_Handler
                0x000001d8                UART0_TX_IRQHandler
                0x000001d8                UART1_TX_IRQHandler
                0x000001d8                TIMER0_IRQHandler
                0x000001d8                TIMER2_IRQHandler
                0x000001d8                LCD_IRQHandler
                0x000001d8                PCNT2_IRQHandler
                0x000001d8                UART0_RX_IRQHandler
                0x000001d8                LETIMER0_IRQHandler
                0x000001d8                TIMER1_IRQHandler
                0x000001d8                Default_Handler
                0x000001d8                EMU_IRQHandler
                0x000001d8                PCNT0_IRQHandler
                0x000001d8                USB_IRQHandler
                0x000001d8                BURTC_IRQHandler
                0x000001d8                PCNT1_IRQHandler
                0x000001d8                ACMP0_IRQHandler
                0x000001d8                USART0_RX_IRQHandler
                0x000001d8                MemManage_Handler
                0x000001d8                SVC_Handler
                0x000001d8                DAC0_IRQHandler
                0x000001d8                UART1_RX_IRQHandler
                0x000001d8                CMU_IRQHandler
                0x000001d8                EBI_IRQHandler
                0x000001d8                LESENSE_IRQHandler
                0x000001d8                AES_IRQHandler
                0x000001d8                VCMP_IRQHandler
                0x000001d8                BusFault_Handler
 .text.GetProdRev
                0x000001dc       0x1c ./CMSIS/EFM32GG/system_efm32gg.o
 .text.SystemCoreClockGet
                0x000001f8       0x34 ./CMSIS/EFM32GG/system_efm32gg.o
                0x000001f8                SystemCoreClockGet
 .text.SystemMaxCoreClockGet
                0x0000022c       0x14 ./CMSIS/EFM32GG/system_efm32gg.o
                0x0000022c                SystemMaxCoreClockGet
 .text.SystemHFClockGet
                0x00000240      0x100 ./CMSIS/EFM32GG/system_efm32gg.o
                0x00000240                SystemHFClockGet
 .text.SystemHFXOClockGet
                0x00000340       0x18 ./CMSIS/EFM32GG/system_efm32gg.o
                0x00000340                SystemHFXOClockGet
 .text.SystemInit
                0x00000358        0xc ./CMSIS/EFM32GG/system_efm32gg.o
                0x00000358                SystemInit
 .text.SystemLFRCOClockGet
                0x00000364       0x14 ./CMSIS/EFM32GG/system_efm32gg.o
                0x00000364                SystemLFRCOClockGet
 .text.SystemULFRCOClockGet
                0x00000378       0x14 ./CMSIS/EFM32GG/system_efm32gg.o
                0x00000378                SystemULFRCOClockGet
 .text.SystemLFXOClockGet
                0x0000038c       0x18 ./CMSIS/EFM32GG/system_efm32gg.o
                0x0000038c                SystemLFXOClockGet
 .text.GPIO_PinOutClear
                0x000003a4       0x58 ./devices_src/rgb_led.o
 .text.GPIO_PinOutSet
                0x000003fc       0x58 ./devices_src/rgb_led.o
 .text.generate_pulses
                0x00000454       0x50 ./devices_src/rgb_led.o
                0x00000454                generate_pulses
 .text.rgb_init
                0x000004a4       0x34 ./devices_src/rgb_led.o
                0x000004a4                rgb_init
 .text.rgb_on   0x000004d8      0x110 ./devices_src/rgb_led.o
                0x000004d8                rgb_on
 .text.rgb_shutdown
                0x000005e8       0x18 ./devices_src/rgb_led.o
                0x000005e8                rgb_shutdown
 .text.GPIO_PinOutClear
                0x00000600       0x58 ./devices_src/sd_card.o
 .text.GPIO_PinOutSet
                0x00000658       0x58 ./devices_src/sd_card.o
 .text.start_transfer
                0x000006b0       0x10 ./devices_src/sd_card.o
                0x000006b0                start_transfer
 .text.end_transfer
                0x000006c0       0x14 ./devices_src/sd_card.o
                0x000006c0                end_transfer
 .text.send_cmd
                0x000006d4      0x24c ./devices_src/sd_card.o
                0x000006d4                send_cmd
 .text.sd_card_init
                0x00000920      0x1d4 ./devices_src/sd_card.o
                0x00000920                sd_card_init
 .text.sd_card_on
                0x00000af4       0x10 ./devices_src/sd_card.o
                0x00000af4                sd_card_on
 .text.sd_card_off
                0x00000b04       0x10 ./devices_src/sd_card.o
                0x00000b04                sd_card_off
 .text.sd_card_read
                0x00000b14      0x130 ./devices_src/sd_card.o
                0x00000b14                sd_card_read
 .text.sd_card_write
                0x00000c44      0x10c ./devices_src/sd_card.o
                0x00000c44                sd_card_write
 .text.array_is_full
                0x00000d50       0x24 ./devices_src/tbr.o
                0x00000d50                array_is_full
 .text.array_is_empty
                0x00000d74       0x20 ./devices_src/tbr.o
                0x00000d74                array_is_empty
 .text.array_add
                0x00000d94       0x58 ./devices_src/tbr.o
                0x00000d94                array_add
 .text.array_remove
                0x00000dec       0x5c ./devices_src/tbr.o
                0x00000dec                array_remove
 .text.CalculateLuhn
                0x00000e48      0x12c ./devices_src/tbr.o
                0x00000e48                CalculateLuhn
 .text.parse_message_tbr
                0x00000f74       0xa4 ./devices_src/tbr.o
                0x00000f74                parse_message_tbr
 .text.check_other_messages
                0x00001018       0x3c ./devices_src/tbr.o
                0x00001018                check_other_messages
 .text.clear_buffer
                0x00001054       0x3c ./devices_src/tbr.o
                0x00001054                clear_buffer
 .text.get_and_compare
                0x00001090       0xb0 ./devices_src/tbr.o
                0x00001090                get_and_compare
 .text.convert_single_tbr_msg_into_uint
                0x00001140      0x434 ./devices_src/tbr.o
                0x00001140                convert_single_tbr_msg_into_uint
 .text.convert_tbr_msgs_to_uint
                0x00001574      0x184 ./devices_src/tbr.o
                0x00001574                convert_tbr_msgs_to_uint
 .text.tbr_init
                0x000016f8       0x48 ./devices_src/tbr.o
                0x000016f8                tbr_init
 .text.tbr_send_cmd
                0x00001740      0x100 ./devices_src/tbr.o
                0x00001740                tbr_send_cmd
 .text.tbr_recv_msg_uint
                0x00001840       0xa0 ./devices_src/tbr.o
                0x00001840                tbr_recv_msg_uint
 .text.GPIO_PinOutSet
                0x000018e0       0x58 ./devices_src/ublox_gps.o
 .text.send_cmd_rx_ack
                0x00001938       0xfc ./devices_src/ublox_gps.o
                0x00001938                send_cmd_rx_ack
 .text.port_config
                0x00001a34       0x64 ./devices_src/ublox_gps.o
                0x00001a34                port_config
 .text.receiver_nav_status
                0x00001a98       0xfc ./devices_src/ublox_gps.o
                0x00001a98                receiver_nav_status
 .text.config_low_power
                0x00001b94       0x24 ./devices_src/ublox_gps.o
                0x00001b94                config_low_power
 .text.enter_low_power
                0x00001bb8       0x24 ./devices_src/ublox_gps.o
                0x00001bb8                enter_low_power
 .text.disable_sbas
                0x00001bdc       0x24 ./devices_src/ublox_gps.o
                0x00001bdc                disable_sbas
 .text.poll_psm
                0x00001c00      0x130 ./devices_src/ublox_gps.o
                0x00001c00                poll_psm
 .text.parse_message
                0x00001d30      0x32c ./devices_src/ublox_gps.o
                0x00001d30                parse_message
 .text.gps_init
                0x0000205c      0x148 ./devices_src/ublox_gps.o
                0x0000205c                gps_init
 .text.gps_get_nav_data
                0x000021a4      0x19c ./devices_src/ublox_gps.o
                0x000021a4                gps_get_nav_data
 .text.gps_on   0x00002340       0x10 ./devices_src/ublox_gps.o
                0x00002340                gps_on
 .text.TIMER_Valid
                0x00002350       0x50 ./drivers_src/delay.o
 .text.TIMER_MaxCount
                0x000023a0       0x18 ./drivers_src/delay.o
 .text.TIMER_CounterSet
                0x000023b8       0x1c ./drivers_src/delay.o
 .text.TIMER_Enable
                0x000023d4       0x2c ./drivers_src/delay.o
 .text.TIMER_IntClear
                0x00002400       0x1c ./drivers_src/delay.o
 .text.TIMER_IntEnable
                0x0000241c       0x20 ./drivers_src/delay.o
 .text.TIMER_IntGetEnabled
                0x0000243c       0x24 ./drivers_src/delay.o
 .text.TIMER_TopBufSet
                0x00002460       0x1c ./drivers_src/delay.o
 .text.TIMER_TopSet
                0x0000247c       0x1c ./drivers_src/delay.o
 .text.delay_init
                0x00002498       0x7c ./drivers_src/delay.o
                0x00002498                delay_init
 .text.delay_enable
                0x00002514       0x14 ./drivers_src/delay.o
                0x00002514                delay_enable
 .text.delay_disable
                0x00002528       0x14 ./drivers_src/delay.o
                0x00002528                delay_disable
 .text.delay_ms
                0x0000253c       0x64 ./drivers_src/delay.o
                0x0000253c                delay_ms
 .text.TIMER_Valid
                0x000025a0       0x50 ./drivers_src/pwm.o
 .text.TIMER_MaxCount
                0x000025f0       0x18 ./drivers_src/pwm.o
 .text.TIMER_CounterSet
                0x00002608       0x1c ./drivers_src/pwm.o
 .text.TIMER_Enable
                0x00002624       0x2c ./drivers_src/pwm.o
 .text.TIMER_IntClear
                0x00002650       0x1c ./drivers_src/pwm.o
 .text.TIMER_IntEnable
                0x0000266c       0x20 ./drivers_src/pwm.o
 .text.TIMER_IntGetEnabled
                0x0000268c       0x24 ./drivers_src/pwm.o
 .text.TIMER_TopBufSet
                0x000026b0       0x1c ./drivers_src/pwm.o
 .text.TIMER_TopSet
                0x000026cc       0x1c ./drivers_src/pwm.o
 .text.pwm_init
                0x000026e8       0x7c ./drivers_src/pwm.o
                0x000026e8                pwm_init
 .text.pwm_enable
                0x00002764       0x14 ./drivers_src/pwm.o
                0x00002764                pwm_enable
 .text.pwm_disable
                0x00002778       0x14 ./drivers_src/pwm.o
                0x00002778                pwm_disable
 .text.pwm_us_delay
                0x0000278c       0x5c ./drivers_src/pwm.o
                0x0000278c                pwm_us_delay
 .text.NVIC_EnableIRQ
                0x000027e8       0x30 ./drivers_src/rs232.o
 .text.NVIC_ClearPendingIRQ
                0x00002818       0x34 ./drivers_src/rs232.o
 .text.USART_IntClear
                0x0000284c       0x1c ./drivers_src/rs232.o
 .text.USART_IntDisable
                0x00002868       0x24 ./drivers_src/rs232.o
 .text.USART_IntEnable
                0x0000288c       0x20 ./drivers_src/rs232.o
 .text.rs232_init
                0x000028ac       0xb0 ./drivers_src/rs232.o
                0x000028ac                rs232_init
 .text.rs232_enable
                0x0000295c       0x14 ./drivers_src/rs232.o
                0x0000295c                rs232_enable
 .text.rs232_transmit_string
                0x00002970       0x6c ./drivers_src/rs232.o
                0x00002970                rs232_transmit_string
 .text.USART2_TX_IRQHandler
                0x000029dc       0x4c ./drivers_src/rs232.o
                0x000029dc                USART2_TX_IRQHandler
 .text.USART2_RX_IRQHandler
                0x00002a28       0x40 ./drivers_src/rs232.o
                0x00002a28                USART2_RX_IRQHandler
 .text.NVIC_EnableIRQ
                0x00002a68       0x30 ./drivers_src/rs485.o
 .text.NVIC_ClearPendingIRQ
                0x00002a98       0x34 ./drivers_src/rs485.o
 .text.GPIO_PinOutClear
                0x00002acc       0x58 ./drivers_src/rs485.o
 .text.GPIO_PinOutSet
                0x00002b24       0x58 ./drivers_src/rs485.o
 .text.LEUART_IntClear
                0x00002b7c       0x1c ./drivers_src/rs485.o
 .text.LEUART_IntDisable
                0x00002b98       0x24 ./drivers_src/rs485.o
 .text.LEUART_IntEnable
                0x00002bbc       0x20 ./drivers_src/rs485.o
 .text.rs485_init
                0x00002bdc       0xe0 ./drivers_src/rs485.o
                0x00002bdc                rs485_init
 .text.rs485_enable
                0x00002cbc       0x14 ./drivers_src/rs485.o
                0x00002cbc                rs485_enable
 .text.rs485_transmit_string
                0x00002cd0       0x78 ./drivers_src/rs485.o
                0x00002cd0                rs485_transmit_string
 .text.rs485_recieve_char
                0x00002d48       0x3c ./drivers_src/rs485.o
                0x00002d48                rs485_recieve_char
 .text.rs485_tx_mode
                0x00002d84       0x18 ./drivers_src/rs485.o
                0x00002d84                rs485_tx_mode
 .text.rs485_rx_mode
                0x00002d9c       0x18 ./drivers_src/rs485.o
                0x00002d9c                rs485_rx_mode
 .text.LEUART0_IRQHandler
                0x00002db4       0xd0 ./drivers_src/rs485.o
                0x00002db4                LEUART0_IRQHandler
 .text.GPIO_PinOutClear
                0x00002e84       0x58 ./drivers_src/spi.o
 .text.GPIO_PinOutSet
                0x00002edc       0x58 ./drivers_src/spi.o
 .text.USART_IntClear
                0x00002f34       0x1c ./drivers_src/spi.o
 .text.spi_init
                0x00002f50       0xbc ./drivers_src/spi.o
                0x00002f50                spi_init
 .text.spi_enable
                0x0000300c       0x14 ./drivers_src/spi.o
                0x0000300c                spi_enable
 .text.spi_disable
                0x00003020       0x14 ./drivers_src/spi.o
                0x00003020                spi_disable
 .text.spi_cs_set
                0x00003034       0x40 ./drivers_src/spi.o
                0x00003034                spi_cs_set
 .text.spi_cs_clear
                0x00003074       0x8c ./drivers_src/spi.o
                0x00003074                spi_cs_clear
 .text.spi_read_write_byte
                0x00003100       0x34 ./drivers_src/spi.o
                0x00003100                spi_read_write_byte
 .text.spi_write_byte
                0x00003134       0x28 ./drivers_src/spi.o
                0x00003134                spi_write_byte
 .text.spi_read_byte
                0x0000315c       0x2c ./drivers_src/spi.o
                0x0000315c                spi_read_byte
 .text.BUS_RegBitWrite
                0x00003188       0x2c ./emlib/src/em_cmu.o
 .text.BUS_RegBitRead
                0x000031b4       0x2c ./emlib/src/em_cmu.o
 .text.CMU_DivToLog2
                0x000031e0       0x34 ./emlib/src/em_cmu.o
 .text.SYSTEM_GetProdRev
                0x00003214       0x1c ./emlib/src/em_cmu.o
 .text.SYSTEM_GetFamily
                0x00003230       0x20 ./emlib/src/em_cmu.o
 .text.maxFreqHfle
                0x00003250       0x78 ./emlib/src/em_cmu.o
 .text.setHfLeConfig
                0x000032c8       0x60 ./emlib/src/em_cmu.o
 .text.getHfLeConfig
                0x00003328       0x20 ./emlib/src/em_cmu.o
 .text.auxClkGet
                0x00003348       0xb0 ./emlib/src/em_cmu.o
 .text.dbgClkGet
                0x000033f8       0x40 ./emlib/src/em_cmu.o
 .text.flashWaitStateControl
                0x00003438       0xb8 ./emlib/src/em_cmu.o
 .text.flashWaitStateMax
                0x000034f0       0x14 ./emlib/src/em_cmu.o
 .text.CMU_UpdateWaitStates
                0x00003504       0x18 ./emlib/src/em_cmu.o
                0x00003504                CMU_UpdateWaitStates
 .text.lfClkGet
                0x0000351c       0xec ./emlib/src/em_cmu.o
 .text.syncReg  0x00003608       0x34 ./emlib/src/em_cmu.o
 .text.CMU_ClockDivSet
                0x0000363c      0x22c ./emlib/src/em_cmu.o
                0x0000363c                CMU_ClockDivSet
 .text.CMU_ClockEnable
                0x00003868       0xd0 ./emlib/src/em_cmu.o
                0x00003868                CMU_ClockEnable
 .text.CMU_ClockFreqGet
                0x00003938      0x1c8 ./emlib/src/em_cmu.o
                0x00003938                CMU_ClockFreqGet
 .text.CMU_ClockSelectGet
                0x00003b00      0x124 ./emlib/src/em_cmu.o
                0x00003b00                CMU_ClockSelectGet
 .text.CMU_ClockSelectSet
                0x00003c24      0x22c ./emlib/src/em_cmu.o
                0x00003c24                CMU_ClockSelectSet
 .text.CMU_HFRCOBandSet
                0x00003e50       0xe0 ./emlib/src/em_cmu.o
                0x00003e50                CMU_HFRCOBandSet
 .text.CMU_OscillatorEnable
                0x00003f30       0xbc ./emlib/src/em_cmu.o
                0x00003f30                CMU_OscillatorEnable
 .text.CORE_EnterAtomic
                0x00003fec       0x20 ./emlib/src/em_core.o
                0x00003fec                CORE_EnterAtomic
 .text.CORE_ExitAtomic
                0x0000400c       0x1c ./emlib/src/em_core.o
                0x0000400c                CORE_ExitAtomic
 .text.DMA_IRQHandler
                0x00004028       0xd8 ./emlib/src/em_dma.o
                0x00004028                DMA_IRQHandler
 .text.BUS_RegBitWrite
                0x00004100       0x2c ./emlib/src/em_gpio.o
 .text.BUS_RegMaskedWrite
                0x0000412c       0x28 ./emlib/src/em_gpio.o
 .text.GPIO_PinOutClear
                0x00004154       0x58 ./emlib/src/em_gpio.o
 .text.GPIO_PinOutSet
                0x000041ac       0x58 ./emlib/src/em_gpio.o
 .text.GPIO_DriveModeSet
                0x00004204       0x70 ./emlib/src/em_gpio.o
                0x00004204                GPIO_DriveModeSet
 .text.GPIO_ExtIntConfig
                0x00004274       0xd4 ./emlib/src/em_gpio.o
                0x00004274                GPIO_ExtIntConfig
 .text.GPIO_PinModeSet
                0x00004348      0x10c ./emlib/src/em_gpio.o
                0x00004348                GPIO_PinModeSet
 .text.LEUART_Sync
                0x00004454       0x30 ./emlib/src/em_leuart.o
 .text.LEUART_BaudrateSet
                0x00004484       0x80 ./emlib/src/em_leuart.o
                0x00004484                LEUART_BaudrateSet
 .text.LEUART_Enable
                0x00004504       0x58 ./emlib/src/em_leuart.o
                0x00004504                LEUART_Enable
 .text.LEUART_FreezeEnable
                0x0000455c       0x34 ./emlib/src/em_leuart.o
                0x0000455c                LEUART_FreezeEnable
 .text.LEUART_Init
                0x00004590       0x84 ./emlib/src/em_leuart.o
                0x00004590                LEUART_Init
 .text.LEUART_Reset
                0x00004614       0x70 ./emlib/src/em_leuart.o
                0x00004614                LEUART_Reset
 .text.LEUART_Rx
                0x00004684       0x28 ./emlib/src/em_leuart.o
                0x00004684                LEUART_Rx
 .text.LEUART_Tx
                0x000046ac       0x30 ./emlib/src/em_leuart.o
                0x000046ac                LEUART_Tx
 .text.BUS_RegBitWrite
                0x000046dc       0x2c ./emlib/src/em_rtc.o
 .text.RTC_CompareSet
                0x00004708       0x3c ./emlib/src/em_rtc.o
                0x00004708                RTC_CompareSet
 .text.RTC_Enable
                0x00004744       0x20 ./emlib/src/em_rtc.o
                0x00004744                RTC_Enable
 .text.RTC_Init
                0x00004764       0x50 ./emlib/src/em_rtc.o
                0x00004764                RTC_Init
 .text.SYSTEM_ChipRevisionGet
                0x000047b4       0x74 ./emlib/src/em_system.o
                0x000047b4                SYSTEM_ChipRevisionGet
 .text.TIMER_Valid
                0x00004828       0x50 ./emlib/src/em_timer.o
 .text.TIMER_Init
                0x00004878       0xdc ./emlib/src/em_timer.o
                0x00004878                TIMER_Init
 .text.USART_BaudrateAsyncSet
                0x00004954       0xb0 ./emlib/src/em_usart.o
                0x00004954                USART_BaudrateAsyncSet
 .text.USART_BaudrateSyncSet
                0x00004a04       0x40 ./emlib/src/em_usart.o
                0x00004a04                USART_BaudrateSyncSet
 .text.USART_Enable
                0x00004a44       0x58 ./emlib/src/em_usart.o
                0x00004a44                USART_Enable
 .text.USART_InitAsync
                0x00004a9c       0x9c ./emlib/src/em_usart.o
                0x00004a9c                USART_InitAsync
 .text.USART_InitSync
                0x00004b38       0xcc ./emlib/src/em_usart.o
                0x00004b38                USART_InitSync
 .text.USART_Reset
                0x00004c04       0x98 ./emlib/src/em_usart.o
                0x00004c04                USART_Reset
 .text.USART_Rx
                0x00004c9c       0x28 ./emlib/src/em_usart.o
                0x00004c9c                USART_Rx
 .text.USART_SpiTransfer
                0x00004cc4       0x40 ./emlib/src/em_usart.o
                0x00004cc4                USART_SpiTransfer
 .text.USART_Tx
                0x00004d04       0x2c ./emlib/src/em_usart.o
                0x00004d04                USART_Tx
 .text.disk_status
                0x00004d30       0x44 ./fat_filesystem_src/diskio.o
                0x00004d30                disk_status
 .text.disk_initialize
                0x00004d74       0x4c ./fat_filesystem_src/diskio.o
                0x00004d74                disk_initialize
 .text.disk_read
                0x00004dc0       0x50 ./fat_filesystem_src/diskio.o
                0x00004dc0                disk_read
 .text.disk_write
                0x00004e10       0x50 ./fat_filesystem_src/diskio.o
                0x00004e10                disk_write
 .text.disk_ioctl
                0x00004e60       0x50 ./fat_filesystem_src/diskio.o
                0x00004e60                disk_ioctl
 .text.ld_word  0x00004eb0       0x30 ./fat_filesystem_src/ff.o
 .text.ld_dword
                0x00004ee0       0x48 ./fat_filesystem_src/ff.o
 .text.st_word  0x00004f28       0x34 ./fat_filesystem_src/ff.o
 .text.st_dword
                0x00004f5c       0x58 ./fat_filesystem_src/ff.o
 .text.mem_cpy  0x00004fb4       0x40 ./fat_filesystem_src/ff.o
 .text.mem_set  0x00004ff4       0x34 ./fat_filesystem_src/ff.o
 .text.mem_cmp  0x00005028       0x50 ./fat_filesystem_src/ff.o
 .text.chk_chr  0x00005078       0x38 ./fat_filesystem_src/ff.o
 .text.sync_window
                0x000050b0       0x8c ./fat_filesystem_src/ff.o
 .text.move_window
                0x0000513c       0x5c ./fat_filesystem_src/ff.o
 .text.sync_fs  0x00005198       0xdc ./fat_filesystem_src/ff.o
 .text.clust2sect
                0x00005274       0x40 ./fat_filesystem_src/ff.o
 .text.get_fat  0x000052b4      0x140 ./fat_filesystem_src/ff.o
 .text.put_fat  0x000053f4      0x1bc ./fat_filesystem_src/ff.o
 .text.remove_chain
                0x000055b0       0xc8 ./fat_filesystem_src/ff.o
 .text.create_chain
                0x00005678      0x134 ./fat_filesystem_src/ff.o
 .text.dir_sdi  0x000057ac       0xf4 ./fat_filesystem_src/ff.o
 .text.dir_next
                0x000058a0      0x188 ./fat_filesystem_src/ff.o
 .text.dir_alloc
                0x00005a28       0x90 ./fat_filesystem_src/ff.o
 .text.ld_clust
                0x00005ab8       0x40 ./fat_filesystem_src/ff.o
 .text.st_clust
                0x00005af8       0x40 ./fat_filesystem_src/ff.o
 .text.dir_find
                0x00005b38       0xa8 ./fat_filesystem_src/ff.o
 .text.dir_register
                0x00005be0       0x68 ./fat_filesystem_src/ff.o
 .text.create_name
                0x00005c48      0x1a0 ./fat_filesystem_src/ff.o
 .text.follow_path
                0x00005de8       0xdc ./fat_filesystem_src/ff.o
 .text.get_ldnumber
                0x00005ec4       0x88 ./fat_filesystem_src/ff.o
 .text.check_fs
                0x00005f4c       0xa8 ./fat_filesystem_src/ff.o
 .text.find_volume
                0x00005ff4      0x474 ./fat_filesystem_src/ff.o
 .text.validate
                0x00006468       0x68 ./fat_filesystem_src/ff.o
 .text.f_mount  0x000064d0       0x88 ./fat_filesystem_src/ff.o
                0x000064d0                f_mount
 .text.f_open   0x00006558      0x320 ./fat_filesystem_src/ff.o
                0x00006558                f_open
 .text.f_write  0x00006878      0x2d8 ./fat_filesystem_src/ff.o
                0x00006878                f_write
 .text.f_sync   0x00006b50      0x108 ./fat_filesystem_src/ff.o
                0x00006b50                f_sync
 .text.f_close  0x00006c58       0x40 ./fat_filesystem_src/ff.o
                0x00006c58                f_close
 .text.putc_bfd
                0x00006c98       0x78 ./fat_filesystem_src/ff.o
 .text.putc_flush
                0x00006d10       0x54 ./fat_filesystem_src/ff.o
 .text.putc_init
                0x00006d64       0x28 ./fat_filesystem_src/ff.o
 .text.f_puts   0x00006d8c       0x48 ./fat_filesystem_src/ff.o
                0x00006d8c                f_puts
 .text.get_fattime
                0x00006dd4       0x14 ./fat_filesystem_src/ff.o
                0x00006dd4                get_fattime
 .text.fifo_rs232_init
                0x00006de8       0x48 ./fifo_buffers_src/fifo_rs232.o
                0x00006de8                fifo_rs232_init
 .text.fifo_rs232_is_empty
                0x00006e30       0x4c ./fifo_buffers_src/fifo_rs232.o
                0x00006e30                fifo_rs232_is_empty
 .text.fifo_rs232_is_full
                0x00006e7c       0x50 ./fifo_buffers_src/fifo_rs232.o
                0x00006e7c                fifo_rs232_is_full
 .text.fifo_rs232_remove
                0x00006ecc       0xbc ./fifo_buffers_src/fifo_rs232.o
                0x00006ecc                fifo_rs232_remove
 .text.fifo_rs232_add
                0x00006f88       0xb0 ./fifo_buffers_src/fifo_rs232.o
                0x00006f88                fifo_rs232_add
 .text.fifo_tbr_init
                0x00007038       0x68 ./fifo_buffers_src/fifo_tbr.o
                0x00007038                fifo_tbr_init
 .text.fifo_tbr_is_empty
                0x000070a0       0x6c ./fifo_buffers_src/fifo_tbr.o
                0x000070a0                fifo_tbr_is_empty
 .text.fifo_tbr_is_full
                0x0000710c       0x6c ./fifo_buffers_src/fifo_tbr.o
                0x0000710c                fifo_tbr_is_full
 .text.fifo_tbr_remove
                0x00007178      0x108 ./fifo_buffers_src/fifo_tbr.o
                0x00007178                fifo_tbr_remove
 .text.fifo_tbr_add
                0x00007280       0xf8 ./fifo_buffers_src/fifo_tbr.o
                0x00007280                fifo_tbr_add
 .text.debug_str
                0x00007378       0x28 ./hal/debug.o
                0x00007378                debug_str
 .text.NVIC_EnableIRQ
                0x000073a0       0x30 ./hal/hal.o
 .text.NVIC_ClearPendingIRQ
                0x000073d0       0x34 ./hal/hal.o
 .text.NVIC_SystemReset
                0x00007404       0x28 ./hal/hal.o
 .text.GPIO_IntClear
                0x0000742c       0x20 ./hal/hal.o
 .text.GPIO_IntGetEnabled
                0x0000744c       0x28 ./hal/hal.o
 .text.GPIO_PinOutClear
                0x00007474       0x58 ./hal/hal.o
 .text.GPIO_PinOutSet
                0x000074cc       0x58 ./hal/hal.o
 .text.GPIO_IntConfig
                0x00007524       0x38 ./hal/hal.o
 .text.RTC_CounterGet
                0x0000755c       0x18 ./hal/hal.o
 .text.RTC_IntClear
                0x00007574       0x1c ./hal/hal.o
 .text.RTC_IntDisable
                0x00007590       0x24 ./hal/hal.o
 .text.RTC_IntEnable
                0x000075b4       0x24 ./hal/hal.o
 .text.RTC_IntGet
                0x000075d8       0x18 ./hal/hal.o
 .text.time_manager_init
                0x000075f0       0x50 ./hal/hal.o
                0x000075f0                time_manager_init
 .text.time_manager_unixTimestamp
                0x00007640      0x118 ./hal/hal.o
                0x00007640                time_manager_unixTimestamp
 .text.time_manager_get_cmd
                0x00007758       0x18 ./hal/hal.o
                0x00007758                time_manager_get_cmd
 .text.GPIO_EVEN_IRQHandler
                0x00007770      0x104 ./hal/hal.o
                0x00007770                GPIO_EVEN_IRQHandler
 .text.GPIO_ODD_IRQHandler
                0x00007874       0x34 ./hal/hal.o
                0x00007874                GPIO_ODD_IRQHandler
 .text.hal_io_init
                0x000078a8       0xbc ./hal/hal.o
 .text.hal_pin_rxtx
                0x00007964       0x14 ./hal/hal.o
                0x00007964                hal_pin_rxtx
 .text.hal_pin_nss
                0x00007978       0x24 ./hal/hal.o
                0x00007978                hal_pin_nss
 .text.hal_pin_rst
                0x0000799c       0x18 ./hal/hal.o
                0x0000799c                hal_pin_rst
 .text.hal_spi_init
                0x000079b4       0x10 ./hal/hal.o
 .text.hal_spi  0x000079c4       0x24 ./hal/hal.o
                0x000079c4                hal_spi
 .text.RTC_IRQHandler
                0x000079e8       0x34 ./hal/hal.o
                0x000079e8                RTC_IRQHandler
 .text.hal_time_init
                0x00007a1c       0x84 ./hal/hal.o
 .text.hal_ticks
                0x00007aa0       0x4c ./hal/hal.o
                0x00007aa0                hal_ticks
 .text.deltaticks
                0x00007aec       0x3c ./hal/hal.o
 .text.hal_waitUntil
                0x00007b28       0x1c ./hal/hal.o
                0x00007b28                hal_waitUntil
 .text.hal_checkTimer
                0x00007b44       0x4c ./hal/hal.o
                0x00007b44                hal_checkTimer
 .text.hal_disableIRQs
                0x00007b90       0x40 ./hal/hal.o
                0x00007b90                hal_disableIRQs
 .text.hal_enableIRQs
                0x00007bd0       0x38 ./hal/hal.o
                0x00007bd0                hal_enableIRQs
 .text.hal_sleep
                0x00007c08        0xc ./hal/hal.o
                0x00007c08                hal_sleep
 .text.hal_init
                0x00007c14       0x28 ./hal/hal.o
                0x00007c14                hal_init
 .text.hal_failed
                0x00007c3c       0x74 ./hal/hal.o
                0x00007c3c                hal_failed
 .text.aesroundkeys
                0x00007cb0       0xf4 ./lmic/aes.o
 .text.os_aes   0x00007da4      0x99c ./lmic/aes.o
                0x00007da4                os_aes
 .text.getSf    0x00008740       0x20 ./lmic/lmic.o
                0x00008740                getSf
 .text.getBw    0x00008760       0x24 ./lmic/lmic.o
                0x00008760                getBw
 .text.getCr    0x00008784       0x24 ./lmic/lmic.o
                0x00008784                getCr
 .text.setCr    0x000087a8       0x30 ./lmic/lmic.o
                0x000087a8                setCr
 .text.getNocrc
                0x000087d8       0x20 ./lmic/lmic.o
                0x000087d8                getNocrc
 .text.setNocrc
                0x000087f8       0x2c ./lmic/lmic.o
                0x000087f8                setNocrc
 .text.getIh    0x00008824       0x20 ./lmic/lmic.o
                0x00008824                getIh
 .text.updr2rps
                0x00008844       0x24 ./lmic/lmic.o
                0x00008844                updr2rps
 .text.dndr2rps
                0x00008868       0x28 ./lmic/lmic.o
                0x00008868                dndr2rps
 .text.decDR    0x00008890       0x30 ./lmic/lmic.o
                0x00008890                decDR
 .text.validDR  0x000088c0       0x2c ./lmic/lmic.o
                0x000088c0                validDR
 .text.lowerDR  0x000088ec       0x34 ./lmic/lmic.o
                0x000088ec                lowerDR
 .text.os_rlsbf2
                0x00008920       0x2c ./lmic/lmic.o
                0x00008920                os_rlsbf2
 .text.os_rlsbf4
                0x0000894c       0x3c ./lmic/lmic.o
                0x0000894c                os_rlsbf4
 .text.os_rmsbf4
                0x00008988       0x3c ./lmic/lmic.o
                0x00008988                os_rmsbf4
 .text.os_wlsbf2
                0x000089c4       0x2c ./lmic/lmic.o
                0x000089c4                os_wlsbf2
 .text.os_wlsbf4
                0x000089f0       0x40 ./lmic/lmic.o
                0x000089f0                os_wlsbf4
 .text.os_wmsbf4
                0x00008a30       0x40 ./lmic/lmic.o
                0x00008a30                os_wmsbf4
 .text.os_getBattLevel
                0x00008a70       0x10 ./lmic/lmic.o
                0x00008a70                os_getBattLevel
 .text.micB0    0x00008a80       0x60 ./lmic/lmic.o
 .text.aes_verifyMic
                0x00008ae0       0x58 ./lmic/lmic.o
 .text.aes_appendMic
                0x00008b38       0x4c ./lmic/lmic.o
 .text.aes_appendMic0
                0x00008b84       0x38 ./lmic/lmic.o
 .text.aes_verifyMic0
                0x00008bbc       0x44 ./lmic/lmic.o
 .text.aes_encrypt
                0x00008c00       0x28 ./lmic/lmic.o
 .text.aes_cipher
                0x00008c28       0x84 ./lmic/lmic.o
 .text.aes_sessKeys
                0x00008cac       0x78 ./lmic/lmic.o
 .text.getSensitivity
                0x00008d24       0x40 ./lmic/lmic.o
                0x00008d24                getSensitivity
 .text.calcAirTime
                0x00008d64      0x124 ./lmic/lmic.o
                0x00008d64                calcAirTime
 .text.rndDelay
                0x00008e88       0x64 ./lmic/lmic.o
 .text.txDelay  0x00008eec       0x58 ./lmic/lmic.o
 .text.setDrJoin
                0x00008f44       0x28 ./lmic/lmic.o
 .text.setDrTxpow
                0x00008f6c       0x58 ./lmic/lmic.o
 .text.initDefaultChannels
                0x00008fc4      0x120 ./lmic/lmic.o
 .text.LMIC_setupBand
                0x000090e4       0x5c ./lmic/lmic.o
                0x000090e4                LMIC_setupBand
 .text.LMIC_setupChannel
                0x00009140       0xf8 ./lmic/lmic.o
                0x00009140                LMIC_setupChannel
 .text.LMIC_disableChannel
                0x00009238       0x54 ./lmic/lmic.o
                0x00009238                LMIC_disableChannel
 .text.convFreq
                0x0000928c       0x44 ./lmic/lmic.o
 .text.mapChannels
                0x000092d0       0x90 ./lmic/lmic.o
 .text.updateTx
                0x00009360       0x90 ./lmic/lmic.o
 .text.nextTx   0x000093f0      0x138 ./lmic/lmic.o
 .text.initJoinLoop
                0x00009528       0x6c ./lmic/lmic.o
 .text.nextJoinState
                0x00009594       0xcc ./lmic/lmic.o
 .text.runEngineUpdate
                0x00009660       0x14 ./lmic/lmic.o
 .text.reportEvent
                0x00009674       0x1c ./lmic/lmic.o
 .text.runReset
                0x00009690       0x1c ./lmic/lmic.o
 .text.stateJustJoined
                0x000096ac       0xb0 ./lmic/lmic.o
 .text.decodeFrame
                0x0000975c      0x57c ./lmic/lmic.o
 .text.setupRx2
                0x00009cd8       0x40 ./lmic/lmic.o
 .text.schedRx2
                0x00009d18       0x50 ./lmic/lmic.o
 .text.setupRx1
                0x00009d68       0x44 ./lmic/lmic.o
 .text.txDone   0x00009dac       0x70 ./lmic/lmic.o
 .text.onJoinFailed
                0x00009e1c       0x14 ./lmic/lmic.o
 .text.processJoinAccept
                0x00009e30      0x25c ./lmic/lmic.o
 .text.processRx2Jacc
                0x0000a08c       0x28 ./lmic/lmic.o
 .text.setupRx2Jacc
                0x0000a0b4       0x20 ./lmic/lmic.o
 .text.processRx1Jacc
                0x0000a0d4       0x34 ./lmic/lmic.o
 .text.setupRx1Jacc
                0x0000a108       0x18 ./lmic/lmic.o
 .text.jreqDone
                0x0000a120       0x1c ./lmic/lmic.o
 .text.processRx2DnDataDelay
                0x0000a13c       0x14 ./lmic/lmic.o
 .text.processRx2DnData
                0x0000a150       0x50 ./lmic/lmic.o
 .text.setupRx2DnData
                0x0000a1a0       0x20 ./lmic/lmic.o
 .text.processRx1DnData
                0x0000a1c0       0x34 ./lmic/lmic.o
 .text.setupRx1DnData
                0x0000a1f4       0x18 ./lmic/lmic.o
 .text.updataDone
                0x0000a20c       0x1c ./lmic/lmic.o
 .text.buildDataFrame
                0x0000a228      0x330 ./lmic/lmic.o
 .text.buildJoinRequest
                0x0000a558       0x6c ./lmic/lmic.o
 .text.startJoining
                0x0000a5c4       0x14 ./lmic/lmic.o
 .text.LMIC_startJoining
                0x0000a5d8       0x94 ./lmic/lmic.o
                0x0000a5d8                LMIC_startJoining
 .text.processDnData
                0x0000a66c      0x1a0 ./lmic/lmic.o
 .text.engineUpdate
                0x0000a80c      0x214 ./lmic/lmic.o
 .text.LMIC_setAdrMode
                0x0000aa20       0x2c ./lmic/lmic.o
                0x0000aa20                LMIC_setAdrMode
 .text.LMIC_setDrTxpow
                0x0000aa4c       0x28 ./lmic/lmic.o
                0x0000aa4c                LMIC_setDrTxpow
 .text.LMIC_reset
                0x0000aa74       0x74 ./lmic/lmic.o
                0x0000aa74                LMIC_reset
 .text.LMIC_init
                0x0000aae8       0x18 ./lmic/lmic.o
                0x0000aae8                LMIC_init
 .text.LMIC_setTxData
                0x0000ab00       0x38 ./lmic/lmic.o
                0x0000ab00                LMIC_setTxData
 .text.LMIC_setTxData2
                0x0000ab38       0x64 ./lmic/lmic.o
                0x0000ab38                LMIC_setTxData2
 .text.os_init  0x0000ab9c       0x20 ./lmic/oslmic.o
                0x0000ab9c                os_init
 .text.os_getTime
                0x0000abbc       0x10 ./lmic/oslmic.o
                0x0000abbc                os_getTime
 .text.unlinkjob
                0x0000abcc       0x40 ./lmic/oslmic.o
 .text.os_clearCallback
                0x0000ac0c       0x3c ./lmic/oslmic.o
                0x0000ac0c                os_clearCallback
 .text.os_setCallback
                0x0000ac48       0x48 ./lmic/oslmic.o
                0x0000ac48                os_setCallback
 .text.os_setTimedCallback
                0x0000ac90       0x68 ./lmic/oslmic.o
                0x0000ac90                os_setTimedCallback
 .text.os_runloop
                0x0000acf8       0x6c ./lmic/oslmic.o
                0x0000acf8                os_runloop
 .text.writeReg
                0x0000ad64       0x38 ./lmic/radio.o
 .text.readReg  0x0000ad9c       0x38 ./lmic/radio.o
 .text.writeBuf
                0x0000add4       0x54 ./lmic/radio.o
 .text.readBuf  0x0000ae28       0x54 ./lmic/radio.o
 .text.opmode   0x0000ae7c       0x30 ./lmic/radio.o
 .text.opmodeLora
                0x0000aeac       0x24 ./lmic/radio.o
 .text.opmodeFSK
                0x0000aed0       0x24 ./lmic/radio.o
 .text.configLoraModem
                0x0000aef4      0x150 ./lmic/radio.o
 .text.configChannel
                0x0000b044       0x7c ./lmic/radio.o
 .text.configPower
                0x0000b0c0       0x60 ./lmic/radio.o
 .text.txfsk    0x0000b120       0xd8 ./lmic/radio.o
 .text.txlora   0x0000b1f8       0xb4 ./lmic/radio.o
 .text.starttx  0x0000b2ac       0x38 ./lmic/radio.o
 .text.rxlora   0x0000b2e4       0xd8 ./lmic/radio.o
 .text.rxfsk    0x0000b3bc       0xe0 ./lmic/radio.o
 .text.startrx  0x0000b49c       0x4c ./lmic/radio.o
 .text.radio_init
                0x0000b4e8      0x16c ./lmic/radio.o
                0x0000b4e8                radio_init
 .text.radio_rand1
                0x0000b654       0x4c ./lmic/radio.o
                0x0000b654                radio_rand1
 .text.radio_irq_handler
                0x0000b6a0      0x1ac ./lmic/radio.o
                0x0000b6a0                radio_irq_handler
 .text.os_radio
                0x0000b84c       0x54 ./lmic/radio.o
                0x0000b84c                os_radio
 .text.file_sys_setup
                0x0000b8a0       0xf8 ./resource managers_src/app_manager.o
                0x0000b8a0                file_sys_setup
 .text.tbr_cmd_update_rgb_led
                0x0000b998       0x54 ./resource managers_src/app_manager.o
                0x0000b998                tbr_cmd_update_rgb_led
 .text.app_manager_init
                0x0000b9ec      0x1d8 ./resource managers_src/app_manager.o
                0x0000b9ec                app_manager_init
 .text.app_manager_tbr_synch_msg
                0x0000bbc4      0x218 ./resource managers_src/app_manager.o
                0x0000bbc4                app_manager_tbr_synch_msg
 .text.app_manager_get_nav_data
                0x0000bddc       0x18 ./resource managers_src/app_manager.o
                0x0000bddc                app_manager_get_nav_data
 .text.app_manager_get_lora_buffer
                0x0000bdf4       0x64 ./resource managers_src/app_manager.o
                0x0000bdf4                app_manager_get_lora_buffer
 .text.EMU_EnterEM1
                0x0000be58       0x20 ./resource managers_src/lpwan_manager.o
 .text.os_getArtEui
                0x0000be78       0x1c ./resource managers_src/lpwan_manager.o
                0x0000be78                os_getArtEui
 .text.os_getDevEui
                0x0000be94       0x1c ./resource managers_src/lpwan_manager.o
                0x0000be94                os_getDevEui
 .text.os_getDevKey
                0x0000beb0       0x1c ./resource managers_src/lpwan_manager.o
                0x0000beb0                os_getDevKey
 .text.lora_tx_function
                0x0000becc       0x38 ./resource managers_src/lpwan_manager.o
 .text.setup_channel
                0x0000bf04       0x60 ./resource managers_src/lpwan_manager.o
 .text.init_funct
                0x0000bf64       0x18 ./resource managers_src/lpwan_manager.o
 .text.app_funct
                0x0000bf7c       0xd0 ./resource managers_src/lpwan_manager.o
 .text.lpwan_init
                0x0000c04c       0x28 ./resource managers_src/lpwan_manager.o
                0x0000c04c                lpwan_init
 .text.onEvent  0x0000c074       0xe8 ./resource managers_src/lpwan_manager.o
                0x0000c074                onEvent
 .text.SYSTEM_GetProdRev
                0x0000c15c       0x1c ./src/main.o
 .text.CHIP_Init
                0x0000c178       0x3c ./src/main.o
 .text.main     0x0000c1b4       0xe0 ./src/main.o
                0x0000c1b4                main
 .text          0x0000c294       0x30 c:/siliconlabs/simplicitystudio/v4/developer/toolchains/gnu_arm/4.9_2015q3/bin/../lib/gcc/arm-none-eabi/4.9.3/armv7-m\libgcc.a(_aeabi_uldivmod.o)
                0x0000c294                __aeabi_uldivmod
 .text          0x0000c2c4       0x60 c:/siliconlabs/simplicitystudio/v4/developer/toolchains/gnu_arm/4.9_2015q3/bin/../lib/gcc/arm-none-eabi/4.9.3/armv7-m\libgcc.a(bpabi.o)
                0x0000c2c4                __gnu_ldivmod_helper
                0x0000c2f4                __gnu_uldivmod_helper
 .text          0x0000c324        0x4 c:/siliconlabs/simplicitystudio/v4/developer/toolchains/gnu_arm/4.9_2015q3/bin/../lib/gcc/arm-none-eabi/4.9.3/armv7-m\libgcc.a(_dvmd_tls.o)
                0x0000c324                __aeabi_idiv0
                0x0000c324                __aeabi_ldiv0
 .text          0x0000c328      0x2ac c:/siliconlabs/simplicitystudio/v4/developer/toolchains/gnu_arm/4.9_2015q3/bin/../lib/gcc/arm-none-eabi/4.9.3/armv7-m\libgcc.a(_divdi3.o)
                0x0000c328                __divdi3
 .text          0x0000c5d4      0x270 c:/siliconlabs/simplicitystudio/v4/developer/toolchains/gnu_arm/4.9_2015q3/bin/../lib/gcc/arm-none-eabi/4.9.3/armv7-m\libgcc.a(_udivdi3.o)
                0x0000c5d4                __udivdi3
 .text.exit     0x0000c844       0x28 c:/siliconlabs/simplicitystudio/v4/developer/toolchains/gnu_arm/4.9_2015q3/bin/../lib/gcc/arm-none-eabi/4.9.3/../../../../arm-none-eabi/lib/armv7-m\libc_nano.a(lib_a-exit.o)
                0x0000c844                exit
 .text.__libc_init_array
                0x0000c86c       0x4c c:/siliconlabs/simplicitystudio/v4/developer/toolchains/gnu_arm/4.9_2015q3/bin/../lib/gcc/arm-none-eabi/4.9.3/../../../../arm-none-eabi/lib/armv7-m\libc_nano.a(lib_a-init.o)
                0x0000c86c                __libc_init_array
 .text.memcpy   0x0000c8b8       0x16 c:/siliconlabs/simplicitystudio/v4/developer/toolchains/gnu_arm/4.9_2015q3/bin/../lib/gcc/arm-none-eabi/4.9.3/../../../../arm-none-eabi/lib/armv7-m\libc_nano.a(lib_a-memcpy.o)
                0x0000c8b8                memcpy
 .text.memset   0x0000c8ce       0x10 c:/siliconlabs/simplicitystudio/v4/developer/toolchains/gnu_arm/4.9_2015q3/bin/../lib/gcc/arm-none-eabi/4.9.3/../../../../arm-none-eabi/lib/armv7-m\libc_nano.a(lib_a-memset.o)
                0x0000c8ce                memset
 *fill*         0x0000c8de        0x2 
 .text.sprintf  0x0000c8e0       0x48 c:/siliconlabs/simplicitystudio/v4/developer/toolchains/gnu_arm/4.9_2015q3/bin/../lib/gcc/arm-none-eabi/4.9.3/../../../../arm-none-eabi/lib/armv7-m\libc_nano.a(lib_a-sprintf.o)
                0x0000c8e0                siprintf
                0x0000c8e0                sprintf
 .text.strchr   0x0000c928       0x1c c:/siliconlabs/simplicitystudio/v4/developer/toolchains/gnu_arm/4.9_2015q3/bin/../lib/gcc/arm-none-eabi/4.9.3/../../../../arm-none-eabi/lib/armv7-m\libc_nano.a(lib_a-strchr.o)
                0x0000c928                strchr
 .text.strlen   0x0000c944       0x10 c:/siliconlabs/simplicitystudio/v4/developer/toolchains/gnu_arm/4.9_2015q3/bin/../lib/gcc/arm-none-eabi/4.9.3/../../../../arm-none-eabi/lib/armv7-m\libc_nano.a(lib_a-strlen.o)
                0x0000c944                strlen
 .text.strncmp  0x0000c954       0x32 c:/siliconlabs/simplicitystudio/v4/developer/toolchains/gnu_arm/4.9_2015q3/bin/../lib/gcc/arm-none-eabi/4.9.3/../../../../arm-none-eabi/lib/armv7-m\libc_nano.a(lib_a-strncmp.o)
                0x0000c954                strncmp
 .text.strstr   0x0000c986       0x30 c:/siliconlabs/simplicitystudio/v4/developer/toolchains/gnu_arm/4.9_2015q3/bin/../lib/gcc/arm-none-eabi/4.9.3/../../../../arm-none-eabi/lib/armv7-m\libc_nano.a(lib_a-strstr.o)
                0x0000c986                strstr
 *fill*         0x0000c9b6        0x2 
 .text.strtok   0x0000c9b8       0x64 c:/siliconlabs/simplicitystudio/v4/developer/toolchains/gnu_arm/4.9_2015q3/bin/../lib/gcc/arm-none-eabi/4.9.3/../../../../arm-none-eabi/lib/armv7-m\libc_nano.a(lib_a-strtok.o)
                0x0000c9b8                strtok
 .text.__strtok_r
                0x0000ca1c       0x56 c:/siliconlabs/simplicitystudio/v4/developer/toolchains/gnu_arm/4.9_2015q3/bin/../lib/gcc/arm-none-eabi/4.9.3/../../../../arm-none-eabi/lib/armv7-m\libc_nano.a(lib_a-strtok_r.o)
                0x0000ca1c                __strtok_r
 *fill*         0x0000ca72        0x2 
 .text._strtoul_r
                0x0000ca74       0xf8 c:/siliconlabs/simplicitystudio/v4/developer/toolchains/gnu_arm/4.9_2015q3/bin/../lib/gcc/arm-none-eabi/4.9.3/../../../../arm-none-eabi/lib/armv7-m\libc_nano.a(lib_a-strtoul.o)
                0x0000ca74                _strtoul_r
 .text.strtoul  0x0000cb6c       0x1c c:/siliconlabs/simplicitystudio/v4/developer/toolchains/gnu_arm/4.9_2015q3/bin/../lib/gcc/arm-none-eabi/4.9.3/../../../../arm-none-eabi/lib/armv7-m\libc_nano.a(lib_a-strtoul.o)
                0x0000cb6c                strtoul
 .text.malloc   0x0000cb88       0x10 c:/siliconlabs/simplicitystudio/v4/developer/toolchains/gnu_arm/4.9_2015q3/bin/../lib/gcc/arm-none-eabi/4.9.3/../../../../arm-none-eabi/lib/armv7-m\libc_nano.a(lib_a-malloc.o)
                0x0000cb88                malloc
 .text._free_r  0x0000cb98       0x88 c:/siliconlabs/simplicitystudio/v4/developer/toolchains/gnu_arm/4.9_2015q3/bin/../lib/gcc/arm-none-eabi/4.9.3/../../../../arm-none-eabi/lib/armv7-m\libc_nano.a(lib_a-nano-freer.o)
                0x0000cb98                _free_r
 .text._malloc_r
                0x0000cc20       0xac c:/siliconlabs/simplicitystudio/v4/developer/toolchains/gnu_arm/4.9_2015q3/bin/../lib/gcc/arm-none-eabi/4.9.3/../../../../arm-none-eabi/lib/armv7-m\libc_nano.a(lib_a-nano-mallocr.o)
                0x0000cc20                _malloc_r
 .text.__ssputs_r
                0x0000cccc       0xb2 c:/siliconlabs/simplicitystudio/v4/developer/toolchains/gnu_arm/4.9_2015q3/bin/../lib/gcc/arm-none-eabi/4.9.3/../../../../arm-none-eabi/lib/armv7-m\libc_nano.a(lib_a-nano-svfprintf.o)
                0x0000cccc                __ssputs_r
 *fill*         0x0000cd7e        0x2 
 .text._svfprintf_r
                0x0000cd80      0x1e4 c:/siliconlabs/simplicitystudio/v4/developer/toolchains/gnu_arm/4.9_2015q3/bin/../lib/gcc/arm-none-eabi/4.9.3/../../../../arm-none-eabi/lib/armv7-m\libc_nano.a(lib_a-nano-svfprintf.o)
                0x0000cd80                _svfiprintf_r
                0x0000cd80                _svfprintf_r
 .text._printf_common
                0x0000cf64       0xea c:/siliconlabs/simplicitystudio/v4/developer/toolchains/gnu_arm/4.9_2015q3/bin/../lib/gcc/arm-none-eabi/4.9.3/../../../../arm-none-eabi/lib/armv7-m\libc_nano.a(lib_a-nano-vfprintf_i.o)
                0x0000cf64                _printf_common
 *fill*         0x0000d04e        0x2 
 .text._printf_i
                0x0000d050      0x240 c:/siliconlabs/simplicitystudio/v4/developer/toolchains/gnu_arm/4.9_2015q3/bin/../lib/gcc/arm-none-eabi/4.9.3/../../../../arm-none-eabi/lib/armv7-m\libc_nano.a(lib_a-nano-vfprintf_i.o)
                0x0000d050                _printf_i
 .text._sbrk_r  0x0000d290       0x20 c:/siliconlabs/simplicitystudio/v4/developer/toolchains/gnu_arm/4.9_2015q3/bin/../lib/gcc/arm-none-eabi/4.9.3/../../../../arm-none-eabi/lib/armv7-m\libc_nano.a(lib_a-sbrkr.o)
                0x0000d290                _sbrk_r
 .text.memchr   0x0000d2b0       0x1c c:/siliconlabs/simplicitystudio/v4/developer/toolchains/gnu_arm/4.9_2015q3/bin/../lib/gcc/arm-none-eabi/4.9.3/../../../../arm-none-eabi/lib/armv7-m\libc_nano.a(lib_a-memchr.o)
                0x0000d2b0                memchr
 .text.memmove  0x0000d2cc       0x36 c:/siliconlabs/simplicitystudio/v4/developer/toolchains/gnu_arm/4.9_2015q3/bin/../lib/gcc/arm-none-eabi/4.9.3/../../../../arm-none-eabi/lib/armv7-m\libc_nano.a(lib_a-memmove.o)
                0x0000d2cc                memmove
 .text._realloc_r
                0x0000d302       0x4c c:/siliconlabs/simplicitystudio/v4/developer/toolchains/gnu_arm/4.9_2015q3/bin/../lib/gcc/arm-none-eabi/4.9.3/../../../../arm-none-eabi/lib/armv7-m\libc_nano.a(lib_a-nano-reallocr.o)
                0x0000d302                _realloc_r
 .text._malloc_usable_size_r
                0x0000d34e       0x14 c:/siliconlabs/simplicitystudio/v4/developer/toolchains/gnu_arm/4.9_2015q3/bin/../lib/gcc/arm-none-eabi/4.9.3/../../../../arm-none-eabi/lib/armv7-m\libc_nano.a(lib_a-nano-msizer.o)
                0x0000d34e                _malloc_usable_size_r
 *fill*         0x0000d362        0x2 
 .text._sbrk    0x0000d364       0x1c c:/siliconlabs/simplicitystudio/v4/developer/toolchains/gnu_arm/4.9_2015q3/bin/../lib/gcc/arm-none-eabi/4.9.3/../../../../arm-none-eabi/lib/armv7-m\libnosys.a(sbrk.o)
                0x0000d364                _sbrk
 .text._exit    0x0000d380        0x4 c:/siliconlabs/simplicitystudio/v4/developer/toolchains/gnu_arm/4.9_2015q3/bin/../lib/gcc/arm-none-eabi/4.9.3/../../../../arm-none-eabi/lib/armv7-m\libnosys.a(_exit.o)
                0x0000d380                _exit
 *(.init)
 .init          0x0000d384        0x4 c:/siliconlabs/simplicitystudio/v4/developer/toolchains/gnu_arm/4.9_2015q3/bin/../lib/gcc/arm-none-eabi/4.9.3/armv7-m/crti.o
                0x0000d384                _init
 .init          0x0000d388        0x8 c:/siliconlabs/simplicitystudio/v4/developer/toolchains/gnu_arm/4.9_2015q3/bin/../lib/gcc/arm-none-eabi/4.9.3/armv7-m/crtn.o
 *(.fini)
 .fini          0x0000d390        0x4 c:/siliconlabs/simplicitystudio/v4/developer/toolchains/gnu_arm/4.9_2015q3/bin/../lib/gcc/arm-none-eabi/4.9.3/armv7-m/crti.o
                0x0000d390                _fini
 .fini          0x0000d394        0x8 c:/siliconlabs/simplicitystudio/v4/developer/toolchains/gnu_arm/4.9_2015q3/bin/../lib/gcc/arm-none-eabi/4.9.3/armv7-m/crtn.o
 *crtbegin.o(.ctors)
 *crtbegin?.o(.ctors)
 *(EXCLUDE_FILE(*crtend.o *crtend?.o) .ctors)
 *(SORT(.ctors.*))
 *(.ctors)
 *crtbegin.o(.dtors)
 *crtbegin?.o(.dtors)
 *(EXCLUDE_FILE(*crtend.o *crtend?.o) .dtors)
 *(SORT(.dtors.*))
 *(.dtors)
 *(.rodata*)
 .rodata        0x0000d39c       0xb6 ./devices_src/tbr.o
 *fill*         0x0000d452        0x2 
 .rodata.nav_pvt_gps_data
                0x0000d454        0x8 ./devices_src/ublox_gps.o
 .rodata.cfg_prt_spi
                0x0000d45c       0x1c ./devices_src/ublox_gps.o
 .rodata.cfg_prt_usb
                0x0000d478       0x1c ./devices_src/ublox_gps.o
 .rodata.cfg_prt_ddc
                0x0000d494       0x1c ./devices_src/ublox_gps.o
 .rodata.cfg_pm2_on_off
                0x0000d4b0       0x34 ./devices_src/ublox_gps.o
 .rodata.cfg_sbas_disable
                0x0000d4e4       0x10 ./devices_src/ublox_gps.o
 .rodata.cfg_rxm_psm_mode
                0x0000d4f4        0xa ./devices_src/ublox_gps.o
 *fill*         0x0000d4fe        0x2 
 .rodata.cfg_rxm_poll_psm
                0x0000d500        0x8 ./devices_src/ublox_gps.o
 .rodata        0x0000d508       0x1f ./devices_src/ublox_gps.o
 *fill*         0x0000d527        0x1 
 .rodata        0x0000d528       0x18 ./drivers_src/rs232.o
 .rodata        0x0000d540       0x18 ./drivers_src/spi.o
 .rodata        0x0000d558        0xf ./fat_filesystem_src/ff.o
 *fill*         0x0000d567        0x1 
 .rodata        0x0000d568       0x23 ./hal/hal.o
 *fill*         0x0000d58b        0x1 
 .rodata.AES_RCON
                0x0000d58c       0x28 ./lmic/aes.o
 .rodata.AES_S  0x0000d5b4      0x100 ./lmic/aes.o
 .rodata.AES_E1
                0x0000d6b4      0x400 ./lmic/aes.o
 .rodata.AES_E2
                0x0000dab4      0x400 ./lmic/aes.o
 .rodata.AES_E3
                0x0000deb4      0x400 ./lmic/aes.o
 .rodata.AES_E4
                0x0000e2b4      0x400 ./lmic/aes.o
 .rodata._DR2RPS_CRC
                0x0000e6b4        0xa ./lmic/lmic.o
                0x0000e6b4                _DR2RPS_CRC
 *fill*         0x0000e6be        0x2 
 .rodata.TXPOWLEVELS
                0x0000e6c0       0x10 ./lmic/lmic.o
 .rodata.SENSITIVITY
                0x0000e6d0       0x15 ./lmic/lmic.o
 *fill*         0x0000e6e5        0x3 
 .rodata.DRADJUST
                0x0000e6e8        0xa ./lmic/lmic.o
 *fill*         0x0000e6f2        0x2 
 .rodata.DR2HSYM_osticks
                0x0000e6f4       0x20 ./lmic/lmic.o
 .rodata.iniChannelFreq
                0x0000e714       0x30 ./lmic/lmic.o
 .rodata.rxlorairqmask
                0x0000e744        0x3 ./lmic/radio.o
 *fill*         0x0000e747        0x1 
 .rodata.LORA_RXDONE_FIXUP
                0x0000e748        0xe ./lmic/radio.o
 *fill*         0x0000e756        0x2 
 .rodata        0x0000e758      0x148 ./resource managers_src/app_manager.o
 .rodata.APPEUI
                0x0000e8a0        0x8 ./resource managers_src/lpwan_manager.o
 .rodata.DEVEUI
                0x0000e8a8        0x8 ./resource managers_src/lpwan_manager.o
 .rodata.DEVKEY
                0x0000e8b0       0x10 ./resource managers_src/lpwan_manager.o
 .rodata        0x0000e8c0      0x138 ./resource managers_src/lpwan_manager.o
 .rodata        0x0000e9f8       0x6a ./src/main.o
 .rodata.str1.1
                0x0000ea62        0x2 c:/siliconlabs/simplicitystudio/v4/developer/toolchains/gnu_arm/4.9_2015q3/bin/../lib/gcc/arm-none-eabi/4.9.3/../../../../arm-none-eabi/lib/armv7-m\libc_nano.a(lib_a-impure.o)
 .rodata._global_impure_ptr
                0x0000ea64        0x4 c:/siliconlabs/simplicitystudio/v4/developer/toolchains/gnu_arm/4.9_2015q3/bin/../lib/gcc/arm-none-eabi/4.9.3/../../../../arm-none-eabi/lib/armv7-m\libc_nano.a(lib_a-impure.o)
                0x0000ea64                _global_impure_ptr
 .rodata._ctype_
                0x0000ea68      0x101 c:/siliconlabs/simplicitystudio/v4/developer/toolchains/gnu_arm/4.9_2015q3/bin/../lib/gcc/arm-none-eabi/4.9.3/../../../../arm-none-eabi/lib/armv7-m\libc_nano.a(lib_a-ctype_.o)
                0x0000ea68                _ctype_
 .rodata.str1.1
                0x0000eb69       0x11 c:/siliconlabs/simplicitystudio/v4/developer/toolchains/gnu_arm/4.9_2015q3/bin/../lib/gcc/arm-none-eabi/4.9.3/../../../../arm-none-eabi/lib/armv7-m\libc_nano.a(lib_a-nano-svfprintf.o)
 .rodata.str1.1
                0x0000eb7a       0x22 c:/siliconlabs/simplicitystudio/v4/developer/toolchains/gnu_arm/4.9_2015q3/bin/../lib/gcc/arm-none-eabi/4.9.3/../../../../arm-none-eabi/lib/armv7-m\libc_nano.a(lib_a-nano-vfprintf_i.o)
 *(.eh_frame*)
 .eh_frame      0x0000eb9c        0x0 c:/siliconlabs/simplicitystudio/v4/developer/toolchains/gnu_arm/4.9_2015q3/bin/../lib/gcc/arm-none-eabi/4.9.3/armv7-m/crtbegin.o
 .eh_frame      0x0000eb9c        0x4 c:/siliconlabs/simplicitystudio/v4/developer/toolchains/gnu_arm/4.9_2015q3/bin/../lib/gcc/arm-none-eabi/4.9.3/armv7-m/crtend.o

.glue_7         0x0000eba0        0x0
 .glue_7        0x00000000        0x0 linker stubs

.glue_7t        0x0000eba0        0x0
 .glue_7t       0x00000000        0x0 linker stubs

.vfp11_veneer   0x0000eba0        0x0
 .vfp11_veneer  0x00000000        0x0 linker stubs

.v4_bx          0x0000eba0        0x0
 .v4_bx         0x00000000        0x0 linker stubs

.iplt           0x0000eba0        0x0
 .iplt          0x00000000        0x0 c:/siliconlabs/simplicitystudio/v4/developer/toolchains/gnu_arm/4.9_2015q3/bin/../lib/gcc/arm-none-eabi/4.9.3/armv7-m/crtbegin.o

.ARM.extab
 *(.ARM.extab* .gnu.linkonce.armextab.*)
                0x0000eba0                __exidx_start = .

.ARM.exidx      0x0000eba0        0x8
 *(.ARM.exidx* .gnu.linkonce.armexidx.*)
 .ARM.exidx     0x0000eba0        0x8 c:/siliconlabs/simplicitystudio/v4/developer/toolchains/gnu_arm/4.9_2015q3/bin/../lib/gcc/arm-none-eabi/4.9.3/../../../../arm-none-eabi/lib/armv7-m/crt0.o
 .ARM.exidx     0x0000eba8        0x0 c:/siliconlabs/simplicitystudio/v4/developer/toolchains/gnu_arm/4.9_2015q3/bin/../lib/gcc/arm-none-eabi/4.9.3/armv7-m\libgcc.a(_divdi3.o)
                                  0x8 (size before relaxing)
 .ARM.exidx     0x0000eba8        0x0 c:/siliconlabs/simplicitystudio/v4/developer/toolchains/gnu_arm/4.9_2015q3/bin/../lib/gcc/arm-none-eabi/4.9.3/armv7-m\libgcc.a(_udivdi3.o)
                                  0x8 (size before relaxing)
                0x0000eba8                __exidx_end = .
                0x0000eba8                __etext = .

.rel.dyn        0x0000eba8        0x0
 .rel.iplt      0x00000000        0x0 c:/siliconlabs/simplicitystudio/v4/developer/toolchains/gnu_arm/4.9_2015q3/bin/../lib/gcc/arm-none-eabi/4.9.3/armv7-m/crtbegin.o

.data           0x20000000       0x84 load address 0x0000eba8
                0x20000000                __data_start__ = .
 *(vtable)
 *(.data*)
 .data.SystemHFXOClock
                0x20000000        0x4 ./CMSIS/EFM32GG/system_efm32gg.o
 .data.SystemLFXOClock
                0x20000004        0x4 ./CMSIS/EFM32GG/system_efm32gg.o
 .data.SystemCoreClock
                0x20000008        0x4 ./CMSIS/EFM32GG/system_efm32gg.o
                0x20000008                SystemCoreClock
 .data.isr_rx_tx_char
                0x2000000c        0x1 ./drivers_src/rs485.o
 *fill*         0x2000000d        0x3 
 .data.impure_data
                0x20000010       0x60 c:/siliconlabs/simplicitystudio/v4/developer/toolchains/gnu_arm/4.9_2015q3/bin/../lib/gcc/arm-none-eabi/4.9.3/../../../../arm-none-eabi/lib/armv7-m\libc_nano.a(lib_a-impure.o)
 .data._impure_ptr
                0x20000070        0x4 c:/siliconlabs/simplicitystudio/v4/developer/toolchains/gnu_arm/4.9_2015q3/bin/../lib/gcc/arm-none-eabi/4.9.3/../../../../arm-none-eabi/lib/armv7-m\libc_nano.a(lib_a-impure.o)
                0x20000070                _impure_ptr
 .data.__ctype_ptr__
                0x20000074        0x4 c:/siliconlabs/simplicitystudio/v4/developer/toolchains/gnu_arm/4.9_2015q3/bin/../lib/gcc/arm-none-eabi/4.9.3/../../../../arm-none-eabi/lib/armv7-m\libc_nano.a(lib_a-ctype_.o)
                0x20000074                __ctype_ptr__
                0x20000078                . = ALIGN (0x4)
 *(.ram)
                0x20000078                . = ALIGN (0x4)
                0x20000078                PROVIDE (__preinit_array_start, .)
 *(.preinit_array)
                0x20000078                PROVIDE (__preinit_array_end, .)
                0x20000078                . = ALIGN (0x4)
                0x20000078                PROVIDE (__init_array_start, .)
 *(SORT(.init_array.*))
 *(.init_array)
 .init_array    0x20000078        0x4 c:/siliconlabs/simplicitystudio/v4/developer/toolchains/gnu_arm/4.9_2015q3/bin/../lib/gcc/arm-none-eabi/4.9.3/armv7-m/crtbegin.o
                0x2000007c                PROVIDE (__init_array_end, .)
                0x2000007c                . = ALIGN (0x4)
                0x2000007c                PROVIDE (__fini_array_start, .)
 *(SORT(.fini_array.*))
 *(.fini_array)
 .fini_array    0x2000007c        0x4 c:/siliconlabs/simplicitystudio/v4/developer/toolchains/gnu_arm/4.9_2015q3/bin/../lib/gcc/arm-none-eabi/4.9.3/armv7-m/crtbegin.o
                0x20000080                PROVIDE (__fini_array_end, .)
 *(.jcr*)
 .jcr           0x20000080        0x0 c:/siliconlabs/simplicitystudio/v4/developer/toolchains/gnu_arm/4.9_2015q3/bin/../lib/gcc/arm-none-eabi/4.9.3/armv7-m/crtbegin.o
 .jcr           0x20000080        0x4 c:/siliconlabs/simplicitystudio/v4/developer/toolchains/gnu_arm/4.9_2015q3/bin/../lib/gcc/arm-none-eabi/4.9.3/armv7-m/crtend.o
                0x20000084                . = ALIGN (0x4)
                0x20000084                __data_end__ = .

.igot.plt       0x20000084        0x0 load address 0x0000ec2c
 .igot.plt      0x00000000        0x0 c:/siliconlabs/simplicitystudio/v4/developer/toolchains/gnu_arm/4.9_2015q3/bin/../lib/gcc/arm-none-eabi/4.9.3/armv7-m/crtbegin.o

.bss            0x20000088     0x10f8 load address 0x0000ec30
                0x20000088                . = ALIGN (0x4)
                0x20000088                __bss_start__ = .
 *(.bss*)
 .bss           0x20000088       0x1c c:/siliconlabs/simplicitystudio/v4/developer/toolchains/gnu_arm/4.9_2015q3/bin/../lib/gcc/arm-none-eabi/4.9.3/armv7-m/crtbegin.o
 .bss.array_msg
                0x200000a4      0x200 ./devices_src/tbr.o
 .bss.array_size
                0x200002a4        0x4 ./devices_src/tbr.o
 .bss.array_front
                0x200002a8        0x4 ./devices_src/tbr.o
 .bss.array_rear
                0x200002ac        0x4 ./devices_src/tbr.o
 .bss.current_rx_fifo
                0x200002b0        0x1 ./drivers_src/rs485.o
 .bss.init_flag
                0x200002b1        0x1 ./fat_filesystem_src/diskio.o
 *fill*         0x200002b2        0x2 
 .bss.FatFs     0x200002b4        0x4 ./fat_filesystem_src/ff.o
 .bss.Fsid      0x200002b8        0x2 ./fat_filesystem_src/ff.o
 *fill*         0x200002ba        0x2 
 .bss.fifo_rx_size
                0x200002bc        0x4 ./fifo_buffers_src/fifo_rs232.o
 .bss.fifo_tx_size
                0x200002c0        0x4 ./fifo_buffers_src/fifo_rs232.o
 .bss.fifo_rx_front
                0x200002c4        0x4 ./fifo_buffers_src/fifo_rs232.o
 .bss.fifo_tx_front
                0x200002c8        0x4 ./fifo_buffers_src/fifo_rs232.o
 .bss.fifo_rx_rear
                0x200002cc        0x4 ./fifo_buffers_src/fifo_rs232.o
 .bss.fifo_tx_rear
                0x200002d0        0x4 ./fifo_buffers_src/fifo_rs232.o
 .bss.fifo_tx   0x200002d4      0x200 ./fifo_buffers_src/fifo_rs232.o
 .bss.fifo_rx   0x200004d4       0x10 ./fifo_buffers_src/fifo_rs232.o
 .bss.fifo_rx_data_size
                0x200004e4        0x4 ./fifo_buffers_src/fifo_tbr.o
 .bss.fifo_rx_cmd_size
                0x200004e8        0x4 ./fifo_buffers_src/fifo_tbr.o
 .bss.fifo_tx_cmd_size
                0x200004ec        0x4 ./fifo_buffers_src/fifo_tbr.o
 .bss.fifo_rx_cmd_front
                0x200004f0        0x4 ./fifo_buffers_src/fifo_tbr.o
 .bss.fifo_tx_cmd_front
                0x200004f4        0x4 ./fifo_buffers_src/fifo_tbr.o
 .bss.fifo_rx_data_front
                0x200004f8        0x4 ./fifo_buffers_src/fifo_tbr.o
 .bss.fifo_rx_cmd_rear
                0x200004fc        0x4 ./fifo_buffers_src/fifo_tbr.o
 .bss.fifo_tx_cmd_rear
                0x20000500        0x4 ./fifo_buffers_src/fifo_tbr.o
 .bss.fifo_rx_data_rear
                0x20000504        0x4 ./fifo_buffers_src/fifo_tbr.o
 .bss.fifo_tx_cmd
                0x20000508       0x10 ./fifo_buffers_src/fifo_tbr.o
 .bss.fifo_rx_cmd
                0x20000518        0x0 ./fifo_buffers_src/fifo_tbr.o
 .bss.fifo_rx_data
                0x20000518      0x200 ./fifo_buffers_src/fifo_tbr.o
 .bss.HAL       0x20000718        0x8 ./hal/hal.o
 .bss.time_manager_cmd
                0x20000720        0x1 ./hal/hal.o
 *fill*         0x20000721        0x3 
 .bss.time_count
                0x20000724        0x4 ./hal/hal.o
 .bss.gpio_int_flag
                0x20000728        0x4 ./hal/hal.o
                0x20000728                gpio_int_flag
 .bss.test_flag
                0x2000072c        0x1 ./hal/hal.o
 .bss.rtcInitialized
                0x2000072d        0x1 ./hal/hal.o
 *fill*         0x2000072e        0x2 
 .bss.rtcFreq   0x20000730        0x4 ./hal/hal.o
 .bss.irqlevel  0x20000734        0x1 ./hal/hal.o
 .bss.int_flag  0x20000735        0x1 ./hal/hal.o
 *fill*         0x20000736        0x2 
 .bss.OS        0x20000738        0x8 ./lmic/oslmic.o
 .bss.randbuf   0x20000740       0x10 ./lmic/radio.o
 .bss.FatFs     0x20000750      0x230 ./resource managers_src/app_manager.o
 .bss.tbr_lora_length
                0x20000980        0x4 ./resource managers_src/app_manager.o
 .bss.tbr_lora_buf
                0x20000984      0x200 ./resource managers_src/app_manager.o
 .bss.init_job  0x20000b84        0xc ./resource managers_src/lpwan_manager.o
 .bss.app_job   0x20000b90        0xc ./resource managers_src/lpwan_manager.o
 .bss.lora_msg_length
                0x20000b9c        0x1 ./src/main.o
                0x20000b9c                lora_msg_length
 *fill*         0x20000b9d        0x3 
 .bss.__malloc_sbrk_start
                0x20000ba0        0x4 c:/siliconlabs/simplicitystudio/v4/developer/toolchains/gnu_arm/4.9_2015q3/bin/../lib/gcc/arm-none-eabi/4.9.3/../../../../arm-none-eabi/lib/armv7-m\libc_nano.a(lib_a-nano-mallocr.o)
                0x20000ba0                __malloc_sbrk_start
 .bss.__malloc_free_list
                0x20000ba4        0x4 c:/siliconlabs/simplicitystudio/v4/developer/toolchains/gnu_arm/4.9_2015q3/bin/../lib/gcc/arm-none-eabi/4.9.3/../../../../arm-none-eabi/lib/armv7-m\libc_nano.a(lib_a-nano-mallocr.o)
                0x20000ba4                __malloc_free_list
 .bss.heap_end.4079
                0x20000ba8        0x4 c:/siliconlabs/simplicitystudio/v4/developer/toolchains/gnu_arm/4.9_2015q3/bin/../lib/gcc/arm-none-eabi/4.9.3/../../../../arm-none-eabi/lib/armv7-m\libnosys.a(sbrk.o)
 *(COMMON)
 COMMON         0x20000bac        0x4 ./hal/hal.o
                0x20000bac                irqState
 COMMON         0x20000bb0       0xc0 ./lmic/aes.o
                0x20000bb0                AESKEY
                0x20000c60                AESAUX
 COMMON         0x20000c70      0x244 ./lmic/lmic.o
                0x20000c70                LMIC
 COMMON         0x20000eb4       0x80 ./resource managers_src/app_manager.o
                0x20000eb4                rs232_tx_buf
 COMMON         0x20000f34       0x20 ./resource managers_src/lpwan_manager.o
                0x20000f34                temp_buf
 COMMON         0x20000f54      0x228 ./src/main.o
                0x20000f54                lora_buffer
                0x20001154                ref_timestamp
 COMMON         0x2000117c        0x4 c:/siliconlabs/simplicitystudio/v4/developer/toolchains/gnu_arm/4.9_2015q3/bin/../lib/gcc/arm-none-eabi/4.9.3/../../../../arm-none-eabi/lib/armv7-m\libc_nano.a(lib_a-reent.o)
                0x2000117c                errno
                0x20001180                . = ALIGN (0x4)
                0x20001180                __bss_end__ = .

.heap           0x20001180      0xc00
                0x20001180                __HeapBase = .
                0x20001180                __end__ = .
                0x20001180                end = __end__
                0x20001180                _end = __end__
 *(.heap*)
 .heap          0x20001180      0xc00 ./CMSIS/EFM32GG/startup_efm32gg.o
                0x20001d80                __HeapLimit = .

.stack_dummy    0x20001180      0x400
 *(.stack*)
 .stack         0x20001180      0x400 ./CMSIS/EFM32GG/startup_efm32gg.o
                0x20020000                __StackTop = (ORIGIN (RAM) + 0x20000)
                0x2001fc00                __StackLimit = (__StackTop - SIZEOF (.stack_dummy))
                0x20020000                PROVIDE (__stack, __StackTop)
                0x00000001                ASSERT ((__StackLimit >= __HeapLimit), region RAM overflowed with stack)
                0x00000001                ASSERT ((0x100000 >= (__etext + SIZEOF (.data))), FLASH memory overflowed !)
OUTPUT(lmic_and_testproject_iA.axf elf32-littlearm)

.ARM.attributes
                0x00000000       0x29
 .ARM.attributes
                0x00000000       0x1d c:/siliconlabs/simplicitystudio/v4/developer/toolchains/gnu_arm/4.9_2015q3/bin/../lib/gcc/arm-none-eabi/4.9.3/armv7-m/crti.o
 .ARM.attributes
                0x0000001d       0x2d c:/siliconlabs/simplicitystudio/v4/developer/toolchains/gnu_arm/4.9_2015q3/bin/../lib/gcc/arm-none-eabi/4.9.3/armv7-m/crtbegin.o
 .ARM.attributes
                0x0000004a       0x1b c:/siliconlabs/simplicitystudio/v4/developer/toolchains/gnu_arm/4.9_2015q3/bin/../lib/gcc/arm-none-eabi/4.9.3/../../../../arm-none-eabi/lib/armv7-m/crt0.o
 .ARM.attributes
                0x00000065       0x1b ./CMSIS/EFM32GG/startup_efm32gg.o
 .ARM.attributes
                0x00000080       0x33 ./CMSIS/EFM32GG/system_efm32gg.o
 .ARM.attributes
                0x000000b3       0x33 ./devices_src/rgb_led.o
 .ARM.attributes
                0x000000e6       0x33 ./devices_src/sd_card.o
 .ARM.attributes
                0x00000119       0x33 ./devices_src/tbr.o
 .ARM.attributes
                0x0000014c       0x33 ./devices_src/ublox_gps.o
 .ARM.attributes
                0x0000017f       0x33 ./drivers_src/delay.o
 .ARM.attributes
                0x000001b2       0x33 ./drivers_src/pwm.o
 .ARM.attributes
                0x000001e5       0x33 ./drivers_src/rs232.o
 .ARM.attributes
                0x00000218       0x33 ./drivers_src/rs485.o
 .ARM.attributes
                0x0000024b       0x33 ./drivers_src/spi.o
 .ARM.attributes
                0x0000027e       0x33 ./emlib/src/em_cmu.o
 .ARM.attributes
                0x000002b1       0x33 ./emlib/src/em_core.o
 .ARM.attributes
                0x000002e4       0x33 ./emlib/src/em_dma.o
 .ARM.attributes
                0x00000317       0x33 ./emlib/src/em_gpio.o
 .ARM.attributes
                0x0000034a       0x33 ./emlib/src/em_leuart.o
 .ARM.attributes
                0x0000037d       0x33 ./emlib/src/em_rtc.o
 .ARM.attributes
                0x000003b0       0x33 ./emlib/src/em_system.o
 .ARM.attributes
                0x000003e3       0x33 ./emlib/src/em_timer.o
 .ARM.attributes
                0x00000416       0x33 ./emlib/src/em_usart.o
 .ARM.attributes
                0x00000449       0x33 ./fat_filesystem_src/diskio.o
 .ARM.attributes
                0x0000047c       0x33 ./fat_filesystem_src/ff.o
 .ARM.attributes
                0x000004af       0x33 ./fifo_buffers_src/fifo_rs232.o
 .ARM.attributes
                0x000004e2       0x33 ./fifo_buffers_src/fifo_tbr.o
 .ARM.attributes
                0x00000515       0x33 ./hal/debug.o
 .ARM.attributes
                0x00000548       0x33 ./hal/hal.o
 .ARM.attributes
                0x0000057b       0x33 ./lmic/aes.o
 .ARM.attributes
                0x000005ae       0x33 ./lmic/lmic.o
 .ARM.attributes
                0x000005e1       0x33 ./lmic/oslmic.o
 .ARM.attributes
                0x00000614       0x33 ./lmic/radio.o
 .ARM.attributes
                0x00000647       0x33 ./resource managers_src/app_manager.o
 .ARM.attributes
                0x0000067a       0x33 ./resource managers_src/lpwan_manager.o
 .ARM.attributes
                0x000006ad       0x33 ./src/main.o
 .ARM.attributes
                0x000006e0       0x1d c:/siliconlabs/simplicitystudio/v4/developer/toolchains/gnu_arm/4.9_2015q3/bin/../lib/gcc/arm-none-eabi/4.9.3/armv7-m\libgcc.a(_aeabi_uldivmod.o)
 .ARM.attributes
                0x000006fd       0x2d c:/siliconlabs/simplicitystudio/v4/developer/toolchains/gnu_arm/4.9_2015q3/bin/../lib/gcc/arm-none-eabi/4.9.3/armv7-m\libgcc.a(bpabi.o)
 .ARM.attributes
                0x0000072a       0x1d c:/siliconlabs/simplicitystudio/v4/developer/toolchains/gnu_arm/4.9_2015q3/bin/../lib/gcc/arm-none-eabi/4.9.3/armv7-m\libgcc.a(_dvmd_tls.o)
 .ARM.attributes
                0x00000747       0x2d c:/siliconlabs/simplicitystudio/v4/developer/toolchains/gnu_arm/4.9_2015q3/bin/../lib/gcc/arm-none-eabi/4.9.3/armv7-m\libgcc.a(_divdi3.o)
 .ARM.attributes
                0x00000774       0x2d c:/siliconlabs/simplicitystudio/v4/developer/toolchains/gnu_arm/4.9_2015q3/bin/../lib/gcc/arm-none-eabi/4.9.3/armv7-m\libgcc.a(_udivdi3.o)
 .ARM.attributes
                0x000007a1       0x2d c:/siliconlabs/simplicitystudio/v4/developer/toolchains/gnu_arm/4.9_2015q3/bin/../lib/gcc/arm-none-eabi/4.9.3/../../../../arm-none-eabi/lib/armv7-m\libc_nano.a(lib_a-exit.o)
 .ARM.attributes
                0x000007ce       0x2d c:/siliconlabs/simplicitystudio/v4/developer/toolchains/gnu_arm/4.9_2015q3/bin/../lib/gcc/arm-none-eabi/4.9.3/../../../../arm-none-eabi/lib/armv7-m\libc_nano.a(lib_a-impure.o)
 .ARM.attributes
                0x000007fb       0x2d c:/siliconlabs/simplicitystudio/v4/developer/toolchains/gnu_arm/4.9_2015q3/bin/../lib/gcc/arm-none-eabi/4.9.3/../../../../arm-none-eabi/lib/armv7-m\libc_nano.a(lib_a-init.o)
 .ARM.attributes
                0x00000828       0x2d c:/siliconlabs/simplicitystudio/v4/developer/toolchains/gnu_arm/4.9_2015q3/bin/../lib/gcc/arm-none-eabi/4.9.3/../../../../arm-none-eabi/lib/armv7-m\libc_nano.a(lib_a-memcpy.o)
 .ARM.attributes
                0x00000855       0x2d c:/siliconlabs/simplicitystudio/v4/developer/toolchains/gnu_arm/4.9_2015q3/bin/../lib/gcc/arm-none-eabi/4.9.3/../../../../arm-none-eabi/lib/armv7-m\libc_nano.a(lib_a-memset.o)
 .ARM.attributes
                0x00000882       0x2d c:/siliconlabs/simplicitystudio/v4/developer/toolchains/gnu_arm/4.9_2015q3/bin/../lib/gcc/arm-none-eabi/4.9.3/../../../../arm-none-eabi/lib/armv7-m\libc_nano.a(lib_a-sprintf.o)
 .ARM.attributes
                0x000008af       0x2d c:/siliconlabs/simplicitystudio/v4/developer/toolchains/gnu_arm/4.9_2015q3/bin/../lib/gcc/arm-none-eabi/4.9.3/../../../../arm-none-eabi/lib/armv7-m\libc_nano.a(lib_a-strchr.o)
 .ARM.attributes
                0x000008dc       0x2d c:/siliconlabs/simplicitystudio/v4/developer/toolchains/gnu_arm/4.9_2015q3/bin/../lib/gcc/arm-none-eabi/4.9.3/../../../../arm-none-eabi/lib/armv7-m\libc_nano.a(lib_a-strlen.o)
 .ARM.attributes
                0x00000909       0x2d c:/siliconlabs/simplicitystudio/v4/developer/toolchains/gnu_arm/4.9_2015q3/bin/../lib/gcc/arm-none-eabi/4.9.3/../../../../arm-none-eabi/lib/armv7-m\libc_nano.a(lib_a-strncmp.o)
 .ARM.attributes
                0x00000936       0x2d c:/siliconlabs/simplicitystudio/v4/developer/toolchains/gnu_arm/4.9_2015q3/bin/../lib/gcc/arm-none-eabi/4.9.3/../../../../arm-none-eabi/lib/armv7-m\libc_nano.a(lib_a-strstr.o)
 .ARM.attributes
                0x00000963       0x2d c:/siliconlabs/simplicitystudio/v4/developer/toolchains/gnu_arm/4.9_2015q3/bin/../lib/gcc/arm-none-eabi/4.9.3/../../../../arm-none-eabi/lib/armv7-m\libc_nano.a(lib_a-strtok.o)
 .ARM.attributes
                0x00000990       0x2d c:/siliconlabs/simplicitystudio/v4/developer/toolchains/gnu_arm/4.9_2015q3/bin/../lib/gcc/arm-none-eabi/4.9.3/../../../../arm-none-eabi/lib/armv7-m\libc_nano.a(lib_a-strtok_r.o)
 .ARM.attributes
                0x000009bd       0x2d c:/siliconlabs/simplicitystudio/v4/developer/toolchains/gnu_arm/4.9_2015q3/bin/../lib/gcc/arm-none-eabi/4.9.3/../../../../arm-none-eabi/lib/armv7-m\libc_nano.a(lib_a-strtoul.o)
 .ARM.attributes
                0x000009ea       0x2d c:/siliconlabs/simplicitystudio/v4/developer/toolchains/gnu_arm/4.9_2015q3/bin/../lib/gcc/arm-none-eabi/4.9.3/../../../../arm-none-eabi/lib/armv7-m\libc_nano.a(lib_a-ctype_.o)
 .ARM.attributes
                0x00000a17       0x2d c:/siliconlabs/simplicitystudio/v4/developer/toolchains/gnu_arm/4.9_2015q3/bin/../lib/gcc/arm-none-eabi/4.9.3/../../../../arm-none-eabi/lib/armv7-m\libc_nano.a(lib_a-malloc.o)
 .ARM.attributes
                0x00000a44       0x2d c:/siliconlabs/simplicitystudio/v4/developer/toolchains/gnu_arm/4.9_2015q3/bin/../lib/gcc/arm-none-eabi/4.9.3/../../../../arm-none-eabi/lib/armv7-m\libc_nano.a(lib_a-nano-freer.o)
 .ARM.attributes
                0x00000a71       0x2d c:/siliconlabs/simplicitystudio/v4/developer/toolchains/gnu_arm/4.9_2015q3/bin/../lib/gcc/arm-none-eabi/4.9.3/../../../../arm-none-eabi/lib/armv7-m\libc_nano.a(lib_a-nano-mallocr.o)
 .ARM.attributes
                0x00000a9e       0x2d c:/siliconlabs/simplicitystudio/v4/developer/toolchains/gnu_arm/4.9_2015q3/bin/../lib/gcc/arm-none-eabi/4.9.3/../../../../arm-none-eabi/lib/armv7-m\libc_nano.a(lib_a-nano-svfprintf.o)
 .ARM.attributes
                0x00000acb       0x2d c:/siliconlabs/simplicitystudio/v4/developer/toolchains/gnu_arm/4.9_2015q3/bin/../lib/gcc/arm-none-eabi/4.9.3/../../../../arm-none-eabi/lib/armv7-m\libc_nano.a(lib_a-nano-vfprintf_i.o)
 .ARM.attributes
                0x00000af8       0x2d c:/siliconlabs/simplicitystudio/v4/developer/toolchains/gnu_arm/4.9_2015q3/bin/../lib/gcc/arm-none-eabi/4.9.3/../../../../arm-none-eabi/lib/armv7-m\libc_nano.a(lib_a-sbrkr.o)
 .ARM.attributes
                0x00000b25       0x2d c:/siliconlabs/simplicitystudio/v4/developer/toolchains/gnu_arm/4.9_2015q3/bin/../lib/gcc/arm-none-eabi/4.9.3/../../../../arm-none-eabi/lib/armv7-m\libc_nano.a(lib_a-memchr.o)
 .ARM.attributes
                0x00000b52       0x2d c:/siliconlabs/simplicitystudio/v4/developer/toolchains/gnu_arm/4.9_2015q3/bin/../lib/gcc/arm-none-eabi/4.9.3/../../../../arm-none-eabi/lib/armv7-m\libc_nano.a(lib_a-memmove.o)
 .ARM.attributes
                0x00000b7f       0x2d c:/siliconlabs/simplicitystudio/v4/developer/toolchains/gnu_arm/4.9_2015q3/bin/../lib/gcc/arm-none-eabi/4.9.3/../../../../arm-none-eabi/lib/armv7-m\libc_nano.a(lib_a-nano-reallocr.o)
 .ARM.attributes
                0x00000bac       0x2d c:/siliconlabs/simplicitystudio/v4/developer/toolchains/gnu_arm/4.9_2015q3/bin/../lib/gcc/arm-none-eabi/4.9.3/../../../../arm-none-eabi/lib/armv7-m\libc_nano.a(lib_a-reent.o)
 .ARM.attributes
                0x00000bd9       0x2d c:/siliconlabs/simplicitystudio/v4/developer/toolchains/gnu_arm/4.9_2015q3/bin/../lib/gcc/arm-none-eabi/4.9.3/../../../../arm-none-eabi/lib/armv7-m\libc_nano.a(lib_a-nano-msizer.o)
 .ARM.attributes
                0x00000c06       0x2d c:/siliconlabs/simplicitystudio/v4/developer/toolchains/gnu_arm/4.9_2015q3/bin/../lib/gcc/arm-none-eabi/4.9.3/../../../../arm-none-eabi/lib/armv7-m\libnosys.a(sbrk.o)
 .ARM.attributes
                0x00000c33       0x2d c:/siliconlabs/simplicitystudio/v4/developer/toolchains/gnu_arm/4.9_2015q3/bin/../lib/gcc/arm-none-eabi/4.9.3/../../../../arm-none-eabi/lib/armv7-m\libnosys.a(_exit.o)
 .ARM.attributes
                0x00000c60       0x2d c:/siliconlabs/simplicitystudio/v4/developer/toolchains/gnu_arm/4.9_2015q3/bin/../lib/gcc/arm-none-eabi/4.9.3/armv7-m/crtend.o
 .ARM.attributes
                0x00000c8d       0x1d c:/siliconlabs/simplicitystudio/v4/developer/toolchains/gnu_arm/4.9_2015q3/bin/../lib/gcc/arm-none-eabi/4.9.3/armv7-m/crtn.o

.comment        0x00000000       0x70
 .comment       0x00000000       0x70 ./CMSIS/EFM32GG/system_efm32gg.o
                                 0x71 (size before relaxing)
 .comment       0x00000000       0x71 ./devices_src/rgb_led.o
 .comment       0x00000000       0x71 ./devices_src/sd_card.o
 .comment       0x00000000       0x71 ./devices_src/tbr.o
 .comment       0x00000000       0x71 ./devices_src/ublox_gps.o
 .comment       0x00000000       0x71 ./drivers_src/delay.o
 .comment       0x00000000       0x71 ./drivers_src/pwm.o
 .comment       0x00000000       0x71 ./drivers_src/rs232.o
 .comment       0x00000000       0x71 ./drivers_src/rs485.o
 .comment       0x00000000       0x71 ./drivers_src/spi.o
 .comment       0x00000000       0x71 ./emlib/src/em_cmu.o
 .comment       0x00000000       0x71 ./emlib/src/em_core.o
 .comment       0x00000000       0x71 ./emlib/src/em_dma.o
 .comment       0x00000000       0x71 ./emlib/src/em_gpio.o
 .comment       0x00000000       0x71 ./emlib/src/em_leuart.o
 .comment       0x00000000       0x71 ./emlib/src/em_rtc.o
 .comment       0x00000000       0x71 ./emlib/src/em_system.o
 .comment       0x00000000       0x71 ./emlib/src/em_timer.o
 .comment       0x00000000       0x71 ./emlib/src/em_usart.o
 .comment       0x00000000       0x71 ./fat_filesystem_src/diskio.o
 .comment       0x00000000       0x71 ./fat_filesystem_src/ff.o
 .comment       0x00000000       0x71 ./fifo_buffers_src/fifo_rs232.o
 .comment       0x00000000       0x71 ./fifo_buffers_src/fifo_tbr.o
 .comment       0x00000000       0x71 ./hal/debug.o
 .comment       0x00000000       0x71 ./hal/hal.o
 .comment       0x00000000       0x71 ./lmic/aes.o
 .comment       0x00000000       0x71 ./lmic/lmic.o
 .comment       0x00000000       0x71 ./lmic/oslmic.o
 .comment       0x00000000       0x71 ./lmic/radio.o
 .comment       0x00000000       0x71 ./resource managers_src/app_manager.o
 .comment       0x00000000       0x71 ./resource managers_src/lpwan_manager.o
 .comment       0x00000000       0x71 ./src/main.o

.debug_line     0x00000000     0xace7
 .debug_line    0x00000000       0xd3 ./CMSIS/EFM32GG/startup_efm32gg.o
 .debug_line    0x000000d3      0x38d ./CMSIS/EFM32GG/system_efm32gg.o
 .debug_line    0x00000460      0x3fb ./devices_src/rgb_led.o
 .debug_line    0x0000085b      0x571 ./devices_src/sd_card.o
 .debug_line    0x00000dcc      0x61f ./devices_src/tbr.o
 .debug_line    0x000013eb      0x757 ./devices_src/ublox_gps.o
 .debug_line    0x00001b42      0x3d8 ./drivers_src/delay.o
 .debug_line    0x00001f1a      0x450 ./drivers_src/pwm.o
 .debug_line    0x0000236a      0x4b4 ./drivers_src/rs232.o
 .debug_line    0x0000281e      0x500 ./drivers_src/rs485.o
 .debug_line    0x00002d1e      0x44c ./drivers_src/spi.o
 .debug_line    0x0000316a      0xa53 ./emlib/src/em_cmu.o
 .debug_line    0x00003bbd      0x63e ./emlib/src/em_core.o
 .debug_line    0x000041fb      0x5c3 ./emlib/src/em_dma.o
 .debug_line    0x000047be      0x4bc ./emlib/src/em_gpio.o
 .debug_line    0x00004c7a      0x472 ./emlib/src/em_leuart.o
 .debug_line    0x000050ec      0x39c ./emlib/src/em_rtc.o
 .debug_line    0x00005488      0x310 ./emlib/src/em_system.o
 .debug_line    0x00005798      0x5bf ./emlib/src/em_timer.o
 .debug_line    0x00005d57      0x5f8 ./emlib/src/em_usart.o
 .debug_line    0x0000634f      0x2a8 ./fat_filesystem_src/diskio.o
 .debug_line    0x000065f7     0x124c ./fat_filesystem_src/ff.o
 .debug_line    0x00007843      0x280 ./fifo_buffers_src/fifo_rs232.o
 .debug_line    0x00007ac3      0x2ab ./fifo_buffers_src/fifo_tbr.o
 .debug_line    0x00007d6e      0x279 ./hal/debug.o
 .debug_line    0x00007fe7      0x720 ./hal/hal.o
 .debug_line    0x00008707      0x321 ./lmic/aes.o
 .debug_line    0x00008a28      0xe09 ./lmic/lmic.o
 .debug_line    0x00009831      0x27f ./lmic/oslmic.o
 .debug_line    0x00009ab0      0x4d0 ./lmic/radio.o
 .debug_line    0x00009f80      0x482 ./resource managers_src/app_manager.o
 .debug_line    0x0000a402      0x4a7 ./resource managers_src/lpwan_manager.o
 .debug_line    0x0000a8a9      0x43e ./src/main.o

.debug_info     0x00000000    0x15688
 .debug_info    0x00000000      0x10e ./CMSIS/EFM32GG/startup_efm32gg.o
 .debug_info    0x0000010e      0x5a1 ./CMSIS/EFM32GG/system_efm32gg.o
 .debug_info    0x000006af      0x5df ./devices_src/rgb_led.o
 .debug_info    0x00000c8e      0x61c ./devices_src/sd_card.o
 .debug_info    0x000012aa      0xb39 ./devices_src/tbr.o
 .debug_info    0x00001de3      0xb15 ./devices_src/ublox_gps.o
 .debug_info    0x000028f8      0x801 ./drivers_src/delay.o
 .debug_info    0x000030f9      0x8f1 ./drivers_src/pwm.o
 .debug_info    0x000039ea      0xd3e ./drivers_src/rs232.o
 .debug_info    0x00004728      0xcca ./drivers_src/rs485.o
 .debug_info    0x000053f2      0x9da ./drivers_src/spi.o
 .debug_info    0x00005dcc     0x1508 ./emlib/src/em_cmu.o
 .debug_info    0x000072d4      0xcd6 ./emlib/src/em_core.o
 .debug_info    0x00007faa     0x12c4 ./emlib/src/em_dma.o
 .debug_info    0x0000926e      0x65b ./emlib/src/em_gpio.o
 .debug_info    0x000098c9      0x824 ./emlib/src/em_leuart.o
 .debug_info    0x0000a0ed      0x33f ./emlib/src/em_rtc.o
 .debug_info    0x0000a42c      0x272 ./emlib/src/em_system.o
 .debug_info    0x0000a69e      0x90f ./emlib/src/em_timer.o
 .debug_info    0x0000afad      0xe92 ./emlib/src/em_usart.o
 .debug_info    0x0000be3f      0x2c1 ./fat_filesystem_src/diskio.o
 .debug_info    0x0000c100     0x1dd6 ./fat_filesystem_src/ff.o
 .debug_info    0x0000ded6      0x275 ./fifo_buffers_src/fifo_rs232.o
 .debug_info    0x0000e14b      0x2ce ./fifo_buffers_src/fifo_tbr.o
 .debug_info    0x0000e419      0x335 ./hal/debug.o
 .debug_info    0x0000e74e     0x1376 ./hal/hal.o
 .debug_info    0x0000fac4      0x2f0 ./lmic/aes.o
 .debug_info    0x0000fdb4     0x2699 ./lmic/lmic.o
 .debug_info    0x0001244d      0x4ea ./lmic/oslmic.o
 .debug_info    0x00012937      0xe0d ./lmic/radio.o
 .debug_info    0x00013744      0xb0d ./resource managers_src/app_manager.o
 .debug_info    0x00014251      0xab5 ./resource managers_src/lpwan_manager.o
 .debug_info    0x00014d06      0x982 ./src/main.o

.debug_abbrev   0x00000000     0x3947
 .debug_abbrev  0x00000000       0x14 ./CMSIS/EFM32GG/startup_efm32gg.o
 .debug_abbrev  0x00000014      0x1a3 ./CMSIS/EFM32GG/system_efm32gg.o
 .debug_abbrev  0x000001b7      0x15a ./devices_src/rgb_led.o
 .debug_abbrev  0x00000311      0x1c0 ./devices_src/sd_card.o
 .debug_abbrev  0x000004d1      0x240 ./devices_src/tbr.o
 .debug_abbrev  0x00000711      0x1d1 ./devices_src/ublox_gps.o
 .debug_abbrev  0x000008e2      0x1a4 ./drivers_src/delay.o
 .debug_abbrev  0x00000a86      0x1ba ./drivers_src/pwm.o
 .debug_abbrev  0x00000c40      0x1cd ./drivers_src/rs232.o
 .debug_abbrev  0x00000e0d      0x1d8 ./drivers_src/rs485.o
 .debug_abbrev  0x00000fe5      0x1a2 ./drivers_src/spi.o
 .debug_abbrev  0x00001187      0x2de ./emlib/src/em_cmu.o
 .debug_abbrev  0x00001465      0x237 ./emlib/src/em_core.o
 .debug_abbrev  0x0000169c      0x240 ./emlib/src/em_dma.o
 .debug_abbrev  0x000018dc      0x1c0 ./emlib/src/em_gpio.o
 .debug_abbrev  0x00001a9c      0x1e0 ./emlib/src/em_leuart.o
 .debug_abbrev  0x00001c7c      0x196 ./emlib/src/em_rtc.o
 .debug_abbrev  0x00001e12      0x107 ./emlib/src/em_system.o
 .debug_abbrev  0x00001f19      0x172 ./emlib/src/em_timer.o
 .debug_abbrev  0x0000208b      0x1c5 ./emlib/src/em_usart.o
 .debug_abbrev  0x00002250       0xf2 ./fat_filesystem_src/diskio.o
 .debug_abbrev  0x00002342      0x212 ./fat_filesystem_src/ff.o
 .debug_abbrev  0x00002554       0xee ./fifo_buffers_src/fifo_rs232.o
 .debug_abbrev  0x00002642       0xf5 ./fifo_buffers_src/fifo_tbr.o
 .debug_abbrev  0x00002737      0x107 ./hal/debug.o
 .debug_abbrev  0x0000283e      0x3aa ./hal/hal.o
 .debug_abbrev  0x00002be8      0x108 ./lmic/aes.o
 .debug_abbrev  0x00002cf0      0x380 ./lmic/lmic.o
 .debug_abbrev  0x00003070      0x183 ./lmic/oslmic.o
 .debug_abbrev  0x000031f3      0x228 ./lmic/radio.o
 .debug_abbrev  0x0000341b      0x19e ./resource managers_src/app_manager.o
 .debug_abbrev  0x000035b9      0x21f ./resource managers_src/lpwan_manager.o
 .debug_abbrev  0x000037d8      0x16f ./src/main.o

.debug_aranges  0x00000000     0x1440
 .debug_aranges
                0x00000000       0x20 ./CMSIS/EFM32GG/startup_efm32gg.o
 .debug_aranges
                0x00000020       0x70 ./CMSIS/EFM32GG/system_efm32gg.o
 .debug_aranges
                0x00000090       0x50 ./devices_src/rgb_led.o
 .debug_aranges
                0x000000e0       0x70 ./devices_src/sd_card.o
 .debug_aranges
                0x00000150       0xa0 ./devices_src/tbr.o
 .debug_aranges