Archive member included because of file (symbol)

c:/siliconlabs/simplicitystudio/v4/developer/toolchains/gnu_arm/4.9_2015q3/bin/../lib/gcc/arm-none-eabi/4.9.3/armv7-m\libgcc.a(_aeabi_uldivmod.o)
                              ./emlib/src/em_usart.o (__aeabi_uldivmod)
c:/siliconlabs/simplicitystudio/v4/developer/toolchains/gnu_arm/4.9_2015q3/bin/../lib/gcc/arm-none-eabi/4.9.3/armv7-m\libgcc.a(bpabi.o)
                              c:/siliconlabs/simplicitystudio/v4/developer/toolchains/gnu_arm/4.9_2015q3/bin/../lib/gcc/arm-none-eabi/4.9.3/armv7-m\libgcc.a(_aeabi_uldivmod.o) (__gnu_uldivmod_helper)
c:/siliconlabs/simplicitystudio/v4/developer/toolchains/gnu_arm/4.9_2015q3/bin/../lib/gcc/arm-none-eabi/4.9.3/armv7-m\libgcc.a(_dvmd_tls.o)
                              c:/siliconlabs/simplicitystudio/v4/developer/toolchains/gnu_arm/4.9_2015q3/bin/../lib/gcc/arm-none-eabi/4.9.3/armv7-m\libgcc.a(_aeabi_uldivmod.o) (__aeabi_ldiv0)
c:/siliconlabs/simplicitystudio/v4/developer/toolchains/gnu_arm/4.9_2015q3/bin/../lib/gcc/arm-none-eabi/4.9.3/armv7-m\libgcc.a(_divdi3.o)
                              c:/siliconlabs/simplicitystudio/v4/developer/toolchains/gnu_arm/4.9_2015q3/bin/../lib/gcc/arm-none-eabi/4.9.3/armv7-m\libgcc.a(bpabi.o) (__divdi3)
c:/siliconlabs/simplicitystudio/v4/developer/toolchains/gnu_arm/4.9_2015q3/bin/../lib/gcc/arm-none-eabi/4.9.3/armv7-m\libgcc.a(_udivdi3.o)
                              c:/siliconlabs/simplicitystudio/v4/developer/toolchains/gnu_arm/4.9_2015q3/bin/../lib/gcc/arm-none-eabi/4.9.3/armv7-m\libgcc.a(bpabi.o) (__udivdi3)
c:/siliconlabs/simplicitystudio/v4/developer/toolchains/gnu_arm/4.9_2015q3/bin/../lib/gcc/arm-none-eabi/4.9.3/../../../../arm-none-eabi/lib/armv7-m\libc_nano.a(lib_a-exit.o)
                              c:/siliconlabs/simplicitystudio/v4/developer/toolchains/gnu_arm/4.9_2015q3/bin/../lib/gcc/arm-none-eabi/4.9.3/../../../../arm-none-eabi/lib/armv7-m/crt0.o (exit)
c:/siliconlabs/simplicitystudio/v4/developer/toolchains/gnu_arm/4.9_2015q3/bin/../lib/gcc/arm-none-eabi/4.9.3/../../../../arm-none-eabi/lib/armv7-m\libc_nano.a(lib_a-impure.o)
                              c:/siliconlabs/simplicitystudio/v4/developer/toolchains/gnu_arm/4.9_2015q3/bin/../lib/gcc/arm-none-eabi/4.9.3/../../../../arm-none-eabi/lib/armv7-m\libc_nano.a(lib_a-exit.o) (_global_impure_ptr)
c:/siliconlabs/simplicitystudio/v4/developer/toolchains/gnu_arm/4.9_2015q3/bin/../lib/gcc/arm-none-eabi/4.9.3/../../../../arm-none-eabi/lib/armv7-m\libc_nano.a(lib_a-init.o)
                              c:/siliconlabs/simplicitystudio/v4/developer/toolchains/gnu_arm/4.9_2015q3/bin/../lib/gcc/arm-none-eabi/4.9.3/../../../../arm-none-eabi/lib/armv7-m/crt0.o (__libc_init_array)
c:/siliconlabs/simplicitystudio/v4/developer/toolchains/gnu_arm/4.9_2015q3/bin/../lib/gcc/arm-none-eabi/4.9.3/../../../../arm-none-eabi/lib/armv7-m\libc_nano.a(lib_a-memcpy.o)
                              ./lmic/lmic.o (memcpy)
c:/siliconlabs/simplicitystudio/v4/developer/toolchains/gnu_arm/4.9_2015q3/bin/../lib/gcc/arm-none-eabi/4.9.3/../../../../arm-none-eabi/lib/armv7-m\libc_nano.a(lib_a-memset.o)
                              c:/siliconlabs/simplicitystudio/v4/developer/toolchains/gnu_arm/4.9_2015q3/bin/../lib/gcc/arm-none-eabi/4.9.3/../../../../arm-none-eabi/lib/armv7-m/crt0.o (memset)
c:/siliconlabs/simplicitystudio/v4/developer/toolchains/gnu_arm/4.9_2015q3/bin/../lib/gcc/arm-none-eabi/4.9.3/../../../../arm-none-eabi/lib/armv7-m\libc_nano.a(lib_a-sprintf.o)
                              ./devices_src/tbr.o (sprintf)
c:/siliconlabs/simplicitystudio/v4/developer/toolchains/gnu_arm/4.9_2015q3/bin/../lib/gcc/arm-none-eabi/4.9.3/../../../../arm-none-eabi/lib/armv7-m\libc_nano.a(lib_a-strchr.o)
                              ./devices_src/tbr.o (strchr)
c:/siliconlabs/simplicitystudio/v4/developer/toolchains/gnu_arm/4.9_2015q3/bin/../lib/gcc/arm-none-eabi/4.9.3/../../../../arm-none-eabi/lib/armv7-m\libc_nano.a(lib_a-strlen.o)
                              ./devices_src/tbr.o (strlen)
c:/siliconlabs/simplicitystudio/v4/developer/toolchains/gnu_arm/4.9_2015q3/bin/../lib/gcc/arm-none-eabi/4.9.3/../../../../arm-none-eabi/lib/armv7-m\libc_nano.a(lib_a-strstr.o)
                              ./devices_src/tbr.o (strstr)
c:/siliconlabs/simplicitystudio/v4/developer/toolchains/gnu_arm/4.9_2015q3/bin/../lib/gcc/arm-none-eabi/4.9.3/../../../../arm-none-eabi/lib/armv7-m\libc_nano.a(lib_a-strtok.o)
                              ./devices_src/tbr.o (strtok)
c:/siliconlabs/simplicitystudio/v4/developer/toolchains/gnu_arm/4.9_2015q3/bin/../lib/gcc/arm-none-eabi/4.9.3/../../../../arm-none-eabi/lib/armv7-m\libc_nano.a(lib_a-strtok_r.o)
                              c:/siliconlabs/simplicitystudio/v4/developer/toolchains/gnu_arm/4.9_2015q3/bin/../lib/gcc/arm-none-eabi/4.9.3/../../../../arm-none-eabi/lib/armv7-m\libc_nano.a(lib_a-strtok.o) (__strtok_r)
[...]
Memory Configuration

Name             Origin             Length             Attributes
FLASH            0x00000000         0x00100000         xr
RAM              0x20000000         0x00020000         xrw
*default*        0x00000000         0xffffffff

Linker script and memory map

LOAD c:/siliconlabs/simplicitystudio/v4/developer/toolchains/gnu_arm/4.9_2015q3/bin/../lib/gcc/arm-none-eabi/4.9.3/armv7-m/crti.o
LOAD c:/siliconlabs/simplicitystudio/v4/developer/toolchains/gnu_arm/4.9_2015q3/bin/../lib/gcc/arm-none-eabi/4.9.3/armv7-m/crtbegin.o
LOAD c:/siliconlabs/simplicitystudio/v4/developer/toolchains/gnu_arm/4.9_2015q3/bin/../lib/gcc/arm-none-eabi/4.9.3/../../../../arm-none-eabi/lib/armv7-m/crt0.o
LOAD ./CMSIS/EFM32GG/startup_efm32gg.o
LOAD ./CMSIS/EFM32GG/system_efm32gg.o
LOAD ./devices_src/rgb_led.o
LOAD ./devices_src/sd_card.o
LOAD ./devices_src/tbr.o
LOAD ./devices_src/ublox_gps.o
LOAD ./drivers_src/delay.o
LOAD ./drivers_src/pwm.o
LOAD ./drivers_src/rs232.o
LOAD ./drivers_src/rs485.o
LOAD ./drivers_src/spi.o
LOAD ./emlib/src/em_acmp.o
LOAD ./emlib/src/em_adc.o
LOAD ./emlib/src/em_aes.o
LOAD ./emlib/src/em_assert.o
LOAD ./emlib/src/em_burtc.o
LOAD ./emlib/src/em_can.o
LOAD ./emlib/src/em_cmu.o
LOAD ./emlib/src/em_core.o
LOAD ./emlib/src/em_cryotimer.o
LOAD ./emlib/src/em_crypto.o
LOAD ./emlib/src/em_csen.o
LOAD ./emlib/src/em_dac.o
LOAD ./emlib/src/em_dbg.o
LOAD ./emlib/src/em_dma.o
LOAD ./emlib/src/em_ebi.o
LOAD ./emlib/src/em_emu.o
LOAD ./emlib/src/em_gpcrc.o
LOAD ./emlib/src/em_gpio.o
LOAD ./emlib/src/em_i2c.o
LOAD ./emlib/src/em_idac.o
LOAD ./emlib/src/em_int.o
LOAD ./emlib/src/em_lcd.o
LOAD ./emlib/src/em_ldma.o
LOAD ./emlib/src/em_lesense.o
LOAD ./emlib/src/em_letimer.o
LOAD ./emlib/src/em_leuart.o
LOAD ./emlib/src/em_mpu.o
LOAD ./emlib/src/em_msc.o
LOAD ./emlib/src/em_opamp.o
LOAD ./emlib/src/em_pcnt.o
LOAD ./emlib/src/em_prs.o
LOAD ./emlib/src/em_qspi.o
LOAD ./emlib/src/em_rmu.o
LOAD ./emlib/src/em_rtc.o
LOAD ./emlib/src/em_rtcc.o
LOAD ./emlib/src/em_system.o
LOAD ./emlib/src/em_timer.o
LOAD ./emlib/src/em_usart.o
LOAD ./emlib/src/em_vcmp.o
LOAD ./emlib/src/em_vdac.o
LOAD ./emlib/src/em_wdog.o
LOAD ./fat_filesystem_src/diskio.o
LOAD ./fat_filesystem_src/ff.o
LOAD ./fifo_buffers_src/fifo_rs232.o
LOAD ./fifo_buffers_src/fifo_tbr.o
LOAD ./hal/debug.o
LOAD ./hal/hal.o
LOAD ./lmic/aes.o
LOAD ./lmic/lmic.o
LOAD ./lmic/oslmic.o
LOAD ./lmic/radio.o
LOAD ./resource managers_src/app_manager.o
LOAD ./src/main.o
START GROUP
LOAD c:/siliconlabs/simplicitystudio/v4/developer/toolchains/gnu_arm/4.9_2015q3/bin/../lib/gcc/arm-none-eabi/4.9.3/armv7-m\libgcc.a
LOAD c:/siliconlabs/simplicitystudio/v4/developer/toolchains/gnu_arm/4.9_2015q3/bin/../lib/gcc/arm-none-eabi/4.9.3/../../../../arm-none-eabi/lib/armv7-m\libc_nano.a
LOAD c:/siliconlabs/simplicitystudio/v4/developer/toolchains/gnu_arm/4.9_2015q3/bin/../lib/gcc/arm-none-eabi/4.9.3/../../../../arm-none-eabi/lib/armv7-m\libnosys.a
END GROUP
START GROUP
LOAD c:/siliconlabs/simplicitystudio/v4/developer/toolchains/gnu_arm/4.9_2015q3/bin/../lib/gcc/arm-none-eabi/4.9.3/armv7-m\libgcc.a
LOAD c:/siliconlabs/simplicitystudio/v4/developer/toolchains/gnu_arm/4.9_2015q3/bin/../lib/gcc/arm-none-eabi/4.9.3/../../../../arm-none-eabi/lib/armv7-m\libg_nano.a
LOAD c:/siliconlabs/simplicitystudio/v4/developer/toolchains/gnu_arm/4.9_2015q3/bin/../lib/gcc/arm-none-eabi/4.9.3/../../../../arm-none-eabi/lib/armv7-m\libc_nano.a
END GROUP
START GROUP
LOAD c:/siliconlabs/simplicitystudio/v4/developer/toolchains/gnu_arm/4.9_2015q3/bin/../lib/gcc/arm-none-eabi/4.9.3/armv7-m\libgcc.a
LOAD c:/siliconlabs/simplicitystudio/v4/developer/toolchains/gnu_arm/4.9_2015q3/bin/../lib/gcc/arm-none-eabi/4.9.3/../../../../arm-none-eabi/lib/armv7-m\libc_nano.a
END GROUP
LOAD c:/siliconlabs/simplicitystudio/v4/developer/toolchains/gnu_arm/4.9_2015q3/bin/../lib/gcc/arm-none-eabi/4.9.3/armv7-m/crtend.o
LOAD c:/siliconlabs/simplicitystudio/v4/developer/toolchains/gnu_arm/4.9_2015q3/bin/../lib/gcc/arm-none-eabi/4.9.3/armv7-m/crtn.o

.text           0x00000000     0xe010
 *(.vectors)
 .vectors       0x00000000       0xdc ./CMSIS/EFM32GG/startup_efm32gg.o
                0x00000000                __Vectors
                0x000000dc                __Vectors_End = .
                0x000000dc                __Vectors_Size = (__Vectors_End - __Vectors)
                0x000000dc                __end__ = .
 *(.text*)
 .text          0x000000dc       0x5c c:/siliconlabs/simplicitystudio/v4/developer/toolchains/gnu_arm/4.9_2015q3/bin/../lib/gcc/arm-none-eabi/4.9.3/armv7-m/crtbegin.o
 .text          0x00000138       0x74 c:/siliconlabs/simplicitystudio/v4/developer/toolchains/gnu_arm/4.9_2015q3/bin/../lib/gcc/arm-none-eabi/4.9.3/../../../../arm-none-eabi/lib/armv7-m/crt0.o
                0x00000138                _start
                0x00000138                _mainCRTStartup
 .text          0x000001ac       0x30 ./CMSIS/EFM32GG/startup_efm32gg.o
                0x000001ac                Reset_Handler
                0x000001d8                DebugMon_Handler
                0x000001d8                USART0_TX_IRQHandler
                0x000001d8                I2C0_IRQHandler
                0x000001d8                HardFault_Handler
                0x000001d8                LEUART1_IRQHandler
                0x000001d8                SysTick_Handler
                0x000001d8                USART1_RX_IRQHandler
                0x000001d8                PendSV_Handler
                0x000001d8                NMI_Handler
                0x000001d8                I2C1_IRQHandler
                0x000001d8                TIMER3_IRQHandler
                0x000001d8                USART1_TX_IRQHandler
                0x000001d8                MSC_IRQHandler
                0x000001d8                ADC0_IRQHandler
                0x000001d8                UsageFault_Handler
                0x000001d8                UART0_TX_IRQHandler
                0x000001d8                UART1_TX_IRQHandler
                0x000001d8                TIMER0_IRQHandler
                0x000001d8                TIMER2_IRQHandler
                0x000001d8                LCD_IRQHandler
                0x000001d8                PCNT2_IRQHandler
                0x000001d8                UART0_RX_IRQHandler
                0x000001d8                LETIMER0_IRQHandler
                0x000001d8                TIMER1_IRQHandler
                0x000001d8                Default_Handler
                0x000001d8                EMU_IRQHandler
                0x000001d8                PCNT0_IRQHandler
                0x000001d8                USB_IRQHandler
                0x000001d8                BURTC_IRQHandler
                0x000001d8                PCNT1_IRQHandler
                0x000001d8                ACMP0_IRQHandler
                0x000001d8                USART0_RX_IRQHandler
                0x000001d8                MemManage_Handler
                0x000001d8                SVC_Handler
                0x000001d8                DAC0_IRQHandler
                0x000001d8                UART1_RX_IRQHandler
                0x000001d8                CMU_IRQHandler
                0x000001d8                EBI_IRQHandler
                0x000001d8                LESENSE_IRQHandler
                0x000001d8                AES_IRQHandler
                0x000001d8                VCMP_IRQHandler
                0x000001d8                BusFault_Handler
 .text.GetProdRev
                0x000001dc       0x1c ./CMSIS/EFM32GG/system_efm32gg.o
 .text.SystemCoreClockGet
                0x000001f8       0x34 ./CMSIS/EFM32GG/system_efm32gg.o
                0x000001f8                SystemCoreClockGet
 .text.SystemMaxCoreClockGet
                0x0000022c       0x14 ./CMSIS/EFM32GG/system_efm32gg.o
                0x0000022c                SystemMaxCoreClockGet
 .text.SystemHFClockGet
                0x00000240      0x100 ./CMSIS/EFM32GG/system_efm32gg.o
                0x00000240                SystemHFClockGet
 .text.SystemHFXOClockGet
                0x00000340       0x18 ./CMSIS/EFM32GG/system_efm32gg.o
                0x00000340                SystemHFXOClockGet
 .text.SystemInit
                0x00000358        0xc ./CMSIS/EFM32GG/system_efm32gg.o
                0x00000358                SystemInit
 .text.SystemLFRCOClockGet
                0x00000364       0x14 ./CMSIS/EFM32GG/system_efm32gg.o
                0x00000364                SystemLFRCOClockGet
 .text.SystemULFRCOClockGet
                0x00000378       0x14 ./CMSIS/EFM32GG/system_efm32gg.o
                0x00000378                SystemULFRCOClockGet
 .text.SystemLFXOClockGet
                0x0000038c       0x18 ./CMSIS/EFM32GG/system_efm32gg.o
                0x0000038c                SystemLFXOClockGet
 .text.GPIO_PinOutClear
                0x000003a4       0x58 ./devices_src/rgb_led.o
 .text.GPIO_PinOutSet
                0x000003fc       0x58 ./devices_src/rgb_led.o
 .text.generate_pulses
                0x00000454       0x50 ./devices_src/rgb_led.o
                0x00000454                generate_pulses
 .text.rgb_init
                0x000004a4       0x34 ./devices_src/rgb_led.o
                0x000004a4                rgb_init
 .text.rgb_on   0x000004d8      0x110 ./devices_src/rgb_led.o
                0x000004d8                rgb_on
 .text.rgb_shutdown
                0x000005e8       0x18 ./devices_src/rgb_led.o
                0x000005e8                rgb_shutdown
 .text.GPIO_PinOutClear
                0x00000600       0x58 ./devices_src/sd_card.o
 .text.GPIO_PinOutSet
                0x00000658       0x58 ./devices_src/sd_card.o
 .text.start_transfer
                0x000006b0       0x10 ./devices_src/sd_card.o
                0x000006b0                start_transfer
 .text.end_transfer
                0x000006c0       0x14 ./devices_src/sd_card.o
                0x000006c0                end_transfer
 .text.send_cmd
                0x000006d4      0x24c ./devices_src/sd_card.o
                0x000006d4                send_cmd
 .text.sd_card_init
                0x00000920      0x1d4 ./devices_src/sd_card.o
                0x00000920                sd_card_init
 .text.sd_card_on
                0x00000af4       0x10 ./devices_src/sd_card.o
                0x00000af4                sd_card_on
 .text.sd_card_off
                0x00000b04       0x10 ./devices_src/sd_card.o
                0x00000b04                sd_card_off
 .text.sd_card_read
                0x00000b14      0x130 ./devices_src/sd_card.o
                0x00000b14                sd_card_read
 .text.sd_card_write
                0x00000c44      0x10c ./devices_src/sd_card.o
                0x00000c44                sd_card_write
 .text.array_is_full
                0x00000d50       0x24 ./devices_src/tbr.o
                0x00000d50                array_is_full
 .text.array_is_empty
                0x00000d74       0x20 ./devices_src/tbr.o
                0x00000d74                array_is_empty
 .text.array_add
                0x00000d94       0x58 ./devices_src/tbr.o
                0x00000d94                array_add
 .text.array_remove
                0x00000dec       0x5c ./devices_src/tbr.o
                0x00000dec                array_remove
 .text.CalculateLuhn
                0x00000e48      0x12c ./devices_src/tbr.o
                0x00000e48                CalculateLuhn
 .text.parse_message_tbr
                0x00000f74       0xa4 ./devices_src/tbr.o
                0x00000f74                parse_message_tbr
 .text.check_other_messages
                0x00001018       0x3c ./devices_src/tbr.o
                0x00001018                check_other_messages
 .text.clear_buffer
                0x00001054       0x3c ./devices_src/tbr.o
                0x00001054                clear_buffer
 .text.get_and_compare
                0x00001090       0xd8 ./devices_src/tbr.o
                0x00001090                get_and_compare
 .text.tbr_init
                0x00001168       0x48 ./devices_src/tbr.o
                0x00001168                tbr_init
 .text.tbr_send_cmd
                0x000011b0      0x100 ./devices_src/tbr.o
                0x000011b0                tbr_send_cmd
 .text.tbr_recv_msg
                0x000012b0       0x68 ./devices_src/tbr.o
                0x000012b0                tbr_recv_msg
 .text.GPIO_PinOutSet
                0x00001318       0x58 ./devices_src/ublox_gps.o
 .text.send_cmd_rx_ack
                0x00001370       0xfc ./devices_src/ublox_gps.o
                0x00001370                send_cmd_rx_ack
 .text.port_config
                0x0000146c       0x64 ./devices_src/ublox_gps.o
                0x0000146c                port_config
 .text.receiver_nav_status
                0x000014d0       0xfc ./devices_src/ublox_gps.o
                0x000014d0                receiver_nav_status
 .text.config_low_power
                0x000015cc       0x24 ./devices_src/ublox_gps.o
                0x000015cc                config_low_power
 .text.enter_low_power
                0x000015f0       0x24 ./devices_src/ublox_gps.o
                0x000015f0                enter_low_power
 .text.disable_sbas
                0x00001614       0x24 ./devices_src/ublox_gps.o
                0x00001614                disable_sbas
 .text.poll_psm
                0x00001638      0x130 ./devices_src/ublox_gps.o
                0x00001638                poll_psm
 .text.parse_message
                0x00001768      0x240 ./devices_src/ublox_gps.o
                0x00001768                parse_message
 .text.gps_init
                0x000019a8      0x148 ./devices_src/ublox_gps.o
                0x000019a8                gps_init
 .text.gps_get_nav_data
                0x00001af0      0x190 ./devices_src/ublox_gps.o
                0x00001af0                gps_get_nav_data
 .text.gps_on   0x00001c80       0x10 ./devices_src/ublox_gps.o
                0x00001c80                gps_on
 .text.TIMER_Valid
                0x00001c90       0x50 ./drivers_src/delay.o
 .text.TIMER_MaxCount
                0x00001ce0       0x18 ./drivers_src/delay.o
 .text.TIMER_CounterSet
                0x00001cf8       0x1c ./drivers_src/delay.o
 .text.TIMER_Enable
                0x00001d14       0x2c ./drivers_src/delay.o
 .text.TIMER_IntClear
                0x00001d40       0x1c ./drivers_src/delay.o
 .text.TIMER_IntEnable
                0x00001d5c       0x20 ./drivers_src/delay.o
 .text.TIMER_IntGetEnabled
                0x00001d7c       0x24 ./drivers_src/delay.o
 .text.TIMER_TopBufSet
                0x00001da0       0x1c ./drivers_src/delay.o
 .text.TIMER_TopSet
                0x00001dbc       0x1c ./drivers_src/delay.o
 .text.delay_init
                0x00001dd8       0x7c ./drivers_src/delay.o
                0x00001dd8                delay_init
 .text.delay_enable
                0x00001e54       0x14 ./drivers_src/delay.o
                0x00001e54                delay_enable
 .text.delay_disable
                0x00001e68       0x14 ./drivers_src/delay.o
                0x00001e68                delay_disable
 .text.delay_ms
                0x00001e7c       0x64 ./drivers_src/delay.o
                0x00001e7c                delay_ms
 .text.TIMER_Valid
                0x00001ee0       0x50 ./drivers_src/pwm.o
 .text.TIMER_MaxCount
                0x00001f30       0x18 ./drivers_src/pwm.o
 .text.TIMER_CounterSet
                0x00001f48       0x1c ./drivers_src/pwm.o
 .text.TIMER_Enable
                0x00001f64       0x2c ./drivers_src/pwm.o
 .text.TIMER_IntClear
                0x00001f90       0x1c ./drivers_src/pwm.o
 .text.TIMER_IntEnable
                0x00001fac       0x20 ./drivers_src/pwm.o
 .text.TIMER_IntGetEnabled
                0x00001fcc       0x24 ./drivers_src/pwm.o
 .text.TIMER_TopBufSet
                0x00001ff0       0x1c ./drivers_src/pwm.o
 .text.TIMER_TopSet
                0x0000200c       0x1c ./drivers_src/pwm.o
 .text.pwm_init
                0x00002028       0x7c ./drivers_src/pwm.o
                0x00002028                pwm_init
 .text.pwm_enable
                0x000020a4       0x14 ./drivers_src/pwm.o
                0x000020a4                pwm_enable
 .text.pwm_disable
                0x000020b8       0x14 ./drivers_src/pwm.o
                0x000020b8                pwm_disable
 .text.pwm_us_delay
                0x000020cc       0x5c ./drivers_src/pwm.o
                0x000020cc                pwm_us_delay
 .text.NVIC_EnableIRQ
                0x00002128       0x30 ./drivers_src/rs232.o
 .text.NVIC_ClearPendingIRQ
                0x00002158       0x34 ./drivers_src/rs232.o
 .text.USART_IntClear
                0x0000218c       0x1c ./drivers_src/rs232.o
 .text.USART_IntDisable
                0x000021a8       0x24 ./drivers_src/rs232.o
 .text.USART_IntEnable
                0x000021cc       0x20 ./drivers_src/rs232.o
 .text.rs232_init
                0x000021ec       0xb0 ./drivers_src/rs232.o
                0x000021ec                rs232_init
 .text.rs232_enable
                0x0000229c       0x14 ./drivers_src/rs232.o
                0x0000229c                rs232_enable
 .text.rs232_transmit_string
                0x000022b0       0x6c ./drivers_src/rs232.o
                0x000022b0                rs232_transmit_string
 .text.USART2_TX_IRQHandler
                0x0000231c       0x4c ./drivers_src/rs232.o
                0x0000231c                USART2_TX_IRQHandler
 .text.USART2_RX_IRQHandler
                0x00002368       0x40 ./drivers_src/rs232.o
                0x00002368                USART2_RX_IRQHandler
 .text.NVIC_EnableIRQ
                0x000023a8       0x30 ./drivers_src/rs485.o
 .text.NVIC_ClearPendingIRQ
                0x000023d8       0x34 ./drivers_src/rs485.o
 .text.GPIO_PinOutClear
                0x0000240c       0x58 ./drivers_src/rs485.o
 .text.GPIO_PinOutSet
                0x00002464       0x58 ./drivers_src/rs485.o
 .text.LEUART_IntClear
                0x000024bc       0x1c ./drivers_src/rs485.o
 .text.LEUART_IntDisable
                0x000024d8       0x24 ./drivers_src/rs485.o
 .text.LEUART_IntEnable
                0x000024fc       0x20 ./drivers_src/rs485.o
 .text.rs485_init
                0x0000251c       0xe0 ./drivers_src/rs485.o
                0x0000251c                rs485_init
 .text.rs485_enable
                0x000025fc       0x14 ./drivers_src/rs485.o
                0x000025fc                rs485_enable
 .text.rs485_transmit_string
                0x00002610       0x78 ./drivers_src/rs485.o
                0x00002610                rs485_transmit_string
 .text.rs485_recieve_char
                0x00002688       0x3c ./drivers_src/rs485.o
                0x00002688                rs485_recieve_char
 .text.rs485_tx_mode
                0x000026c4       0x18 ./drivers_src/rs485.o
                0x000026c4                rs485_tx_mode
 .text.rs485_rx_mode
                0x000026dc       0x18 ./drivers_src/rs485.o
                0x000026dc                rs485_rx_mode
 .text.LEUART0_IRQHandler
                0x000026f4       0xd0 ./drivers_src/rs485.o
                0x000026f4                LEUART0_IRQHandler
 .text.GPIO_PinOutClear
                0x000027c4       0x58 ./drivers_src/spi.o
 .text.GPIO_PinOutSet
                0x0000281c       0x58 ./drivers_src/spi.o
 .text.USART_IntClear
                0x00002874       0x1c ./drivers_src/spi.o
 .text.spi_init
                0x00002890       0xbc ./drivers_src/spi.o
                0x00002890                spi_init
 .text.spi_enable
                0x0000294c       0x14 ./drivers_src/spi.o
                0x0000294c                spi_enable
 .text.spi_disable
                0x00002960       0x14 ./drivers_src/spi.o
                0x00002960                spi_disable
 .text.spi_cs_set
                0x00002974       0x40 ./drivers_src/spi.o
                0x00002974                spi_cs_set
 .text.spi_cs_clear
                0x000029b4       0x8c ./drivers_src/spi.o
                0x000029b4                spi_cs_clear
 .text.spi_read_write_byte
                0x00002a40       0x34 ./drivers_src/spi.o
                0x00002a40                spi_read_write_byte
 .text.spi_write_byte
                0x00002a74       0x28 ./drivers_src/spi.o
                0x00002a74                spi_write_byte
 .text.spi_read_byte
                0x00002a9c       0x2c ./drivers_src/spi.o
                0x00002a9c                spi_read_byte
 .text.BUS_RegBitWrite
                0x00002ac8       0x2c ./emlib/src/em_cmu.o
 .text.BUS_RegBitRead
                0x00002af4       0x2c ./emlib/src/em_cmu.o
 .text.CMU_DivToLog2
                0x00002b20       0x34 ./emlib/src/em_cmu.o
 .text.SYSTEM_GetProdRev
                0x00002b54       0x1c ./emlib/src/em_cmu.o
 .text.SYSTEM_GetFamily
                0x00002b70       0x20 ./emlib/src/em_cmu.o
 .text.maxFreqHfle
                0x00002b90       0x78 ./emlib/src/em_cmu.o
 .text.setHfLeConfig
                0x00002c08       0x60 ./emlib/src/em_cmu.o
 .text.getHfLeConfig
                0x00002c68       0x20 ./emlib/src/em_cmu.o
 .text.auxClkGet
                0x00002c88       0xb0 ./emlib/src/em_cmu.o
 .text.dbgClkGet
                0x00002d38       0x40 ./emlib/src/em_cmu.o
 .text.flashWaitStateControl
                0x00002d78       0xb8 ./emlib/src/em_cmu.o
 .text.flashWaitStateMax
                0x00002e30       0x14 ./emlib/src/em_cmu.o
 .text.CMU_UpdateWaitStates
                0x00002e44       0x18 ./emlib/src/em_cmu.o
                0x00002e44                CMU_UpdateWaitStates
 .text.lfClkGet
                0x00002e5c       0xec ./emlib/src/em_cmu.o
 .text.syncReg  0x00002f48       0x34 ./emlib/src/em_cmu.o
 .text.CMU_ClockDivSet
                0x00002f7c      0x22c ./emlib/src/em_cmu.o
                0x00002f7c                CMU_ClockDivSet
 .text.CMU_ClockEnable
                0x000031a8       0xd0 ./emlib/src/em_cmu.o
                0x000031a8                CMU_ClockEnable
 .text.CMU_ClockFreqGet
                0x00003278      0x1c8 ./emlib/src/em_cmu.o
                0x00003278                CMU_ClockFreqGet
 .text.CMU_ClockSelectGet
                0x00003440      0x124 ./emlib/src/em_cmu.o
                0x00003440                CMU_ClockSelectGet
 .text.CMU_ClockSelectSet
                0x00003564      0x22c ./emlib/src/em_cmu.o
                0x00003564                CMU_ClockSelectSet
 .text.CMU_HFRCOBandSet
                0x00003790       0xe0 ./emlib/src/em_cmu.o
                0x00003790                CMU_HFRCOBandSet
 .text.CMU_OscillatorEnable
                0x00003870       0xbc ./emlib/src/em_cmu.o
                0x00003870                CMU_OscillatorEnable
 .text.CORE_EnterAtomic
                0x0000392c       0x20 ./emlib/src/em_core.o
                0x0000392c                CORE_EnterAtomic
 .text.CORE_ExitAtomic
                0x0000394c       0x1c ./emlib/src/em_core.o
                0x0000394c                CORE_ExitAtomic
 .text.DMA_IRQHandler
                0x00003968       0xd8 ./emlib/src/em_dma.o
                0x00003968                DMA_IRQHandler
 .text.BUS_RegBitWrite
                0x00003a40       0x2c ./emlib/src/em_gpio.o
 .text.BUS_RegMaskedWrite
                0x00003a6c       0x28 ./emlib/src/em_gpio.o
 .text.GPIO_PinOutClear
                0x00003a94       0x58 ./emlib/src/em_gpio.o
 .text.GPIO_PinOutSet
                0x00003aec       0x58 ./emlib/src/em_gpio.o
 .text.GPIO_DriveModeSet
                0x00003b44       0x70 ./emlib/src/em_gpio.o
                0x00003b44                GPIO_DriveModeSet
 .text.GPIO_ExtIntConfig
                0x00003bb4       0xd4 ./emlib/src/em_gpio.o
                0x00003bb4                GPIO_ExtIntConfig
 .text.GPIO_PinModeSet
                0x00003c88      0x10c ./emlib/src/em_gpio.o
                0x00003c88                GPIO_PinModeSet
 .text.LEUART_Sync
                0x00003d94       0x30 ./emlib/src/em_leuart.o
 .text.LEUART_BaudrateSet
                0x00003dc4       0x80 ./emlib/src/em_leuart.o
                0x00003dc4                LEUART_BaudrateSet
 .text.LEUART_Enable
                0x00003e44       0x58 ./emlib/src/em_leuart.o
                0x00003e44                LEUART_Enable
 .text.LEUART_FreezeEnable
                0x00003e9c       0x34 ./emlib/src/em_leuart.o
                0x00003e9c                LEUART_FreezeEnable
 .text.LEUART_Init
                0x00003ed0       0x84 ./emlib/src/em_leuart.o
                0x00003ed0                LEUART_Init
 .text.LEUART_Reset
                0x00003f54       0x70 ./emlib/src/em_leuart.o
                0x00003f54                LEUART_Reset
 .text.LEUART_Rx
                0x00003fc4       0x28 ./emlib/src/em_leuart.o
                0x00003fc4                LEUART_Rx
 .text.LEUART_Tx
                0x00003fec       0x30 ./emlib/src/em_leuart.o
                0x00003fec                LEUART_Tx
 .text.BUS_RegBitWrite
                0x0000401c       0x2c ./emlib/src/em_rtc.o
 .text.RTC_CompareSet
                0x00004048       0x3c ./emlib/src/em_rtc.o
                0x00004048                RTC_CompareSet
 .text.RTC_Enable
                0x00004084       0x20 ./emlib/src/em_rtc.o
                0x00004084                RTC_Enable
 .text.RTC_Init
                0x000040a4       0x50 ./emlib/src/em_rtc.o
                0x000040a4                RTC_Init
 .text.SYSTEM_ChipRevisionGet
                0x000040f4       0x74 ./emlib/src/em_system.o
                0x000040f4                SYSTEM_ChipRevisionGet
 .text.TIMER_Valid
                0x00004168       0x50 ./emlib/src/em_timer.o
 .text.TIMER_Init
                0x000041b8       0xdc ./emlib/src/em_timer.o
                0x000041b8                TIMER_Init
 .text.USART_BaudrateAsyncSet
                0x00004294       0xb0 ./emlib/src/em_usart.o
                0x00004294                USART_BaudrateAsyncSet
 .text.USART_BaudrateSyncSet
                0x00004344       0x40 ./emlib/src/em_usart.o
                0x00004344                USART_BaudrateSyncSet
 .text.USART_Enable
                0x00004384       0x58 ./emlib/src/em_usart.o
                0x00004384                USART_Enable
 .text.USART_InitAsync
                0x000043dc       0x9c ./emlib/src/em_usart.o
                0x000043dc                USART_InitAsync
 .text.USART_InitSync
                0x00004478       0xcc ./emlib/src/em_usart.o
                0x00004478                USART_InitSync
 .text.USART_Reset
                0x00004544       0x98 ./emlib/src/em_usart.o
                0x00004544                USART_Reset
 .text.USART_Rx
                0x000045dc       0x28 ./emlib/src/em_usart.o
                0x000045dc                USART_Rx
 .text.USART_SpiTransfer
                0x00004604       0x40 ./emlib/src/em_usart.o
                0x00004604                USART_SpiTransfer
 .text.USART_Tx
                0x00004644       0x2c ./emlib/src/em_usart.o
                0x00004644                USART_Tx
 .text.disk_status
                0x00004670       0x44 ./fat_filesystem_src/diskio.o
                0x00004670                disk_status
 .text.disk_initialize
                0x000046b4       0x4c ./fat_filesystem_src/diskio.o
                0x000046b4                disk_initialize
 .text.disk_read
                0x00004700       0x50 ./fat_filesystem_src/diskio.o
                0x00004700                disk_read
 .text.disk_write
                0x00004750       0x50 ./fat_filesystem_src/diskio.o
                0x00004750                disk_write
 .text.disk_ioctl
                0x000047a0       0x50 ./fat_filesystem_src/diskio.o
                0x000047a0                disk_ioctl
 .text.ld_word  0x000047f0       0x30 ./fat_filesystem_src/ff.o
 .text.ld_dword
                0x00004820       0x48 ./fat_filesystem_src/ff.o
 .text.st_word  0x00004868       0x34 ./fat_filesystem_src/ff.o
 .text.st_dword
                0x0000489c       0x58 ./fat_filesystem_src/ff.o
 .text.mem_cpy  0x000048f4       0x40 ./fat_filesystem_src/ff.o
 .text.mem_set  0x00004934       0x34 ./fat_filesystem_src/ff.o
 .text.mem_cmp  0x00004968       0x50 ./fat_filesystem_src/ff.o
 .text.chk_chr  0x000049b8       0x38 ./fat_filesystem_src/ff.o
 .text.sync_window
                0x000049f0       0x8c ./fat_filesystem_src/ff.o
 .text.move_window
                0x00004a7c       0x5c ./fat_filesystem_src/ff.o
 .text.sync_fs  0x00004ad8       0xdc ./fat_filesystem_src/ff.o
 .text.clust2sect
                0x00004bb4       0x40 ./fat_filesystem_src/ff.o
 .text.get_fat  0x00004bf4      0x140 ./fat_filesystem_src/ff.o
 .text.put_fat  0x00004d34      0x1bc ./fat_filesystem_src/ff.o
 .text.remove_chain
                0x00004ef0       0xc8 ./fat_filesystem_src/ff.o
 .text.create_chain
                0x00004fb8      0x134 ./fat_filesystem_src/ff.o
 .text.dir_sdi  0x000050ec       0xf4 ./fat_filesystem_src/ff.o
 .text.dir_next
                0x000051e0      0x188 ./fat_filesystem_src/ff.o
 .text.dir_alloc
                0x00005368       0x90 ./fat_filesystem_src/ff.o
 .text.ld_clust
                0x000053f8       0x40 ./fat_filesystem_src/ff.o
 .text.st_clust
                0x00005438       0x40 ./fat_filesystem_src/ff.o
 .text.dir_find
                0x00005478       0xa8 ./fat_filesystem_src/ff.o
 .text.dir_register
                0x00005520       0x68 ./fat_filesystem_src/ff.o
 .text.create_name
                0x00005588      0x1a0 ./fat_filesystem_src/ff.o
 .text.follow_path
                0x00005728       0xdc ./fat_filesystem_src/ff.o
 .text.get_ldnumber
                0x00005804       0x88 ./fat_filesystem_src/ff.o
 .text.check_fs
                0x0000588c       0xa8 ./fat_filesystem_src/ff.o
 .text.find_volume
                0x00005934      0x474 ./fat_filesystem_src/ff.o
 .text.validate
                0x00005da8       0x68 ./fat_filesystem_src/ff.o
 .text.f_mount  0x00005e10       0x88 ./fat_filesystem_src/ff.o
                0x00005e10                f_mount
 .text.f_open   0x00005e98      0x320 ./fat_filesystem_src/ff.o
                0x00005e98                f_open
 .text.f_write  0x000061b8      0x2d8 ./fat_filesystem_src/ff.o
                0x000061b8                f_write
 .text.f_sync   0x00006490      0x108 ./fat_filesystem_src/ff.o
                0x00006490                f_sync
 .text.f_close  0x00006598       0x40 ./fat_filesystem_src/ff.o
                0x00006598                f_close
 .text.putc_bfd
                0x000065d8       0x78 ./fat_filesystem_src/ff.o
 .text.putc_flush
                0x00006650       0x54 ./fat_filesystem_src/ff.o
 .text.putc_init
                0x000066a4       0x28 ./fat_filesystem_src/ff.o
 .text.f_puts   0x000066cc       0x48 ./fat_filesystem_src/ff.o
                0x000066cc                f_puts
 .text.get_fattime
                0x00006714       0x14 ./fat_filesystem_src/ff.o
                0x00006714                get_fattime
 .text.fifo_rs232_init
                0x00006728       0x48 ./fifo_buffers_src/fifo_rs232.o
                0x00006728                fifo_rs232_init
 .text.fifo_rs232_is_empty
                0x00006770       0x4c ./fifo_buffers_src/fifo_rs232.o
                0x00006770                fifo_rs232_is_empty
 .text.fifo_rs232_is_full
                0x000067bc       0x50 ./fifo_buffers_src/fifo_rs232.o
                0x000067bc                fifo_rs232_is_full
 .text.fifo_rs232_remove
                0x0000680c       0xbc ./fifo_buffers_src/fifo_rs232.o
                0x0000680c                fifo_rs232_remove
 .text.fifo_rs232_add
                0x000068c8       0xb0 ./fifo_buffers_src/fifo_rs232.o
                0x000068c8                fifo_rs232_add
 .text.fifo_tbr_init
                0x00006978       0x68 ./fifo_buffers_src/fifo_tbr.o
                0x00006978                fifo_tbr_init
 .text.fifo_tbr_is_empty
                0x000069e0       0x6c ./fifo_buffers_src/fifo_tbr.o
                0x000069e0                fifo_tbr_is_empty
 .text.fifo_tbr_is_full
                0x00006a4c       0x6c ./fifo_buffers_src/fifo_tbr.o
                0x00006a4c                fifo_tbr_is_full
 .text.fifo_tbr_remove
                0x00006ab8      0x108 ./fifo_buffers_src/fifo_tbr.o
                0x00006ab8                fifo_tbr_remove
 .text.fifo_tbr_add
                0x00006bc0       0xf8 ./fifo_buffers_src/fifo_tbr.o
                0x00006bc0                fifo_tbr_add
 .text.debug_str
                0x00006cb8       0x28 ./hal/debug.o
                0x00006cb8                debug_str
 .text.NVIC_EnableIRQ
                0x00006ce0       0x30 ./hal/hal.o
 .text.NVIC_ClearPendingIRQ
                0x00006d10       0x34 ./hal/hal.o
 .text.NVIC_SystemReset
                0x00006d44       0x28 ./hal/hal.o
 .text.GPIO_IntClear
                0x00006d6c       0x20 ./hal/hal.o
 .text.GPIO_IntGetEnabled
                0x00006d8c       0x28 ./hal/hal.o
 .text.GPIO_PinOutSet
                0x00006db4       0x58 ./hal/hal.o
 .text.GPIO_IntConfig
                0x00006e0c       0x38 ./hal/hal.o
 .text.RTC_CounterGet
                0x00006e44       0x18 ./hal/hal.o
 .text.RTC_IntClear
                0x00006e5c       0x1c ./hal/hal.o
 .text.RTC_IntDisable
                0x00006e78       0x24 ./hal/hal.o
 .text.RTC_IntEnable
                0x00006e9c       0x24 ./hal/hal.o
 .text.RTC_IntGet
                0x00006ec0       0x18 ./hal/hal.o
 .text.time_manager_init
                0x00006ed8       0x38 ./hal/hal.o
                0x00006ed8                time_manager_init
 .text.time_manager_unixTimestamp
                0x00006f10      0x118 ./hal/hal.o
                0x00006f10                time_manager_unixTimestamp
 .text.time_manager_get_cmd
                0x00007028       0x18 ./hal/hal.o
                0x00007028                time_manager_get_cmd
 .text.GPIO_EVEN_IRQHandler
                0x00007040       0xd0 ./hal/hal.o
                0x00007040                GPIO_EVEN_IRQHandler
 .text.GPIO_ODD_IRQHandler
                0x00007110       0x34 ./hal/hal.o
                0x00007110                GPIO_ODD_IRQHandler
 .text.hal_io_init
                0x00007144       0xbc ./hal/hal.o
 .text.hal_pin_rxtx
                0x00007200       0x14 ./hal/hal.o
                0x00007200                hal_pin_rxtx
 .text.hal_pin_nss
                0x00007214       0x24 ./hal/hal.o
                0x00007214                hal_pin_nss
 .text.hal_pin_rst
                0x00007238       0x18 ./hal/hal.o
                0x00007238                hal_pin_rst
 .text.hal_spi_init
                0x00007250       0x10 ./hal/hal.o
 .text.hal_spi  0x00007260       0x24 ./hal/hal.o
                0x00007260                hal_spi
 .text.RTC_IRQHandler
                0x00007284       0x34 ./hal/hal.o
                0x00007284                RTC_IRQHandler
 .text.hal_time_init
                0x000072b8       0x84 ./hal/hal.o
 .text.hal_ticks
                0x0000733c       0x4c ./hal/hal.o
                0x0000733c                hal_ticks
 .text.deltaticks
                0x00007388       0x3c ./hal/hal.o
 .text.hal_waitUntil
                0x000073c4       0x1c ./hal/hal.o
                0x000073c4                hal_waitUntil
 .text.hal_checkTimer
                0x000073e0       0x4c ./hal/hal.o
                0x000073e0                hal_checkTimer
 .text.hal_disableIRQs
                0x0000742c       0x40 ./hal/hal.o
                0x0000742c                hal_disableIRQs
 .text.hal_enableIRQs
                0x0000746c       0x38 ./hal/hal.o
                0x0000746c                hal_enableIRQs
 .text.hal_sleep
                0x000074a4        0xc ./hal/hal.o
                0x000074a4                hal_sleep
 .text.hal_init
                0x000074b0       0x28 ./hal/hal.o
                0x000074b0                hal_init
 .text.hal_failed
                0x000074d8       0x74 ./hal/hal.o
                0x000074d8                hal_failed
 .text.aesroundkeys
                0x0000754c       0xf4 ./lmic/aes.o
 .text.os_aes   0x00007640      0x99c ./lmic/aes.o
                0x00007640                os_aes
 .text.getSf    0x00007fdc       0x20 ./lmic/lmic.o
                0x00007fdc                getSf
 .text.getBw    0x00007ffc       0x24 ./lmic/lmic.o
                0x00007ffc                getBw
 .text.getCr    0x00008020       0x24 ./lmic/lmic.o
                0x00008020                getCr
 .text.setCr    0x00008044       0x30 ./lmic/lmic.o
                0x00008044                setCr
 .text.getNocrc
                0x00008074       0x20 ./lmic/lmic.o
                0x00008074                getNocrc
 .text.setNocrc
                0x00008094       0x2c ./lmic/lmic.o
                0x00008094                setNocrc
 .text.getIh    0x000080c0       0x20 ./lmic/lmic.o
                0x000080c0                getIh
 .text.updr2rps
                0x000080e0       0x24 ./lmic/lmic.o
                0x000080e0                updr2rps
 .text.dndr2rps
                0x00008104       0x28 ./lmic/lmic.o
                0x00008104                dndr2rps
 .text.decDR    0x0000812c       0x30 ./lmic/lmic.o
                0x0000812c                decDR
 .text.validDR  0x0000815c       0x2c ./lmic/lmic.o
                0x0000815c                validDR
 .text.lowerDR  0x00008188       0x34 ./lmic/lmic.o
                0x00008188                lowerDR
 .text.os_rlsbf2
                0x000081bc       0x2c ./lmic/lmic.o
                0x000081bc                os_rlsbf2
 .text.os_rlsbf4
                0x000081e8       0x3c ./lmic/lmic.o
                0x000081e8                os_rlsbf4
 .text.os_rmsbf4
                0x00008224       0x3c ./lmic/lmic.o
                0x00008224                os_rmsbf4
 .text.os_wlsbf2
                0x00008260       0x2c ./lmic/lmic.o
                0x00008260                os_wlsbf2
 .text.os_wlsbf4
                0x0000828c       0x40 ./lmic/lmic.o
                0x0000828c                os_wlsbf4
 .text.os_wmsbf4
                0x000082cc       0x40 ./lmic/lmic.o
                0x000082cc                os_wmsbf4
 .text.os_getBattLevel
                0x0000830c       0x10 ./lmic/lmic.o
                0x0000830c                os_getBattLevel
 .text.micB0    0x0000831c       0x60 ./lmic/lmic.o
 .text.aes_verifyMic
                0x0000837c       0x58 ./lmic/lmic.o
 .text.aes_appendMic
                0x000083d4       0x4c ./lmic/lmic.o
 .text.aes_appendMic0
                0x00008420       0x38 ./lmic/lmic.o
 .text.aes_verifyMic0
                0x00008458       0x44 ./lmic/lmic.o
 .text.aes_encrypt
                0x0000849c       0x28 ./lmic/lmic.o
 .text.aes_cipher
                0x000084c4       0x84 ./lmic/lmic.o
 .text.aes_sessKeys
                0x00008548       0x78 ./lmic/lmic.o
 .text.getSensitivity
                0x000085c0       0x40 ./lmic/lmic.o
                0x000085c0                getSensitivity
 .text.calcAirTime
                0x00008600      0x124 ./lmic/lmic.o
                0x00008600                calcAirTime
 .text.rndDelay
                0x00008724       0x64 ./lmic/lmic.o
 .text.txDelay  0x00008788       0x58 ./lmic/lmic.o
 .text.setDrJoin
                0x000087e0       0x28 ./lmic/lmic.o
 .text.setDrTxpow
                0x00008808       0x58 ./lmic/lmic.o
 .text.initDefaultChannels
                0x00008860      0x120 ./lmic/lmic.o
 .text.LMIC_setupBand
                0x00008980       0x5c ./lmic/lmic.o
                0x00008980                LMIC_setupBand
 .text.LMIC_setupChannel
                0x000089dc       0xf8 ./lmic/lmic.o
                0x000089dc                LMIC_setupChannel
 .text.LMIC_disableChannel
                0x00008ad4       0x54 ./lmic/lmic.o
                0x00008ad4                LMIC_disableChannel
 .text.convFreq
                0x00008b28       0x44 ./lmic/lmic.o
 .text.mapChannels
                0x00008b6c       0x90 ./lmic/lmic.o
 .text.updateTx
                0x00008bfc       0x90 ./lmic/lmic.o
 .text.nextTx   0x00008c8c      0x138 ./lmic/lmic.o
 .text.initJoinLoop
                0x00008dc4       0x6c ./lmic/lmic.o
 .text.nextJoinState
                0x00008e30       0xcc ./lmic/lmic.o
 .text.runEngineUpdate
                0x00008efc       0x14 ./lmic/lmic.o
 .text.reportEvent
                0x00008f10       0x1c ./lmic/lmic.o
 .text.runReset
                0x00008f2c       0x1c ./lmic/lmic.o
 .text.stateJustJoined
                0x00008f48       0xb0 ./lmic/lmic.o
 .text.decodeFrame
                0x00008ff8      0x57c ./lmic/lmic.o
 .text.setupRx2
                0x00009574       0x40 ./lmic/lmic.o
 .text.schedRx2
                0x000095b4       0x50 ./lmic/lmic.o
 .text.setupRx1
                0x00009604       0x44 ./lmic/lmic.o
 .text.txDone   0x00009648       0x70 ./lmic/lmic.o
 .text.onJoinFailed
                0x000096b8       0x14 ./lmic/lmic.o
 .text.processJoinAccept
                0x000096cc      0x25c ./lmic/lmic.o
 .text.processRx2Jacc
                0x00009928       0x28 ./lmic/lmic.o
 .text.setupRx2Jacc
                0x00009950       0x20 ./lmic/lmic.o
 .text.processRx1Jacc
                0x00009970       0x34 ./lmic/lmic.o
 .text.setupRx1Jacc
                0x000099a4       0x18 ./lmic/lmic.o
 .text.jreqDone
                0x000099bc       0x1c ./lmic/lmic.o
 .text.processRx2DnDataDelay
                0x000099d8       0x14 ./lmic/lmic.o
 .text.processRx2DnData
                0x000099ec       0x50 ./lmic/lmic.o
 .text.setupRx2DnData
                0x00009a3c       0x20 ./lmic/lmic.o
 .text.processRx1DnData
                0x00009a5c       0x34 ./lmic/lmic.o
 .text.setupRx1DnData
                0x00009a90       0x18 ./lmic/lmic.o
 .text.updataDone
                0x00009aa8       0x1c ./lmic/lmic.o
 .text.buildDataFrame
                0x00009ac4      0x330 ./lmic/lmic.o
 .text.buildJoinRequest
                0x00009df4       0x6c ./lmic/lmic.o
 .text.startJoining
                0x00009e60       0x14 ./lmic/lmic.o
 .text.LMIC_startJoining
                0x00009e74       0x94 ./lmic/lmic.o
                0x00009e74                LMIC_startJoining
 .text.processDnData
                0x00009f08      0x1a0 ./lmic/lmic.o
 .text.engineUpdate
                0x0000a0a8      0x214 ./lmic/lmic.o
 .text.LMIC_setAdrMode
                0x0000a2bc       0x2c ./lmic/lmic.o
                0x0000a2bc                LMIC_setAdrMode
 .text.LMIC_setDrTxpow
                0x0000a2e8       0x28 ./lmic/lmic.o
                0x0000a2e8                LMIC_setDrTxpow
 .text.LMIC_reset
                0x0000a310       0x74 ./lmic/lmic.o
                0x0000a310                LMIC_reset
 .text.LMIC_init
                0x0000a384       0x18 ./lmic/lmic.o
                0x0000a384                LMIC_init
 .text.LMIC_setTxData
                0x0000a39c       0x38 ./lmic/lmic.o
                0x0000a39c                LMIC_setTxData
 .text.LMIC_setTxData2
                0x0000a3d4       0x64 ./lmic/lmic.o
                0x0000a3d4                LMIC_setTxData2
 .text.os_init  0x0000a438       0x20 ./lmic/oslmic.o
                0x0000a438                os_init
 .text.os_getTime
                0x0000a458       0x10 ./lmic/oslmic.o
                0x0000a458                os_getTime
 .text.unlinkjob
                0x0000a468       0x40 ./lmic/oslmic.o
 .text.os_clearCallback
                0x0000a4a8       0x3c ./lmic/oslmic.o
                0x0000a4a8                os_clearCallback
 .text.os_setCallback
                0x0000a4e4       0x48 ./lmic/oslmic.o
                0x0000a4e4                os_setCallback
 .text.os_setTimedCallback
                0x0000a52c       0x68 ./lmic/oslmic.o
                0x0000a52c                os_setTimedCallback
 .text.os_runloop
                0x0000a594       0x6c ./lmic/oslmic.o
                0x0000a594                os_runloop
 .text.writeReg
                0x0000a600       0x38 ./lmic/radio.o
 .text.readReg  0x0000a638       0x38 ./lmic/radio.o
 .text.writeBuf
                0x0000a670       0x54 ./lmic/radio.o
 .text.readBuf  0x0000a6c4       0x54 ./lmic/radio.o
 .text.opmode   0x0000a718       0x30 ./lmic/radio.o
 .text.opmodeLora
                0x0000a748       0x24 ./lmic/radio.o
 .text.opmodeFSK
                0x0000a76c       0x24 ./lmic/radio.o
 .text.configLoraModem
                0x0000a790      0x150 ./lmic/radio.o
 .text.configChannel
                0x0000a8e0       0x7c ./lmic/radio.o
 .text.configPower
                0x0000a95c       0x60 ./lmic/radio.o
 .text.txfsk    0x0000a9bc       0xd8 ./lmic/radio.o
 .text.txlora   0x0000aa94       0xb4 ./lmic/radio.o
 .text.starttx  0x0000ab48       0x38 ./lmic/radio.o
 .text.rxlora   0x0000ab80       0xd8 ./lmic/radio.o
 .text.rxfsk    0x0000ac58       0xe0 ./lmic/radio.o
 .text.startrx  0x0000ad38       0x4c ./lmic/radio.o
 .text.radio_init
                0x0000ad84      0x16c ./lmic/radio.o
                0x0000ad84                radio_init
 .text.radio_rand1
                0x0000aef0       0x4c ./lmic/radio.o
                0x0000aef0                radio_rand1
 .text.radio_irq_handler
                0x0000af3c      0x1ac ./lmic/radio.o
                0x0000af3c                radio_irq_handler
 .text.os_radio
                0x0000b0e8       0x54 ./lmic/radio.o
                0x0000b0e8                os_radio
 .text.file_sys_setup
                0x0000b13c       0xf8 ./resource managers_src/app_manager.o
                0x0000b13c                file_sys_setup
 .text.tbr_cmd_update_rgb_led
                0x0000b234       0x54 ./resource managers_src/app_manager.o
                0x0000b234                tbr_cmd_update_rgb_led
 .text.app_manager_init
                0x0000b288      0x1dc ./resource managers_src/app_manager.o
                0x0000b288                app_manager_init
 .text.app_manager_tbr_synch_msg
                0x0000b464      0x208 ./resource managers_src/app_manager.o
                0x0000b464                app_manager_tbr_synch_msg
 .text.app_manager_get_nav_data
                0x0000b66c       0x18 ./resource managers_src/app_manager.o
                0x0000b66c                app_manager_get_nav_data
 .text.SYSTEM_GetProdRev
                0x0000b684       0x1c ./src/main.o
 .text.CHIP_Init
                0x0000b6a0       0x3c ./src/main.o
 .text.EMU_EnterEM1
                0x0000b6dc       0x20 ./src/main.o
 .text.os_getArtEui
                0x0000b6fc       0x1c ./src/main.o
                0x0000b6fc                os_getArtEui
 .text.os_getDevEui
                0x0000b718       0x1c ./src/main.o
                0x0000b718                os_getDevEui
 .text.os_getDevKey
                0x0000b734       0x1c ./src/main.o
                0x0000b734                os_getDevKey
 .text.tx_function
                0x0000b750       0x98 ./src/main.o
 .text.initfunc
                0x0000b7e8       0x18 ./src/main.o
 .text.app_funct
                0x0000b800       0xb0 ./src/main.o
 .text.main     0x0000b8b0       0x84 ./src/main.o
                0x0000b8b0                main
 .text.onEvent  0x0000b934      0x100 ./src/main.o
                0x0000b934                onEvent
 .text          0x0000ba34       0x30 c:/siliconlabs/simplicitystudio/v4/developer/toolchains/gnu_arm/4.9_2015q3/bin/../lib/gcc/arm-none-eabi/4.9.3/armv7-m\libgcc.a(_aeabi_uldivmod.o)
                0x0000ba34                __aeabi_uldivmod
 .text          0x0000ba64       0x60 c:/siliconlabs/simplicitystudio/v4/developer/toolchains/gnu_arm/4.9_2015q3/bin/../lib/gcc/arm-none-eabi/4.9.3/armv7-m\libgcc.a(bpabi.o)
                0x0000ba64                __gnu_ldivmod_helper
                0x0000ba94                __gnu_uldivmod_helper
 .text          0x0000bac4        0x4 c:/siliconlabs/simplicitystudio/v4/developer/toolchains/gnu_arm/4.9_2015q3/bin/../lib/gcc/arm-none-eabi/4.9.3/armv7-m\libgcc.a(_dvmd_tls.o)
                0x0000bac4                __aeabi_idiv0
                0x0000bac4                __aeabi_ldiv0
 .text          0x0000bac8      0x2ac c:/siliconlabs/simplicitystudio/v4/developer/toolchains/gnu_arm/4.9_2015q3/bin/../lib/gcc/arm-none-eabi/4.9.3/armv7-m\libgcc.a(_divdi3.o)
                0x0000bac8                __divdi3
 .text          0x0000bd74      0x270 c:/siliconlabs/simplicitystudio/v4/developer/toolchains/gnu_arm/4.9_2015q3/bin/../lib/gcc/arm-none-eabi/4.9.3/armv7-m\libgcc.a(_udivdi3.o)
                0x0000bd74                __udivdi3
 .text.exit     0x0000bfe4       0x28 c:/siliconlabs/simplicitystudio/v4/developer/toolchains/gnu_arm/4.9_2015q3/bin/../lib/gcc/arm-none-eabi/4.9.3/../../../../arm-none-eabi/lib/armv7-m\libc_nano.a(lib_a-exit.o)
                0x0000bfe4                exit
 .text.__libc_init_array
                0x0000c00c       0x4c c:/siliconlabs/simplicitystudio/v4/developer/toolchains/gnu_arm/4.9_2015q3/bin/../lib/gcc/arm-none-eabi/4.9.3/../../../../arm-none-eabi/lib/armv7-m\libc_nano.a(lib_a-init.o)
                0x0000c00c                __libc_init_array
 .text.memcpy   0x0000c058       0x16 c:/siliconlabs/simplicitystudio/v4/developer/toolchains/gnu_arm/4.9_2015q3/bin/../lib/gcc/arm-none-eabi/4.9.3/../../../../arm-none-eabi/lib/armv7-m\libc_nano.a(lib_a-memcpy.o)
                0x0000c058                memcpy
 .text.memset   0x0000c06e       0x10 c:/siliconlabs/simplicitystudio/v4/developer/toolchains/gnu_arm/4.9_2015q3/bin/../lib/gcc/arm-none-eabi/4.9.3/../../../../arm-none-eabi/lib/armv7-m\libc_nano.a(lib_a-memset.o)
                0x0000c06e                memset
 *fill*         0x0000c07e        0x2 
 .text.sprintf  0x0000c080       0x48 c:/siliconlabs/simplicitystudio/v4/developer/toolchains/gnu_arm/4.9_2015q3/bin/../lib/gcc/arm-none-eabi/4.9.3/../../../../arm-none-eabi/lib/armv7-m\libc_nano.a(lib_a-sprintf.o)
                0x0000c080                siprintf
                0x0000c080                sprintf
 .text.strchr   0x0000c0c8       0x1c c:/siliconlabs/simplicitystudio/v4/developer/toolchains/gnu_arm/4.9_2015q3/bin/../lib/gcc/arm-none-eabi/4.9.3/../../../../arm-none-eabi/lib/armv7-m\libc_nano.a(lib_a-strchr.o)
                0x0000c0c8                strchr
 .text.strlen   0x0000c0e4       0x10 c:/siliconlabs/simplicitystudio/v4/developer/toolchains/gnu_arm/4.9_2015q3/bin/../lib/gcc/arm-none-eabi/4.9.3/../../../../arm-none-eabi/lib/armv7-m\libc_nano.a(lib_a-strlen.o)
                0x0000c0e4                strlen
 .text.strstr   0x0000c0f4       0x30 c:/siliconlabs/simplicitystudio/v4/developer/toolchains/gnu_arm/4.9_2015q3/bin/../lib/gcc/arm-none-eabi/4.9.3/../../../../arm-none-eabi/lib/armv7-m\libc_nano.a(lib_a-strstr.o)
                0x0000c0f4                strstr
 .text.strtok   0x0000c124       0x64 c:/siliconlabs/simplicitystudio/v4/developer/toolchains/gnu_arm/4.9_2015q3/bin/../lib/gcc/arm-none-eabi/4.9.3/../../../../arm-none-eabi/lib/armv7-m\libc_nano.a(lib_a-strtok.o)
                0x0000c124                strtok
 .text.__strtok_r
                0x0000c188       0x56 c:/siliconlabs/simplicitystudio/v4/developer/toolchains/gnu_arm/4.9_2015q3/bin/../lib/gcc/arm-none-eabi/4.9.3/../../../../arm-none-eabi/lib/armv7-m\libc_nano.a(lib_a-strtok_r.o)
                0x0000c188                __strtok_r
 *fill*         0x0000c1de        0x2 
 .text.malloc   0x0000c1e0       0x10 c:/siliconlabs/simplicitystudio/v4/developer/toolchains/gnu_arm/4.9_2015q3/bin/../lib/gcc/arm-none-eabi/4.9.3/../../../../arm-none-eabi/lib/armv7-m\libc_nano.a(lib_a-malloc.o)
                0x0000c1e0                malloc
 .text._free_r  0x0000c1f0       0x88 c:/siliconlabs/simplicitystudio/v4/developer/toolchains/gnu_arm/4.9_2015q3/bin/../lib/gcc/arm-none-eabi/4.9.3/../../../../arm-none-eabi/lib/armv7-m\libc_nano.a(lib_a-nano-freer.o)
                0x0000c1f0                _free_r
 .text._malloc_r
                0x0000c278       0xac c:/siliconlabs/simplicitystudio/v4/developer/toolchains/gnu_arm/4.9_2015q3/bin/../lib/gcc/arm-none-eabi/4.9.3/../../../../arm-none-eabi/lib/armv7-m\libc_nano.a(lib_a-nano-mallocr.o)
                0x0000c278                _malloc_r
 .text.__ssputs_r
                0x0000c324       0xb2 c:/siliconlabs/simplicitystudio/v4/developer/toolchains/gnu_arm/4.9_2015q3/bin/../lib/gcc/arm-none-eabi/4.9.3/../../../../arm-none-eabi/lib/armv7-m\libc_nano.a(lib_a-nano-svfprintf.o)
                0x0000c324                __ssputs_r
 *fill*         0x0000c3d6        0x2 
 .text._svfprintf_r
                0x0000c3d8      0x1e4 c:/siliconlabs/simplicitystudio/v4/developer/toolchains/gnu_arm/4.9_2015q3/bin/../lib/gcc/arm-none-eabi/4.9.3/../../../../arm-none-eabi/lib/armv7-m\libc_nano.a(lib_a-nano-svfprintf.o)
                0x0000c3d8                _svfiprintf_r
                0x0000c3d8                _svfprintf_r
 .text._printf_common
                0x0000c5bc       0xea c:/siliconlabs/simplicitystudio/v4/developer/toolchains/gnu_arm/4.9_2015q3/bin/../lib/gcc/arm-none-eabi/4.9.3/../../../../arm-none-eabi/lib/armv7-m\libc_nano.a(lib_a-nano-vfprintf_i.o)
                0x0000c5bc                _printf_common
 *fill*         0x0000c6a6        0x2 
 .text._printf_i
                0x0000c6a8      0x240 c:/siliconlabs/simplicitystudio/v4/developer/toolchains/gnu_arm/4.9_2015q3/bin/../lib/gcc/arm-none-eabi/4.9.3/../../../../arm-none-eabi/lib/armv7-m\libc_nano.a(lib_a-nano-vfprintf_i.o)
                0x0000c6a8                _printf_i
 .text._sbrk_r  0x0000c8e8       0x20 c:/siliconlabs/simplicitystudio/v4/developer/toolchains/gnu_arm/4.9_2015q3/bin/../lib/gcc/arm-none-eabi/4.9.3/../../../../arm-none-eabi/lib/armv7-m\libc_nano.a(lib_a-sbrkr.o)
                0x0000c8e8                _sbrk_r
 .text.memchr   0x0000c908       0x1c c:/siliconlabs/simplicitystudio/v4/developer/toolchains/gnu_arm/4.9_2015q3/bin/../lib/gcc/arm-none-eabi/4.9.3/../../../../arm-none-eabi/lib/armv7-m\libc_nano.a(lib_a-memchr.o)
                0x0000c908                memchr
 .text.memmove  0x0000c924       0x36 c:/siliconlabs/simplicitystudio/v4/developer/toolchains/gnu_arm/4.9_2015q3/bin/../lib/gcc/arm-none-eabi/4.9.3/../../../../arm-none-eabi/lib/armv7-m\libc_nano.a(lib_a-memmove.o)
                0x0000c924                memmove
 .text._realloc_r
                0x0000c95a       0x4c c:/siliconlabs/simplicitystudio/v4/developer/toolchains/gnu_arm/4.9_2015q3/bin/../lib/gcc/arm-none-eabi/4.9.3/../../../../arm-none-eabi/lib/armv7-m\libc_nano.a(lib_a-nano-reallocr.o)
                0x0000c95a                _realloc_r
 .text._malloc_usable_size_r
                0x0000c9a6       0x14 c:/siliconlabs/simplicitystudio/v4/developer/toolchains/gnu_arm/4.9_2015q3/bin/../lib/gcc/arm-none-eabi/4.9.3/../../../../arm-none-eabi/lib/armv7-m\libc_nano.a(lib_a-nano-msizer.o)
                0x0000c9a6                _malloc_usable_size_r
 *fill*         0x0000c9ba        0x2 
 .text._sbrk    0x0000c9bc       0x1c c:/siliconlabs/simplicitystudio/v4/developer/toolchains/gnu_arm/4.9_2015q3/bin/../lib/gcc/arm-none-eabi/4.9.3/../../../../arm-none-eabi/lib/armv7-m\libnosys.a(sbrk.o)
                0x0000c9bc                _sbrk
 .text._exit    0x0000c9d8        0x4 c:/siliconlabs/simplicitystudio/v4/developer/toolchains/gnu_arm/4.9_2015q3/bin/../lib/gcc/arm-none-eabi/4.9.3/../../../../arm-none-eabi/lib/armv7-m\libnosys.a(_exit.o)
                0x0000c9d8                _exit
 *(.init)
 .init          0x0000c9dc        0x4 c:/siliconlabs/simplicitystudio/v4/developer/toolchains/gnu_arm/4.9_2015q3/bin/../lib/gcc/arm-none-eabi/4.9.3/armv7-m/crti.o
                0x0000c9dc                _init
 .init          0x0000c9e0        0x8 c:/siliconlabs/simplicitystudio/v4/developer/toolchains/gnu_arm/4.9_2015q3/bin/../lib/gcc/arm-none-eabi/4.9.3/armv7-m/crtn.o
 *(.fini)
 .fini          0x0000c9e8        0x4 c:/siliconlabs/simplicitystudio/v4/developer/toolchains/gnu_arm/4.9_2015q3/bin/../lib/gcc/arm-none-eabi/4.9.3/armv7-m/crti.o
                0x0000c9e8                _fini
 .fini          0x0000c9ec        0x8 c:/siliconlabs/simplicitystudio/v4/developer/toolchains/gnu_arm/4.9_2015q3/bin/../lib/gcc/arm-none-eabi/4.9.3/armv7-m/crtn.o
 *crtbegin.o(.ctors)
 *crtbegin?.o(.ctors)
 *(EXCLUDE_FILE(*crtend.o *crtend?.o) .ctors)
 *(SORT(.ctors.*))
 *(.ctors)
 *crtbegin.o(.dtors)
 *crtbegin?.o(.dtors)
 *(EXCLUDE_FILE(*crtend.o *crtend?.o) .dtors)
 *(SORT(.dtors.*))
 *(.dtors)
 *(.rodata*)
 .rodata        0x0000c9f4       0x26 ./devices_src/tbr.o
 *fill*         0x0000ca1a        0x2 
 .rodata.nav_pvt_gps_data
                0x0000ca1c        0x8 ./devices_src/ublox_gps.o
 .rodata.cfg_prt_spi
                0x0000ca24       0x1c ./devices_src/ublox_gps.o
 .rodata.cfg_prt_usb
                0x0000ca40       0x1c ./devices_src/ublox_gps.o
 .rodata.cfg_prt_ddc
                0x0000ca5c       0x1c ./devices_src/ublox_gps.o
 .rodata.cfg_pm2_on_off
                0x0000ca78       0x34 ./devices_src/ublox_gps.o
 .rodata.cfg_sbas_disable
                0x0000caac       0x10 ./devices_src/ublox_gps.o
 .rodata.cfg_rxm_psm_mode
                0x0000cabc        0xa ./devices_src/ublox_gps.o
 *fill*         0x0000cac6        0x2 
 .rodata.cfg_rxm_poll_psm
                0x0000cac8        0x8 ./devices_src/ublox_gps.o
 .rodata        0x0000cad0       0x1f ./devices_src/ublox_gps.o
 *fill*         0x0000caef        0x1 
 .rodata        0x0000caf0       0x18 ./drivers_src/rs232.o
 .rodata        0x0000cb08       0x18 ./drivers_src/spi.o
 .rodata        0x0000cb20        0xf ./fat_filesystem_src/ff.o
 *fill*         0x0000cb2f        0x1 
 .rodata        0x0000cb30       0x23 ./hal/hal.o
 *fill*         0x0000cb53        0x1 
 .rodata.AES_RCON
                0x0000cb54       0x28 ./lmic/aes.o
 .rodata.AES_S  0x0000cb7c      0x100 ./lmic/aes.o
 .rodata.AES_E1
                0x0000cc7c      0x400 ./lmic/aes.o
 .rodata.AES_E2
                0x0000d07c      0x400 ./lmic/aes.o
 .rodata.AES_E3
                0x0000d47c      0x400 ./lmic/aes.o
 .rodata.AES_E4
                0x0000d87c      0x400 ./lmic/aes.o
 .rodata._DR2RPS_CRC
                0x0000dc7c        0xa ./lmic/lmic.o
                0x0000dc7c                _DR2RPS_CRC
 *fill*         0x0000dc86        0x2 
 .rodata.TXPOWLEVELS
                0x0000dc88       0x10 ./lmic/lmic.o
 .rodata.SENSITIVITY
                0x0000dc98       0x15 ./lmic/lmic.o
 *fill*         0x0000dcad        0x3 
 .rodata.DRADJUST
                0x0000dcb0        0xa ./lmic/lmic.o
 *fill*         0x0000dcba        0x2 
 .rodata.DR2HSYM_osticks
                0x0000dcbc       0x20 ./lmic/lmic.o
 .rodata.iniChannelFreq
                0x0000dcdc       0x30 ./lmic/lmic.o
 .rodata.rxlorairqmask
                0x0000dd0c        0x3 ./lmic/radio.o
 *fill*         0x0000dd0f        0x1 
 .rodata.LORA_RXDONE_FIXUP
                0x0000dd10        0xe ./lmic/radio.o
 *fill*         0x0000dd1e        0x2 
 .rodata        0x0000dd20      0x147 ./resource managers_src/app_manager.o
 *fill*         0x0000de67        0x1 
 .rodata.APPEUI
                0x0000de68        0x8 ./src/main.o
 .rodata.DEVEUI
                0x0000de70        0x8 ./src/main.o
 .rodata.DEVKEY
                0x0000de78       0x10 ./src/main.o
 .rodata        0x0000de88      0x148 ./src/main.o
 .rodata.str1.1
                0x0000dfd0        0x2 c:/siliconlabs/simplicitystudio/v4/developer/toolchains/gnu_arm/4.9_2015q3/bin/../lib/gcc/arm-none-eabi/4.9.3/../../../../arm-none-eabi/lib/armv7-m\libc_nano.a(lib_a-impure.o)
 *fill*         0x0000dfd2        0x2 
 .rodata._global_impure_ptr
                0x0000dfd4        0x4 c:/siliconlabs/simplicitystudio/v4/developer/toolchains/gnu_arm/4.9_2015q3/bin/../lib/gcc/arm-none-eabi/4.9.3/../../../../arm-none-eabi/lib/armv7-m\libc_nano.a(lib_a-impure.o)
                0x0000dfd4                _global_impure_ptr
 .rodata.str1.1
                0x0000dfd8       0x11 c:/siliconlabs/simplicitystudio/v4/developer/toolchains/gnu_arm/4.9_2015q3/bin/../lib/gcc/arm-none-eabi/4.9.3/../../../../arm-none-eabi/lib/armv7-m\libc_nano.a(lib_a-nano-svfprintf.o)
 .rodata.str1.1
                0x0000dfe9       0x22 c:/siliconlabs/simplicitystudio/v4/developer/toolchains/gnu_arm/4.9_2015q3/bin/../lib/gcc/arm-none-eabi/4.9.3/../../../../arm-none-eabi/lib/armv7-m\libc_nano.a(lib_a-nano-vfprintf_i.o)
 *(.eh_frame*)
 *fill*         0x0000e00b        0x1 
 .eh_frame      0x0000e00c        0x0 c:/siliconlabs/simplicitystudio/v4/developer/toolchains/gnu_arm/4.9_2015q3/bin/../lib/gcc/arm-none-eabi/4.9.3/armv7-m/crtbegin.o
 .eh_frame      0x0000e00c        0x4 c:/siliconlabs/simplicitystudio/v4/developer/toolchains/gnu_arm/4.9_2015q3/bin/../lib/gcc/arm-none-eabi/4.9.3/armv7-m/crtend.o

.glue_7         0x0000e010        0x0
 .glue_7        0x00000000        0x0 linker stubs

.glue_7t        0x0000e010        0x0
 .glue_7t       0x00000000        0x0 linker stubs

.vfp11_veneer   0x0000e010        0x0
 .vfp11_veneer  0x00000000        0x0 linker stubs

.v4_bx          0x0000e010        0x0
 .v4_bx         0x00000000        0x0 linker stubs

.iplt           0x0000e010        0x0
 .iplt          0x00000000        0x0 c:/siliconlabs/simplicitystudio/v4/developer/toolchains/gnu_arm/4.9_2015q3/bin/../lib/gcc/arm-none-eabi/4.9.3/armv7-m/crtbegin.o

.ARM.extab
 *(.ARM.extab* .gnu.linkonce.armextab.*)
                0x0000e010                __exidx_start = .

.ARM.exidx      0x0000e010        0x8
 *(.ARM.exidx* .gnu.linkonce.armexidx.*)
 .ARM.exidx     0x0000e010        0x8 c:/siliconlabs/simplicitystudio/v4/developer/toolchains/gnu_arm/4.9_2015q3/bin/../lib/gcc/arm-none-eabi/4.9.3/../../../../arm-none-eabi/lib/armv7-m/crt0.o
 .ARM.exidx     0x0000e018        0x0 c:/siliconlabs/simplicitystudio/v4/developer/toolchains/gnu_arm/4.9_2015q3/bin/../lib/gcc/arm-none-eabi/4.9.3/armv7-m\libgcc.a(_divdi3.o)
                                  0x8 (size before relaxing)
 .ARM.exidx     0x0000e018        0x0 c:/siliconlabs/simplicitystudio/v4/developer/toolchains/gnu_arm/4.9_2015q3/bin/../lib/gcc/arm-none-eabi/4.9.3/armv7-m\libgcc.a(_udivdi3.o)
                                  0x8 (size before relaxing)
                0x0000e018                __exidx_end = .
                0x0000e018                __etext = .

.rel.dyn        0x0000e018        0x0
 .rel.iplt      0x00000000        0x0 c:/siliconlabs/simplicitystudio/v4/developer/toolchains/gnu_arm/4.9_2015q3/bin/../lib/gcc/arm-none-eabi/4.9.3/armv7-m/crtbegin.o

.data           0x20000000       0x80 load address 0x0000e018
                0x20000000                __data_start__ = .
 *(vtable)
 *(.data*)
 .data.SystemHFXOClock
                0x20000000        0x4 ./CMSIS/EFM32GG/system_efm32gg.o
 .data.SystemLFXOClock
                0x20000004        0x4 ./CMSIS/EFM32GG/system_efm32gg.o
 .data.SystemCoreClock
                0x20000008        0x4 ./CMSIS/EFM32GG/system_efm32gg.o
                0x20000008                SystemCoreClock
 .data.isr_rx_tx_char
                0x2000000c        0x1 ./drivers_src/rs485.o
 *fill*         0x2000000d        0x3 
 .data.impure_data
                0x20000010       0x60 c:/siliconlabs/simplicitystudio/v4/developer/toolchains/gnu_arm/4.9_2015q3/bin/../lib/gcc/arm-none-eabi/4.9.3/../../../../arm-none-eabi/lib/armv7-m\libc_nano.a(lib_a-impure.o)
 .data._impure_ptr
                0x20000070        0x4 c:/siliconlabs/simplicitystudio/v4/developer/toolchains/gnu_arm/4.9_2015q3/bin/../lib/gcc/arm-none-eabi/4.9.3/../../../../arm-none-eabi/lib/armv7-m\libc_nano.a(lib_a-impure.o)
                0x20000070                _impure_ptr
                0x20000074                . = ALIGN (0x4)
 *(.ram)
                0x20000074                . = ALIGN (0x4)
                0x20000074                PROVIDE (__preinit_array_start, .)
 *(.preinit_array)
                0x20000074                PROVIDE (__preinit_array_end, .)
                0x20000074                . = ALIGN (0x4)
                0x20000074                PROVIDE (__init_array_start, .)
 *(SORT(.init_array.*))
 *(.init_array)
 .init_array    0x20000074        0x4 c:/siliconlabs/simplicitystudio/v4/developer/toolchains/gnu_arm/4.9_2015q3/bin/../lib/gcc/arm-none-eabi/4.9.3/armv7-m/crtbegin.o
                0x20000078                PROVIDE (__init_array_end, .)
                0x20000078                . = ALIGN (0x4)
                0x20000078                PROVIDE (__fini_array_start, .)
 *(SORT(.fini_array.*))
 *(.fini_array)
 .fini_array    0x20000078        0x4 c:/siliconlabs/simplicitystudio/v4/developer/toolchains/gnu_arm/4.9_2015q3/bin/../lib/gcc/arm-none-eabi/4.9.3/armv7-m/crtbegin.o
                0x2000007c                PROVIDE (__fini_array_end, .)
 *(.jcr*)
 .jcr           0x2000007c        0x0 c:/siliconlabs/simplicitystudio/v4/developer/toolchains/gnu_arm/4.9_2015q3/bin/../lib/gcc/arm-none-eabi/4.9.3/armv7-m/crtbegin.o
 .jcr           0x2000007c        0x4 c:/siliconlabs/simplicitystudio/v4/developer/toolchains/gnu_arm/4.9_2015q3/bin/../lib/gcc/arm-none-eabi/4.9.3/armv7-m/crtend.o
                0x20000080                . = ALIGN (0x4)
                0x20000080                __data_end__ = .

.igot.plt       0x20000080        0x0 load address 0x0000e098
 .igot.plt      0x00000000        0x0 c:/siliconlabs/simplicitystudio/v4/developer/toolchains/gnu_arm/4.9_2015q3/bin/../lib/gcc/arm-none-eabi/4.9.3/armv7-m/crtbegin.o

.bss            0x20000080      0xbd4 load address 0x0000e098
                0x20000080                . = ALIGN (0x4)
                0x20000080                __bss_start__ = .
 *(.bss*)
 .bss           0x20000080       0x1c c:/siliconlabs/simplicitystudio/v4/developer/toolchains/gnu_arm/4.9_2015q3/bin/../lib/gcc/arm-none-eabi/4.9.3/armv7-m/crtbegin.o
 .bss.array_msg
                0x2000009c      0x200 ./devices_src/tbr.o
 .bss.array_size
                0x2000029c        0x4 ./devices_src/tbr.o
 .bss.array_front
                0x200002a0        0x4 ./devices_src/tbr.o
 .bss.array_rear
                0x200002a4        0x4 ./devices_src/tbr.o
 .bss.current_rx_fifo
                0x200002a8        0x1 ./drivers_src/rs485.o
 .bss.init_flag
                0x200002a9        0x1 ./fat_filesystem_src/diskio.o
 *fill*         0x200002aa        0x2 
 .bss.FatFs     0x200002ac        0x4 ./fat_filesystem_src/ff.o
 .bss.Fsid      0x200002b0        0x2 ./fat_filesystem_src/ff.o
 *fill*         0x200002b2        0x2 
 .bss.fifo_rx_size
                0x200002b4        0x4 ./fifo_buffers_src/fifo_rs232.o
 .bss.fifo_tx_size
                0x200002b8        0x4 ./fifo_buffers_src/fifo_rs232.o
 .bss.fifo_rx_front
                0x200002bc        0x4 ./fifo_buffers_src/fifo_rs232.o
 .bss.fifo_tx_front
                0x200002c0        0x4 ./fifo_buffers_src/fifo_rs232.o
 .bss.fifo_rx_rear
                0x200002c4        0x4 ./fifo_buffers_src/fifo_rs232.o
 .bss.fifo_tx_rear
                0x200002c8        0x4 ./fifo_buffers_src/fifo_rs232.o
 .bss.fifo_tx   0x200002cc      0x200 ./fifo_buffers_src/fifo_rs232.o
 .bss.fifo_rx   0x200004cc       0x10 ./fifo_buffers_src/fifo_rs232.o
 .bss.fifo_rx_data_size
                0x200004dc        0x4 ./fifo_buffers_src/fifo_tbr.o
 .bss.fifo_rx_cmd_size
                0x200004e0        0x4 ./fifo_buffers_src/fifo_tbr.o
 .bss.fifo_tx_cmd_size
                0x200004e4        0x4 ./fifo_buffers_src/fifo_tbr.o
 .bss.fifo_rx_cmd_front
                0x200004e8        0x4 ./fifo_buffers_src/fifo_tbr.o
 .bss.fifo_tx_cmd_front
                0x200004ec        0x4 ./fifo_buffers_src/fifo_tbr.o
 .bss.fifo_rx_data_front
                0x200004f0        0x4 ./fifo_buffers_src/fifo_tbr.o
 .bss.fifo_rx_cmd_rear
                0x200004f4        0x4 ./fifo_buffers_src/fifo_tbr.o
 .bss.fifo_tx_cmd_rear
                0x200004f8        0x4 ./fifo_buffers_src/fifo_tbr.o
 .bss.fifo_rx_data_rear
                0x200004fc        0x4 ./fifo_buffers_src/fifo_tbr.o
 .bss.fifo_tx_cmd
                0x20000500       0x10 ./fifo_buffers_src/fifo_tbr.o
 .bss.fifo_rx_cmd
                0x20000510        0x0 ./fifo_buffers_src/fifo_tbr.o
 .bss.fifo_rx_data
                0x20000510      0x200 ./fifo_buffers_src/fifo_tbr.o
 .bss.HAL       0x20000710        0x8 ./hal/hal.o
 .bss.time_manager_cmd
                0x20000718        0x1 ./hal/hal.o
 *fill*         0x20000719        0x3 
 .bss.time_count
                0x2000071c        0x4 ./hal/hal.o
 .bss.gpio_int_flag
                0x20000720        0x4 ./hal/hal.o
                0x20000720                gpio_int_flag
 .bss.rtcInitialized
                0x20000724        0x1 ./hal/hal.o
 *fill*         0x20000725        0x3 
 .bss.rtcFreq   0x20000728        0x4 ./hal/hal.o
 .bss.irqlevel  0x2000072c        0x1 ./hal/hal.o
 .bss.int_flag  0x2000072d        0x1 ./hal/hal.o
 *fill*         0x2000072e        0x2 
 .bss.OS        0x20000730        0x8 ./lmic/oslmic.o
 .bss.randbuf   0x20000738       0x10 ./lmic/radio.o
 .bss.FatFs     0x20000748      0x230 ./resource managers_src/app_manager.o
 .bss.last_nav_data
                0x20000978       0x1c ./resource managers_src/app_manager.o
 .bss.__malloc_sbrk_start
                0x20000994        0x4 c:/siliconlabs/simplicitystudio/v4/developer/toolchains/gnu_arm/4.9_2015q3/bin/../lib/gcc/arm-none-eabi/4.9.3/../../../../arm-none-eabi/lib/armv7-m\libc_nano.a(lib_a-nano-mallocr.o)
                0x20000994                __malloc_sbrk_start
 .bss.__malloc_free_list
                0x20000998        0x4 c:/siliconlabs/simplicitystudio/v4/developer/toolchains/gnu_arm/4.9_2015q3/bin/../lib/gcc/arm-none-eabi/4.9.3/../../../../arm-none-eabi/lib/armv7-m\libc_nano.a(lib_a-nano-mallocr.o)
                0x20000998                __malloc_free_list
 .bss.heap_end.4079
                0x2000099c        0x4 c:/siliconlabs/simplicitystudio/v4/developer/toolchains/gnu_arm/4.9_2015q3/bin/../lib/gcc/arm-none-eabi/4.9.3/../../../../arm-none-eabi/lib/armv7-m\libnosys.a(sbrk.o)
 *(COMMON)
 COMMON         0x200009a0        0x4 ./hal/hal.o
                0x200009a0                irqState
 COMMON         0x200009a4       0xc0 ./lmic/aes.o
                0x200009a4                AESKEY
                0x20000a54                AESAUX
 COMMON         0x20000a64      0x194 ./lmic/lmic.o
                0x20000a64                LMIC
 COMMON         0x20000bf8       0x40 ./resource managers_src/app_manager.o
                0x20000bf8                rs232_tx_buf
 COMMON         0x20000c38       0x18 ./src/main.o
                0x20000c38                initjob
                0x20000c44                app_job
 COMMON         0x20000c50        0x4 c:/siliconlabs/simplicitystudio/v4/developer/toolchains/gnu_arm/4.9_2015q3/bin/../lib/gcc/arm-none-eabi/4.9.3/../../../../arm-none-eabi/lib/armv7-m\libc_nano.a(lib_a-reent.o)
                0x20000c50                errno
                0x20000c54                . = ALIGN (0x4)
                0x20000c54                __bss_end__ = .

.heap           0x20000c58      0xc00
                0x20000c58                __HeapBase = .
                0x20000c58                __end__ = .
                0x20000c58                end = __end__
                0x20000c58                _end = __end__
 *(.heap*)
 .heap          0x20000c58      0xc00 ./CMSIS/EFM32GG/startup_efm32gg.o
                0x20001858                __HeapLimit = .

.stack_dummy    0x20000c58      0x400
 *(.stack*)
 .stack         0x20000c58      0x400 ./CMSIS/EFM32GG/startup_efm32gg.o
                0x20020000                __StackTop = (ORIGIN (RAM) + 0x20000)
                0x2001fc00                __StackLimit = (__StackTop - SIZEOF (.stack_dummy))
                0x20020000                PROVIDE (__stack, __StackTop)
                0x00000001                ASSERT ((__StackLimit >= __HeapLimit), region RAM overflowed with stack)
                0x00000001                ASSERT ((0x100000 >= (__etext + SIZEOF (.data))), FLASH memory overflowed !)
OUTPUT(lmic_and_testproject_iA.axf elf32-littlearm)

.ARM.attributes
                0x00000000       0x29
 .ARM.attributes
                0x00000000       0x1d c:/siliconlabs/simplicitystudio/v4/developer/toolchains/gnu_arm/4.9_2015q3/bin/../lib/gcc/arm-none-eabi/4.9.3/armv7-m/crti.o
 .ARM.attributes
                0x0000001d       0x2d c:/siliconlabs/simplicitystudio/v4/developer/toolchains/gnu_arm/4.9_2015q3/bin/../lib/gcc/arm-none-eabi/4.9.3/armv7-m/crtbegin.o
 .ARM.attributes
                0x0000004a       0x1b c:/siliconlabs/simplicitystudio/v4/developer/toolchains/gnu_arm/4.9_2015q3/bin/../lib/gcc/arm-none-eabi/4.9.3/../../../../arm-none-eabi/lib/armv7-m/crt0.o
 .ARM.attributes
                0x00000065       0x1b ./CMSIS/EFM32GG/startup_efm32gg.o
 .ARM.attributes
                0x00000080       0x33 ./CMSIS/EFM32GG/system_efm32gg.o
 .ARM.attributes
                0x000000b3       0x33 ./devices_src/rgb_led.o
 .ARM.attributes
                0x000000e6       0x33 ./devices_src/sd_card.o
 .ARM.attributes
                0x00000119       0x33 ./devices_src/tbr.o
 .ARM.attributes
                0x0000014c       0x33 ./devices_src/ublox_gps.o
 .ARM.attributes
                0x0000017f       0x33 ./drivers_src/delay.o
 .ARM.attributes
                0x000001b2       0x33 ./drivers_src/pwm.o
 .ARM.attributes
                0x000001e5       0x33 ./drivers_src/rs232.o
 .ARM.attributes
                0x00000218       0x33 ./drivers_src/rs485.o
 .ARM.attributes
                0x0000024b       0x33 ./drivers_src/spi.o
 .ARM.attributes
                0x0000027e       0x33 ./emlib/src/em_cmu.o
 .ARM.attributes
                0x000002b1       0x33 ./emlib/src/em_core.o
 .ARM.attributes
                0x000002e4       0x33 ./emlib/src/em_dma.o
 .ARM.attributes
                0x00000317       0x33 ./emlib/src/em_gpio.o
 .ARM.attributes
                0x0000034a       0x33 ./emlib/src/em_leuart.o
 .ARM.attributes
                0x0000037d       0x33 ./emlib/src/em_rtc.o
 .ARM.attributes
                0x000003b0       0x33 ./emlib/src/em_system.o
 .ARM.attributes
                0x000003e3       0x33 ./emlib/src/em_timer.o
 .ARM.attributes
                0x00000416       0x33 ./emlib/src/em_usart.o
 .ARM.attributes
                0x00000449       0x33 ./fat_filesystem_src/diskio.o
 .ARM.attributes
                0x0000047c       0x33 ./fat_filesystem_src/ff.o
 .ARM.attributes
                0x000004af       0x33 ./fifo_buffers_src/fifo_rs232.o
 .ARM.attributes
                0x000004e2       0x33 ./fifo_buffers_src/fifo_tbr.o
 .ARM.attributes
                0x00000515       0x33 ./hal/debug.o
 .ARM.attributes
                0x00000548       0x33 ./hal/hal.o
 .ARM.attributes
                0x0000057b       0x33 ./lmic/aes.o
 .ARM.attributes
                0x000005ae       0x33 ./lmic/lmic.o
 .ARM.attributes
                0x000005e1       0x33 ./lmic/oslmic.o
 .ARM.attributes
                0x00000614       0x33 ./lmic/radio.o
 .ARM.attributes
                0x00000647       0x33 ./resource managers_src/app_manager.o
 .ARM.attributes
                0x0000067a       0x33 ./src/main.o
 .ARM.attributes
                0x000006ad       0x1d c:/siliconlabs/simplicitystudio/v4/developer/toolchains/gnu_arm/4.9_2015q3/bin/../lib/gcc/arm-none-eabi/4.9.3/armv7-m\libgcc.a(_aeabi_uldivmod.o)
 .ARM.attributes
                0x000006ca       0x2d c:/siliconlabs/simplicitystudio/v4/developer/toolchains/gnu_arm/4.9_2015q3/bin/../lib/gcc/arm-none-eabi/4.9.3/armv7-m\libgcc.a(bpabi.o)
 .ARM.attributes
                0x000006f7       0x1d c:/siliconlabs/simplicitystudio/v4/developer/toolchains/gnu_arm/4.9_2015q3/bin/../lib/gcc/arm-none-eabi/4.9.3/armv7-m\libgcc.a(_dvmd_tls.o)
 .ARM.attributes
                0x00000714       0x2d c:/siliconlabs/simplicitystudio/v4/developer/toolchains/gnu_arm/4.9_2015q3/bin/../lib/gcc/arm-none-eabi/4.9.3/armv7-m\libgcc.a(_divdi3.o)
 .ARM.attributes
                0x00000741       0x2d c:/siliconlabs/simplicitystudio/v4/developer/toolchains/gnu_arm/4.9_2015q3/bin/../lib/gcc/arm-none-eabi/4.9.3/armv7-m\libgcc.a(_udivdi3.o)
 .ARM.attributes
                0x0000076e       0x2d c:/siliconlabs/simplicitystudio/v4/developer/toolchains/gnu_arm/4.9_2015q3/bin/../lib/gcc/arm-none-eabi/4.9.3/../../../../arm-none-eabi/lib/armv7-m\libc_nano.a(lib_a-exit.o)
 .ARM.attributes
                0x0000079b       0x2d c:/siliconlabs/simplicitystudio/v4/developer/toolchains/gnu_arm/4.9_2015q3/bin/../lib/gcc/arm-none-eabi/4.9.3/../../../../arm-none-eabi/lib/armv7-m\libc_nano.a(lib_a-impure.o)
 .ARM.attributes
                0x000007c8       0x2d c:/siliconlabs/simplicitystudio/v4/developer/toolchains/gnu_arm/4.9_2015q3/bin/../lib/gcc/arm-none-eabi/4.9.3/../../../../arm-none-eabi/lib/armv7-m\libc_nano.a(lib_a-init.o)
 .ARM.attributes
                0x000007f5       0x2d c:/siliconlabs/simplicitystudio/v4/developer/toolchains/gnu_arm/4.9_2015q3/bin/../lib/gcc/arm-none-eabi/4.9.3/../../../../arm-none-eabi/lib/armv7-m\libc_nano.a(lib_a-memcpy.o)
 .ARM.attributes
                0x00000822       0x2d c:/siliconlabs/simplicitystudio/v4/developer/toolchains/gnu_arm/4.9_2015q3/bin/../lib/gcc/arm-none-eabi/4.9.3/../../../../arm-none-eabi/lib/armv7-m\libc_nano.a(lib_a-memset.o)
 .ARM.attributes
                0x0000084f       0x2d c:/siliconlabs/simplicitystudio/v4/developer/toolchains/gnu_arm/4.9_2015q3/bin/../lib/gcc/arm-none-eabi/4.9.3/../../../../arm-none-eabi/lib/armv7-m\libc_nano.a(lib_a-sprintf.o)
 .ARM.attributes
                0x0000087c       0x2d c:/siliconlabs/simplicitystudio/v4/developer/toolchains/gnu_arm/4.9_2015q3/bin/../lib/gcc/arm-none-eabi/4.9.3/../../../../arm-none-eabi/lib/armv7-m\libc_nano.a(lib_a-strchr.o)
 .ARM.attributes
                0x000008a9       0x2d c:/siliconlabs/simplicitystudio/v4/developer/toolchains/gnu_arm/4.9_2015q3/bin/../lib/gcc/arm-none-eabi/4.9.3/../../../../arm-none-eabi/lib/armv7-m\libc_nano.a(lib_a-strlen.o)
 .ARM.attributes
                0x000008d6       0x2d c:/siliconlabs/simplicitystudio/v4/developer/toolchains/gnu_arm/4.9_2015q3/bin/../lib/gcc/arm-none-eabi/4.9.3/../../../../arm-none-eabi/lib/armv7-m\libc_nano.a(lib_a-strstr.o)
 .ARM.attributes
                0x00000903       0x2d c:/siliconlabs/simplicitystudio/v4/developer/toolchains/gnu_arm/4.9_2015q3/bin/../lib/gcc/arm-none-eabi/4.9.3/../../../../arm-none-eabi/lib/armv7-m\libc_nano.a(lib_a-strtok.o)
 .ARM.attributes
                0x00000930       0x2d c:/siliconlabs/simplicitystudio/v4/developer/toolchains/gnu_arm/4.9_2015q3/bin/../lib/gcc/arm-none-eabi/4.9.3/../../../../arm-none-eabi/lib/armv7-m\libc_nano.a(lib_a-strtok_r.o)
 .ARM.attributes
                0x0000095d       0x2d c:/siliconlabs/simplicitystudio/v4/developer/toolchains/gnu_arm/4.9_2015q3/bin/../lib/gcc/arm-none-eabi/4.9.3/../../../../arm-none-eabi/lib/armv7-m\libc_nano.a(lib_a-malloc.o)
 .ARM.attributes
                0x0000098a       0x2d c:/siliconlabs/simplicitystudio/v4/developer/toolchains/gnu_arm/4.9_2015q3/bin/../lib/gcc/arm-none-eabi/4.9.3/../../../../arm-none-eabi/lib/armv7-m\libc_nano.a(lib_a-nano-freer.o)
 .ARM.attributes
                0x000009b7       0x2d c:/siliconlabs/simplicitystudio/v4/developer/toolchains/gnu_arm/4.9_2015q3/bin/../lib/gcc/arm-none-eabi/4.9.3/../../../../arm-none-eabi/lib/armv7-m\libc_nano.a(lib_a-nano-mallocr.o)
 .ARM.attributes
                0x000009e4       0x2d c:/siliconlabs/simplicitystudio/v4/developer/toolchains/gnu_arm/4.9_2015q3/bin/../lib/gcc/arm-none-eabi/4.9.3/../../../../arm-none-eabi/lib/armv7-m\libc_nano.a(lib_a-nano-svfprintf.o)
 .ARM.attributes
                0x00000a11       0x2d c:/siliconlabs/simplicitystudio/v4/developer/toolchains/gnu_arm/4.9_2015q3/bin/../lib/gcc/arm-none-eabi/4.9.3/../../../../arm-none-eabi/lib/armv7-m\libc_nano.a(lib_a-nano-vfprintf_i.o)
 .ARM.attributes
                0x00000a3e       0x2d c:/siliconlabs/simplicitystudio/v4/developer/toolchains/gnu_arm/4.9_2015q3/bin/../lib/gcc/arm-none-eabi/4.9.3/../../../../arm-none-eabi/lib/armv7-m\libc_nano.a(lib_a-sbrkr.o)
 .ARM.attributes
                0x00000a6b       0x2d c:/siliconlabs/simplicitystudio/v4/developer/toolchains/gnu_arm/4.9_2015q3/bin/../lib/gcc/arm-none-eabi/4.9.3/../../../../arm-none-eabi/lib/armv7-m\libc_nano.a(lib_a-memchr.o)
 .ARM.attributes
                0x00000a98       0x2d c:/siliconlabs/simplicitystudio/v4/developer/toolchains/gnu_arm/4.9_2015q3/bin/../lib/gcc/arm-none-eabi/4.9.3/../../../../arm-none-eabi/lib/armv7-m\libc_nano.a(lib_a-memmove.o)
 .ARM.attributes
                0x00000ac5       0x2d c:/siliconlabs/simplicitystudio/v4/developer/toolchains/gnu_arm/4.9_2015q3/bin/../lib/gcc/arm-none-eabi/4.9.3/../../../../arm-none-eabi/lib/armv7-m\libc_nano.a(lib_a-nano-reallocr.o)
 .ARM.attributes
                0x00000af2       0x2d c:/siliconlabs/simplicitystudio/v4/developer/toolchains/gnu_arm/4.9_2015q3/bin/../lib/gcc/arm-none-eabi/4.9.3/../../../../arm-none-eabi/lib/armv7-m\libc_nano.a(lib_a-reent.o)
 .ARM.attributes
                0x00000b1f       0x2d c:/siliconlabs/simplicitystudio/v4/developer/toolchains/gnu_arm/4.9_2015q3/bin/../lib/gcc/arm-none-eabi/4.9.3/../../../../arm-none-eabi/lib/armv7-m\libc_nano.a(lib_a-nano-msizer.o)
 .ARM.attributes
                0x00000b4c       0x2d c:/siliconlabs/simplicitystudio/v4/developer/toolchains/gnu_arm/4.9_2015q3/bin/../lib/gcc/arm-none-eabi/4.9.3/../../../../arm-none-eabi/lib/armv7-m\libnosys.a(sbrk.o)
 .ARM.attributes
                0x00000b79       0x2d c:/siliconlabs/simplicitystudio/v4/developer/toolchains/gnu_arm/4.9_2015q3/bin/../lib/gcc/arm-none-eabi/4.9.3/../../../../arm-none-eabi/lib/armv7-m\libnosys.a(_exit.o)
 .ARM.attributes
                0x00000ba6       0x2d c:/siliconlabs/simplicitystudio/v4/developer/toolchains/gnu_arm/4.9_2015q3/bin/../lib/gcc/arm-none-eabi/4.9.3/armv7-m/crtend.o
 .ARM.attributes
                0x00000bd3       0x1d c:/siliconlabs/simplicitystudio/v4/developer/toolchains/gnu_arm/4.9_2015q3/bin/../lib/gcc/arm-none-eabi/4.9.3/armv7-m/crtn.o

.comment        0x00000000       0x70
 .comment       0x00000000       0x70 ./CMSIS/EFM32GG/system_efm32gg.o
                                 0x71 (size before relaxing)
 .comment       0x00000000       0x71 ./devices_src/rgb_led.o
 .comment       0x00000000       0x71 ./devices_src/sd_card.o
 .comment       0x00000000       0x71 ./devices_src/tbr.o
 .comment       0x00000000       0x71 ./devices_src/ublox_gps.o
 .comment       0x00000000       0x71 ./drivers_src/delay.o
 .comment       0x00000000       0x71 ./drivers_src/pwm.o
 .comment       0x00000000       0x71 ./drivers_src/rs232.o
 .comment       0x00000000       0x71 ./drivers_src/rs485.o
 .comment       0x00000000       0x71 ./drivers_src/spi.o
 .comment       0x00000000       0x71 ./emlib/src/em_cmu.o
 .comment       0x00000000       0x71 ./emlib/src/em_core.o
 .comment       0x00000000       0x71 ./emlib/src/em_dma.o
 .comment       0x00000000       0x71 ./emlib/src/em_gpio.o
 .comment       0x00000000       0x71 ./emlib/src/em_leuart.o
 .comment       0x00000000       0x71 ./emlib/src/em_rtc.o
 .comment       0x00000000       0x71 ./emlib/src/em_system.o
 .comment       0x00000000       0x71 ./emlib/src/em_timer.o
 .comment       0x00000000       0x71 ./emlib/src/em_usart.o
 .comment       0x00000000       0x71 ./fat_filesystem_src/diskio.o
 .comment       0x00000000       0x71 ./fat_filesystem_src/ff.o
 .comment       0x00000000       0x71 ./fifo_buffers_src/fifo_rs232.o
 .comment       0x00000000       0x71 ./fifo_buffers_src/fifo_tbr.o
 .comment       0x00000000       0x71 ./hal/debug.o
 .comment       0x00000000       0x71 ./hal/hal.o
 .comment       0x00000000       0x71 ./lmic/aes.o
 .comment       0x00000000       0x71 ./lmic/lmic.o
 .comment       0x00000000       0x71 ./lmic/oslmic.o
 .comment       0x00000000       0x71 ./lmic/radio.o
 .comment       0x00000000       0x71 ./resource managers_src/app_manager.o
 .comment       0x00000000       0x71 ./src/main.o

.debug_line     0x00000000     0xa71d
 .debug_line    0x00000000       0xd3 ./CMSIS/EFM32GG/startup_efm32gg.o
 .debug_line    0x000000d3      0x38d ./CMSIS/EFM32GG/system_efm32gg.o
 .debug_line    0x00000460      0x3fb ./devices_src/rgb_led.o
 .debug_line    0x0000085b      0x571 ./devices_src/sd_card.o
 .debug_line    0x00000dcc      0x4ee ./devices_src/tbr.o
 .debug_line    0x000012ba      0x749 ./devices_src/ublox_gps.o
 .debug_line    0x00001a03      0x3d8 ./drivers_src/delay.o
 .debug_line    0x00001ddb      0x450 ./drivers_src/pwm.o
 .debug_line    0x0000222b      0x4b4 ./drivers_src/rs232.o
 .debug_line    0x000026df      0x500 ./drivers_src/rs485.o
 .debug_line    0x00002bdf      0x44c ./drivers_src/spi.o
 .debug_line    0x0000302b      0xa53 ./emlib/src/em_cmu.o
 .debug_line    0x00003a7e      0x63e ./emlib/src/em_core.o
 .debug_line    0x000040bc      0x5c3 ./emlib/src/em_dma.o
 .debug_line    0x0000467f      0x4bc ./emlib/src/em_gpio.o
 .debug_line    0x00004b3b      0x472 ./emlib/src/em_leuart.o
 .debug_line    0x00004fad      0x39c ./emlib/src/em_rtc.o
 .debug_line    0x00005349      0x310 ./emlib/src/em_system.o
 .debug_line    0x00005659      0x5bf ./emlib/src/em_timer.o
 .debug_line    0x00005c18      0x5f8 ./emlib/src/em_usart.o
 .debug_line    0x00006210      0x2a8 ./fat_filesystem_src/diskio.o
 .debug_line    0x000064b8     0x124c ./fat_filesystem_src/ff.o
 .debug_line    0x00007704      0x280 ./fifo_buffers_src/fifo_rs232.o
 .debug_line    0x00007984      0x2ab ./fifo_buffers_src/fifo_tbr.o
 .debug_line    0x00007c2f      0x279 ./hal/debug.o
 .debug_line    0x00007ea8      0x6df ./hal/hal.o
 .debug_line    0x00008587      0x321 ./lmic/aes.o
 .debug_line    0x000088a8      0xe09 ./lmic/lmic.o
 .debug_line    0x000096b1      0x27f ./lmic/oslmic.o
 .debug_line    0x00009930      0x4d0 ./lmic/radio.o
 .debug_line    0x00009e00      0x46b ./resource managers_src/app_manager.o
 .debug_line    0x0000a26b      0x4b2 ./src/main.o

.debug_info     0x00000000    0x150a9
 .debug_info    0x00000000      0x10e ./CMSIS/EFM32GG/startup_efm32gg.o
 .debug_info    0x0000010e      0x5a1 ./CMSIS/EFM32GG/system_efm32gg.o
 .debug_info    0x000006af      0x5df ./devices_src/rgb_led.o
 .debug_info    0x00000c8e      0x61c ./devices_src/sd_card.o
 .debug_info    0x000012aa      0x80d ./devices_src/tbr.o
 .debug_info    0x00001ab7      0xac0 ./devices_src/ublox_gps.o
 .debug_info    0x00002577      0x801 ./drivers_src/delay.o
 .debug_info    0x00002d78      0x8f1 ./drivers_src/pwm.o
 .debug_info    0x00003669      0xd3e ./drivers_src/rs232.o
 .debug_info    0x000043a7      0xcca ./drivers_src/rs485.o
 .debug_info    0x00005071      0x9da ./drivers_src/spi.o
 .debug_info    0x00005a4b     0x1508 ./emlib/src/em_cmu.o
 .debug_info    0x00006f53      0xcd6 ./emlib/src/em_core.o
 .debug_info    0x00007c29     0x12c4 ./emlib/src/em_dma.o
 .debug_info    0x00008eed      0x65b ./emlib/src/em_gpio.o
 .debug_info    0x00009548      0x824 ./emlib/src/em_leuart.o
 .debug_info    0x00009d6c      0x33f ./emlib/src/em_rtc.o
 .debug_info    0x0000a0ab      0x272 ./emlib/src/em_system.o
 .debug_info    0x0000a31d      0x90f ./emlib/src/em_timer.o
 .debug_info    0x0000ac2c      0xe92 ./emlib/src/em_usart.o
 .debug_info    0x0000babe      0x2c1 ./fat_filesystem_src/diskio.o
 .debug_info    0x0000bd7f     0x1dd6 ./fat_filesystem_src/ff.o
 .debug_info    0x0000db55      0x275 ./fifo_buffers_src/fifo_rs232.o
 .debug_info    0x0000ddca      0x2ce ./fifo_buffers_src/fifo_tbr.o
 .debug_info    0x0000e098      0x335 ./hal/debug.o
 .debug_info    0x0000e3cd     0x1328 ./hal/hal.o
 .debug_info    0x0000f6f5      0x2f0 ./lmic/aes.o
 .debug_info    0x0000f9e5     0x2698 ./lmic/lmic.o
 .debug_info    0x0001207d      0x4e9 ./lmic/oslmic.o
 .debug_info    0x00012566      0xe0c ./lmic/radio.o
 .debug_info    0x00013372      0xa25 ./resource managers_src/app_manager.o
 .debug_info    0x00013d97     0x1312 ./src/main.o

.debug_abbrev   0x00000000     0x37a6
 .debug_abbrev  0x00000000       0x14 ./CMSIS/EFM32GG/startup_efm32gg.o
 .debug_abbrev  0x00000014      0x1a3 ./CMSIS/EFM32GG/system_efm32gg.o
 .debug_abbrev  0x000001b7      0x15a ./devices_src/rgb_led.o
 .debug_abbrev  0x00000311      0x1c0 ./devices_src/sd_card.o
 .debug_abbrev  0x000004d1      0x1e3 ./devices_src/tbr.o
 .debug_abbrev  0x000006b4      0x1d1 ./devices_src/ublox_gps.o
 .debug_abbrev  0x00000885      0x1a4 ./drivers_src/delay.o
 .debug_abbrev  0x00000a29      0x1ba ./drivers_src/pwm.o
 .debug_abbrev  0x00000be3      0x1cd ./drivers_src/rs232.o
 .debug_abbrev  0x00000db0      0x1d8 ./drivers_src/rs485.o
 .debug_abbrev  0x00000f88      0x1a2 ./drivers_src/spi.o
 .debug_abbrev  0x0000112a      0x2de ./emlib/src/em_cmu.o
 .debug_abbrev  0x00001408      0x237 ./emlib/src/em_core.o
 .debug_abbrev  0x0000163f      0x240 ./emlib/src/em_dma.o
 .debug_abbrev  0x0000187f      0x1c0 ./emlib/src/em_gpio.o
 .debug_abbrev  0x00001a3f      0x1e0 ./emlib/src/em_leuart.o
 .debug_abbrev  0x00001c1f      0x196 ./emlib/src/em_rtc.o
 .debug_abbrev  0x00001db5      0x107 ./emlib/src/em_system.o
 .debug_abbrev  0x00001ebc      0x172 ./emlib/src/em_timer.o
 .debug_abbrev  0x0000202e      0x1c5 ./emlib/src/em_usart.o
 .debug_abbrev  0x000021f3       0xf2 ./fat_filesystem_src/diskio.o
 .debug_abbrev  0x000022e5      0x212 ./fat_filesystem_src/ff.o
 .debug_abbrev  0x000024f7       0xee ./fifo_buffers_src/fifo_rs232.o
 .debug_abbrev  0x000025e5       0xf5 ./fifo_buffers_src/fifo_tbr.o
 .debug_abbrev  0x000026da      0x107 ./hal/debug.o
 .debug_abbrev  0x000027e1      0x3aa ./hal/hal.o
 .debug_abbrev  0x00002b8b      0x108 ./lmic/aes.o
 .debug_abbrev  0x00002c93      0x380 ./lmic/lmic.o
 .debug_abbrev  0x00003013      0x183 ./lmic/oslmic.o
 .debug_abbrev  0x00003196      0x228 ./lmic/radio.o
 .debug_abbrev  0x000033be      0x182 ./resource managers_src/app_manager.o
 .debug_abbrev  0x00003540      0x266 ./src/main.o

.debug_aranges  0x00000000     0x13f0
 .debug_aranges
                0x00000000       0x20 ./CMSIS/EFM32GG/startup_efm32gg.o
 .debug_aranges
                0x00000020       0x70 ./CMSIS/EFM32GG/system_efm32gg.o
 .debug_aranges
                0x00000090       0x50 ./devices_src/rgb_led.o
 .debug_aranges
                0x000000e0       0x70 ./devices_src/sd_card.o
 .debug_aranges
                0x00000150       0x88 ./devices_src/tbr.o
 .debug_aranges
                0x000001d8       0x98 ./devices_src/ublox_gps.o
 .debug_aranges
                0x00000270       0x80 ./drivers_src/delay.o
 .debug_aranges
                0x000002f0       0xa8 ./drivers_src/pwm.o
 .debug_aranges
                0x00000398       0x98 ./drivers_src/rs232.o
 .debug_aranges
                0x00000430       0xa0 ./drivers_src/rs485.o
 .debug_aranges
                0x000004d0       0x78 ./drivers_src/spi.o
 .debug_aranges
                0x00000548      0x168 ./emlib/src/em_cmu.o
 .debug_aranges
                0x000006b0       0xe8 ./emlib/src/em_core.o
 .debug_aranges
                0x00000798       0xc0 ./emlib/src/em_dma.o
 .debug_aranges
                0x00000858       0x70 ./emlib/src/em_gpio.o
 .debug_aranges
                0x000008c8       0x88 ./emlib/src/em_leuart.o
 .debug_aranges
                0x00000950       0x58 ./emlib/src/em_rtc.o
 .debug_aranges
                0x000009a8       0x28 ./emlib/src/em_system.o
 .debug_aranges
                0x000009d0       0x58 ./emlib/src/em_timer.o
 .debug_aranges
                0x00000a28       0xb8 ./emlib/src/em_usart.o
 .debug_aranges
                0x00000ae0       0x40 ./fat_filesystem_src/diskio.o
 .debug_aranges
                0x00000b20      0x1d8 ./fat_filesystem_src/ff.o
 .debug_aranges
                0x00000cf8       0x40 ./fifo_buffers_src/fifo_rs232.o
 .debug_aranges
                0x00000d38       0x40 ./fifo_buffers_src/fifo_tbr.o
 .debug_aranges
                0x00000d78       0x60 ./hal/debug.o
 .debug_aranges
                0x00000dd8      0x128 ./hal/hal.o
 .debug_aranges
                0x00000f00       0x28 ./lmic/aes.o
 .debug_aranges
                0x00000f28      0x308 ./lmic/lmic.o
 .debug_aranges
                0x00001230       0x50 ./lmic/oslmic.o
 .debug_aranges
                0x00001280       0xc0 ./lmic/radio.o
 .debug_aranges
                0x00001340       0x40 ./resource managers_src/app_manager.o
 .debug_aranges
                0x00001380       0x70 ./src/main.o

.debug_loc      0x00000000     0xa813
 .debug_loc     0x00000000      0x31c ./CMSIS/EFM32GG/system_efm32gg.o
 .debug_loc     0x0000031c      0x1dc ./devices_src/rgb_led.o
 .debug_loc     0x000004f8      0x2f8 ./devices_src/sd_card.o
 .debug_loc     0x000007f0      0x43e ./devices_src/tbr.o
 .debug_loc     0x00000c2e      0x4cc ./devices_src/ublox_gps.o
 .debug_loc     0x000010fa      0x404 ./drivers_src/delay.o
 .debug_loc     0x000014fe      0x54c ./drivers_src/pwm.o
 .debug_loc     0x00001a4a      0x470 ./drivers_src/rs232.o
 .debug_loc     0x00001eba      0x4cc ./drivers_src/rs485.o
 .debug_loc     0x00002386      0x378 ./drivers_src/spi.o
 .debug_loc     0x000026fe      0xd50 ./emlib/src/em_cmu.o
 .debug_loc     0x0000344e      0x88c ./emlib/src/em_core.o
 .debug_loc     0x00003cda      0x72c ./emlib/src/em_dma.o
 .debug_loc     0x00004406      0x3d0 ./emlib/src/em_gpio.o
 .debug_loc     0x000047d6      0x49c ./emlib/src/em_leuart.o
 .debug_loc     0x00004c72      0x28c ./emlib/src/em_rtc.o
 .debug_loc     0x00004efe       0xb8 ./emlib/src/em_system.o
 .debug_loc     0x00004fb6      0x2b0 ./emlib/src/em_timer.o
 .debug_loc     0x00005266      0x6d2 ./emlib/src/em_usart.o
 .debug_loc     0x00005938      0x1a8 ./fat_filesystem_src/diskio.o
 .debug_loc     0x00005ae0     0x1232 ./fat_filesystem_src/ff.o
 .debug_loc     0x00006d12      0x1b4 ./fifo_buffers_src/fifo_rs232.o
 .debug_loc     0x00006ec6      0x1b4 ./fifo_buffers_src/fifo_tbr.o
 .debug_loc     0x0000707a      0x2ac ./hal/debug.o
 .debug_loc     0x00007326      0x9e2 ./hal/hal.o
 .debug_loc     0x00007d08       0xac ./lmic/aes.o
 .debug_loc     0x00007db4     0x1d4a ./lmic/lmic.o
 .debug_loc     0x00009afe      0x1dc ./lmic/oslmic.o
 .debug_loc     0x00009cda      0x624 ./lmic/radio.o
 .debug_loc     0x0000a2fe      0x1ba ./resource managers_src/app_manager.o
 .debug_loc     0x0000a4b8      0x35b ./src/main.o

.debug_ranges   0x00000000     0x11e0
 .debug_ranges  0x00000000       0x60 ./CMSIS/EFM32GG/system_efm32gg.o
 .debug_ranges  0x00000060       0x40 ./devices_src/rgb_led.o
 .debug_ranges  0x000000a0       0x60 ./devices_src/sd_card.o
 .debug_ranges  0x00000100       0x78 ./devices_src/tbr.o
 .debug_ranges  0x00000178       0x88 ./devices_src/ublox_gps.o