Archive member included because of file (symbol)

c:/siliconlabs/simplicitystudio/v4/developer/toolchains/gnu_arm/4.9_2015q3/bin/../lib/gcc/arm-none-eabi/4.9.3/armv7-m\libgcc.a(_arm_addsubdf3.o)
                              ./resource managers_src/app_manager.o (__aeabi_f2d)
c:/siliconlabs/simplicitystudio/v4/developer/toolchains/gnu_arm/4.9_2015q3/bin/../lib/gcc/arm-none-eabi/4.9.3/armv7-m\libgcc.a(_arm_addsubsf3.o)
                              ./resource managers_src/app_manager.o (__aeabi_fsub)
c:/siliconlabs/simplicitystudio/v4/developer/toolchains/gnu_arm/4.9_2015q3/bin/../lib/gcc/arm-none-eabi/4.9.3/armv7-m\libgcc.a(_arm_muldivsf3.o)
                              ./resource managers_src/app_manager.o (__aeabi_fmul)
c:/siliconlabs/simplicitystudio/v4/developer/toolchains/gnu_arm/4.9_2015q3/bin/../lib/gcc/arm-none-eabi/4.9.3/armv7-m\libgcc.a(_arm_cmpsf2.o)
                              ./resource managers_src/app_manager.o (__aeabi_fcmplt)
c:/siliconlabs/simplicitystudio/v4/developer/toolchains/gnu_arm/4.9_2015q3/bin/../lib/gcc/arm-none-eabi/4.9.3/armv7-m\libgcc.a(_arm_fixsfsi.o)
                              ./resource managers_src/app_manager.o (__aeabi_f2iz)
c:/siliconlabs/simplicitystudio/v4/developer/toolchains/gnu_arm/4.9_2015q3/bin/../lib/gcc/arm-none-eabi/4.9.3/armv7-m\libgcc.a(_aeabi_uldivmod.o)
                              ./emlib/src/em_usart.o (__aeabi_uldivmod)
c:/siliconlabs/simplicitystudio/v4/developer/toolchains/gnu_arm/4.9_2015q3/bin/../lib/gcc/arm-none-eabi/4.9.3/armv7-m\libgcc.a(bpabi.o)
                              c:/siliconlabs/simplicitystudio/v4/developer/toolchains/gnu_arm/4.9_2015q3/bin/../lib/gcc/arm-none-eabi/4.9.3/armv7-m\libgcc.a(_aeabi_uldivmod.o) (__gnu_uldivmod_helper)
c:/siliconlabs/simplicitystudio/v4/developer/toolchains/gnu_arm/4.9_2015q3/bin/../lib/gcc/arm-none-eabi/4.9.3/armv7-m\libgcc.a(_dvmd_tls.o)
                              c:/siliconlabs/simplicitystudio/v4/developer/toolchains/gnu_arm/4.9_2015q3/bin/../lib/gcc/arm-none-eabi/4.9.3/armv7-m\libgcc.a(_aeabi_uldivmod.o) (__aeabi_ldiv0)
c:/siliconlabs/simplicitystudio/v4/developer/toolchains/gnu_arm/4.9_2015q3/bin/../lib/gcc/arm-none-eabi/4.9.3/armv7-m\libgcc.a(_divdi3.o)
                              c:/siliconlabs/simplicitystudio/v4/developer/toolchains/gnu_arm/4.9_2015q3/bin/../lib/gcc/arm-none-eabi/4.9.3/armv7-m\libgcc.a(bpabi.o) (__divdi3)
c:/siliconlabs/simplicitystudio/v4/developer/toolchains/gnu_arm/4.9_2015q3/bin/../lib/gcc/arm-none-eabi/4.9.3/armv7-m\libgcc.a(_udivdi3.o)
                              c:/siliconlabs/simplicitystudio/v4/developer/toolchains/gnu_arm/4.9_2015q3/bin/../lib/gcc/arm-none-eabi/4.9.3/armv7-m\libgcc.a(bpabi.o) (__udivdi3)
c:/siliconlabs/simplicitystudio/v4/developer/toolchains/gnu_arm/4.9_2015q3/bin/../lib/gcc/arm-none-eabi/4.9.3/../../../../arm-none-eabi/lib/armv7-m\libc_nano.a(lib_a-exit.o)
                              c:/siliconlabs/simplicitystudio/v4/developer/toolchains/gnu_arm/4.9_2015q3/bin/../lib/gcc/arm-none-eabi/4.9.3/../../../../arm-none-eabi/lib/armv7-m/crt0.o (exit)
c:/siliconlabs/simplicitystudio/v4/developer/toolchains/gnu_arm/4.9_2015q3/bin/../lib/gcc/arm-none-eabi/4.9.3/../../../../arm-none-eabi/lib/armv7-m\libc_nano.a(lib_a-impure.o)
                              c:/siliconlabs/simplicitystudio/v4/developer/toolchains/gnu_arm/4.9_2015q3/bin/../lib/gcc/arm-none-eabi/4.9.3/../../../../arm-none-eabi/lib/armv7-m\libc_nano.a(lib_a-exit.o) (_global_impure_ptr)
c:/siliconlabs/simplicitystudio/v4/developer/toolchains/gnu_arm/4.9_2015q3/bin/../lib/gcc/arm-none-eabi/4.9.3/../../../../arm-none-eabi/lib/armv7-m\libc_nano.a(lib_a-init.o)
                              c:/siliconlabs/simplicitystudio/v4/developer/toolchains/gnu_arm/4.9_2015q3/bin/../lib/gcc/arm-none-eabi/4.9.3/../../../../arm-none-eabi/lib/armv7-m/crt0.o (__libc_init_array)
c:/siliconlabs/simplicitystudio/v4/developer/toolchains/gnu_arm/4.9_2015q3/bin/../lib/gcc/arm-none-eabi/4.9.3/../../../../arm-none-eabi/lib/armv7-m\libc_nano.a(lib_a-memcpy.o)
                              ./lmic/lmic.o (memcpy)
c:/siliconlabs/simplicitystudio/v4/developer/toolchains/gnu_arm/4.9_2015q3/bin/../lib/gcc/arm-none-eabi/4.9.3/../../../../arm-none-eabi/lib/armv7-m\libc_nano.a(lib_a-memset.o)
                              c:/siliconlabs/simplicitystudio/v4/developer/toolchains/gnu_arm/4.9_2015q3/bin/../lib/gcc/arm-none-eabi/4.9.3/../../../../arm-none-eabi/lib/armv7-m/crt0.o (memset)
c:/siliconlabs/simplicitystudio/v4/developer/toolchains/gnu_arm/4.9_2015q3/bin/../lib/gcc/arm-none-eabi/4.9.3/../../../../arm-none-eabi/lib/armv7-m\libc_nano.a(lib_a-nano-vfprintf_float.o)
                              (_printf_float)
c:/siliconlabs/simplicitystudio/v4/developer/toolchains/gnu_arm/4.9_2015q3/bin/../lib/gcc/arm-none-eabi/4.9.3/../../../../arm-none-eabi/lib/armv7-m\libc_nano.a(lib_a-nano-vfprintf_i.o)
[...]
Memory Configuration

Name             Origin             Length             Attributes
FLASH            0x00000000         0x00100000         xr
RAM              0x20000000         0x00020000         xrw
*default*        0x00000000         0xffffffff

Linker script and memory map

LOAD c:/siliconlabs/simplicitystudio/v4/developer/toolchains/gnu_arm/4.9_2015q3/bin/../lib/gcc/arm-none-eabi/4.9.3/armv7-m/crti.o
LOAD c:/siliconlabs/simplicitystudio/v4/developer/toolchains/gnu_arm/4.9_2015q3/bin/../lib/gcc/arm-none-eabi/4.9.3/armv7-m/crtbegin.o
LOAD c:/siliconlabs/simplicitystudio/v4/developer/toolchains/gnu_arm/4.9_2015q3/bin/../lib/gcc/arm-none-eabi/4.9.3/../../../../arm-none-eabi/lib/armv7-m/crt0.o
LOAD ./CMSIS/EFM32GG/startup_efm32gg.o
LOAD ./CMSIS/EFM32GG/system_efm32gg.o
LOAD ./devices_src/rgb_led.o
LOAD ./devices_src/sd_card.o
LOAD ./devices_src/tbr.o
LOAD ./devices_src/ublox_gps.o
LOAD ./drivers_src/delay.o
LOAD ./drivers_src/pwm.o
LOAD ./drivers_src/rs232.o
LOAD ./drivers_src/rs485.o
LOAD ./drivers_src/spi.o
LOAD ./emlib/src/em_acmp.o
LOAD ./emlib/src/em_adc.o
LOAD ./emlib/src/em_aes.o
LOAD ./emlib/src/em_assert.o
LOAD ./emlib/src/em_burtc.o
LOAD ./emlib/src/em_can.o
LOAD ./emlib/src/em_cmu.o
LOAD ./emlib/src/em_core.o
LOAD ./emlib/src/em_cryotimer.o
LOAD ./emlib/src/em_crypto.o
LOAD ./emlib/src/em_csen.o
LOAD ./emlib/src/em_dac.o
LOAD ./emlib/src/em_dbg.o
LOAD ./emlib/src/em_dma.o
LOAD ./emlib/src/em_ebi.o
LOAD ./emlib/src/em_emu.o
LOAD ./emlib/src/em_gpcrc.o
LOAD ./emlib/src/em_gpio.o
LOAD ./emlib/src/em_i2c.o
LOAD ./emlib/src/em_idac.o
LOAD ./emlib/src/em_int.o
LOAD ./emlib/src/em_lcd.o
LOAD ./emlib/src/em_ldma.o
LOAD ./emlib/src/em_lesense.o
LOAD ./emlib/src/em_letimer.o
LOAD ./emlib/src/em_leuart.o
LOAD ./emlib/src/em_mpu.o
LOAD ./emlib/src/em_msc.o
LOAD ./emlib/src/em_opamp.o
LOAD ./emlib/src/em_pcnt.o
LOAD ./emlib/src/em_prs.o
LOAD ./emlib/src/em_qspi.o
LOAD ./emlib/src/em_rmu.o
LOAD ./emlib/src/em_rtc.o
LOAD ./emlib/src/em_rtcc.o
LOAD ./emlib/src/em_system.o
LOAD ./emlib/src/em_timer.o
LOAD ./emlib/src/em_usart.o
LOAD ./emlib/src/em_vcmp.o
LOAD ./emlib/src/em_vdac.o
LOAD ./emlib/src/em_wdog.o
LOAD ./fat_filesystem_src/diskio.o
LOAD ./fat_filesystem_src/ff.o
LOAD ./fifo_buffers_src/fifo_rs232.o
LOAD ./fifo_buffers_src/fifo_tbr.o
LOAD ./hal/debug.o
LOAD ./hal/hal.o
LOAD ./lmic/aes.o
LOAD ./lmic/lmic.o
LOAD ./lmic/oslmic.o
LOAD ./lmic/radio.o
LOAD ./resource managers_src/app_manager.o
LOAD ./resource managers_src/lpwan_manager.o
LOAD ./src/main.o
START GROUP
LOAD c:/siliconlabs/simplicitystudio/v4/developer/toolchains/gnu_arm/4.9_2015q3/bin/../lib/gcc/arm-none-eabi/4.9.3/armv7-m\libgcc.a
LOAD c:/siliconlabs/simplicitystudio/v4/developer/toolchains/gnu_arm/4.9_2015q3/bin/../lib/gcc/arm-none-eabi/4.9.3/../../../../arm-none-eabi/lib/armv7-m\libc_nano.a
LOAD c:/siliconlabs/simplicitystudio/v4/developer/toolchains/gnu_arm/4.9_2015q3/bin/../lib/gcc/arm-none-eabi/4.9.3/../../../../arm-none-eabi/lib/armv7-m\libnosys.a
END GROUP
START GROUP
LOAD c:/siliconlabs/simplicitystudio/v4/developer/toolchains/gnu_arm/4.9_2015q3/bin/../lib/gcc/arm-none-eabi/4.9.3/armv7-m\libgcc.a
LOAD c:/siliconlabs/simplicitystudio/v4/developer/toolchains/gnu_arm/4.9_2015q3/bin/../lib/gcc/arm-none-eabi/4.9.3/../../../../arm-none-eabi/lib/armv7-m\libg_nano.a
LOAD c:/siliconlabs/simplicitystudio/v4/developer/toolchains/gnu_arm/4.9_2015q3/bin/../lib/gcc/arm-none-eabi/4.9.3/../../../../arm-none-eabi/lib/armv7-m\libc_nano.a
END GROUP
START GROUP
LOAD c:/siliconlabs/simplicitystudio/v4/developer/toolchains/gnu_arm/4.9_2015q3/bin/../lib/gcc/arm-none-eabi/4.9.3/armv7-m\libgcc.a
LOAD c:/siliconlabs/simplicitystudio/v4/developer/toolchains/gnu_arm/4.9_2015q3/bin/../lib/gcc/arm-none-eabi/4.9.3/../../../../arm-none-eabi/lib/armv7-m\libc_nano.a
END GROUP
LOAD c:/siliconlabs/simplicitystudio/v4/developer/toolchains/gnu_arm/4.9_2015q3/bin/../lib/gcc/arm-none-eabi/4.9.3/armv7-m/crtend.o
LOAD c:/siliconlabs/simplicitystudio/v4/developer/toolchains/gnu_arm/4.9_2015q3/bin/../lib/gcc/arm-none-eabi/4.9.3/armv7-m/crtn.o

.text           0x00000000    0x12494
 *(.vectors)
 .vectors       0x00000000       0xdc ./CMSIS/EFM32GG/startup_efm32gg.o
                0x00000000                __Vectors
                0x000000dc                __Vectors_End = .
                0x000000dc                __Vectors_Size = (__Vectors_End - __Vectors)
                0x000000dc                __end__ = .
 *(.text*)
 .text          0x000000dc       0x5c c:/siliconlabs/simplicitystudio/v4/developer/toolchains/gnu_arm/4.9_2015q3/bin/../lib/gcc/arm-none-eabi/4.9.3/armv7-m/crtbegin.o
 .text          0x00000138       0x74 c:/siliconlabs/simplicitystudio/v4/developer/toolchains/gnu_arm/4.9_2015q3/bin/../lib/gcc/arm-none-eabi/4.9.3/../../../../arm-none-eabi/lib/armv7-m/crt0.o
                0x00000138                _start
                0x00000138                _mainCRTStartup
 .text          0x000001ac       0x30 ./CMSIS/EFM32GG/startup_efm32gg.o
                0x000001ac                Reset_Handler
                0x000001d8                DebugMon_Handler
                0x000001d8                USART0_TX_IRQHandler
                0x000001d8                I2C0_IRQHandler
                0x000001d8                HardFault_Handler
                0x000001d8                LEUART1_IRQHandler
                0x000001d8                SysTick_Handler
                0x000001d8                USART1_RX_IRQHandler
                0x000001d8                PendSV_Handler
                0x000001d8                NMI_Handler
                0x000001d8                I2C1_IRQHandler
                0x000001d8                TIMER3_IRQHandler
                0x000001d8                USART1_TX_IRQHandler
                0x000001d8                MSC_IRQHandler
                0x000001d8                ADC0_IRQHandler
                0x000001d8                UsageFault_Handler
                0x000001d8                UART0_TX_IRQHandler
                0x000001d8                UART1_TX_IRQHandler
                0x000001d8                TIMER0_IRQHandler
                0x000001d8                TIMER2_IRQHandler
                0x000001d8                LCD_IRQHandler
                0x000001d8                PCNT2_IRQHandler
                0x000001d8                UART0_RX_IRQHandler
                0x000001d8                LETIMER0_IRQHandler
                0x000001d8                TIMER1_IRQHandler
                0x000001d8                Default_Handler
                0x000001d8                EMU_IRQHandler
                0x000001d8                PCNT0_IRQHandler
                0x000001d8                USB_IRQHandler
                0x000001d8                PCNT1_IRQHandler
                0x000001d8                ACMP0_IRQHandler
                0x000001d8                USART0_RX_IRQHandler
                0x000001d8                MemManage_Handler
                0x000001d8                SVC_Handler
                0x000001d8                DAC0_IRQHandler
                0x000001d8                UART1_RX_IRQHandler
                0x000001d8                CMU_IRQHandler
                0x000001d8                EBI_IRQHandler
                0x000001d8                LESENSE_IRQHandler
                0x000001d8                AES_IRQHandler
                0x000001d8                VCMP_IRQHandler
                0x000001d8                BusFault_Handler
 .text.GetProdRev
                0x000001dc       0x1c ./CMSIS/EFM32GG/system_efm32gg.o
 .text.SystemCoreClockGet
                0x000001f8       0x34 ./CMSIS/EFM32GG/system_efm32gg.o
                0x000001f8                SystemCoreClockGet
 .text.SystemMaxCoreClockGet
                0x0000022c       0x14 ./CMSIS/EFM32GG/system_efm32gg.o
                0x0000022c                SystemMaxCoreClockGet
 .text.SystemHFClockGet
                0x00000240      0x100 ./CMSIS/EFM32GG/system_efm32gg.o
                0x00000240                SystemHFClockGet
 .text.SystemHFXOClockGet
                0x00000340       0x18 ./CMSIS/EFM32GG/system_efm32gg.o
                0x00000340                SystemHFXOClockGet
 .text.SystemInit
                0x00000358        0xc ./CMSIS/EFM32GG/system_efm32gg.o
                0x00000358                SystemInit
 .text.SystemLFRCOClockGet
                0x00000364       0x14 ./CMSIS/EFM32GG/system_efm32gg.o
                0x00000364                SystemLFRCOClockGet
 .text.SystemULFRCOClockGet
                0x00000378       0x14 ./CMSIS/EFM32GG/system_efm32gg.o
                0x00000378                SystemULFRCOClockGet
 .text.SystemLFXOClockGet
                0x0000038c       0x18 ./CMSIS/EFM32GG/system_efm32gg.o
                0x0000038c                SystemLFXOClockGet
 .text.GPIO_PinOutClear
                0x000003a4       0x58 ./devices_src/rgb_led.o
 .text.GPIO_PinOutSet
                0x000003fc       0x58 ./devices_src/rgb_led.o
 .text.generate_pulses
                0x00000454       0x50 ./devices_src/rgb_led.o
                0x00000454                generate_pulses
 .text.rgb_init
                0x000004a4       0x34 ./devices_src/rgb_led.o
                0x000004a4                rgb_init
 .text.rgb_on   0x000004d8      0x110 ./devices_src/rgb_led.o
                0x000004d8                rgb_on
 .text.rgb_shutdown
                0x000005e8       0x18 ./devices_src/rgb_led.o
                0x000005e8                rgb_shutdown
 .text.GPIO_PinOutClear
                0x00000600       0x58 ./devices_src/sd_card.o
 .text.GPIO_PinOutSet
                0x00000658       0x58 ./devices_src/sd_card.o
 .text.start_transfer
                0x000006b0       0x10 ./devices_src/sd_card.o
                0x000006b0                start_transfer
 .text.end_transfer
                0x000006c0       0x14 ./devices_src/sd_card.o
                0x000006c0                end_transfer
 .text.send_cmd
                0x000006d4      0x24c ./devices_src/sd_card.o
                0x000006d4                send_cmd
 .text.sd_card_init
                0x00000920      0x1e0 ./devices_src/sd_card.o
                0x00000920                sd_card_init
 .text.sd_card_on
                0x00000b00       0x10 ./devices_src/sd_card.o
                0x00000b00                sd_card_on
 .text.sd_card_off
                0x00000b10       0x10 ./devices_src/sd_card.o
                0x00000b10                sd_card_off
 .text.sd_card_read
                0x00000b20      0x130 ./devices_src/sd_card.o
                0x00000b20                sd_card_read
 .text.sd_card_write
                0x00000c50      0x10c ./devices_src/sd_card.o
                0x00000c50                sd_card_write
 .text.array_is_full
                0x00000d5c       0x24 ./devices_src/tbr.o
                0x00000d5c                array_is_full
 .text.array_is_empty
                0x00000d80       0x20 ./devices_src/tbr.o
                0x00000d80                array_is_empty
 .text.array_add
                0x00000da0       0x58 ./devices_src/tbr.o
                0x00000da0                array_add
 .text.array_remove
                0x00000df8       0x5c ./devices_src/tbr.o
                0x00000df8                array_remove
 .text.CalculateLuhn
                0x00000e54      0x12c ./devices_src/tbr.o
                0x00000e54                CalculateLuhn
 .text.shift_Elements
                0x00000f80       0x44 ./devices_src/tbr.o
                0x00000f80                shift_Elements
 .text.parse_message_tbr
                0x00000fc4      0x1c8 ./devices_src/tbr.o
                0x00000fc4                parse_message_tbr
 .text.check_other_messages
                0x0000118c       0x58 ./devices_src/tbr.o
                0x0000118c                check_other_messages
 .text.clear_buffer
                0x000011e4       0x3c ./devices_src/tbr.o
                0x000011e4                clear_buffer
 .text.get_and_compare
                0x00001220      0x120 ./devices_src/tbr.o
                0x00001220                get_and_compare
 .text.convert_single_tbr_msg_into_uint
                0x00001340      0x364 ./devices_src/tbr.o
                0x00001340                convert_single_tbr_msg_into_uint
 .text.convert_tbr_msgs_to_uint
                0x000016a4      0x1bc ./devices_src/tbr.o
                0x000016a4                convert_tbr_msgs_to_uint
 .text.tbr_init
                0x00001860       0x48 ./devices_src/tbr.o
                0x00001860                tbr_init
 .text.tbr_send_cmd
                0x000018a8      0x100 ./devices_src/tbr.o
                0x000018a8                tbr_send_cmd
 .text.tbr_recv_msg_uint
                0x000019a8      0x124 ./devices_src/tbr.o
                0x000019a8                tbr_recv_msg_uint
 .text.GPIO_PinOutSet
                0x00001acc       0x58 ./devices_src/ublox_gps.o
 .text.send_cmd_rx_ack
                0x00001b24       0xfc ./devices_src/ublox_gps.o
                0x00001b24                send_cmd_rx_ack
 .text.port_config
                0x00001c20       0x64 ./devices_src/ublox_gps.o
                0x00001c20                port_config
 .text.receiver_nav_status
                0x00001c84       0xfc ./devices_src/ublox_gps.o
                0x00001c84                receiver_nav_status
 .text.config_low_power
                0x00001d80       0x24 ./devices_src/ublox_gps.o
                0x00001d80                config_low_power
 .text.enter_low_power
                0x00001da4       0x24 ./devices_src/ublox_gps.o
                0x00001da4                enter_low_power
 .text.disable_sbas
                0x00001dc8       0x24 ./devices_src/ublox_gps.o
                0x00001dc8                disable_sbas
 .text.poll_psm
                0x00001dec      0x130 ./devices_src/ublox_gps.o
                0x00001dec                poll_psm
 .text.parse_message
                0x00001f1c      0x33c ./devices_src/ublox_gps.o
                0x00001f1c                parse_message
 .text.gps_init
                0x00002258      0x148 ./devices_src/ublox_gps.o
                0x00002258                gps_init
 .text.gps_get_nav_data
                0x000023a0      0x19c ./devices_src/ublox_gps.o
                0x000023a0                gps_get_nav_data
 .text.gps_on   0x0000253c       0x10 ./devices_src/ublox_gps.o
                0x0000253c                gps_on
 .text.TIMER_Valid
                0x0000254c       0x50 ./drivers_src/delay.o
 .text.TIMER_MaxCount
                0x0000259c       0x18 ./drivers_src/delay.o
 .text.TIMER_CounterSet
                0x000025b4       0x1c ./drivers_src/delay.o
 .text.TIMER_Enable
                0x000025d0       0x2c ./drivers_src/delay.o
 .text.TIMER_IntClear
                0x000025fc       0x1c ./drivers_src/delay.o
 .text.TIMER_IntEnable
                0x00002618       0x20 ./drivers_src/delay.o
 .text.TIMER_IntGetEnabled
                0x00002638       0x24 ./drivers_src/delay.o
 .text.TIMER_TopBufSet
                0x0000265c       0x1c ./drivers_src/delay.o
 .text.TIMER_TopSet
                0x00002678       0x1c ./drivers_src/delay.o
 .text.delay_init
                0x00002694       0x7c ./drivers_src/delay.o
                0x00002694                delay_init
 .text.delay_enable
                0x00002710       0x14 ./drivers_src/delay.o
                0x00002710                delay_enable
 .text.delay_disable
                0x00002724       0x14 ./drivers_src/delay.o
                0x00002724                delay_disable
 .text.delay_ms
                0x00002738       0x64 ./drivers_src/delay.o
                0x00002738                delay_ms
 .text.TIMER_Valid
                0x0000279c       0x50 ./drivers_src/pwm.o
 .text.TIMER_MaxCount
                0x000027ec       0x18 ./drivers_src/pwm.o
 .text.TIMER_CounterSet
                0x00002804       0x1c ./drivers_src/pwm.o
 .text.TIMER_Enable
                0x00002820       0x2c ./drivers_src/pwm.o
 .text.TIMER_IntClear
                0x0000284c       0x1c ./drivers_src/pwm.o
 .text.TIMER_IntEnable
                0x00002868       0x20 ./drivers_src/pwm.o
 .text.TIMER_IntGetEnabled
                0x00002888       0x24 ./drivers_src/pwm.o
 .text.TIMER_TopBufSet
                0x000028ac       0x1c ./drivers_src/pwm.o
 .text.TIMER_TopSet
                0x000028c8       0x1c ./drivers_src/pwm.o
 .text.pwm_init
                0x000028e4       0x7c ./drivers_src/pwm.o
                0x000028e4                pwm_init
 .text.pwm_enable
                0x00002960       0x14 ./drivers_src/pwm.o
                0x00002960                pwm_enable
 .text.pwm_disable
                0x00002974       0x14 ./drivers_src/pwm.o
                0x00002974                pwm_disable
 .text.pwm_us_delay
                0x00002988       0x5c ./drivers_src/pwm.o
                0x00002988                pwm_us_delay
 .text.NVIC_EnableIRQ
                0x000029e4       0x30 ./drivers_src/rs232.o
 .text.NVIC_ClearPendingIRQ
                0x00002a14       0x34 ./drivers_src/rs232.o
 .text.USART_IntClear
                0x00002a48       0x1c ./drivers_src/rs232.o
 .text.USART_IntDisable
                0x00002a64       0x24 ./drivers_src/rs232.o
 .text.USART_IntEnable
                0x00002a88       0x20 ./drivers_src/rs232.o
 .text.rs232_init
                0x00002aa8       0xb0 ./drivers_src/rs232.o
                0x00002aa8                rs232_init
 .text.rs232_enable
                0x00002b58       0x14 ./drivers_src/rs232.o
                0x00002b58                rs232_enable
 .text.rs232_transmit_string
                0x00002b6c       0x6c ./drivers_src/rs232.o
                0x00002b6c                rs232_transmit_string
 .text.rs232_transmit_char
                0x00002bd8       0x4c ./drivers_src/rs232.o
                0x00002bd8                rs232_transmit_char
 .text.USART2_TX_IRQHandler
                0x00002c24       0x4c ./drivers_src/rs232.o
                0x00002c24                USART2_TX_IRQHandler
 .text.USART2_RX_IRQHandler
                0x00002c70       0x40 ./drivers_src/rs232.o
                0x00002c70                USART2_RX_IRQHandler
 .text.NVIC_EnableIRQ
                0x00002cb0       0x30 ./drivers_src/rs485.o
 .text.NVIC_ClearPendingIRQ
                0x00002ce0       0x34 ./drivers_src/rs485.o
 .text.GPIO_PinOutClear
                0x00002d14       0x58 ./drivers_src/rs485.o
 .text.GPIO_PinOutSet
                0x00002d6c       0x58 ./drivers_src/rs485.o
 .text.LEUART_IntClear
                0x00002dc4       0x1c ./drivers_src/rs485.o
 .text.LEUART_IntDisable
                0x00002de0       0x24 ./drivers_src/rs485.o
 .text.LEUART_IntEnable
                0x00002e04       0x20 ./drivers_src/rs485.o
 .text.rs485_init
                0x00002e24       0xe0 ./drivers_src/rs485.o
                0x00002e24                rs485_init
 .text.rs485_enable
                0x00002f04       0x14 ./drivers_src/rs485.o
                0x00002f04                rs485_enable
 .text.rs485_transmit_string
                0x00002f18       0x78 ./drivers_src/rs485.o
                0x00002f18                rs485_transmit_string
 .text.rs485_recieve_char
                0x00002f90       0x3c ./drivers_src/rs485.o
                0x00002f90                rs485_recieve_char
 .text.rs485_tx_mode
                0x00002fcc       0x18 ./drivers_src/rs485.o
                0x00002fcc                rs485_tx_mode
 .text.rs485_rx_mode
                0x00002fe4       0x18 ./drivers_src/rs485.o
                0x00002fe4                rs485_rx_mode
 .text.LEUART0_IRQHandler
                0x00002ffc       0xd0 ./drivers_src/rs485.o
                0x00002ffc                LEUART0_IRQHandler
 .text.GPIO_PinOutClear
                0x000030cc       0x58 ./drivers_src/spi.o
 .text.GPIO_PinOutSet
                0x00003124       0x58 ./drivers_src/spi.o
 .text.USART_IntClear
                0x0000317c       0x1c ./drivers_src/spi.o
 .text.spi_init
                0x00003198       0xbc ./drivers_src/spi.o
                0x00003198                spi_init
 .text.spi_enable
                0x00003254       0x14 ./drivers_src/spi.o
                0x00003254                spi_enable
 .text.spi_disable
                0x00003268       0x14 ./drivers_src/spi.o
                0x00003268                spi_disable
 .text.spi_cs_set
                0x0000327c       0x40 ./drivers_src/spi.o
                0x0000327c                spi_cs_set
 .text.spi_cs_clear
                0x000032bc       0x8c ./drivers_src/spi.o
                0x000032bc                spi_cs_clear
 .text.spi_read_write_byte
                0x00003348       0x34 ./drivers_src/spi.o
                0x00003348                spi_read_write_byte
 .text.spi_write_byte
                0x0000337c       0x28 ./drivers_src/spi.o
                0x0000337c                spi_write_byte
 .text.spi_read_byte
                0x000033a4       0x2c ./drivers_src/spi.o
                0x000033a4                spi_read_byte
 .text.BUS_RegBitWrite
                0x000033d0       0x2c ./emlib/src/em_burtc.o
 .text.BUS_RegBitRead
                0x000033fc       0x2c ./emlib/src/em_burtc.o
 .text.BURTC_IntClear
                0x00003428       0x1c ./emlib/src/em_burtc.o
 .text.BURTC_Enable
                0x00003444       0x50 ./emlib/src/em_burtc.o
 .text.BURTC_FreezeEnable
                0x00003494       0x20 ./emlib/src/em_burtc.o
 .text.divToLog2
                0x000034b4       0x34 ./emlib/src/em_burtc.o
 .text.regSync  0x000034e8       0x40 ./emlib/src/em_burtc.o
 .text.BURTC_Init
                0x00003528       0xe8 ./emlib/src/em_burtc.o
                0x00003528                BURTC_Init
 .text.BURTC_CompareSet
                0x00003610       0x20 ./emlib/src/em_burtc.o
                0x00003610                BURTC_CompareSet
 .text.BURTC_Reset
                0x00003630       0x3c ./emlib/src/em_burtc.o
                0x00003630                BURTC_Reset
 .text.BUS_RegBitWrite
                0x0000366c       0x2c ./emlib/src/em_cmu.o
 .text.BUS_RegBitRead
                0x00003698       0x2c ./emlib/src/em_cmu.o
 .text.CMU_DivToLog2
                0x000036c4       0x34 ./emlib/src/em_cmu.o
 .text.SYSTEM_GetProdRev
                0x000036f8       0x1c ./emlib/src/em_cmu.o
 .text.SYSTEM_GetFamily
                0x00003714       0x20 ./emlib/src/em_cmu.o
 .text.maxFreqHfle
                0x00003734       0x78 ./emlib/src/em_cmu.o
 .text.setHfLeConfig
                0x000037ac       0x60 ./emlib/src/em_cmu.o
 .text.getHfLeConfig
                0x0000380c       0x20 ./emlib/src/em_cmu.o
 .text.auxClkGet
                0x0000382c       0xb0 ./emlib/src/em_cmu.o
 .text.dbgClkGet
                0x000038dc       0x40 ./emlib/src/em_cmu.o
 .text.flashWaitStateControl
                0x0000391c       0xb8 ./emlib/src/em_cmu.o
 .text.flashWaitStateMax
                0x000039d4       0x14 ./emlib/src/em_cmu.o
 .text.CMU_UpdateWaitStates
                0x000039e8       0x18 ./emlib/src/em_cmu.o
                0x000039e8                CMU_UpdateWaitStates
 .text.lfClkGet
                0x00003a00       0xec ./emlib/src/em_cmu.o
 .text.syncReg  0x00003aec       0x34 ./emlib/src/em_cmu.o
 .text.CMU_ClockDivSet
                0x00003b20      0x22c ./emlib/src/em_cmu.o
                0x00003b20                CMU_ClockDivSet
 .text.CMU_ClockEnable
                0x00003d4c       0xd0 ./emlib/src/em_cmu.o
                0x00003d4c                CMU_ClockEnable
 .text.CMU_ClockFreqGet
                0x00003e1c      0x1c8 ./emlib/src/em_cmu.o
                0x00003e1c                CMU_ClockFreqGet
 .text.CMU_ClockSelectGet
                0x00003fe4      0x124 ./emlib/src/em_cmu.o
                0x00003fe4                CMU_ClockSelectGet
 .text.CMU_ClockSelectSet
                0x00004108      0x22c ./emlib/src/em_cmu.o
                0x00004108                CMU_ClockSelectSet
 .text.CMU_HFRCOBandSet
                0x00004334       0xe0 ./emlib/src/em_cmu.o
                0x00004334                CMU_HFRCOBandSet
 .text.CMU_OscillatorEnable
                0x00004414       0xbc ./emlib/src/em_cmu.o
                0x00004414                CMU_OscillatorEnable
 .text.CORE_EnterAtomic
                0x000044d0       0x20 ./emlib/src/em_core.o
                0x000044d0                CORE_EnterAtomic
 .text.CORE_ExitAtomic
                0x000044f0       0x1c ./emlib/src/em_core.o
                0x000044f0                CORE_ExitAtomic
 .text.DMA_IRQHandler
                0x0000450c       0xd8 ./emlib/src/em_dma.o
                0x0000450c                DMA_IRQHandler
 .text.BUS_RegBitWrite
                0x000045e4       0x2c ./emlib/src/em_gpio.o
 .text.BUS_RegMaskedWrite
                0x00004610       0x28 ./emlib/src/em_gpio.o
 .text.GPIO_PinOutClear
                0x00004638       0x58 ./emlib/src/em_gpio.o
 .text.GPIO_PinOutSet
                0x00004690       0x58 ./emlib/src/em_gpio.o
 .text.GPIO_DriveModeSet
                0x000046e8       0x70 ./emlib/src/em_gpio.o
                0x000046e8                GPIO_DriveModeSet
 .text.GPIO_ExtIntConfig
                0x00004758       0xd4 ./emlib/src/em_gpio.o
                0x00004758                GPIO_ExtIntConfig
 .text.GPIO_PinModeSet
                0x0000482c      0x10c ./emlib/src/em_gpio.o
                0x0000482c                GPIO_PinModeSet
 .text.LETIMER_Enable
                0x00004938       0x2c ./emlib/src/em_letimer.o
                0x00004938                LETIMER_Enable
 .text.LETIMER_FreezeEnable
                0x00004964       0x34 ./emlib/src/em_letimer.o
                0x00004964                LETIMER_FreezeEnable
 .text.LETIMER_Init
                0x00004998       0xf0 ./emlib/src/em_letimer.o
                0x00004998                LETIMER_Init
 .text.LETIMER_Reset
                0x00004a88       0x50 ./emlib/src/em_letimer.o
                0x00004a88                LETIMER_Reset
 .text.LEUART_Sync
                0x00004ad8       0x30 ./emlib/src/em_leuart.o
 .text.LEUART_BaudrateSet
                0x00004b08       0x80 ./emlib/src/em_leuart.o
                0x00004b08                LEUART_BaudrateSet
 .text.LEUART_Enable
                0x00004b88       0x58 ./emlib/src/em_leuart.o
                0x00004b88                LEUART_Enable
 .text.LEUART_FreezeEnable
                0x00004be0       0x34 ./emlib/src/em_leuart.o
                0x00004be0                LEUART_FreezeEnable
 .text.LEUART_Init
                0x00004c14       0x84 ./emlib/src/em_leuart.o
                0x00004c14                LEUART_Init
 .text.LEUART_Reset
                0x00004c98       0x70 ./emlib/src/em_leuart.o
                0x00004c98                LEUART_Reset
 .text.LEUART_Rx
                0x00004d08       0x28 ./emlib/src/em_leuart.o
                0x00004d08                LEUART_Rx
 .text.LEUART_Tx
                0x00004d30       0x30 ./emlib/src/em_leuart.o
                0x00004d30                LEUART_Tx
 .text.SL_CTZ   0x00004d60       0x28 ./emlib/src/em_rmu.o
 .text.BUS_RegBitWrite
                0x00004d88       0x2c ./emlib/src/em_rmu.o
 .text.RMU_ResetControl
                0x00004db4       0x3c ./emlib/src/em_rmu.o
                0x00004db4                RMU_ResetControl
 .text.BUS_RegBitWrite
                0x00004df0       0x2c ./emlib/src/em_rtc.o
 .text.RTC_CompareSet
                0x00004e1c       0x3c ./emlib/src/em_rtc.o
                0x00004e1c                RTC_CompareSet
 .text.RTC_Enable
                0x00004e58       0x20 ./emlib/src/em_rtc.o
                0x00004e58                RTC_Enable
 .text.RTC_Init
                0x00004e78       0x50 ./emlib/src/em_rtc.o
                0x00004e78                RTC_Init
 .text.SYSTEM_ChipRevisionGet
                0x00004ec8       0x74 ./emlib/src/em_system.o
                0x00004ec8                SYSTEM_ChipRevisionGet
 .text.TIMER_Valid
                0x00004f3c       0x50 ./emlib/src/em_timer.o
 .text.TIMER_Init
                0x00004f8c       0xdc ./emlib/src/em_timer.o
                0x00004f8c                TIMER_Init
 .text.USART_BaudrateAsyncSet
                0x00005068       0xb0 ./emlib/src/em_usart.o
                0x00005068                USART_BaudrateAsyncSet
 .text.USART_BaudrateSyncSet
                0x00005118       0x40 ./emlib/src/em_usart.o
                0x00005118                USART_BaudrateSyncSet
 .text.USART_Enable
                0x00005158       0x58 ./emlib/src/em_usart.o
                0x00005158                USART_Enable
 .text.USART_InitAsync
                0x000051b0       0x9c ./emlib/src/em_usart.o
                0x000051b0                USART_InitAsync
 .text.USART_InitSync
                0x0000524c       0xcc ./emlib/src/em_usart.o
                0x0000524c                USART_InitSync
 .text.USART_Reset
                0x00005318       0x98 ./emlib/src/em_usart.o
                0x00005318                USART_Reset
 .text.USART_Rx
                0x000053b0       0x28 ./emlib/src/em_usart.o
                0x000053b0                USART_Rx
 .text.USART_SpiTransfer
                0x000053d8       0x40 ./emlib/src/em_usart.o
                0x000053d8                USART_SpiTransfer
 .text.USART_Tx
                0x00005418       0x2c ./emlib/src/em_usart.o
                0x00005418                USART_Tx
 .text.disk_status
                0x00005444       0x44 ./fat_filesystem_src/diskio.o
                0x00005444                disk_status
 .text.disk_initialize
                0x00005488       0x4c ./fat_filesystem_src/diskio.o
                0x00005488                disk_initialize
 .text.disk_read
                0x000054d4       0x50 ./fat_filesystem_src/diskio.o
                0x000054d4                disk_read
 .text.disk_write
                0x00005524       0x50 ./fat_filesystem_src/diskio.o
                0x00005524                disk_write
 .text.disk_ioctl
                0x00005574       0x50 ./fat_filesystem_src/diskio.o
                0x00005574                disk_ioctl
 .text.ld_word  0x000055c4       0x30 ./fat_filesystem_src/ff.o
 .text.ld_dword
                0x000055f4       0x48 ./fat_filesystem_src/ff.o
 .text.st_word  0x0000563c       0x34 ./fat_filesystem_src/ff.o
 .text.st_dword
                0x00005670       0x58 ./fat_filesystem_src/ff.o
 .text.mem_cpy  0x000056c8       0x40 ./fat_filesystem_src/ff.o
 .text.mem_set  0x00005708       0x34 ./fat_filesystem_src/ff.o
 .text.mem_cmp  0x0000573c       0x50 ./fat_filesystem_src/ff.o
 .text.chk_chr  0x0000578c       0x38 ./fat_filesystem_src/ff.o
 .text.sync_window
                0x000057c4       0x8c ./fat_filesystem_src/ff.o
 .text.move_window
                0x00005850       0x5c ./fat_filesystem_src/ff.o
 .text.sync_fs  0x000058ac       0xdc ./fat_filesystem_src/ff.o
 .text.clust2sect
                0x00005988       0x40 ./fat_filesystem_src/ff.o
 .text.get_fat  0x000059c8      0x140 ./fat_filesystem_src/ff.o
 .text.put_fat  0x00005b08      0x1bc ./fat_filesystem_src/ff.o
 .text.remove_chain
                0x00005cc4       0xc8 ./fat_filesystem_src/ff.o
 .text.create_chain
                0x00005d8c      0x134 ./fat_filesystem_src/ff.o
 .text.dir_sdi  0x00005ec0       0xf4 ./fat_filesystem_src/ff.o
 .text.dir_next
                0x00005fb4      0x188 ./fat_filesystem_src/ff.o
 .text.dir_alloc
                0x0000613c       0x90 ./fat_filesystem_src/ff.o
 .text.ld_clust
                0x000061cc       0x40 ./fat_filesystem_src/ff.o
 .text.st_clust
                0x0000620c       0x40 ./fat_filesystem_src/ff.o
 .text.dir_find
                0x0000624c       0xa8 ./fat_filesystem_src/ff.o
 .text.dir_register
                0x000062f4       0x68 ./fat_filesystem_src/ff.o
 .text.create_name
                0x0000635c      0x1a0 ./fat_filesystem_src/ff.o
 .text.follow_path
                0x000064fc       0xdc ./fat_filesystem_src/ff.o
 .text.get_ldnumber
                0x000065d8       0x88 ./fat_filesystem_src/ff.o
 .text.check_fs
                0x00006660       0xa8 ./fat_filesystem_src/ff.o
 .text.find_volume
                0x00006708      0x474 ./fat_filesystem_src/ff.o
 .text.validate
                0x00006b7c       0x68 ./fat_filesystem_src/ff.o
 .text.f_mount  0x00006be4       0x88 ./fat_filesystem_src/ff.o
                0x00006be4                f_mount
 .text.f_open   0x00006c6c      0x320 ./fat_filesystem_src/ff.o
                0x00006c6c                f_open
 .text.f_write  0x00006f8c      0x2d8 ./fat_filesystem_src/ff.o
                0x00006f8c                f_write
 .text.f_sync   0x00007264      0x108 ./fat_filesystem_src/ff.o
                0x00007264                f_sync
 .text.f_close  0x0000736c       0x40 ./fat_filesystem_src/ff.o
                0x0000736c                f_close
 .text.putc_bfd
                0x000073ac       0x78 ./fat_filesystem_src/ff.o
 .text.putc_flush
                0x00007424       0x54 ./fat_filesystem_src/ff.o
 .text.putc_init
                0x00007478       0x28 ./fat_filesystem_src/ff.o
 .text.f_puts   0x000074a0       0x48 ./fat_filesystem_src/ff.o
                0x000074a0                f_puts
 .text.get_fattime
                0x000074e8       0x14 ./fat_filesystem_src/ff.o
                0x000074e8                get_fattime
 .text.fifo_rs232_init
                0x000074fc       0x48 ./fifo_buffers_src/fifo_rs232.o
                0x000074fc                fifo_rs232_init
 .text.fifo_rs232_is_empty
                0x00007544       0x4c ./fifo_buffers_src/fifo_rs232.o
                0x00007544                fifo_rs232_is_empty
 .text.fifo_rs232_is_full
                0x00007590       0x50 ./fifo_buffers_src/fifo_rs232.o
                0x00007590                fifo_rs232_is_full
 .text.fifo_rs232_remove
                0x000075e0       0xbc ./fifo_buffers_src/fifo_rs232.o
                0x000075e0                fifo_rs232_remove
 .text.fifo_rs232_add
                0x0000769c       0xb0 ./fifo_buffers_src/fifo_rs232.o
                0x0000769c                fifo_rs232_add
 .text.fifo_tbr_init
                0x0000774c       0x68 ./fifo_buffers_src/fifo_tbr.o
                0x0000774c                fifo_tbr_init
 .text.fifo_tbr_is_empty
                0x000077b4       0x6c ./fifo_buffers_src/fifo_tbr.o
                0x000077b4                fifo_tbr_is_empty
 .text.fifo_tbr_is_full
                0x00007820       0x6c ./fifo_buffers_src/fifo_tbr.o
                0x00007820                fifo_tbr_is_full
 .text.fifo_tbr_remove
                0x0000788c      0x108 ./fifo_buffers_src/fifo_tbr.o
                0x0000788c                fifo_tbr_remove
 .text.fifo_tbr_add
                0x00007994       0xf8 ./fifo_buffers_src/fifo_tbr.o
                0x00007994                fifo_tbr_add
 .text.debug_char
                0x00007a8c       0x20 ./hal/debug.o
                0x00007a8c                debug_char
 .text.debug_str
                0x00007aac       0x28 ./hal/debug.o
                0x00007aac                debug_str
 .text.NVIC_EnableIRQ
                0x00007ad4       0x30 ./hal/hal.o
 .text.NVIC_ClearPendingIRQ
                0x00007b04       0x34 ./hal/hal.o
 .text.NVIC_SystemReset
                0x00007b38       0x28 ./hal/hal.o
 .text.BUS_RegBitWrite
                0x00007b60       0x2c ./hal/hal.o
 .text.GPIO_IntClear
                0x00007b8c       0x20 ./hal/hal.o
 .text.GPIO_IntGetEnabled
                0x00007bac       0x28 ./hal/hal.o
 .text.GPIO_PinOutSet
                0x00007bd4       0x58 ./hal/hal.o
 .text.GPIO_IntConfig
                0x00007c2c       0x38 ./hal/hal.o
 .text.RTC_CounterGet
                0x00007c64       0x18 ./hal/hal.o
 .text.RTC_IntClear
                0x00007c7c       0x1c ./hal/hal.o
 .text.RTC_IntDisable
                0x00007c98       0x24 ./hal/hal.o
 .text.RTC_IntEnable
                0x00007cbc       0x24 ./hal/hal.o
 .text.RTC_IntGet
                0x00007ce0       0x18 ./hal/hal.o
 .text.EMU_EnterEM1
                0x00007cf8       0x20 ./hal/hal.o
 .text.BURTC_IntClear
                0x00007d18       0x1c ./hal/hal.o
 .text.BURTC_IntDisable
                0x00007d34       0x24 ./hal/hal.o
 .text.BURTC_IntEnable
                0x00007d58       0x24 ./hal/hal.o
 .text.BURTC_IntGet
                0x00007d7c       0x18 ./hal/hal.o
 .text.BURTC_Enable
                0x00007d94       0x50 ./hal/hal.o
 .text.LETIMER_CounterGet
                0x00007de4       0x18 ./hal/hal.o
 .text.BURTC_IRQHandler
                0x00007dfc       0xe8 ./hal/hal.o
                0x00007dfc                BURTC_IRQHandler
 .text.time_manager_init
                0x00007ee4       0xec ./hal/hal.o
                0x00007ee4                time_manager_init
 .text.time_manager_unixTimestamp
                0x00007fd0      0x118 ./hal/hal.o
                0x00007fd0                time_manager_unixTimestamp
 .text.time_manager_get_cmd
                0x000080e8       0x18 ./hal/hal.o
                0x000080e8                time_manager_get_cmd
 .text.GPIO_EVEN_IRQHandler
                0x00008100      0x110 ./hal/hal.o
                0x00008100                GPIO_EVEN_IRQHandler
 .text.GPIO_ODD_IRQHandler
                0x00008210       0x2c ./hal/hal.o
                0x00008210                GPIO_ODD_IRQHandler
 .text.hal_io_init
                0x0000823c       0xbc ./hal/hal.o
 .text.hal_pin_rxtx
                0x000082f8       0x14 ./hal/hal.o
                0x000082f8                hal_pin_rxtx
 .text.hal_pin_nss
                0x0000830c       0x24 ./hal/hal.o
                0x0000830c                hal_pin_nss
 .text.hal_pin_rst
                0x00008330       0x18 ./hal/hal.o
                0x00008330                hal_pin_rst
 .text.hal_spi_init
                0x00008348       0x10 ./hal/hal.o
 .text.hal_spi  0x00008358       0x24 ./hal/hal.o
                0x00008358                hal_spi
 .text.RTC_IRQHandler
                0x0000837c       0x34 ./hal/hal.o
                0x0000837c                RTC_IRQHandler
 .text.hal_time_init
                0x000083b0       0x84 ./hal/hal.o
 .text.hal_ticks
                0x00008434       0x4c ./hal/hal.o
                0x00008434                hal_ticks
 .text.deltaticks
                0x00008480       0x3c ./hal/hal.o
 .text.hal_waitUntil
                0x000084bc       0x1c ./hal/hal.o
                0x000084bc                hal_waitUntil
 .text.hal_checkTimer
                0x000084d8       0x4c ./hal/hal.o
                0x000084d8                hal_checkTimer
 .text.hal_disableIRQs
                0x00008524       0x40 ./hal/hal.o
                0x00008524                hal_disableIRQs
 .text.hal_enableIRQs
                0x00008564       0x38 ./hal/hal.o
                0x00008564                hal_enableIRQs
 .text.hal_sleep
                0x0000859c        0xc ./hal/hal.o
                0x0000859c                hal_sleep
 .text.hal_init
                0x000085a8       0x28 ./hal/hal.o
                0x000085a8                hal_init
 .text.hal_failed
                0x000085d0       0x74 ./hal/hal.o
                0x000085d0                hal_failed
 .text.aesroundkeys
                0x00008644       0xf4 ./lmic/aes.o
 .text.os_aes   0x00008738      0x99c ./lmic/aes.o
                0x00008738                os_aes
 .text.getSf    0x000090d4       0x20 ./lmic/lmic.o
                0x000090d4                getSf
 .text.getBw    0x000090f4       0x24 ./lmic/lmic.o
                0x000090f4                getBw
 .text.getCr    0x00009118       0x24 ./lmic/lmic.o
                0x00009118                getCr
 .text.setCr    0x0000913c       0x30 ./lmic/lmic.o
                0x0000913c                setCr
 .text.getNocrc
                0x0000916c       0x20 ./lmic/lmic.o
                0x0000916c                getNocrc
 .text.setNocrc
                0x0000918c       0x2c ./lmic/lmic.o
                0x0000918c                setNocrc
 .text.getIh    0x000091b8       0x20 ./lmic/lmic.o
                0x000091b8                getIh
 .text.updr2rps
                0x000091d8       0x24 ./lmic/lmic.o
                0x000091d8                updr2rps
 .text.dndr2rps
                0x000091fc       0x28 ./lmic/lmic.o
                0x000091fc                dndr2rps
 .text.decDR    0x00009224       0x30 ./lmic/lmic.o
                0x00009224                decDR
 .text.validDR  0x00009254       0x2c ./lmic/lmic.o
                0x00009254                validDR
 .text.lowerDR  0x00009280       0x34 ./lmic/lmic.o
                0x00009280                lowerDR
 .text.os_rlsbf2
                0x000092b4       0x2c ./lmic/lmic.o
                0x000092b4                os_rlsbf2
 .text.os_rlsbf4
                0x000092e0       0x3c ./lmic/lmic.o
                0x000092e0                os_rlsbf4
 .text.os_rmsbf4
                0x0000931c       0x3c ./lmic/lmic.o
                0x0000931c                os_rmsbf4
 .text.os_wlsbf2
                0x00009358       0x2c ./lmic/lmic.o
                0x00009358                os_wlsbf2
 .text.os_wlsbf4
                0x00009384       0x40 ./lmic/lmic.o
                0x00009384                os_wlsbf4
 .text.os_wmsbf4
                0x000093c4       0x40 ./lmic/lmic.o
                0x000093c4                os_wmsbf4
 .text.os_getBattLevel
                0x00009404       0x10 ./lmic/lmic.o
                0x00009404                os_getBattLevel
 .text.micB0    0x00009414       0x60 ./lmic/lmic.o
 .text.aes_verifyMic
                0x00009474       0x58 ./lmic/lmic.o
 .text.aes_appendMic
                0x000094cc       0x4c ./lmic/lmic.o
 .text.aes_appendMic0
                0x00009518       0x38 ./lmic/lmic.o
 .text.aes_verifyMic0
                0x00009550       0x44 ./lmic/lmic.o
 .text.aes_encrypt
                0x00009594       0x28 ./lmic/lmic.o
 .text.aes_cipher
                0x000095bc       0x84 ./lmic/lmic.o
 .text.aes_sessKeys
                0x00009640       0x78 ./lmic/lmic.o
 .text.getSensitivity
                0x000096b8       0x40 ./lmic/lmic.o
                0x000096b8                getSensitivity
 .text.calcAirTime
                0x000096f8      0x124 ./lmic/lmic.o
                0x000096f8                calcAirTime
 .text.rndDelay
                0x0000981c       0x64 ./lmic/lmic.o
 .text.txDelay  0x00009880       0x58 ./lmic/lmic.o
 .text.setDrJoin
                0x000098d8       0x28 ./lmic/lmic.o
 .text.setDrTxpow
                0x00009900       0x58 ./lmic/lmic.o
 .text.initDefaultChannels
                0x00009958      0x120 ./lmic/lmic.o
 .text.LMIC_setupBand
                0x00009a78       0x5c ./lmic/lmic.o
                0x00009a78                LMIC_setupBand
 .text.LMIC_setupChannel
                0x00009ad4       0xf8 ./lmic/lmic.o
                0x00009ad4                LMIC_setupChannel
 .text.LMIC_disableChannel
                0x00009bcc       0x54 ./lmic/lmic.o
                0x00009bcc                LMIC_disableChannel
 .text.convFreq
                0x00009c20       0x44 ./lmic/lmic.o
 .text.mapChannels
                0x00009c64       0x90 ./lmic/lmic.o
 .text.updateTx
                0x00009cf4       0x90 ./lmic/lmic.o
 .text.nextTx   0x00009d84      0x138 ./lmic/lmic.o
 .text.initJoinLoop
                0x00009ebc       0x6c ./lmic/lmic.o
 .text.nextJoinState
                0x00009f28       0xcc ./lmic/lmic.o
 .text.runEngineUpdate
                0x00009ff4       0x14 ./lmic/lmic.o
 .text.reportEvent
                0x0000a008       0x1c ./lmic/lmic.o
 .text.runReset
                0x0000a024       0x1c ./lmic/lmic.o
 .text.stateJustJoined
                0x0000a040       0xb0 ./lmic/lmic.o
 .text.decodeFrame
                0x0000a0f0      0x57c ./lmic/lmic.o
 .text.setupRx2
                0x0000a66c       0x40 ./lmic/lmic.o
 .text.schedRx2
                0x0000a6ac       0x50 ./lmic/lmic.o
 .text.setupRx1
                0x0000a6fc       0x44 ./lmic/lmic.o
 .text.txDone   0x0000a740       0x70 ./lmic/lmic.o
 .text.onJoinFailed
                0x0000a7b0       0x14 ./lmic/lmic.o
 .text.processJoinAccept
                0x0000a7c4      0x25c ./lmic/lmic.o
 .text.processRx2Jacc
                0x0000aa20       0x28 ./lmic/lmic.o
 .text.setupRx2Jacc
                0x0000aa48       0x20 ./lmic/lmic.o
 .text.processRx1Jacc
                0x0000aa68       0x34 ./lmic/lmic.o
 .text.setupRx1Jacc
                0x0000aa9c       0x18 ./lmic/lmic.o
 .text.jreqDone
                0x0000aab4       0x1c ./lmic/lmic.o
 .text.processRx2DnDataDelay
                0x0000aad0       0x14 ./lmic/lmic.o
 .text.processRx2DnData
                0x0000aae4       0x50 ./lmic/lmic.o
 .text.setupRx2DnData
                0x0000ab34       0x20 ./lmic/lmic.o
 .text.processRx1DnData
                0x0000ab54       0x34 ./lmic/lmic.o
 .text.setupRx1DnData
                0x0000ab88       0x18 ./lmic/lmic.o
 .text.updataDone
                0x0000aba0       0x1c ./lmic/lmic.o
 .text.buildDataFrame
                0x0000abbc      0x330 ./lmic/lmic.o
 .text.buildJoinRequest
                0x0000aeec       0x6c ./lmic/lmic.o
 .text.startJoining
                0x0000af58       0x14 ./lmic/lmic.o
 .text.LMIC_startJoining
                0x0000af6c       0x94 ./lmic/lmic.o
                0x0000af6c                LMIC_startJoining
 .text.processDnData
                0x0000b000      0x1a0 ./lmic/lmic.o
 .text.engineUpdate
                0x0000b1a0      0x214 ./lmic/lmic.o
 .text.LMIC_setAdrMode
                0x0000b3b4       0x2c ./lmic/lmic.o
                0x0000b3b4                LMIC_setAdrMode
 .text.LMIC_setDrTxpow
                0x0000b3e0       0x28 ./lmic/lmic.o
                0x0000b3e0                LMIC_setDrTxpow
 .text.LMIC_reset
                0x0000b408       0x74 ./lmic/lmic.o
                0x0000b408                LMIC_reset
 .text.LMIC_init
                0x0000b47c       0x18 ./lmic/lmic.o
                0x0000b47c                LMIC_init
 .text.LMIC_setTxData
                0x0000b494       0x38 ./lmic/lmic.o
                0x0000b494                LMIC_setTxData
 .text.LMIC_setTxData2
                0x0000b4cc       0x64 ./lmic/lmic.o
                0x0000b4cc                LMIC_setTxData2
 .text.os_init  0x0000b530       0x20 ./lmic/oslmic.o
                0x0000b530                os_init
 .text.os_getTime
                0x0000b550       0x10 ./lmic/oslmic.o
                0x0000b550                os_getTime
 .text.unlinkjob
                0x0000b560       0x40 ./lmic/oslmic.o
 .text.os_clearCallback
                0x0000b5a0       0x3c ./lmic/oslmic.o
                0x0000b5a0                os_clearCallback
 .text.os_setCallback
                0x0000b5dc       0x48 ./lmic/oslmic.o
                0x0000b5dc                os_setCallback
 .text.os_setTimedCallback
                0x0000b624       0x68 ./lmic/oslmic.o
                0x0000b624                os_setTimedCallback
 .text.os_runloop
                0x0000b68c       0x6c ./lmic/oslmic.o
                0x0000b68c                os_runloop
 .text.writeReg
                0x0000b6f8       0x38 ./lmic/radio.o
 .text.readReg  0x0000b730       0x38 ./lmic/radio.o
 .text.writeBuf
                0x0000b768       0x54 ./lmic/radio.o
 .text.readBuf  0x0000b7bc       0x54 ./lmic/radio.o
 .text.opmode   0x0000b810       0x30 ./lmic/radio.o
 .text.opmodeLora
                0x0000b840       0x24 ./lmic/radio.o
 .text.opmodeFSK
                0x0000b864       0x24 ./lmic/radio.o
 .text.configLoraModem
                0x0000b888      0x150 ./lmic/radio.o
 .text.configChannel
                0x0000b9d8       0x7c ./lmic/radio.o
 .text.configPower
                0x0000ba54       0x60 ./lmic/radio.o
 .text.txfsk    0x0000bab4       0xd8 ./lmic/radio.o
 .text.txlora   0x0000bb8c       0xb4 ./lmic/radio.o
 .text.starttx  0x0000bc40       0x38 ./lmic/radio.o
 .text.rxlora   0x0000bc78       0xd8 ./lmic/radio.o
 .text.rxfsk    0x0000bd50       0xe0 ./lmic/radio.o
 .text.startrx  0x0000be30       0x4c ./lmic/radio.o
 .text.radio_init
                0x0000be7c      0x16c ./lmic/radio.o
                0x0000be7c                radio_init
 .text.radio_rand1
                0x0000bfe8       0x4c ./lmic/radio.o
                0x0000bfe8                radio_rand1
 .text.radio_irq_handler
                0x0000c034      0x1ac ./lmic/radio.o
                0x0000c034                radio_irq_handler
 .text.os_radio
                0x0000c1e0       0x54 ./lmic/radio.o
                0x0000c1e0                os_radio
 .text.log_file_sys_setup
                0x0000c234       0xfc ./resource managers_src/app_manager.o
                0x0000c234                log_file_sys_setup
 .text.tbr_cmd_update_rgb_led
                0x0000c330       0x50 ./resource managers_src/app_manager.o
                0x0000c330                tbr_cmd_update_rgb_led
 .text.nmea0183_checksum
                0x0000c380       0x44 ./resource managers_src/app_manager.o
                0x0000c380                nmea0183_checksum
 .text.append_gps_status
                0x0000c3c4      0x3c8 ./resource managers_src/app_manager.o
                0x0000c3c4                append_gps_status
 .text.app_manager_init
                0x0000c78c      0x168 ./resource managers_src/app_manager.o
                0x0000c78c                app_manager_init
 .text.app_manager_tbr_synch_msg
                0x0000c8f4      0x190 ./resource managers_src/app_manager.o
                0x0000c8f4                app_manager_tbr_synch_msg
 .text.app_manager_get_lora_buffer
                0x0000ca84       0x64 ./resource managers_src/app_manager.o
                0x0000ca84                app_manager_get_lora_buffer
 .text.debug_file_sys_setup
                0x0000cae8       0xdc ./resource managers_src/app_manager.o
                0x0000cae8                debug_file_sys_setup
 .text.os_getArtEui
                0x0000cbc4       0x1c ./resource managers_src/lpwan_manager.o
                0x0000cbc4                os_getArtEui
 .text.os_getDevEui
                0x0000cbe0       0x1c ./resource managers_src/lpwan_manager.o
                0x0000cbe0                os_getDevEui
 .text.os_getDevKey
                0x0000cbfc       0x1c ./resource managers_src/lpwan_manager.o
                0x0000cbfc                os_getDevKey
 .text.lora_tx_function
                0x0000cc18       0x34 ./resource managers_src/lpwan_manager.o
 .text.setup_channel
                0x0000cc4c       0x60 ./resource managers_src/lpwan_manager.o
 .text.init_funct
                0x0000ccac       0x18 ./resource managers_src/lpwan_manager.o
 .text.app_funct
                0x0000ccc4      0x1a8 ./resource managers_src/lpwan_manager.o
 .text.lpwan_init
                0x0000ce6c       0x28 ./resource managers_src/lpwan_manager.o
                0x0000ce6c                lpwan_init
 .text.onEvent  0x0000ce94      0x1a8 ./resource managers_src/lpwan_manager.o
                0x0000ce94                onEvent
 .text.debug_function
                0x0000d03c       0x18 ./resource managers_src/lpwan_manager.o
                0x0000d03c                debug_function
 .text.SYSTEM_GetProdRev
                0x0000d054       0x1c ./src/main.o
 .text.CHIP_Init
                0x0000d070       0x3c ./src/main.o
 .text.main     0x0000d0ac       0x6c ./src/main.o
                0x0000d0ac                main
 .text          0x0000d118      0x370 c:/siliconlabs/simplicitystudio/v4/developer/toolchains/gnu_arm/4.9_2015q3/bin/../lib/gcc/arm-none-eabi/4.9.3/armv7-m\libgcc.a(_arm_addsubdf3.o)
                0x0000d118                __aeabi_drsub
                0x0000d120                __aeabi_dsub
                0x0000d120                __subdf3
                0x0000d124                __aeabi_dadd
                0x0000d124                __adddf3
                0x0000d39c                __floatunsidf
                0x0000d39c                __aeabi_ui2d
                0x0000d3bc                __floatsidf
                0x0000d3bc                __aeabi_i2d
                0x0000d3e0                __aeabi_f2d
                0x0000d3e0                __extendsfdf2
                0x0000d41c                __floatundidf
                0x0000d41c                __aeabi_ul2d
                0x0000d42c                __floatdidf
                0x0000d42c                __aeabi_l2d
 .text          0x0000d488      0x21c c:/siliconlabs/simplicitystudio/v4/developer/toolchains/gnu_arm/4.9_2015q3/bin/../lib/gcc/arm-none-eabi/4.9.3/armv7-m\libgcc.a(_arm_addsubsf3.o)
                0x0000d488                __aeabi_frsub
                0x0000d490                __subsf3
                0x0000d490                __aeabi_fsub
                0x0000d494                __aeabi_fadd
                0x0000d494                __addsf3
                0x0000d5f4                __aeabi_ui2f
                0x0000d5f4                __floatunsisf
                0x0000d5fc                __aeabi_i2f
                0x0000d5fc                __floatsisf
                0x0000d618                __aeabi_ul2f
                0x0000d618                __floatundisf
                0x0000d628                __aeabi_l2f
                0x0000d628                __floatdisf
 .text          0x0000d6a4      0x2a0 c:/siliconlabs/simplicitystudio/v4/developer/toolchains/gnu_arm/4.9_2015q3/bin/../lib/gcc/arm-none-eabi/4.9.3/armv7-m\libgcc.a(_arm_muldivsf3.o)
                0x0000d6a4                __mulsf3
                0x0000d6a4                __aeabi_fmul
                0x0000d80c                __aeabi_fdiv
                0x0000d80c                __divsf3
 .text          0x0000d944       0xec c:/siliconlabs/simplicitystudio/v4/developer/toolchains/gnu_arm/4.9_2015q3/bin/../lib/gcc/arm-none-eabi/4.9.3/armv7-m\libgcc.a(_arm_cmpsf2.o)
                0x0000d944                __gesf2
                0x0000d944                __gtsf2
                0x0000d94c                __lesf2
                0x0000d94c                __ltsf2
                0x0000d954                __nesf2
                0x0000d954                __eqsf2
                0x0000d954                __cmpsf2
                0x0000d9b4                __aeabi_cfrcmple
                0x0000d9bc                __aeabi_cfcmpeq
                0x0000d9bc                __aeabi_cfcmple
                0x0000d9cc                __aeabi_fcmpeq
                0x0000d9e0                __aeabi_fcmplt
                0x0000d9f4                __aeabi_fcmple
                0x0000da08                __aeabi_fcmpge
                0x0000da1c                __aeabi_fcmpgt
 .text          0x0000da30       0x4c c:/siliconlabs/simplicitystudio/v4/developer/toolchains/gnu_arm/4.9_2015q3/bin/../lib/gcc/arm-none-eabi/4.9.3/armv7-m\libgcc.a(_arm_fixsfsi.o)
                0x0000da30                __aeabi_f2iz
                0x0000da30                __fixsfsi
 .text          0x0000da7c       0x30 c:/siliconlabs/simplicitystudio/v4/developer/toolchains/gnu_arm/4.9_2015q3/bin/../lib/gcc/arm-none-eabi/4.9.3/armv7-m\libgcc.a(_aeabi_uldivmod.o)
                0x0000da7c                __aeabi_uldivmod
 .text          0x0000daac       0x60 c:/siliconlabs/simplicitystudio/v4/developer/toolchains/gnu_arm/4.9_2015q3/bin/../lib/gcc/arm-none-eabi/4.9.3/armv7-m\libgcc.a(bpabi.o)
                0x0000daac                __gnu_ldivmod_helper
                0x0000dadc                __gnu_uldivmod_helper
 .text          0x0000db0c        0x4 c:/siliconlabs/simplicitystudio/v4/developer/toolchains/gnu_arm/4.9_2015q3/bin/../lib/gcc/arm-none-eabi/4.9.3/armv7-m\libgcc.a(_dvmd_tls.o)
                0x0000db0c                __aeabi_idiv0
                0x0000db0c                __aeabi_ldiv0
 .text          0x0000db10      0x2ac c:/siliconlabs/simplicitystudio/v4/developer/toolchains/gnu_arm/4.9_2015q3/bin/../lib/gcc/arm-none-eabi/4.9.3/armv7-m\libgcc.a(_divdi3.o)
                0x0000db10                __divdi3
 .text          0x0000ddbc      0x270 c:/siliconlabs/simplicitystudio/v4/developer/toolchains/gnu_arm/4.9_2015q3/bin/../lib/gcc/arm-none-eabi/4.9.3/armv7-m\libgcc.a(_udivdi3.o)
                0x0000ddbc                __udivdi3
 .text.exit     0x0000e02c       0x28 c:/siliconlabs/simplicitystudio/v4/developer/toolchains/gnu_arm/4.9_2015q3/bin/../lib/gcc/arm-none-eabi/4.9.3/../../../../arm-none-eabi/lib/armv7-m\libc_nano.a(lib_a-exit.o)
                0x0000e02c                exit
 .text.__libc_init_array
                0x0000e054       0x4c c:/siliconlabs/simplicitystudio/v4/developer/toolchains/gnu_arm/4.9_2015q3/bin/../lib/gcc/arm-none-eabi/4.9.3/../../../../arm-none-eabi/lib/armv7-m\libc_nano.a(lib_a-init.o)
                0x0000e054                __libc_init_array
 .text.memcpy   0x0000e0a0       0x16 c:/siliconlabs/simplicitystudio/v4/developer/toolchains/gnu_arm/4.9_2015q3/bin/../lib/gcc/arm-none-eabi/4.9.3/../../../../arm-none-eabi/lib/armv7-m\libc_nano.a(lib_a-memcpy.o)
                0x0000e0a0                memcpy
 .text.memset   0x0000e0b6       0x10 c:/siliconlabs/simplicitystudio/v4/developer/toolchains/gnu_arm/4.9_2015q3/bin/../lib/gcc/arm-none-eabi/4.9.3/../../../../arm-none-eabi/lib/armv7-m\libc_nano.a(lib_a-memset.o)
                0x0000e0b6                memset
 .text.__cvt    0x0000e0c6       0xbc c:/siliconlabs/simplicitystudio/v4/developer/toolchains/gnu_arm/4.9_2015q3/bin/../lib/gcc/arm-none-eabi/4.9.3/../../../../arm-none-eabi/lib/armv7-m\libc_nano.a(lib_a-nano-vfprintf_float.o)
                0x0000e0c6                __cvt
 .text.__exponent
                0x0000e182       0x62 c:/siliconlabs/simplicitystudio/v4/developer/toolchains/gnu_arm/4.9_2015q3/bin/../lib/gcc/arm-none-eabi/4.9.3/../../../../arm-none-eabi/lib/armv7-m\libc_nano.a(lib_a-nano-vfprintf_float.o)
                0x0000e182                __exponent
 .text._printf_float
                0x0000e1e4      0x48c c:/siliconlabs/simplicitystudio/v4/developer/toolchains/gnu_arm/4.9_2015q3/bin/../lib/gcc/arm-none-eabi/4.9.3/../../../../arm-none-eabi/lib/armv7-m\libc_nano.a(lib_a-nano-vfprintf_float.o)
                0x0000e1e4                _printf_float
 .text._printf_common
                0x0000e670       0xea c:/siliconlabs/simplicitystudio/v4/developer/toolchains/gnu_arm/4.9_2015q3/bin/../lib/gcc/arm-none-eabi/4.9.3/../../../../arm-none-eabi/lib/armv7-m\libc_nano.a(lib_a-nano-vfprintf_i.o)
                0x0000e670                _printf_common
 *fill*         0x0000e75a        0x2 
 .text._printf_i
                0x0000e75c      0x240 c:/siliconlabs/simplicitystudio/v4/developer/toolchains/gnu_arm/4.9_2015q3/bin/../lib/gcc/arm-none-eabi/4.9.3/../../../../arm-none-eabi/lib/armv7-m\libc_nano.a(lib_a-nano-vfprintf_i.o)
                0x0000e75c                _printf_i
 .text.__fpclassifyd
                0x0000e99c       0x50 c:/siliconlabs/simplicitystudio/v4/developer/toolchains/gnu_arm/4.9_2015q3/bin/../lib/gcc/arm-none-eabi/4.9.3/../../../../arm-none-eabi/lib/armv7-m\libc_nano.a(lib_a-s_fpclassify.o)
                0x0000e99c                __fpclassifyd
 .text.sprintf  0x0000e9ec       0x48 c:/siliconlabs/simplicitystudio/v4/developer/toolchains/gnu_arm/4.9_2015q3/bin/../lib/gcc/arm-none-eabi/4.9.3/../../../../arm-none-eabi/lib/armv7-m\libc_nano.a(lib_a-sprintf.o)
                0x0000e9ec                siprintf
                0x0000e9ec                sprintf
 .text.strchr   0x0000ea34       0x1c c:/siliconlabs/simplicitystudio/v4/developer/toolchains/gnu_arm/4.9_2015q3/bin/../lib/gcc/arm-none-eabi/4.9.3/../../../../arm-none-eabi/lib/armv7-m\libc_nano.a(lib_a-strchr.o)
                0x0000ea34                strchr
 .text.strlen   0x0000ea50       0x10 c:/siliconlabs/simplicitystudio/v4/developer/toolchains/gnu_arm/4.9_2015q3/bin/../lib/gcc/arm-none-eabi/4.9.3/../../../../arm-none-eabi/lib/armv7-m\libc_nano.a(lib_a-strlen.o)
                0x0000ea50                strlen
 .text.strncmp  0x0000ea60       0x32 c:/siliconlabs/simplicitystudio/v4/developer/toolchains/gnu_arm/4.9_2015q3/bin/../lib/gcc/arm-none-eabi/4.9.3/../../../../arm-none-eabi/lib/armv7-m\libc_nano.a(lib_a-strncmp.o)
                0x0000ea60                strncmp
 .text.strstr   0x0000ea92       0x30 c:/siliconlabs/simplicitystudio/v4/developer/toolchains/gnu_arm/4.9_2015q3/bin/../lib/gcc/arm-none-eabi/4.9.3/../../../../arm-none-eabi/lib/armv7-m\libc_nano.a(lib_a-strstr.o)
                0x0000ea92                strstr
 *fill*         0x0000eac2        0x2 
 .text.strtok   0x0000eac4       0x64 c:/siliconlabs/simplicitystudio/v4/developer/toolchains/gnu_arm/4.9_2015q3/bin/../lib/gcc/arm-none-eabi/4.9.3/../../../../arm-none-eabi/lib/armv7-m\libc_nano.a(lib_a-strtok.o)
                0x0000eac4                strtok
 .text.__strtok_r
                0x0000eb28       0x56 c:/siliconlabs/simplicitystudio/v4/developer/toolchains/gnu_arm/4.9_2015q3/bin/../lib/gcc/arm-none-eabi/4.9.3/../../../../arm-none-eabi/lib/armv7-m\libc_nano.a(lib_a-strtok_r.o)
                0x0000eb28                __strtok_r
 *fill*         0x0000eb7e        0x2 
 .text._strtoul_r
                0x0000eb80       0xf8 c:/siliconlabs/simplicitystudio/v4/developer/toolchains/gnu_arm/4.9_2015q3/bin/../lib/gcc/arm-none-eabi/4.9.3/../../../../arm-none-eabi/lib/armv7-m\libc_nano.a(lib_a-strtoul.o)
                0x0000eb80                _strtoul_r
 .text.strtoul  0x0000ec78       0x1c c:/siliconlabs/simplicitystudio/v4/developer/toolchains/gnu_arm/4.9_2015q3/bin/../lib/gcc/arm-none-eabi/4.9.3/../../../../arm-none-eabi/lib/armv7-m\libc_nano.a(lib_a-strtoul.o)
                0x0000ec78                strtoul
 .text.quorem   0x0000ec94      0x114 c:/siliconlabs/simplicitystudio/v4/developer/toolchains/gnu_arm/4.9_2015q3/bin/../lib/gcc/arm-none-eabi/4.9.3/../../../../arm-none-eabi/lib/armv7-m\libc_nano.a(lib_a-dtoa.o)
 .text._dtoa_r  0x0000eda8      0xb74 c:/siliconlabs/simplicitystudio/v4/developer/toolchains/gnu_arm/4.9_2015q3/bin/../lib/gcc/arm-none-eabi/4.9.3/../../../../arm-none-eabi/lib/armv7-m\libc_nano.a(lib_a-dtoa.o)
                0x0000eda8                _dtoa_r
 .text._localeconv_r
                0x0000f91c        0x8 c:/siliconlabs/simplicitystudio/v4/developer/toolchains/gnu_arm/4.9_2015q3/bin/../lib/gcc/arm-none-eabi/4.9.3/../../../../arm-none-eabi/lib/armv7-m\libc_nano.a(lib_a-locale.o)
                0x0000f91c                _localeconv_r
 .text.malloc   0x0000f924       0x10 c:/siliconlabs/simplicitystudio/v4/developer/toolchains/gnu_arm/4.9_2015q3/bin/../lib/gcc/arm-none-eabi/4.9.3/../../../../arm-none-eabi/lib/armv7-m\libc_nano.a(lib_a-malloc.o)
                0x0000f924                malloc
 .text.memchr   0x0000f934       0x1c c:/siliconlabs/simplicitystudio/v4/developer/toolchains/gnu_arm/4.9_2015q3/bin/../lib/gcc/arm-none-eabi/4.9.3/../../../../arm-none-eabi/lib/armv7-m\libc_nano.a(lib_a-memchr.o)
                0x0000f934                memchr
 .text._Balloc  0x0000f950       0x6a c:/siliconlabs/simplicitystudio/v4/developer/toolchains/gnu_arm/4.9_2015q3/bin/../lib/gcc/arm-none-eabi/4.9.3/../../../../arm-none-eabi/lib/armv7-m\libc_nano.a(lib_a-mprec.o)
                0x0000f950                _Balloc
 .text._Bfree   0x0000f9ba       0x2e c:/siliconlabs/simplicitystudio/v4/developer/toolchains/gnu_arm/4.9_2015q3/bin/../lib/gcc/arm-none-eabi/4.9.3/../../../../arm-none-eabi/lib/armv7-m\libc_nano.a(lib_a-mprec.o)
                0x0000f9ba                _Bfree
 .text.__multadd
                0x0000f9e8       0x7c c:/siliconlabs/simplicitystudio/v4/developer/toolchains/gnu_arm/4.9_2015q3/bin/../lib/gcc/arm-none-eabi/4.9.3/../../../../arm-none-eabi/lib/armv7-m\libc_nano.a(lib_a-mprec.o)
                0x0000f9e8                __multadd
 .text.__hi0bits
                0x0000fa64       0x40 c:/siliconlabs/simplicitystudio/v4/developer/toolchains/gnu_arm/4.9_2015q3/bin/../lib/gcc/arm-none-eabi/4.9.3/../../../../arm-none-eabi/lib/armv7-m\libc_nano.a(lib_a-mprec.o)
                0x0000fa64                __hi0bits
 .text.__lo0bits
                0x0000faa4       0x5a c:/siliconlabs/simplicitystudio/v4/developer/toolchains/gnu_arm/4.9_2015q3/bin/../lib/gcc/arm-none-eabi/4.9.3/../../../../arm-none-eabi/lib/armv7-m\libc_nano.a(lib_a-mprec.o)
                0x0000faa4                __lo0bits
 .text.__i2b    0x0000fafe       0x12 c:/siliconlabs/simplicitystudio/v4/developer/toolchains/gnu_arm/4.9_2015q3/bin/../lib/gcc/arm-none-eabi/4.9.3/../../../../arm-none-eabi/lib/armv7-m\libc_nano.a(lib_a-mprec.o)
                0x0000fafe                __i2b
 .text.__multiply
                0x0000fb10      0x120 c:/siliconlabs/simplicitystudio/v4/developer/toolchains/gnu_arm/4.9_2015q3/bin/../lib/gcc/arm-none-eabi/4.9.3/../../../../arm-none-eabi/lib/armv7-m\libc_nano.a(lib_a-mprec.o)
                0x0000fb10                __multiply
 .text.__pow5mult
                0x0000fc30       0x9c c:/siliconlabs/simplicitystudio/v4/developer/toolchains/gnu_arm/4.9_2015q3/bin/../lib/gcc/arm-none-eabi/4.9.3/../../../../arm-none-eabi/lib/armv7-m\libc_nano.a(lib_a-mprec.o)
                0x0000fc30                __pow5mult
 .text.__lshift
                0x0000fccc       0xa6 c:/siliconlabs/simplicitystudio/v4/developer/toolchains/gnu_arm/4.9_2015q3/bin/../lib/gcc/arm-none-eabi/4.9.3/../../../../arm-none-eabi/lib/armv7-m\libc_nano.a(lib_a-mprec.o)
                0x0000fccc                __lshift
 .text.__mcmp   0x0000fd72       0x38 c:/siliconlabs/simplicitystudio/v4/developer/toolchains/gnu_arm/4.9_2015q3/bin/../lib/gcc/arm-none-eabi/4.9.3/../../../../arm-none-eabi/lib/armv7-m\libc_nano.a(lib_a-mprec.o)
                0x0000fd72                __mcmp
 .text.__mdiff  0x0000fdaa       0xbe c:/siliconlabs/simplicitystudio/v4/developer/toolchains/gnu_arm/4.9_2015q3/bin/../lib/gcc/arm-none-eabi/4.9.3/../../../../arm-none-eabi/lib/armv7-m\libc_nano.a(lib_a-mprec.o)
                0x0000fdaa                __mdiff
 .text.__d2b    0x0000fe68       0xa4 c:/siliconlabs/simplicitystudio/v4/developer/toolchains/gnu_arm/4.9_2015q3/bin/../lib/gcc/arm-none-eabi/4.9.3/../../../../arm-none-eabi/lib/armv7-m\libc_nano.a(lib_a-mprec.o)
                0x0000fe68                __d2b
 .text._calloc_r
                0x0000ff0c       0x1c c:/siliconlabs/simplicitystudio/v4/developer/toolchains/gnu_arm/4.9_2015q3/bin/../lib/gcc/arm-none-eabi/4.9.3/../../../../arm-none-eabi/lib/armv7-m\libc_nano.a(lib_a-nano-callocr.o)
                0x0000ff0c                _calloc_r
 .text._free_r  0x0000ff28       0x88 c:/siliconlabs/simplicitystudio/v4/developer/toolchains/gnu_arm/4.9_2015q3/bin/../lib/gcc/arm-none-eabi/4.9.3/../../../../arm-none-eabi/lib/armv7-m\libc_nano.a(lib_a-nano-freer.o)
                0x0000ff28                _free_r
 .text._malloc_r
                0x0000ffb0       0xac c:/siliconlabs/simplicitystudio/v4/developer/toolchains/gnu_arm/4.9_2015q3/bin/../lib/gcc/arm-none-eabi/4.9.3/../../../../arm-none-eabi/lib/armv7-m\libc_nano.a(lib_a-nano-mallocr.o)
                0x0000ffb0                _malloc_r
 .text.__ssputs_r
                0x0001005c       0xb2 c:/siliconlabs/simplicitystudio/v4/developer/toolchains/gnu_arm/4.9_2015q3/bin/../lib/gcc/arm-none-eabi/4.9.3/../../../../arm-none-eabi/lib/armv7-m\libc_nano.a(lib_a-nano-svfprintf.o)
                0x0001005c                __ssputs_r
 *fill*         0x0001010e        0x2 
 .text._svfprintf_r
                0x00010110      0x1e4 c:/siliconlabs/simplicitystudio/v4/developer/toolchains/gnu_arm/4.9_2015q3/bin/../lib/gcc/arm-none-eabi/4.9.3/../../../../arm-none-eabi/lib/armv7-m\libc_nano.a(lib_a-nano-svfprintf.o)
                0x00010110                _svfiprintf_r
                0x00010110                _svfprintf_r
 .text._sbrk_r  0x000102f4       0x20 c:/siliconlabs/simplicitystudio/v4/developer/toolchains/gnu_arm/4.9_2015q3/bin/../lib/gcc/arm-none-eabi/4.9.3/../../../../arm-none-eabi/lib/armv7-m\libc_nano.a(lib_a-sbrkr.o)
                0x000102f4                _sbrk_r
 .text.memmove  0x00010314       0x36 c:/siliconlabs/simplicitystudio/v4/developer/toolchains/gnu_arm/4.9_2015q3/bin/../lib/gcc/arm-none-eabi/4.9.3/../../../../arm-none-eabi/lib/armv7-m\libc_nano.a(lib_a-memmove.o)
                0x00010314                memmove
 .text._realloc_r
                0x0001034a       0x4c c:/siliconlabs/simplicitystudio/v4/developer/toolchains/gnu_arm/4.9_2015q3/bin/../lib/gcc/arm-none-eabi/4.9.3/../../../../arm-none-eabi/lib/armv7-m\libc_nano.a(lib_a-nano-reallocr.o)
                0x0001034a                _realloc_r
 .text._malloc_usable_size_r
                0x00010396       0x14 c:/siliconlabs/simplicitystudio/v4/developer/toolchains/gnu_arm/4.9_2015q3/bin/../lib/gcc/arm-none-eabi/4.9.3/../../../../arm-none-eabi/lib/armv7-m\libc_nano.a(lib_a-nano-msizer.o)
                0x00010396                _malloc_usable_size_r
 *fill*         0x000103aa        0x2 
 .text._sbrk    0x000103ac       0x1c c:/siliconlabs/simplicitystudio/v4/developer/toolchains/gnu_arm/4.9_2015q3/bin/../lib/gcc/arm-none-eabi/4.9.3/../../../../arm-none-eabi/lib/armv7-m\libnosys.a(sbrk.o)
                0x000103ac                _sbrk
 .text._exit    0x000103c8        0x4 c:/siliconlabs/simplicitystudio/v4/developer/toolchains/gnu_arm/4.9_2015q3/bin/../lib/gcc/arm-none-eabi/4.9.3/../../../../arm-none-eabi/lib/armv7-m\libnosys.a(_exit.o)
                0x000103c8                _exit
 .text          0x000103cc      0x424 c:/siliconlabs/simplicitystudio/v4/developer/toolchains/gnu_arm/4.9_2015q3/bin/../lib/gcc/arm-none-eabi/4.9.3/armv7-m\libgcc.a(_arm_muldivdf3.o)
                0x000103cc                __aeabi_dmul
                0x000103cc                __muldf3
                0x00010620                __divdf3
                0x00010620                __aeabi_ddiv
 .text          0x000107f0      0x110 c:/siliconlabs/simplicitystudio/v4/developer/toolchains/gnu_arm/4.9_2015q3/bin/../lib/gcc/arm-none-eabi/4.9.3/armv7-m\libgcc.a(_arm_cmpdf2.o)
                0x000107f0                __gtdf2
                0x000107f0                __gedf2
                0x000107f8                __ltdf2
                0x000107f8                __ledf2
                0x00010800                __nedf2
                0x00010800                __eqdf2
                0x00010800                __cmpdf2
                0x0001087c                __aeabi_cdrcmple
                0x0001088c                __aeabi_cdcmpeq
                0x0001088c                __aeabi_cdcmple
                0x0001089c                __aeabi_dcmpeq
                0x000108b0                __aeabi_dcmplt
                0x000108c4                __aeabi_dcmple
                0x000108d8                __aeabi_dcmpge
                0x000108ec                __aeabi_dcmpgt
 .text          0x00010900       0x50 c:/siliconlabs/simplicitystudio/v4/developer/toolchains/gnu_arm/4.9_2015q3/bin/../lib/gcc/arm-none-eabi/4.9.3/armv7-m\libgcc.a(_arm_fixdfsi.o)
                0x00010900                __aeabi_d2iz
                0x00010900                __fixdfsi
 *(.init)
 .init          0x00010950        0x4 c:/siliconlabs/simplicitystudio/v4/developer/toolchains/gnu_arm/4.9_2015q3/bin/../lib/gcc/arm-none-eabi/4.9.3/armv7-m/crti.o
                0x00010950                _init
 .init          0x00010954        0x8 c:/siliconlabs/simplicitystudio/v4/developer/toolchains/gnu_arm/4.9_2015q3/bin/../lib/gcc/arm-none-eabi/4.9.3/armv7-m/crtn.o
 *(.fini)
 .fini          0x0001095c        0x4 c:/siliconlabs/simplicitystudio/v4/developer/toolchains/gnu_arm/4.9_2015q3/bin/../lib/gcc/arm-none-eabi/4.9.3/armv7-m/crti.o
                0x0001095c                _fini
 .fini          0x00010960        0x8 c:/siliconlabs/simplicitystudio/v4/developer/toolchains/gnu_arm/4.9_2015q3/bin/../lib/gcc/arm-none-eabi/4.9.3/armv7-m/crtn.o
 *crtbegin.o(.ctors)
 *crtbegin?.o(.ctors)
 *(EXCLUDE_FILE(*crtend.o *crtend?.o) .ctors)
 *(SORT(.ctors.*))
 *(.ctors)
 *crtbegin.o(.dtors)
 *crtbegin?.o(.dtors)
 *(EXCLUDE_FILE(*crtend.o *crtend?.o) .dtors)
 *(SORT(.dtors.*))
 *(.dtors)
 *(.rodata*)
 .rodata        0x00010968      0x1e7 ./devices_src/tbr.o
 *fill*         0x00010b4f        0x1 
 .rodata.nav_pvt_gps_data
                0x00010b50        0x8 ./devices_src/ublox_gps.o
 .rodata.cfg_prt_spi
                0x00010b58       0x1c ./devices_src/ublox_gps.o
 .rodata.cfg_prt_usb
                0x00010b74       0x1c ./devices_src/ublox_gps.o
 .rodata.cfg_prt_ddc
                0x00010b90       0x1c ./devices_src/ublox_gps.o
 .rodata.cfg_pm2_on_off
                0x00010bac       0x34 ./devices_src/ublox_gps.o
 .rodata.cfg_sbas_disable
                0x00010be0       0x10 ./devices_src/ublox_gps.o
 .rodata.cfg_rxm_psm_mode
                0x00010bf0        0xa ./devices_src/ublox_gps.o
 *fill*         0x00010bfa        0x2 
 .rodata.cfg_rxm_poll_psm
                0x00010bfc        0x8 ./devices_src/ublox_gps.o
 .rodata        0x00010c04       0x1f ./devices_src/ublox_gps.o
 *fill*         0x00010c23        0x1 
 .rodata        0x00010c24       0x18 ./drivers_src/rs232.o
 .rodata        0x00010c3c       0x18 ./drivers_src/spi.o
 .rodata        0x00010c54        0xf ./fat_filesystem_src/ff.o
 *fill*         0x00010c63        0x1 
 .rodata        0x00010c64       0x37 ./hal/hal.o
 *fill*         0x00010c9b        0x1 
 .rodata.AES_RCON
                0x00010c9c       0x28 ./lmic/aes.o
 .rodata.AES_S  0x00010cc4      0x100 ./lmic/aes.o
 .rodata.AES_E1
                0x00010dc4      0x400 ./lmic/aes.o
 .rodata.AES_E2
                0x000111c4      0x400 ./lmic/aes.o
 .rodata.AES_E3
                0x000115c4      0x400 ./lmic/aes.o
 .rodata.AES_E4
                0x000119c4      0x400 ./lmic/aes.o
 .rodata._DR2RPS_CRC
                0x00011dc4        0xa ./lmic/lmic.o
                0x00011dc4                _DR2RPS_CRC
 *fill*         0x00011dce        0x2 
 .rodata.TXPOWLEVELS
                0x00011dd0       0x10 ./lmic/lmic.o
 .rodata.SENSITIVITY
                0x00011de0       0x15 ./lmic/lmic.o
 *fill*         0x00011df5        0x3 
 .rodata.DRADJUST
                0x00011df8        0xa ./lmic/lmic.o
 *fill*         0x00011e02        0x2 
 .rodata.DR2HSYM_osticks
                0x00011e04       0x20 ./lmic/lmic.o
 .rodata.iniChannelFreq
                0x00011e24       0x30 ./lmic/lmic.o
 .rodata.rxlorairqmask
                0x00011e54        0x3 ./lmic/radio.o
 *fill*         0x00011e57        0x1 
 .rodata.LORA_RXDONE_FIXUP
                0x00011e58        0xe ./lmic/radio.o
 *fill*         0x00011e66        0x2 
 .rodata        0x00011e68      0x1c3 ./resource managers_src/app_manager.o
 *fill*         0x0001202b        0x1 
 .rodata.APPEUI
                0x0001202c        0x8 ./resource managers_src/lpwan_manager.o
 .rodata.DEVEUI
                0x00012034        0x8 ./resource managers_src/lpwan_manager.o
 .rodata.DEVKEY
                0x0001203c       0x10 ./resource managers_src/lpwan_manager.o
 .rodata        0x0001204c      0x19d ./resource managers_src/lpwan_manager.o
 *fill*         0x000121e9        0x3 
 .rodata        0x000121ec       0x3e ./src/main.o
 .rodata.str1.1
                0x0001222a        0x2 c:/siliconlabs/simplicitystudio/v4/developer/toolchains/gnu_arm/4.9_2015q3/bin/../lib/gcc/arm-none-eabi/4.9.3/../../../../arm-none-eabi/lib/armv7-m\libc_nano.a(lib_a-impure.o)
 .rodata._global_impure_ptr
                0x0001222c        0x4 c:/siliconlabs/simplicitystudio/v4/developer/toolchains/gnu_arm/4.9_2015q3/bin/../lib/gcc/arm-none-eabi/4.9.3/../../../../arm-none-eabi/lib/armv7-m\libc_nano.a(lib_a-impure.o)
                0x0001222c                _global_impure_ptr
 .rodata.str1.1
                0x00012230       0x12 c:/siliconlabs/simplicitystudio/v4/developer/toolchains/gnu_arm/4.9_2015q3/bin/../lib/gcc/arm-none-eabi/4.9.3/../../../../arm-none-eabi/lib/armv7-m\libc_nano.a(lib_a-nano-vfprintf_float.o)
 .rodata.str1.1
                0x00012242       0x22 c:/siliconlabs/simplicitystudio/v4/developer/toolchains/gnu_arm/4.9_2015q3/bin/../lib/gcc/arm-none-eabi/4.9.3/../../../../arm-none-eabi/lib/armv7-m\libc_nano.a(lib_a-nano-vfprintf_i.o)
 .rodata._ctype_
                0x00012264      0x101 c:/siliconlabs/simplicitystudio/v4/developer/toolchains/gnu_arm/4.9_2015q3/bin/../lib/gcc/arm-none-eabi/4.9.3/../../../../arm-none-eabi/lib/armv7-m\libc_nano.a(lib_a-ctype_.o)
                0x00012264                _ctype_
 .rodata.str1.1
                0x00012365        0xd c:/siliconlabs/simplicitystudio/v4/developer/toolchains/gnu_arm/4.9_2015q3/bin/../lib/gcc/arm-none-eabi/4.9.3/../../../../arm-none-eabi/lib/armv7-m\libc_nano.a(lib_a-dtoa.o)
                                  0xf (size before relaxing)
 .rodata.str1.1
                0x00012372        0x8 c:/siliconlabs/simplicitystudio/v4/developer/toolchains/gnu_arm/4.9_2015q3/bin/../lib/gcc/arm-none-eabi/4.9.3/../../../../arm-none-eabi/lib/armv7-m\libc_nano.a(lib_a-locale.o)
                                  0xb (size before relaxing)
 *fill*         0x0001237a        0x6 
 .rodata.__mprec_tens
                0x00012380       0xc8 c:/siliconlabs/simplicitystudio/v4/developer/toolchains/gnu_arm/4.9_2015q3/bin/../lib/gcc/arm-none-eabi/4.9.3/../../../../arm-none-eabi/lib/armv7-m\libc_nano.a(lib_a-mprec.o)
                0x00012380                __mprec_tens
 .rodata.__mprec_bigtens
                0x00012448       0x28 c:/siliconlabs/simplicitystudio/v4/developer/toolchains/gnu_arm/4.9_2015q3/bin/../lib/gcc/arm-none-eabi/4.9.3/../../../../arm-none-eabi/lib/armv7-m\libc_nano.a(lib_a-mprec.o)
                0x00012448                __mprec_bigtens
 .rodata.p05.5314
                0x00012470        0xc c:/siliconlabs/simplicitystudio/v4/developer/toolchains/gnu_arm/4.9_2015q3/bin/../lib/gcc/arm-none-eabi/4.9.3/../../../../arm-none-eabi/lib/armv7-m\libc_nano.a(lib_a-mprec.o)
 .rodata.str1.1
                0x0001247c       0x11 c:/siliconlabs/simplicitystudio/v4/developer/toolchains/gnu_arm/4.9_2015q3/bin/../lib/gcc/arm-none-eabi/4.9.3/../../../../arm-none-eabi/lib/armv7-m\libc_nano.a(lib_a-nano-svfprintf.o)
 *(.eh_frame*)
 *fill*         0x0001248d        0x3 
 .eh_frame      0x00012490        0x0 c:/siliconlabs/simplicitystudio/v4/developer/toolchains/gnu_arm/4.9_2015q3/bin/../lib/gcc/arm-none-eabi/4.9.3/armv7-m/crtbegin.o
 .eh_frame      0x00012490        0x0 c:/siliconlabs/simplicitystudio/v4/developer/toolchains/gnu_arm/4.9_2015q3/bin/../lib/gcc/arm-none-eabi/4.9.3/../../../../arm-none-eabi/lib/armv7-m\libc_nano.a(lib_a-strcmp.o)
                                 0x28 (size before relaxing)
 .eh_frame      0x00012490        0x4 c:/siliconlabs/simplicitystudio/v4/developer/toolchains/gnu_arm/4.9_2015q3/bin/../lib/gcc/arm-none-eabi/4.9.3/armv7-m/crtend.o

.glue_7         0x00012494        0x0
 .glue_7        0x00000000        0x0 linker stubs

.glue_7t        0x00012494        0x0
 .glue_7t       0x00000000        0x0 linker stubs

.vfp11_veneer   0x00012494        0x0
 .vfp11_veneer  0x00000000        0x0 linker stubs

.v4_bx          0x00012494        0x0
 .v4_bx         0x00000000        0x0 linker stubs

.iplt           0x00012494        0x0
 .iplt          0x00000000        0x0 c:/siliconlabs/simplicitystudio/v4/developer/toolchains/gnu_arm/4.9_2015q3/bin/../lib/gcc/arm-none-eabi/4.9.3/armv7-m/crtbegin.o

.ARM.extab
 *(.ARM.extab* .gnu.linkonce.armextab.*)
                0x00012494                __exidx_start = .

.ARM.exidx      0x00012494        0x8
 *(.ARM.exidx* .gnu.linkonce.armexidx.*)
 .ARM.exidx     0x00012494        0x8 c:/siliconlabs/simplicitystudio/v4/developer/toolchains/gnu_arm/4.9_2015q3/bin/../lib/gcc/arm-none-eabi/4.9.3/../../../../arm-none-eabi/lib/armv7-m/crt0.o
 .ARM.exidx     0x0001249c        0x0 c:/siliconlabs/simplicitystudio/v4/developer/toolchains/gnu_arm/4.9_2015q3/bin/../lib/gcc/arm-none-eabi/4.9.3/armv7-m\libgcc.a(_divdi3.o)
                                  0x8 (size before relaxing)
 .ARM.exidx     0x0001249c        0x0 c:/siliconlabs/simplicitystudio/v4/developer/toolchains/gnu_arm/4.9_2015q3/bin/../lib/gcc/arm-none-eabi/4.9.3/armv7-m\libgcc.a(_udivdi3.o)
                                  0x8 (size before relaxing)
                0x0001249c                __exidx_end = .
                0x0001249c                __etext = .

.rel.dyn        0x0001249c        0x0
 .rel.iplt      0x00000000        0x0 c:/siliconlabs/simplicitystudio/v4/developer/toolchains/gnu_arm/4.9_2015q3/bin/../lib/gcc/arm-none-eabi/4.9.3/armv7-m/crtbegin.o

.data           0x20000000       0xc4 load address 0x0001249c
                0x20000000                __data_start__ = .
 *(vtable)
 *(.data*)
 .data.SystemHFXOClock
                0x20000000        0x4 ./CMSIS/EFM32GG/system_efm32gg.o
 .data.SystemLFXOClock
                0x20000004        0x4 ./CMSIS/EFM32GG/system_efm32gg.o
 .data.SystemCoreClock
                0x20000008        0x4 ./CMSIS/EFM32GG/system_efm32gg.o
                0x20000008                SystemCoreClock
 .data.tbr_backoff_delay
                0x2000000c        0x1 ./devices_src/tbr.o
 .data.isr_rx_tx_char
                0x2000000d        0x1 ./drivers_src/rs485.o
 *fill*         0x2000000e        0x2 
 .data.one_sec_top_ref
                0x20000010        0x4 ./hal/hal.o
 .data.last_letimer_count
                0x20000014        0x4 ./hal/hal.o
 .data.impure_data
                0x20000018       0x60 c:/siliconlabs/simplicitystudio/v4/developer/toolchains/gnu_arm/4.9_2015q3/bin/../lib/gcc/arm-none-eabi/4.9.3/../../../../arm-none-eabi/lib/armv7-m\libc_nano.a(lib_a-impure.o)
 .data._impure_ptr
                0x20000078        0x4 c:/siliconlabs/simplicitystudio/v4/developer/toolchains/gnu_arm/4.9_2015q3/bin/../lib/gcc/arm-none-eabi/4.9.3/../../../../arm-none-eabi/lib/armv7-m\libc_nano.a(lib_a-impure.o)
                0x20000078                _impure_ptr
 .data.__ctype_ptr__
                0x2000007c        0x4 c:/siliconlabs/simplicitystudio/v4/developer/toolchains/gnu_arm/4.9_2015q3/bin/../lib/gcc/arm-none-eabi/4.9.3/../../../../arm-none-eabi/lib/armv7-m\libc_nano.a(lib_a-ctype_.o)
                0x2000007c                __ctype_ptr__
 .data.lconv    0x20000080       0x38 c:/siliconlabs/simplicitystudio/v4/developer/toolchains/gnu_arm/4.9_2015q3/bin/../lib/gcc/arm-none-eabi/4.9.3/../../../../arm-none-eabi/lib/armv7-m\libc_nano.a(lib_a-locale.o)
                0x200000b8                . = ALIGN (0x4)
 *(.ram)
                0x200000b8                . = ALIGN (0x4)
                0x200000b8                PROVIDE (__preinit_array_start, .)
 *(.preinit_array)
                0x200000b8                PROVIDE (__preinit_array_end, .)
                0x200000b8                . = ALIGN (0x4)
                0x200000b8                PROVIDE (__init_array_start, .)
 *(SORT(.init_array.*))
 *(.init_array)
 .init_array    0x200000b8        0x4 c:/siliconlabs/simplicitystudio/v4/developer/toolchains/gnu_arm/4.9_2015q3/bin/../lib/gcc/arm-none-eabi/4.9.3/armv7-m/crtbegin.o
                0x200000bc                PROVIDE (__init_array_end, .)
                0x200000bc                . = ALIGN (0x4)
                0x200000bc                PROVIDE (__fini_array_start, .)
 *(SORT(.fini_array.*))
 *(.fini_array)
 .fini_array    0x200000bc        0x4 c:/siliconlabs/simplicitystudio/v4/developer/toolchains/gnu_arm/4.9_2015q3/bin/../lib/gcc/arm-none-eabi/4.9.3/armv7-m/crtbegin.o
                0x200000c0                PROVIDE (__fini_array_end, .)
 *(.jcr*)
 .jcr           0x200000c0        0x0 c:/siliconlabs/simplicitystudio/v4/developer/toolchains/gnu_arm/4.9_2015q3/bin/../lib/gcc/arm-none-eabi/4.9.3/armv7-m/crtbegin.o
 .jcr           0x200000c0        0x4 c:/siliconlabs/simplicitystudio/v4/developer/toolchains/gnu_arm/4.9_2015q3/bin/../lib/gcc/arm-none-eabi/4.9.3/armv7-m/crtend.o
                0x200000c4                . = ALIGN (0x4)
                0x200000c4                __data_end__ = .

.igot.plt       0x200000c4        0x0 load address 0x00012560
 .igot.plt      0x00000000        0x0 c:/siliconlabs/simplicitystudio/v4/developer/toolchains/gnu_arm/4.9_2015q3/bin/../lib/gcc/arm-none-eabi/4.9.3/armv7-m/crtbegin.o

.bss            0x200000c8     0x1ddc load address 0x00012568
                0x200000c8                . = ALIGN (0x4)
                0x200000c8                __bss_start__ = .
 *(.bss*)
 .bss           0x200000c8       0x1c c:/siliconlabs/simplicitystudio/v4/developer/toolchains/gnu_arm/4.9_2015q3/bin/../lib/gcc/arm-none-eabi/4.9.3/armv7-m/crtbegin.o
 .bss.array_msg
                0x200000e4      0x400 ./devices_src/tbr.o
 .bss.array_size
                0x200004e4        0x4 ./devices_src/tbr.o
 .bss.array_front
                0x200004e8        0x4 ./devices_src/tbr.o
 .bss.array_rear
                0x200004ec        0x4 ./devices_src/tbr.o
 .bss.incomplete_ack_flag
                0x200004f0        0x1 ./devices_src/tbr.o
 *fill*         0x200004f1        0x3 
 .bss.cum_detections_counter
                0x200004f4        0x4 ./devices_src/tbr.o
                0x200004f4                cum_detections_counter
 .bss.cum_temp_counter
                0x200004f8        0x4 ./devices_src/tbr.o
                0x200004f8                cum_temp_counter
 .bss.last_broken_message_flag.7084
                0x200004fc        0x1 ./devices_src/tbr.o
 .bss.last_broken_message_size.7085
                0x200004fd        0x1 ./devices_src/tbr.o
 *fill*         0x200004fe        0x2 
 .bss.broken_msg_buf.7083
                0x20000500       0x40 ./devices_src/tbr.o
 .bss.current_rx_fifo
                0x20000540        0x1 ./drivers_src/rs485.o
 .bss.init_flag
                0x20000541        0x1 ./fat_filesystem_src/diskio.o
 *fill*         0x20000542        0x2 
 .bss.FatFs     0x20000544        0x4 ./fat_filesystem_src/ff.o
 .bss.Fsid      0x20000548        0x2 ./fat_filesystem_src/ff.o
 *fill*         0x2000054a        0x2 
 .bss.fifo_rx_size
                0x2000054c        0x4 ./fifo_buffers_src/fifo_rs232.o
 .bss.fifo_tx_size
                0x20000550        0x4 ./fifo_buffers_src/fifo_rs232.o
 .bss.fifo_rx_front
                0x20000554        0x4 ./fifo_buffers_src/fifo_rs232.o
 .bss.fifo_tx_front
                0x20000558        0x4 ./fifo_buffers_src/fifo_rs232.o
 .bss.fifo_rx_rear
                0x2000055c        0x4 ./fifo_buffers_src/fifo_rs232.o
 .bss.fifo_tx_rear
                0x20000560        0x4 ./fifo_buffers_src/fifo_rs232.o
 .bss.fifo_tx   0x20000564      0x200 ./fifo_buffers_src/fifo_rs232.o
 .bss.fifo_rx   0x20000764       0x10 ./fifo_buffers_src/fifo_rs232.o
 .bss.fifo_rx_data_size
                0x20000774        0x4 ./fifo_buffers_src/fifo_tbr.o
 .bss.fifo_rx_cmd_size
                0x20000778        0x4 ./fifo_buffers_src/fifo_tbr.o
 .bss.fifo_tx_cmd_size
                0x2000077c        0x4 ./fifo_buffers_src/fifo_tbr.o
 .bss.fifo_rx_cmd_front
                0x20000780        0x4 ./fifo_buffers_src/fifo_tbr.o
 .bss.fifo_tx_cmd_front
                0x20000784        0x4 ./fifo_buffers_src/fifo_tbr.o
 .bss.fifo_rx_data_front
                0x20000788        0x4 ./fifo_buffers_src/fifo_tbr.o
 .bss.fifo_rx_cmd_rear
                0x2000078c        0x4 ./fifo_buffers_src/fifo_tbr.o
 .bss.fifo_tx_cmd_rear
                0x20000790        0x4 ./fifo_buffers_src/fifo_tbr.o
 .bss.fifo_rx_data_rear
                0x20000794        0x4 ./fifo_buffers_src/fifo_tbr.o
 .bss.fifo_tx_cmd
                0x20000798       0x10 ./fifo_buffers_src/fifo_tbr.o
 .bss.fifo_rx_cmd
                0x200007a8        0x0 ./fifo_buffers_src/fifo_tbr.o
 .bss.fifo_rx_data
                0x200007a8      0x400 ./fifo_buffers_src/fifo_tbr.o
 .bss.HAL       0x20000ba8        0x8 ./hal/hal.o
 .bss.letimer_running
                0x20000bb0        0x1 ./hal/hal.o
 *fill*         0x20000bb1        0x1 
 .bss.average_n
                0x20000bb2        0x2 ./hal/hal.o
 .bss.avergae_sum
                0x20000bb4        0x4 ./hal/hal.o
 .bss.ref_count
                0x20000bb8        0x4 ./hal/hal.o
 .bss.time_manager_cmd
                0x20000bbc        0x1 ./hal/hal.o
 *fill*         0x20000bbd        0x3 
 .bss.time_count
                0x20000bc0        0x4 ./hal/hal.o
 .bss.rtcInitialized
                0x20000bc4        0x1 ./hal/hal.o
 *fill*         0x20000bc5        0x3 
 .bss.rtcFreq   0x20000bc8        0x4 ./hal/hal.o
 .bss.irqlevel  0x20000bcc        0x1 ./hal/hal.o
 .bss.int_flag  0x20000bcd        0x1 ./hal/hal.o
 *fill*         0x20000bce        0x2 
 .bss.OS        0x20000bd0        0x8 ./lmic/oslmic.o
 .bss.randbuf   0x20000bd8       0x10 ./lmic/radio.o
 .bss.FatFs     0x20000be8      0x230 ./resource managers_src/app_manager.o
 .bss.tbr_lora_length
                0x20000e18        0x4 ./resource managers_src/app_manager.o
 .bss.tbr_lora_buf
                0x20000e1c      0x400 ./resource managers_src/app_manager.o
 .bss.tbr_sd_card_buf
                0x2000121c      0x400 ./resource managers_src/app_manager.o
 .bss.rs232_tx_buf
                0x2000161c      0x200 ./resource managers_src/app_manager.o
 .bss.init_job  0x2000181c        0xc ./resource managers_src/lpwan_manager.o
 .bss.app_job   0x20001828        0xc ./resource managers_src/lpwan_manager.o
 .bss.lora_msg_length
                0x20001834        0x1 ./src/main.o
                0x20001834                lora_msg_length
 *fill*         0x20001835        0x3 
 .bss.__malloc_sbrk_start
                0x20001838        0x4 c:/siliconlabs/simplicitystudio/v4/developer/toolchains/gnu_arm/4.9_2015q3/bin/../lib/gcc/arm-none-eabi/4.9.3/../../../../arm-none-eabi/lib/armv7-m\libc_nano.a(lib_a-nano-mallocr.o)
                0x20001838                __malloc_sbrk_start
 .bss.__malloc_free_list
                0x2000183c        0x4 c:/siliconlabs/simplicitystudio/v4/developer/toolchains/gnu_arm/4.9_2015q3/bin/../lib/gcc/arm-none-eabi/4.9.3/../../../../arm-none-eabi/lib/armv7-m\libc_nano.a(lib_a-nano-mallocr.o)
                0x2000183c                __malloc_free_list
 .bss.heap_end.4079
                0x20001840        0x4 c:/siliconlabs/simplicitystudio/v4/developer/toolchains/gnu_arm/4.9_2015q3/bin/../lib/gcc/arm-none-eabi/4.9.3/../../../../arm-none-eabi/lib/armv7-m\libnosys.a(sbrk.o)
 *(COMMON)
 COMMON         0x20001844       0x80 ./devices_src/tbr.o
                0x20001844                resuable_buffer
 COMMON         0x200018c4       0x84 ./hal/hal.o
                0x200018c4                irqState
                0x200018c8                temp_buf
 COMMON         0x20001948       0xc0 ./lmic/aes.o
                0x20001948                AESKEY
                0x200019f8                AESAUX
 COMMON         0x20001a08      0x244 ./lmic/lmic.o
                0x20001a08                LMIC
 COMMON         0x20001c4c       0x54 ./resource managers_src/lpwan_manager.o
                0x20001c4c                diff_in_tstamp
                0x20001c50                running_tstamp
                0x20001c78                ref_tstamp
 COMMON         0x20001ca0      0x200 ./src/main.o
                0x20001ca0                lora_buffer
 COMMON         0x20001ea0        0x4 c:/siliconlabs/simplicitystudio/v4/developer/toolchains/gnu_arm/4.9_2015q3/bin/../lib/gcc/arm-none-eabi/4.9.3/../../../../arm-none-eabi/lib/armv7-m\libc_nano.a(lib_a-reent.o)
                0x20001ea0                errno
                0x20001ea4                . = ALIGN (0x4)
                0x20001ea4                __bss_end__ = .

.heap           0x20001ea8      0xc00
                0x20001ea8                __HeapBase = .
                0x20001ea8                __end__ = .
                0x20001ea8                end = __end__
                0x20001ea8                _end = __end__
 *(.heap*)
 .heap          0x20001ea8      0xc00 ./CMSIS/EFM32GG/startup_efm32gg.o
                0x20002aa8                __HeapLimit = .

.stack_dummy    0x20001ea8      0x400
 *(.stack*)
 .stack         0x20001ea8      0x400 ./CMSIS/EFM32GG/startup_efm32gg.o
                0x20020000                __StackTop = (ORIGIN (RAM) + 0x20000)
                0x2001fc00                __StackLimit = (__StackTop - SIZEOF (.stack_dummy))
                0x20020000                PROVIDE (__stack, __StackTop)
                0x00000001                ASSERT ((__StackLimit >= __HeapLimit), region RAM overflowed with stack)
                0x00000001                ASSERT ((0x100000 >= (__etext + SIZEOF (.data))), FLASH memory overflowed !)
OUTPUT(lmic_and_testproject_iA.axf elf32-littlearm)

.ARM.attributes
                0x00000000       0x29
 .ARM.attributes
                0x00000000       0x1d c:/siliconlabs/simplicitystudio/v4/developer/toolchains/gnu_arm/4.9_2015q3/bin/../lib/gcc/arm-none-eabi/4.9.3/armv7-m/crti.o
 .ARM.attributes
                0x0000001d       0x2d c:/siliconlabs/simplicitystudio/v4/developer/toolchains/gnu_arm/4.9_2015q3/bin/../lib/gcc/arm-none-eabi/4.9.3/armv7-m/crtbegin.o
 .ARM.attributes
                0x0000004a       0x1b c:/siliconlabs/simplicitystudio/v4/developer/toolchains/gnu_arm/4.9_2015q3/bin/../lib/gcc/arm-none-eabi/4.9.3/../../../../arm-none-eabi/lib/armv7-m/crt0.o
 .ARM.attributes
                0x00000065       0x1b ./CMSIS/EFM32GG/startup_efm32gg.o
 .ARM.attributes
                0x00000080       0x33 ./CMSIS/EFM32GG/system_efm32gg.o
 .ARM.attributes
                0x000000b3       0x33 ./devices_src/rgb_led.o
 .ARM.attributes
                0x000000e6       0x33 ./devices_src/sd_card.o
 .ARM.attributes
                0x00000119       0x33 ./devices_src/tbr.o
 .ARM.attributes
                0x0000014c       0x33 ./devices_src/ublox_gps.o
 .ARM.attributes
                0x0000017f       0x33 ./drivers_src/delay.o
 .ARM.attributes
                0x000001b2       0x33 ./drivers_src/pwm.o
 .ARM.attributes
                0x000001e5       0x33 ./drivers_src/rs232.o
 .ARM.attributes
                0x00000218       0x33 ./drivers_src/rs485.o
 .ARM.attributes
                0x0000024b       0x33 ./drivers_src/spi.o
 .ARM.attributes
                0x0000027e       0x33 ./emlib/src/em_burtc.o
 .ARM.attributes
                0x000002b1       0x33 ./emlib/src/em_cmu.o
 .ARM.attributes
                0x000002e4       0x33 ./emlib/src/em_core.o
 .ARM.attributes
                0x00000317       0x33 ./emlib/src/em_dma.o
 .ARM.attributes
                0x0000034a       0x33 ./emlib/src/em_gpio.o
 .ARM.attributes
                0x0000037d       0x33 ./emlib/src/em_letimer.o