Archive member included because of file (symbol)

c:/siliconlabs/simplicitystudio/v4/developer/toolchains/gnu_arm/4.9_2015q3/bin/../lib/gcc/arm-none-eabi/4.9.3/armv7-m\libgcc.a(_arm_addsubdf3.o)
                              ./resource managers_src/app_manager.o (__aeabi_f2d)
c:/siliconlabs/simplicitystudio/v4/developer/toolchains/gnu_arm/4.9_2015q3/bin/../lib/gcc/arm-none-eabi/4.9.3/armv7-m\libgcc.a(_arm_addsubsf3.o)
                              ./resource managers_src/app_manager.o (__aeabi_fsub)
c:/siliconlabs/simplicitystudio/v4/developer/toolchains/gnu_arm/4.9_2015q3/bin/../lib/gcc/arm-none-eabi/4.9.3/armv7-m\libgcc.a(_arm_muldivsf3.o)
                              ./resource managers_src/app_manager.o (__aeabi_fmul)
c:/siliconlabs/simplicitystudio/v4/developer/toolchains/gnu_arm/4.9_2015q3/bin/../lib/gcc/arm-none-eabi/4.9.3/armv7-m\libgcc.a(_arm_cmpsf2.o)
                              ./resource managers_src/app_manager.o (__aeabi_fcmplt)
c:/siliconlabs/simplicitystudio/v4/developer/toolchains/gnu_arm/4.9_2015q3/bin/../lib/gcc/arm-none-eabi/4.9.3/armv7-m\libgcc.a(_arm_fixsfsi.o)
                              ./resource managers_src/app_manager.o (__aeabi_f2iz)
c:/siliconlabs/simplicitystudio/v4/developer/toolchains/gnu_arm/4.9_2015q3/bin/../lib/gcc/arm-none-eabi/4.9.3/armv7-m\libgcc.a(_aeabi_uldivmod.o)
                              ./emlib/src/em_usart.o (__aeabi_uldivmod)
c:/siliconlabs/simplicitystudio/v4/developer/toolchains/gnu_arm/4.9_2015q3/bin/../lib/gcc/arm-none-eabi/4.9.3/armv7-m\libgcc.a(bpabi.o)
                              c:/siliconlabs/simplicitystudio/v4/developer/toolchains/gnu_arm/4.9_2015q3/bin/../lib/gcc/arm-none-eabi/4.9.3/armv7-m\libgcc.a(_aeabi_uldivmod.o) (__gnu_uldivmod_helper)
c:/siliconlabs/simplicitystudio/v4/developer/toolchains/gnu_arm/4.9_2015q3/bin/../lib/gcc/arm-none-eabi/4.9.3/armv7-m\libgcc.a(_dvmd_tls.o)
                              c:/siliconlabs/simplicitystudio/v4/developer/toolchains/gnu_arm/4.9_2015q3/bin/../lib/gcc/arm-none-eabi/4.9.3/armv7-m\libgcc.a(_aeabi_uldivmod.o) (__aeabi_ldiv0)
c:/siliconlabs/simplicitystudio/v4/developer/toolchains/gnu_arm/4.9_2015q3/bin/../lib/gcc/arm-none-eabi/4.9.3/armv7-m\libgcc.a(_divdi3.o)
                              c:/siliconlabs/simplicitystudio/v4/developer/toolchains/gnu_arm/4.9_2015q3/bin/../lib/gcc/arm-none-eabi/4.9.3/armv7-m\libgcc.a(bpabi.o) (__divdi3)
c:/siliconlabs/simplicitystudio/v4/developer/toolchains/gnu_arm/4.9_2015q3/bin/../lib/gcc/arm-none-eabi/4.9.3/armv7-m\libgcc.a(_udivdi3.o)
                              c:/siliconlabs/simplicitystudio/v4/developer/toolchains/gnu_arm/4.9_2015q3/bin/../lib/gcc/arm-none-eabi/4.9.3/armv7-m\libgcc.a(bpabi.o) (__udivdi3)
c:/siliconlabs/simplicitystudio/v4/developer/toolchains/gnu_arm/4.9_2015q3/bin/../lib/gcc/arm-none-eabi/4.9.3/../../../../arm-none-eabi/lib/armv7-m\libc_nano.a(lib_a-exit.o)
                              c:/siliconlabs/simplicitystudio/v4/developer/toolchains/gnu_arm/4.9_2015q3/bin/../lib/gcc/arm-none-eabi/4.9.3/../../../../arm-none-eabi/lib/armv7-m/crt0.o (exit)
c:/siliconlabs/simplicitystudio/v4/developer/toolchains/gnu_arm/4.9_2015q3/bin/../lib/gcc/arm-none-eabi/4.9.3/../../../../arm-none-eabi/lib/armv7-m\libc_nano.a(lib_a-impure.o)
                              c:/siliconlabs/simplicitystudio/v4/developer/toolchains/gnu_arm/4.9_2015q3/bin/../lib/gcc/arm-none-eabi/4.9.3/../../../../arm-none-eabi/lib/armv7-m\libc_nano.a(lib_a-exit.o) (_global_impure_ptr)
c:/siliconlabs/simplicitystudio/v4/developer/toolchains/gnu_arm/4.9_2015q3/bin/../lib/gcc/arm-none-eabi/4.9.3/../../../../arm-none-eabi/lib/armv7-m\libc_nano.a(lib_a-init.o)
                              c:/siliconlabs/simplicitystudio/v4/developer/toolchains/gnu_arm/4.9_2015q3/bin/../lib/gcc/arm-none-eabi/4.9.3/../../../../arm-none-eabi/lib/armv7-m/crt0.o (__libc_init_array)
c:/siliconlabs/simplicitystudio/v4/developer/toolchains/gnu_arm/4.9_2015q3/bin/../lib/gcc/arm-none-eabi/4.9.3/../../../../arm-none-eabi/lib/armv7-m\libc_nano.a(lib_a-memcpy.o)
                              ./lmic/lmic.o (memcpy)
c:/siliconlabs/simplicitystudio/v4/developer/toolchains/gnu_arm/4.9_2015q3/bin/../lib/gcc/arm-none-eabi/4.9.3/../../../../arm-none-eabi/lib/armv7-m\libc_nano.a(lib_a-memset.o)
                              c:/siliconlabs/simplicitystudio/v4/developer/toolchains/gnu_arm/4.9_2015q3/bin/../lib/gcc/arm-none-eabi/4.9.3/../../../../arm-none-eabi/lib/armv7-m/crt0.o (memset)
c:/siliconlabs/simplicitystudio/v4/developer/toolchains/gnu_arm/4.9_2015q3/bin/../lib/gcc/arm-none-eabi/4.9.3/../../../../arm-none-eabi/lib/armv7-m\libc_nano.a(lib_a-nano-vfprintf_float.o)
                              (_printf_float)
c:/siliconlabs/simplicitystudio/v4/developer/toolchains/gnu_arm/4.9_2015q3/bin/../lib/gcc/arm-none-eabi/4.9.3/../../../../arm-none-eabi/lib/armv7-m\libc_nano.a(lib_a-nano-vfprintf_i.o)
[...]
Memory Configuration

Name             Origin             Length             Attributes
FLASH            0x00000000         0x00100000         xr
RAM              0x20000000         0x00020000         xrw
*default*        0x00000000         0xffffffff

Linker script and memory map

LOAD c:/siliconlabs/simplicitystudio/v4/developer/toolchains/gnu_arm/4.9_2015q3/bin/../lib/gcc/arm-none-eabi/4.9.3/armv7-m/crti.o
LOAD c:/siliconlabs/simplicitystudio/v4/developer/toolchains/gnu_arm/4.9_2015q3/bin/../lib/gcc/arm-none-eabi/4.9.3/armv7-m/crtbegin.o
LOAD c:/siliconlabs/simplicitystudio/v4/developer/toolchains/gnu_arm/4.9_2015q3/bin/../lib/gcc/arm-none-eabi/4.9.3/../../../../arm-none-eabi/lib/armv7-m/crt0.o
LOAD ./CMSIS/EFM32GG/startup_efm32gg.o
LOAD ./CMSIS/EFM32GG/system_efm32gg.o
LOAD ./devices_src/rgb_led.o
LOAD ./devices_src/sd_card.o
LOAD ./devices_src/tbr.o
LOAD ./devices_src/ublox_gps.o
LOAD ./drivers_src/delay.o
LOAD ./drivers_src/pwm.o
LOAD ./drivers_src/rs232.o
LOAD ./drivers_src/rs485.o
LOAD ./drivers_src/spi.o
LOAD ./emlib/src/em_acmp.o
LOAD ./emlib/src/em_adc.o
LOAD ./emlib/src/em_aes.o
LOAD ./emlib/src/em_assert.o
LOAD ./emlib/src/em_burtc.o
LOAD ./emlib/src/em_can.o
LOAD ./emlib/src/em_cmu.o
LOAD ./emlib/src/em_core.o
LOAD ./emlib/src/em_cryotimer.o
LOAD ./emlib/src/em_crypto.o
LOAD ./emlib/src/em_csen.o
LOAD ./emlib/src/em_dac.o
LOAD ./emlib/src/em_dbg.o
LOAD ./emlib/src/em_dma.o
LOAD ./emlib/src/em_ebi.o
LOAD ./emlib/src/em_emu.o
LOAD ./emlib/src/em_gpcrc.o
LOAD ./emlib/src/em_gpio.o
LOAD ./emlib/src/em_i2c.o
LOAD ./emlib/src/em_idac.o
LOAD ./emlib/src/em_int.o
LOAD ./emlib/src/em_lcd.o
LOAD ./emlib/src/em_ldma.o
LOAD ./emlib/src/em_lesense.o
LOAD ./emlib/src/em_letimer.o
LOAD ./emlib/src/em_leuart.o
LOAD ./emlib/src/em_mpu.o
LOAD ./emlib/src/em_msc.o
LOAD ./emlib/src/em_opamp.o
LOAD ./emlib/src/em_pcnt.o
LOAD ./emlib/src/em_prs.o
LOAD ./emlib/src/em_qspi.o
LOAD ./emlib/src/em_rmu.o
LOAD ./emlib/src/em_rtc.o
LOAD ./emlib/src/em_rtcc.o
LOAD ./emlib/src/em_system.o
LOAD ./emlib/src/em_timer.o
LOAD ./emlib/src/em_usart.o
LOAD ./emlib/src/em_vcmp.o
LOAD ./emlib/src/em_vdac.o
LOAD ./emlib/src/em_wdog.o
LOAD ./fat_filesystem_src/diskio.o
LOAD ./fat_filesystem_src/ff.o
LOAD ./fifo_buffers_src/fifo_rs232.o
LOAD ./fifo_buffers_src/fifo_tbr.o
LOAD ./hal/debug.o
LOAD ./hal/hal.o
LOAD ./lmic/aes.o
LOAD ./lmic/lmic.o
LOAD ./lmic/oslmic.o
LOAD ./lmic/radio.o
LOAD ./resource managers_src/app_manager.o
LOAD ./resource managers_src/lpwan_manager.o
LOAD ./src/main.o
START GROUP
LOAD c:/siliconlabs/simplicitystudio/v4/developer/toolchains/gnu_arm/4.9_2015q3/bin/../lib/gcc/arm-none-eabi/4.9.3/armv7-m\libgcc.a
LOAD c:/siliconlabs/simplicitystudio/v4/developer/toolchains/gnu_arm/4.9_2015q3/bin/../lib/gcc/arm-none-eabi/4.9.3/../../../../arm-none-eabi/lib/armv7-m\libc_nano.a
LOAD c:/siliconlabs/simplicitystudio/v4/developer/toolchains/gnu_arm/4.9_2015q3/bin/../lib/gcc/arm-none-eabi/4.9.3/../../../../arm-none-eabi/lib/armv7-m\libnosys.a
END GROUP
START GROUP
LOAD c:/siliconlabs/simplicitystudio/v4/developer/toolchains/gnu_arm/4.9_2015q3/bin/../lib/gcc/arm-none-eabi/4.9.3/armv7-m\libgcc.a
LOAD c:/siliconlabs/simplicitystudio/v4/developer/toolchains/gnu_arm/4.9_2015q3/bin/../lib/gcc/arm-none-eabi/4.9.3/../../../../arm-none-eabi/lib/armv7-m\libg_nano.a
LOAD c:/siliconlabs/simplicitystudio/v4/developer/toolchains/gnu_arm/4.9_2015q3/bin/../lib/gcc/arm-none-eabi/4.9.3/../../../../arm-none-eabi/lib/armv7-m\libc_nano.a
END GROUP
START GROUP
LOAD c:/siliconlabs/simplicitystudio/v4/developer/toolchains/gnu_arm/4.9_2015q3/bin/../lib/gcc/arm-none-eabi/4.9.3/armv7-m\libgcc.a
LOAD c:/siliconlabs/simplicitystudio/v4/developer/toolchains/gnu_arm/4.9_2015q3/bin/../lib/gcc/arm-none-eabi/4.9.3/../../../../arm-none-eabi/lib/armv7-m\libc_nano.a
END GROUP
LOAD c:/siliconlabs/simplicitystudio/v4/developer/toolchains/gnu_arm/4.9_2015q3/bin/../lib/gcc/arm-none-eabi/4.9.3/armv7-m/crtend.o
LOAD c:/siliconlabs/simplicitystudio/v4/developer/toolchains/gnu_arm/4.9_2015q3/bin/../lib/gcc/arm-none-eabi/4.9.3/armv7-m/crtn.o

.text           0x00000000     0xd7ec
 *(.vectors)
 .vectors       0x00000000       0xdc ./CMSIS/EFM32GG/startup_efm32gg.o
                0x00000000                __Vectors
                0x000000dc                __Vectors_End = .
                0x000000dc                __Vectors_Size = (__Vectors_End - __Vectors)
                0x000000dc                __end__ = .
 *(.text*)
 .text          0x000000dc       0x5c c:/siliconlabs/simplicitystudio/v4/developer/toolchains/gnu_arm/4.9_2015q3/bin/../lib/gcc/arm-none-eabi/4.9.3/armv7-m/crtbegin.o
 .text          0x00000138       0x74 c:/siliconlabs/simplicitystudio/v4/developer/toolchains/gnu_arm/4.9_2015q3/bin/../lib/gcc/arm-none-eabi/4.9.3/../../../../arm-none-eabi/lib/armv7-m/crt0.o
                0x00000138                _start
                0x00000138                _mainCRTStartup
 .text          0x000001ac       0x30 ./CMSIS/EFM32GG/startup_efm32gg.o
                0x000001ac                Reset_Handler
                0x000001d8                DebugMon_Handler
                0x000001d8                USART0_TX_IRQHandler
                0x000001d8                I2C0_IRQHandler
                0x000001d8                HardFault_Handler
                0x000001d8                LEUART1_IRQHandler
                0x000001d8                SysTick_Handler
                0x000001d8                USART1_RX_IRQHandler
                0x000001d8                PendSV_Handler
                0x000001d8                NMI_Handler
                0x000001d8                I2C1_IRQHandler
                0x000001d8                TIMER3_IRQHandler
                0x000001d8                USART1_TX_IRQHandler
                0x000001d8                MSC_IRQHandler
                0x000001d8                ADC0_IRQHandler
                0x000001d8                UsageFault_Handler
                0x000001d8                UART0_TX_IRQHandler
                0x000001d8                UART1_TX_IRQHandler
                0x000001d8                TIMER0_IRQHandler
                0x000001d8                TIMER2_IRQHandler
                0x000001d8                LCD_IRQHandler
                0x000001d8                PCNT2_IRQHandler
                0x000001d8                UART0_RX_IRQHandler
                0x000001d8                LETIMER0_IRQHandler
                0x000001d8                TIMER1_IRQHandler
                0x000001d8                Default_Handler
                0x000001d8                EMU_IRQHandler
                0x000001d8                PCNT0_IRQHandler
                0x000001d8                USB_IRQHandler
                0x000001d8                PCNT1_IRQHandler
                0x000001d8                ACMP0_IRQHandler
                0x000001d8                USART0_RX_IRQHandler
                0x000001d8                MemManage_Handler
                0x000001d8                SVC_Handler
                0x000001d8                DAC0_IRQHandler
                0x000001d8                UART1_RX_IRQHandler
                0x000001d8                CMU_IRQHandler
                0x000001d8                EBI_IRQHandler
                0x000001d8                LESENSE_IRQHandler
                0x000001d8                AES_IRQHandler
                0x000001d8                VCMP_IRQHandler
                0x000001d8                BusFault_Handler
 .text.GetProdRev
                0x000001dc       0x1c ./CMSIS/EFM32GG/system_efm32gg.o
 .text.SystemCoreClockGet
                0x000001f8       0x34 ./CMSIS/EFM32GG/system_efm32gg.o
                0x000001f8                SystemCoreClockGet
 .text.SystemMaxCoreClockGet
                0x0000022c       0x14 ./CMSIS/EFM32GG/system_efm32gg.o
                0x0000022c                SystemMaxCoreClockGet
 .text.SystemHFClockGet
                0x00000240      0x100 ./CMSIS/EFM32GG/system_efm32gg.o
                0x00000240                SystemHFClockGet
 .text.SystemHFXOClockGet
                0x00000340       0x18 ./CMSIS/EFM32GG/system_efm32gg.o
                0x00000340                SystemHFXOClockGet
 .text.SystemInit
                0x00000358        0xc ./CMSIS/EFM32GG/system_efm32gg.o
                0x00000358                SystemInit
 .text.SystemLFRCOClockGet
                0x00000364       0x14 ./CMSIS/EFM32GG/system_efm32gg.o
                0x00000364                SystemLFRCOClockGet
 .text.SystemULFRCOClockGet
                0x00000378       0x14 ./CMSIS/EFM32GG/system_efm32gg.o
                0x00000378                SystemULFRCOClockGet
 .text.SystemLFXOClockGet
                0x0000038c       0x18 ./CMSIS/EFM32GG/system_efm32gg.o
                0x0000038c                SystemLFXOClockGet
 .text.GPIO_PinOutClear
                0x000003a4       0x58 ./devices_src/rgb_led.o
 .text.GPIO_PinOutSet
                0x000003fc       0x58 ./devices_src/rgb_led.o
 .text.generate_pulses
                0x00000454       0x50 ./devices_src/rgb_led.o
                0x00000454                generate_pulses
 .text.rgb_init
                0x000004a4       0x34 ./devices_src/rgb_led.o
                0x000004a4                rgb_init
 .text.rgb_on   0x000004d8      0x110 ./devices_src/rgb_led.o
                0x000004d8                rgb_on
 .text.rgb_shutdown
                0x000005e8       0x18 ./devices_src/rgb_led.o
                0x000005e8                rgb_shutdown
 .text.GPIO_PinOutClear
                0x00000600       0x58 ./devices_src/sd_card.o
 .text.GPIO_PinOutSet
                0x00000658       0x58 ./devices_src/sd_card.o
 .text.start_transfer
                0x000006b0       0x10 ./devices_src/sd_card.o
                0x000006b0                start_transfer
 .text.end_transfer
                0x000006c0       0x14 ./devices_src/sd_card.o
                0x000006c0                end_transfer
 .text.send_cmd
                0x000006d4      0x24c ./devices_src/sd_card.o
                0x000006d4                send_cmd
 .text.sd_card_init
                0x00000920      0x1e0 ./devices_src/sd_card.o
                0x00000920                sd_card_init
 .text.sd_card_on
                0x00000b00       0x10 ./devices_src/sd_card.o
                0x00000b00                sd_card_on
 .text.sd_card_off
                0x00000b10       0x10 ./devices_src/sd_card.o
                0x00000b10                sd_card_off
 .text.sd_card_read
                0x00000b20      0x130 ./devices_src/sd_card.o
                0x00000b20                sd_card_read
 .text.sd_card_write
                0x00000c50      0x10c ./devices_src/sd_card.o
                0x00000c50                sd_card_write
 .text.array_is_full
                0x00000d5c       0x24 ./devices_src/tbr.o
                0x00000d5c                array_is_full
 .text.array_is_empty
                0x00000d80       0x20 ./devices_src/tbr.o
                0x00000d80                array_is_empty
 .text.array_add
                0x00000da0       0x58 ./devices_src/tbr.o
                0x00000da0                array_add
 .text.array_remove
                0x00000df8       0x5c ./devices_src/tbr.o
                0x00000df8                array_remove
 .text.CalculateLuhn
                0x00000e54      0x12c ./devices_src/tbr.o
                0x00000e54                CalculateLuhn
 .text.parse_message_tbr
                0x00000f80       0xa4 ./devices_src/tbr.o
                0x00000f80                parse_message_tbr
 .text.check_other_messages
                0x00001024       0x3c ./devices_src/tbr.o
                0x00001024                check_other_messages
 .text.clear_buffer
                0x00001060       0x3c ./devices_src/tbr.o
                0x00001060                clear_buffer
 .text.get_and_compare
                0x0000109c       0xb4 ./devices_src/tbr.o
                0x0000109c                get_and_compare
 .text.convert_single_tbr_msg_into_uint
                0x00001150      0x354 ./devices_src/tbr.o
                0x00001150                convert_single_tbr_msg_into_uint
 .text.convert_tbr_msgs_to_uint
                0x000014a4      0x184 ./devices_src/tbr.o
                0x000014a4                convert_tbr_msgs_to_uint
 .text.tbr_init
                0x00001628       0x48 ./devices_src/tbr.o
                0x00001628                tbr_init
 .text.tbr_send_cmd
                0x00001670      0x100 ./devices_src/tbr.o
                0x00001670                tbr_send_cmd
 .text.tbr_recv_msg_uint
                0x00001770       0xa4 ./devices_src/tbr.o
                0x00001770                tbr_recv_msg_uint
 .text.GPIO_PinOutSet
                0x00001814       0x58 ./devices_src/ublox_gps.o
 .text.send_cmd_rx_ack
                0x0000186c       0xfc ./devices_src/ublox_gps.o
                0x0000186c                send_cmd_rx_ack
 .text.port_config
                0x00001968       0x64 ./devices_src/ublox_gps.o
                0x00001968                port_config
 .text.receiver_nav_status
                0x000019cc       0xfc ./devices_src/ublox_gps.o
                0x000019cc                receiver_nav_status
 .text.config_low_power
                0x00001ac8       0x24 ./devices_src/ublox_gps.o
                0x00001ac8                config_low_power
 .text.enter_low_power
                0x00001aec       0x24 ./devices_src/ublox_gps.o
                0x00001aec                enter_low_power
 .text.disable_sbas
                0x00001b10       0x24 ./devices_src/ublox_gps.o
                0x00001b10                disable_sbas
 .text.poll_psm
                0x00001b34      0x130 ./devices_src/ublox_gps.o
                0x00001b34                poll_psm
 .text.parse_message
                0x00001c64      0x33c ./devices_src/ublox_gps.o
                0x00001c64                parse_message
 .text.gps_init
                0x00001fa0      0x148 ./devices_src/ublox_gps.o
                0x00001fa0                gps_init
 .text.gps_get_nav_data
                0x000020e8      0x19c ./devices_src/ublox_gps.o
                0x000020e8                gps_get_nav_data
 .text.gps_on   0x00002284       0x10 ./devices_src/ublox_gps.o
                0x00002284                gps_on
 .text.TIMER_Valid
                0x00002294       0x50 ./drivers_src/delay.o
 .text.TIMER_MaxCount
                0x000022e4       0x18 ./drivers_src/delay.o
 .text.TIMER_CounterSet
                0x000022fc       0x1c ./drivers_src/delay.o
 .text.TIMER_Enable
                0x00002318       0x2c ./drivers_src/delay.o
 .text.TIMER_IntClear
                0x00002344       0x1c ./drivers_src/delay.o
 .text.TIMER_IntEnable
                0x00002360       0x20 ./drivers_src/delay.o
 .text.TIMER_IntGetEnabled
                0x00002380       0x24 ./drivers_src/delay.o
 .text.TIMER_TopBufSet
                0x000023a4       0x1c ./drivers_src/delay.o
 .text.TIMER_TopSet
                0x000023c0       0x1c ./drivers_src/delay.o
 .text.delay_init
                0x000023dc       0x7c ./drivers_src/delay.o
                0x000023dc                delay_init
 .text.delay_enable
                0x00002458       0x14 ./drivers_src/delay.o
                0x00002458                delay_enable
 .text.delay_disable
                0x0000246c       0x14 ./drivers_src/delay.o
                0x0000246c                delay_disable
 .text.delay_ms
                0x00002480       0x64 ./drivers_src/delay.o
                0x00002480                delay_ms
 .text.TIMER_Valid
                0x000024e4       0x50 ./drivers_src/pwm.o
 .text.TIMER_MaxCount
                0x00002534       0x18 ./drivers_src/pwm.o
 .text.TIMER_CounterSet
                0x0000254c       0x1c ./drivers_src/pwm.o
 .text.TIMER_Enable
                0x00002568       0x2c ./drivers_src/pwm.o
 .text.TIMER_IntClear
                0x00002594       0x1c ./drivers_src/pwm.o
 .text.TIMER_IntEnable
                0x000025b0       0x20 ./drivers_src/pwm.o
 .text.TIMER_IntGetEnabled
                0x000025d0       0x24 ./drivers_src/pwm.o
 .text.TIMER_TopBufSet
                0x000025f4       0x1c ./drivers_src/pwm.o
 .text.TIMER_TopSet
                0x00002610       0x1c ./drivers_src/pwm.o
 .text.pwm_init
                0x0000262c       0x7c ./drivers_src/pwm.o
                0x0000262c                pwm_init
 .text.pwm_enable
                0x000026a8       0x14 ./drivers_src/pwm.o
                0x000026a8                pwm_enable
 .text.pwm_disable
                0x000026bc       0x14 ./drivers_src/pwm.o
                0x000026bc                pwm_disable
 .text.pwm_us_delay
                0x000026d0       0x5c ./drivers_src/pwm.o
                0x000026d0                pwm_us_delay
 .text.NVIC_EnableIRQ
                0x0000272c       0x30 ./drivers_src/rs232.o
 .text.NVIC_ClearPendingIRQ
                0x0000275c       0x34 ./drivers_src/rs232.o
 .text.USART_IntClear
                0x00002790       0x1c ./drivers_src/rs232.o
 .text.USART_IntDisable
                0x000027ac       0x24 ./drivers_src/rs232.o
 .text.USART_IntEnable
                0x000027d0       0x20 ./drivers_src/rs232.o
 .text.rs232_init
                0x000027f0       0xb0 ./drivers_src/rs232.o
                0x000027f0                rs232_init
 .text.rs232_enable
                0x000028a0       0x14 ./drivers_src/rs232.o
                0x000028a0                rs232_enable
 .text.rs232_transmit_string
                0x000028b4       0x6c ./drivers_src/rs232.o
                0x000028b4                rs232_transmit_string
 .text.USART2_TX_IRQHandler
                0x00002920       0x4c ./drivers_src/rs232.o
                0x00002920                USART2_TX_IRQHandler
 .text.USART2_RX_IRQHandler
                0x0000296c       0x40 ./drivers_src/rs232.o
                0x0000296c                USART2_RX_IRQHandler
 .text.NVIC_EnableIRQ
                0x000029ac       0x30 ./drivers_src/rs485.o
 .text.NVIC_ClearPendingIRQ
                0x000029dc       0x34 ./drivers_src/rs485.o
 .text.GPIO_PinOutClear
                0x00002a10       0x58 ./drivers_src/rs485.o
 .text.GPIO_PinOutSet
                0x00002a68       0x58 ./drivers_src/rs485.o
 .text.LEUART_IntClear
                0x00002ac0       0x1c ./drivers_src/rs485.o
 .text.LEUART_IntDisable
                0x00002adc       0x24 ./drivers_src/rs485.o
 .text.LEUART_IntEnable
                0x00002b00       0x20 ./drivers_src/rs485.o
 .text.rs485_init
                0x00002b20       0xe0 ./drivers_src/rs485.o
                0x00002b20                rs485_init
 .text.rs485_enable
                0x00002c00       0x14 ./drivers_src/rs485.o
                0x00002c00                rs485_enable
 .text.rs485_transmit_string
                0x00002c14       0x78 ./drivers_src/rs485.o
                0x00002c14                rs485_transmit_string
 .text.rs485_recieve_char
                0x00002c8c       0x3c ./drivers_src/rs485.o
                0x00002c8c                rs485_recieve_char
 .text.rs485_tx_mode
                0x00002cc8       0x18 ./drivers_src/rs485.o
                0x00002cc8                rs485_tx_mode
 .text.rs485_rx_mode
                0x00002ce0       0x18 ./drivers_src/rs485.o
                0x00002ce0                rs485_rx_mode
 .text.LEUART0_IRQHandler
                0x00002cf8      0x15c ./drivers_src/rs485.o
                0x00002cf8                LEUART0_IRQHandler
 .text.GPIO_PinOutClear
                0x00002e54       0x58 ./drivers_src/spi.o
 .text.GPIO_PinOutSet
                0x00002eac       0x58 ./drivers_src/spi.o
 .text.USART_IntClear
                0x00002f04       0x1c ./drivers_src/spi.o
 .text.spi_init
                0x00002f20       0xbc ./drivers_src/spi.o
                0x00002f20                spi_init
 .text.spi_enable
                0x00002fdc       0x14 ./drivers_src/spi.o
                0x00002fdc                spi_enable
 .text.spi_disable
                0x00002ff0       0x14 ./drivers_src/spi.o
                0x00002ff0                spi_disable
 .text.spi_cs_set
                0x00003004       0x40 ./drivers_src/spi.o
                0x00003004                spi_cs_set
 .text.spi_cs_clear
                0x00003044       0x8c ./drivers_src/spi.o
                0x00003044                spi_cs_clear
 .text.spi_read_write_byte
                0x000030d0       0x34 ./drivers_src/spi.o
                0x000030d0                spi_read_write_byte
 .text.spi_write_byte
                0x00003104       0x28 ./drivers_src/spi.o
                0x00003104                spi_write_byte
 .text.spi_read_byte
                0x0000312c       0x2c ./drivers_src/spi.o
                0x0000312c                spi_read_byte
 .text.BUS_RegBitWrite
                0x00003158       0x2c ./emlib/src/em_burtc.o
 .text.BUS_RegBitRead
                0x00003184       0x2c ./emlib/src/em_burtc.o
 .text.BURTC_IntClear
                0x000031b0       0x1c ./emlib/src/em_burtc.o
 .text.BURTC_Enable
                0x000031cc       0x50 ./emlib/src/em_burtc.o
 .text.BURTC_FreezeEnable
                0x0000321c       0x20 ./emlib/src/em_burtc.o
 .text.divToLog2
                0x0000323c       0x34 ./emlib/src/em_burtc.o
 .text.regSync  0x00003270       0x40 ./emlib/src/em_burtc.o
 .text.BURTC_Init
                0x000032b0       0xe8 ./emlib/src/em_burtc.o
                0x000032b0                BURTC_Init
 .text.BURTC_CompareSet
                0x00003398       0x20 ./emlib/src/em_burtc.o
                0x00003398                BURTC_CompareSet
 .text.BURTC_Reset
                0x000033b8       0x3c ./emlib/src/em_burtc.o
                0x000033b8                BURTC_Reset
 .text.BUS_RegBitWrite
                0x000033f4       0x2c ./emlib/src/em_cmu.o
 .text.BUS_RegBitRead
                0x00003420       0x2c ./emlib/src/em_cmu.o
 .text.CMU_DivToLog2
                0x0000344c       0x34 ./emlib/src/em_cmu.o
 .text.SYSTEM_GetProdRev
                0x00003480       0x1c ./emlib/src/em_cmu.o
 .text.SYSTEM_GetFamily
                0x0000349c       0x20 ./emlib/src/em_cmu.o
 .text.maxFreqHfle
                0x000034bc       0x78 ./emlib/src/em_cmu.o
 .text.setHfLeConfig
                0x00003534       0x60 ./emlib/src/em_cmu.o
 .text.getHfLeConfig
                0x00003594       0x20 ./emlib/src/em_cmu.o
 .text.auxClkGet
                0x000035b4       0xb0 ./emlib/src/em_cmu.o
 .text.dbgClkGet
                0x00003664       0x40 ./emlib/src/em_cmu.o
 .text.flashWaitStateControl
                0x000036a4       0xb8 ./emlib/src/em_cmu.o
 .text.flashWaitStateMax
                0x0000375c       0x14 ./emlib/src/em_cmu.o
 .text.CMU_UpdateWaitStates
                0x00003770       0x18 ./emlib/src/em_cmu.o
                0x00003770                CMU_UpdateWaitStates
 .text.lfClkGet
                0x00003788       0xec ./emlib/src/em_cmu.o
 .text.syncReg  0x00003874       0x34 ./emlib/src/em_cmu.o
 .text.CMU_ClockDivSet
                0x000038a8      0x22c ./emlib/src/em_cmu.o
                0x000038a8                CMU_ClockDivSet
 .text.CMU_ClockEnable
                0x00003ad4       0xd0 ./emlib/src/em_cmu.o
                0x00003ad4                CMU_ClockEnable
 .text.CMU_ClockFreqGet
                0x00003ba4      0x1c8 ./emlib/src/em_cmu.o
                0x00003ba4                CMU_ClockFreqGet
 .text.CMU_ClockSelectGet
                0x00003d6c      0x124 ./emlib/src/em_cmu.o
                0x00003d6c                CMU_ClockSelectGet
 .text.CMU_ClockSelectSet
                0x00003e90      0x22c ./emlib/src/em_cmu.o
                0x00003e90                CMU_ClockSelectSet
 .text.CMU_HFRCOBandSet
                0x000040bc       0xe0 ./emlib/src/em_cmu.o
                0x000040bc                CMU_HFRCOBandSet
 .text.CMU_OscillatorEnable
                0x0000419c       0xbc ./emlib/src/em_cmu.o
                0x0000419c                CMU_OscillatorEnable
 .text.CORE_EnterAtomic
                0x00004258       0x20 ./emlib/src/em_core.o
                0x00004258                CORE_EnterAtomic
 .text.CORE_ExitAtomic
                0x00004278       0x1c ./emlib/src/em_core.o
                0x00004278                CORE_ExitAtomic
 .text.DMA_IRQHandler
                0x00004294       0xd8 ./emlib/src/em_dma.o
                0x00004294                DMA_IRQHandler
 .text.BUS_RegBitWrite
                0x0000436c       0x2c ./emlib/src/em_gpio.o
 .text.BUS_RegMaskedWrite
                0x00004398       0x28 ./emlib/src/em_gpio.o
 .text.GPIO_PinOutClear
                0x000043c0       0x58 ./emlib/src/em_gpio.o
 .text.GPIO_PinOutSet
                0x00004418       0x58 ./emlib/src/em_gpio.o
 .text.GPIO_DriveModeSet
                0x00004470       0x70 ./emlib/src/em_gpio.o
                0x00004470                GPIO_DriveModeSet
 .text.GPIO_ExtIntConfig
                0x000044e0       0xd4 ./emlib/src/em_gpio.o
                0x000044e0                GPIO_ExtIntConfig
 .text.GPIO_PinModeSet
                0x000045b4      0x10c ./emlib/src/em_gpio.o
                0x000045b4                GPIO_PinModeSet
 .text.LETIMER_Enable
                0x000046c0       0x2c ./emlib/src/em_letimer.o
                0x000046c0                LETIMER_Enable
 .text.LETIMER_FreezeEnable
                0x000046ec       0x34 ./emlib/src/em_letimer.o
                0x000046ec                LETIMER_FreezeEnable
 .text.LETIMER_Init
                0x00004720       0xf0 ./emlib/src/em_letimer.o
                0x00004720                LETIMER_Init
 .text.LETIMER_Reset
                0x00004810       0x50 ./emlib/src/em_letimer.o
                0x00004810                LETIMER_Reset
 .text.LEUART_Sync
                0x00004860       0x30 ./emlib/src/em_leuart.o
 .text.LEUART_BaudrateSet
                0x00004890       0x80 ./emlib/src/em_leuart.o
                0x00004890                LEUART_BaudrateSet
 .text.LEUART_Enable
                0x00004910       0x58 ./emlib/src/em_leuart.o
                0x00004910                LEUART_Enable
 .text.LEUART_FreezeEnable
                0x00004968       0x34 ./emlib/src/em_leuart.o
                0x00004968                LEUART_FreezeEnable
 .text.LEUART_Init
                0x0000499c       0x84 ./emlib/src/em_leuart.o
                0x0000499c                LEUART_Init
 .text.LEUART_Reset
                0x00004a20       0x70 ./emlib/src/em_leuart.o
                0x00004a20                LEUART_Reset
 .text.LEUART_Rx
                0x00004a90       0x28 ./emlib/src/em_leuart.o
                0x00004a90                LEUART_Rx
 .text.LEUART_Tx
                0x00004ab8       0x30 ./emlib/src/em_leuart.o
                0x00004ab8                LEUART_Tx
 .text.SL_CTZ   0x00004ae8       0x28 ./emlib/src/em_rmu.o
 .text.BUS_RegBitWrite
                0x00004b10       0x2c ./emlib/src/em_rmu.o
 .text.RMU_ResetControl
                0x00004b3c       0x3c ./emlib/src/em_rmu.o
                0x00004b3c                RMU_ResetControl
 .text.BUS_RegBitWrite
                0x00004b78       0x2c ./emlib/src/em_rtc.o
 .text.RTC_CompareSet
                0x00004ba4       0x3c ./emlib/src/em_rtc.o
                0x00004ba4                RTC_CompareSet
 .text.RTC_Enable
                0x00004be0       0x20 ./emlib/src/em_rtc.o
                0x00004be0                RTC_Enable
 .text.RTC_Init
                0x00004c00       0x50 ./emlib/src/em_rtc.o
                0x00004c00                RTC_Init
 .text.SYSTEM_ChipRevisionGet
                0x00004c50       0x74 ./emlib/src/em_system.o
                0x00004c50                SYSTEM_ChipRevisionGet
 .text.TIMER_Valid
                0x00004cc4       0x50 ./emlib/src/em_timer.o
 .text.TIMER_Init
                0x00004d14       0xdc ./emlib/src/em_timer.o
                0x00004d14                TIMER_Init
 .text.USART_BaudrateAsyncSet
                0x00004df0       0xb0 ./emlib/src/em_usart.o
                0x00004df0                USART_BaudrateAsyncSet
 .text.USART_BaudrateSyncSet
                0x00004ea0       0x40 ./emlib/src/em_usart.o
                0x00004ea0                USART_BaudrateSyncSet
 .text.USART_Enable
                0x00004ee0       0x58 ./emlib/src/em_usart.o
                0x00004ee0                USART_Enable
 .text.USART_InitAsync
                0x00004f38       0x9c ./emlib/src/em_usart.o
                0x00004f38                USART_InitAsync
 .text.USART_InitSync
                0x00004fd4       0xcc ./emlib/src/em_usart.o
                0x00004fd4                USART_InitSync
 .text.USART_Reset
                0x000050a0       0x98 ./emlib/src/em_usart.o
                0x000050a0                USART_Reset
 .text.USART_Rx
                0x00005138       0x28 ./emlib/src/em_usart.o
                0x00005138                USART_Rx
 .text.USART_SpiTransfer
                0x00005160       0x40 ./emlib/src/em_usart.o
                0x00005160                USART_SpiTransfer
 .text.USART_Tx
                0x000051a0       0x2c ./emlib/src/em_usart.o
                0x000051a0                USART_Tx
 .text.disk_status
                0x000051cc       0x44 ./fat_filesystem_src/diskio.o
                0x000051cc                disk_status
 .text.disk_initialize
                0x00005210       0x4c ./fat_filesystem_src/diskio.o
                0x00005210                disk_initialize
 .text.disk_read
                0x0000525c       0x50 ./fat_filesystem_src/diskio.o
                0x0000525c                disk_read
 .text.disk_write
                0x000052ac       0x50 ./fat_filesystem_src/diskio.o
                0x000052ac                disk_write
 .text.disk_ioctl
                0x000052fc       0x50 ./fat_filesystem_src/diskio.o
                0x000052fc                disk_ioctl
 .text.ld_word  0x0000534c       0x30 ./fat_filesystem_src/ff.o
 .text.ld_dword
                0x0000537c       0x48 ./fat_filesystem_src/ff.o
 .text.st_word  0x000053c4       0x34 ./fat_filesystem_src/ff.o
 .text.st_dword
                0x000053f8       0x58 ./fat_filesystem_src/ff.o
 .text.mem_cpy  0x00005450       0x40 ./fat_filesystem_src/ff.o
 .text.mem_set  0x00005490       0x34 ./fat_filesystem_src/ff.o
 .text.mem_cmp  0x000054c4       0x50 ./fat_filesystem_src/ff.o
 .text.chk_chr  0x00005514       0x38 ./fat_filesystem_src/ff.o
 .text.sync_window
                0x0000554c       0x8c ./fat_filesystem_src/ff.o
 .text.move_window
                0x000055d8       0x5c ./fat_filesystem_src/ff.o
 .text.sync_fs  0x00005634       0xdc ./fat_filesystem_src/ff.o
 .text.clust2sect
                0x00005710       0x40 ./fat_filesystem_src/ff.o
 .text.get_fat  0x00005750      0x140 ./fat_filesystem_src/ff.o
 .text.put_fat  0x00005890      0x1bc ./fat_filesystem_src/ff.o
 .text.remove_chain
                0x00005a4c       0xc8 ./fat_filesystem_src/ff.o
 .text.create_chain
                0x00005b14      0x134 ./fat_filesystem_src/ff.o
 .text.dir_sdi  0x00005c48       0xf4 ./fat_filesystem_src/ff.o
 .text.dir_next
                0x00005d3c      0x188 ./fat_filesystem_src/ff.o
 .text.dir_alloc
                0x00005ec4       0x90 ./fat_filesystem_src/ff.o
 .text.ld_clust
                0x00005f54       0x40 ./fat_filesystem_src/ff.o
 .text.st_clust
                0x00005f94       0x40 ./fat_filesystem_src/ff.o
 .text.dir_find
                0x00005fd4       0xa8 ./fat_filesystem_src/ff.o
 .text.dir_register
                0x0000607c       0x68 ./fat_filesystem_src/ff.o
 .text.create_name
                0x000060e4      0x1a0 ./fat_filesystem_src/ff.o
 .text.follow_path
                0x00006284       0xdc ./fat_filesystem_src/ff.o
 .text.get_ldnumber
                0x00006360       0x88 ./fat_filesystem_src/ff.o
 .text.check_fs
                0x000063e8       0xa8 ./fat_filesystem_src/ff.o
 .text.find_volume
                0x00006490      0x474 ./fat_filesystem_src/ff.o
 .text.validate
                0x00006904       0x68 ./fat_filesystem_src/ff.o
 .text.f_mount  0x0000696c       0x88 ./fat_filesystem_src/ff.o
                0x0000696c                f_mount
 .text.f_open   0x000069f4      0x320 ./fat_filesystem_src/ff.o
                0x000069f4                f_open
 .text.f_write  0x00006d14      0x2d8 ./fat_filesystem_src/ff.o
                0x00006d14                f_write
 .text.f_sync   0x00006fec      0x108 ./fat_filesystem_src/ff.o
                0x00006fec                f_sync
 .text.f_close  0x000070f4       0x40 ./fat_filesystem_src/ff.o
                0x000070f4                f_close
 .text.putc_bfd
                0x00007134       0x78 ./fat_filesystem_src/ff.o
 .text.putc_flush
                0x000071ac       0x54 ./fat_filesystem_src/ff.o
 .text.putc_init
                0x00007200       0x28 ./fat_filesystem_src/ff.o
 .text.f_puts   0x00007228       0x48 ./fat_filesystem_src/ff.o
                0x00007228                f_puts
 .text.get_fattime
                0x00007270       0x14 ./fat_filesystem_src/ff.o
                0x00007270                get_fattime
 .text.fifo_rs232_init
                0x00007284       0x48 ./fifo_buffers_src/fifo_rs232.o
                0x00007284                fifo_rs232_init
 .text.fifo_rs232_is_empty
                0x000072cc       0x4c ./fifo_buffers_src/fifo_rs232.o
                0x000072cc                fifo_rs232_is_empty
 .text.fifo_rs232_is_full
                0x00007318       0x50 ./fifo_buffers_src/fifo_rs232.o
                0x00007318                fifo_rs232_is_full
 .text.fifo_rs232_remove
                0x00007368       0xbc ./fifo_buffers_src/fifo_rs232.o
                0x00007368                fifo_rs232_remove
 .text.fifo_rs232_add
                0x00007424       0xb0 ./fifo_buffers_src/fifo_rs232.o
                0x00007424                fifo_rs232_add
 .text.fifo_tbr_init
                0x000074d4       0x68 ./fifo_buffers_src/fifo_tbr.o
                0x000074d4                fifo_tbr_init
 .text.fifo_tbr_is_empty
                0x0000753c       0x6c ./fifo_buffers_src/fifo_tbr.o
                0x0000753c                fifo_tbr_is_empty
 .text.fifo_tbr_is_full
                0x000075a8       0x6c ./fifo_buffers_src/fifo_tbr.o
                0x000075a8                fifo_tbr_is_full
 .text.fifo_tbr_remove
                0x00007614      0x108 ./fifo_buffers_src/fifo_tbr.o
                0x00007614                fifo_tbr_remove
 .text.fifo_tbr_add
                0x0000771c       0xf8 ./fifo_buffers_src/fifo_tbr.o
                0x0000771c                fifo_tbr_add
 .text.debug_str
                0x00007814       0x28 ./hal/debug.o
                0x00007814                debug_str
 .text.NVIC_EnableIRQ
                0x0000783c       0x30 ./hal/hal.o
 .text.NVIC_ClearPendingIRQ
                0x0000786c       0x34 ./hal/hal.o
 .text.NVIC_SystemReset
                0x000078a0       0x28 ./hal/hal.o
 .text.BUS_RegBitWrite
                0x000078c8       0x2c ./hal/hal.o
 .text.GPIO_IntClear
                0x000078f4       0x20 ./hal/hal.o
 .text.GPIO_IntGetEnabled
                0x00007914       0x28 ./hal/hal.o
 .text.GPIO_PinOutSet
                0x0000793c       0x58 ./hal/hal.o
 .text.GPIO_IntConfig
                0x00007994       0x38 ./hal/hal.o
 .text.RTC_CounterGet
                0x000079cc       0x18 ./hal/hal.o
 .text.RTC_IntClear
                0x000079e4       0x1c ./hal/hal.o
 .text.RTC_IntDisable
                0x00007a00       0x24 ./hal/hal.o
 .text.RTC_IntEnable
                0x00007a24       0x24 ./hal/hal.o
 .text.RTC_IntGet
                0x00007a48       0x18 ./hal/hal.o
 .text.EMU_EnterEM1
                0x00007a60       0x20 ./hal/hal.o
 .text.BURTC_IntClear
                0x00007a80       0x1c ./hal/hal.o
 .text.BURTC_IntDisable
                0x00007a9c       0x24 ./hal/hal.o
 .text.BURTC_IntEnable
                0x00007ac0       0x24 ./hal/hal.o
 .text.BURTC_IntGet
                0x00007ae4       0x18 ./hal/hal.o
 .text.BURTC_Enable
                0x00007afc       0x50 ./hal/hal.o
 .text.LETIMER_CounterGet
                0x00007b4c       0x18 ./hal/hal.o
 .text.BURTC_IRQHandler
                0x00007b64      0x118 ./hal/hal.o
                0x00007b64                BURTC_IRQHandler
 .text.time_manager_init
                0x00007c7c       0xec ./hal/hal.o
                0x00007c7c                time_manager_init
 .text.time_manager_unixTimestamp
                0x00007d68      0x118 ./hal/hal.o
                0x00007d68                time_manager_unixTimestamp
 .text.time_manager_get_cmd
                0x00007e80       0x18 ./hal/hal.o
                0x00007e80                time_manager_get_cmd
 .text.GPIO_EVEN_IRQHandler
                0x00007e98      0x110 ./hal/hal.o
                0x00007e98                GPIO_EVEN_IRQHandler
 .text.GPIO_ODD_IRQHandler
                0x00007fa8       0x2c ./hal/hal.o
                0x00007fa8                GPIO_ODD_IRQHandler
 .text.hal_io_init
                0x00007fd4       0xbc ./hal/hal.o
 .text.hal_pin_rxtx
                0x00008090       0x14 ./hal/hal.o
                0x00008090                hal_pin_rxtx
 .text.hal_pin_nss
                0x000080a4       0x24 ./hal/hal.o
                0x000080a4                hal_pin_nss
 .text.hal_pin_rst
                0x000080c8       0x18 ./hal/hal.o
                0x000080c8                hal_pin_rst
 .text.hal_spi_init
                0x000080e0       0x10 ./hal/hal.o
 .text.hal_spi  0x000080f0       0x24 ./hal/hal.o
                0x000080f0                hal_spi
 .text.RTC_IRQHandler
                0x00008114       0x34 ./hal/hal.o
                0x00008114                RTC_IRQHandler
 .text.hal_time_init
                0x00008148       0x84 ./hal/hal.o
 .text.hal_ticks
                0x000081cc       0x4c ./hal/hal.o
                0x000081cc                hal_ticks
 .text.deltaticks
                0x00008218       0x3c ./hal/hal.o
 .text.hal_waitUntil
                0x00008254       0x1c ./hal/hal.o
                0x00008254                hal_waitUntil
 .text.hal_checkTimer
                0x00008270       0x4c ./hal/hal.o
                0x00008270                hal_checkTimer
 .text.hal_disableIRQs
                0x000082bc       0x40 ./hal/hal.o
                0x000082bc                hal_disableIRQs
 .text.hal_enableIRQs
                0x000082fc       0x38 ./hal/hal.o
                0x000082fc                hal_enableIRQs
 .text.hal_sleep
                0x00008334        0xc ./hal/hal.o
                0x00008334                hal_sleep
 .text.hal_init
                0x00008340       0x28 ./hal/hal.o
                0x00008340                hal_init
 .text.hal_failed
                0x00008368       0x74 ./hal/hal.o
                0x00008368                hal_failed
 .text.getSf    0x000083dc       0x20 ./lmic/lmic.o
                0x000083dc                getSf
 .text.getBw    0x000083fc       0x24 ./lmic/lmic.o
                0x000083fc                getBw
 .text.getCr    0x00008420       0x24 ./lmic/lmic.o
                0x00008420                getCr
 .text.getNocrc
                0x00008444       0x20 ./lmic/lmic.o
                0x00008444                getNocrc
 .text.getIh    0x00008464       0x20 ./lmic/lmic.o
                0x00008464                getIh
 .text.LMIC_init
                0x00008484       0x18 ./lmic/lmic.o
                0x00008484                LMIC_init
 .text.os_init  0x0000849c       0x20 ./lmic/oslmic.o
                0x0000849c                os_init
 .text.os_getTime
                0x000084bc       0x10 ./lmic/oslmic.o
                0x000084bc                os_getTime
 .text.unlinkjob
                0x000084cc       0x40 ./lmic/oslmic.o
 .text.os_clearCallback
                0x0000850c       0x3c ./lmic/oslmic.o
                0x0000850c                os_clearCallback
 .text.os_setCallback
                0x00008548       0x48 ./lmic/oslmic.o
                0x00008548                os_setCallback
 .text.os_setTimedCallback
                0x00008590       0x68 ./lmic/oslmic.o
                0x00008590                os_setTimedCallback
 .text.os_runloop
                0x000085f8       0x6c ./lmic/oslmic.o
                0x000085f8                os_runloop
 .text.writeReg
                0x00008664       0x38 ./lmic/radio.o
 .text.readReg  0x0000869c       0x38 ./lmic/radio.o
 .text.readBuf  0x000086d4       0x54 ./lmic/radio.o
 .text.opmode   0x00008728       0x30 ./lmic/radio.o
 .text.opmodeLora
                0x00008758       0x24 ./lmic/radio.o
 .text.configLoraModem
                0x0000877c      0x150 ./lmic/radio.o
 .text.configChannel
                0x000088cc       0x7c ./lmic/radio.o
 .text.rxlora   0x00008948       0xd8 ./lmic/radio.o
 .text.radio_init
                0x00008a20      0x16c ./lmic/radio.o
                0x00008a20                radio_init
 .text.radio_irq_handler
                0x00008b8c      0x1ac ./lmic/radio.o
                0x00008b8c                radio_irq_handler
 .text.file_sys_setup
                0x00008d38       0xf8 ./resource managers_src/app_manager.o
                0x00008d38                file_sys_setup
 .text.tbr_cmd_update_rgb_led
                0x00008e30       0x50 ./resource managers_src/app_manager.o
                0x00008e30                tbr_cmd_update_rgb_led
 .text.nmea0183_checksum
                0x00008e80       0x44 ./resource managers_src/app_manager.o
                0x00008e80                nmea0183_checksum
 .text.append_gps_status
                0x00008ec4      0x3e0 ./resource managers_src/app_manager.o
                0x00008ec4                append_gps_status
 .text.app_manager_init
                0x000092a4      0x190 ./resource managers_src/app_manager.o
                0x000092a4                app_manager_init
 .text.app_manager_tbr_synch_msg
                0x00009434      0x12c ./resource managers_src/app_manager.o
                0x00009434                app_manager_tbr_synch_msg
 .text.app_funct
                0x00009560       0xd4 ./resource managers_src/lpwan_manager.o
 .text.real_time_funct
                0x00009634       0x54 ./resource managers_src/lpwan_manager.o
 .text.lpwan_init
                0x00009688       0x20 ./resource managers_src/lpwan_manager.o
                0x00009688                lpwan_init
 .text.onEvent  0x000096a8      0x174 ./resource managers_src/lpwan_manager.o
                0x000096a8                onEvent
 .text.debug_function
                0x0000981c       0x18 ./resource managers_src/lpwan_manager.o
                0x0000981c                debug_function
 .text.SYSTEM_GetProdRev
                0x00009834       0x1c ./src/main.o
 .text.CHIP_Init
                0x00009850       0x3c ./src/main.o
 .text.main     0x0000988c       0x6c ./src/main.o
                0x0000988c                main
 .text          0x000098f8      0x370 c:/siliconlabs/simplicitystudio/v4/developer/toolchains/gnu_arm/4.9_2015q3/bin/../lib/gcc/arm-none-eabi/4.9.3/armv7-m\libgcc.a(_arm_addsubdf3.o)
                0x000098f8                __aeabi_drsub
                0x00009900                __aeabi_dsub
                0x00009900                __subdf3
                0x00009904                __aeabi_dadd
                0x00009904                __adddf3
                0x00009b7c                __floatunsidf
                0x00009b7c                __aeabi_ui2d
                0x00009b9c                __floatsidf
                0x00009b9c                __aeabi_i2d
                0x00009bc0                __aeabi_f2d
                0x00009bc0                __extendsfdf2
                0x00009bfc                __floatundidf
                0x00009bfc                __aeabi_ul2d
                0x00009c0c                __floatdidf
                0x00009c0c                __aeabi_l2d
 .text          0x00009c68      0x21c c:/siliconlabs/simplicitystudio/v4/developer/toolchains/gnu_arm/4.9_2015q3/bin/../lib/gcc/arm-none-eabi/4.9.3/armv7-m\libgcc.a(_arm_addsubsf3.o)
                0x00009c68                __aeabi_frsub
                0x00009c70                __subsf3
                0x00009c70                __aeabi_fsub
                0x00009c74                __aeabi_fadd
                0x00009c74                __addsf3
                0x00009dd4                __aeabi_ui2f
                0x00009dd4                __floatunsisf
                0x00009ddc                __aeabi_i2f
                0x00009ddc                __floatsisf
                0x00009df8                __aeabi_ul2f
                0x00009df8                __floatundisf
                0x00009e08                __aeabi_l2f
                0x00009e08                __floatdisf
 .text          0x00009e84      0x2a0 c:/siliconlabs/simplicitystudio/v4/developer/toolchains/gnu_arm/4.9_2015q3/bin/../lib/gcc/arm-none-eabi/4.9.3/armv7-m\libgcc.a(_arm_muldivsf3.o)
                0x00009e84                __mulsf3
                0x00009e84                __aeabi_fmul
                0x00009fec                __aeabi_fdiv
                0x00009fec                __divsf3
 .text          0x0000a124       0xec c:/siliconlabs/simplicitystudio/v4/developer/toolchains/gnu_arm/4.9_2015q3/bin/../lib/gcc/arm-none-eabi/4.9.3/armv7-m\libgcc.a(_arm_cmpsf2.o)
                0x0000a124                __gesf2
                0x0000a124                __gtsf2
                0x0000a12c                __lesf2
                0x0000a12c                __ltsf2
                0x0000a134                __nesf2
                0x0000a134                __eqsf2
                0x0000a134                __cmpsf2
                0x0000a194                __aeabi_cfrcmple
                0x0000a19c                __aeabi_cfcmpeq
                0x0000a19c                __aeabi_cfcmple
                0x0000a1ac                __aeabi_fcmpeq
                0x0000a1c0                __aeabi_fcmplt
                0x0000a1d4                __aeabi_fcmple
                0x0000a1e8                __aeabi_fcmpge
                0x0000a1fc                __aeabi_fcmpgt
 .text          0x0000a210       0x4c c:/siliconlabs/simplicitystudio/v4/developer/toolchains/gnu_arm/4.9_2015q3/bin/../lib/gcc/arm-none-eabi/4.9.3/armv7-m\libgcc.a(_arm_fixsfsi.o)
                0x0000a210                __aeabi_f2iz
                0x0000a210                __fixsfsi
 .text          0x0000a25c       0x30 c:/siliconlabs/simplicitystudio/v4/developer/toolchains/gnu_arm/4.9_2015q3/bin/../lib/gcc/arm-none-eabi/4.9.3/armv7-m\libgcc.a(_aeabi_uldivmod.o)
                0x0000a25c                __aeabi_uldivmod
 .text          0x0000a28c       0x60 c:/siliconlabs/simplicitystudio/v4/developer/toolchains/gnu_arm/4.9_2015q3/bin/../lib/gcc/arm-none-eabi/4.9.3/armv7-m\libgcc.a(bpabi.o)
                0x0000a28c                __gnu_ldivmod_helper
                0x0000a2bc                __gnu_uldivmod_helper
 .text          0x0000a2ec        0x4 c:/siliconlabs/simplicitystudio/v4/developer/toolchains/gnu_arm/4.9_2015q3/bin/../lib/gcc/arm-none-eabi/4.9.3/armv7-m\libgcc.a(_dvmd_tls.o)
                0x0000a2ec                __aeabi_idiv0
                0x0000a2ec                __aeabi_ldiv0
 .text          0x0000a2f0      0x2ac c:/siliconlabs/simplicitystudio/v4/developer/toolchains/gnu_arm/4.9_2015q3/bin/../lib/gcc/arm-none-eabi/4.9.3/armv7-m\libgcc.a(_divdi3.o)
                0x0000a2f0                __divdi3
 .text          0x0000a59c      0x270 c:/siliconlabs/simplicitystudio/v4/developer/toolchains/gnu_arm/4.9_2015q3/bin/../lib/gcc/arm-none-eabi/4.9.3/armv7-m\libgcc.a(_udivdi3.o)
                0x0000a59c                __udivdi3
 .text.exit     0x0000a80c       0x28 c:/siliconlabs/simplicitystudio/v4/developer/toolchains/gnu_arm/4.9_2015q3/bin/../lib/gcc/arm-none-eabi/4.9.3/../../../../arm-none-eabi/lib/armv7-m\libc_nano.a(lib_a-exit.o)
                0x0000a80c                exit
 .text.__libc_init_array
                0x0000a834       0x4c c:/siliconlabs/simplicitystudio/v4/developer/toolchains/gnu_arm/4.9_2015q3/bin/../lib/gcc/arm-none-eabi/4.9.3/../../../../arm-none-eabi/lib/armv7-m\libc_nano.a(lib_a-init.o)
                0x0000a834                __libc_init_array
 .text.memcpy   0x0000a880       0x16 c:/siliconlabs/simplicitystudio/v4/developer/toolchains/gnu_arm/4.9_2015q3/bin/../lib/gcc/arm-none-eabi/4.9.3/../../../../arm-none-eabi/lib/armv7-m\libc_nano.a(lib_a-memcpy.o)
                0x0000a880                memcpy
 .text.memset   0x0000a896       0x10 c:/siliconlabs/simplicitystudio/v4/developer/toolchains/gnu_arm/4.9_2015q3/bin/../lib/gcc/arm-none-eabi/4.9.3/../../../../arm-none-eabi/lib/armv7-m\libc_nano.a(lib_a-memset.o)
                0x0000a896                memset
 .text.__cvt    0x0000a8a6       0xbc c:/siliconlabs/simplicitystudio/v4/developer/toolchains/gnu_arm/4.9_2015q3/bin/../lib/gcc/arm-none-eabi/4.9.3/../../../../arm-none-eabi/lib/armv7-m\libc_nano.a(lib_a-nano-vfprintf_float.o)
                0x0000a8a6                __cvt
 .text.__exponent
                0x0000a962       0x62 c:/siliconlabs/simplicitystudio/v4/developer/toolchains/gnu_arm/4.9_2015q3/bin/../lib/gcc/arm-none-eabi/4.9.3/../../../../arm-none-eabi/lib/armv7-m\libc_nano.a(lib_a-nano-vfprintf_float.o)
                0x0000a962                __exponent
 .text._printf_float
                0x0000a9c4      0x48c c:/siliconlabs/simplicitystudio/v4/developer/toolchains/gnu_arm/4.9_2015q3/bin/../lib/gcc/arm-none-eabi/4.9.3/../../../../arm-none-eabi/lib/armv7-m\libc_nano.a(lib_a-nano-vfprintf_float.o)
                0x0000a9c4                _printf_float
 .text._printf_common
                0x0000ae50       0xea c:/siliconlabs/simplicitystudio/v4/developer/toolchains/gnu_arm/4.9_2015q3/bin/../lib/gcc/arm-none-eabi/4.9.3/../../../../arm-none-eabi/lib/armv7-m\libc_nano.a(lib_a-nano-vfprintf_i.o)
                0x0000ae50                _printf_common
 *fill*         0x0000af3a        0x2 
 .text._printf_i
                0x0000af3c      0x240 c:/siliconlabs/simplicitystudio/v4/developer/toolchains/gnu_arm/4.9_2015q3/bin/../lib/gcc/arm-none-eabi/4.9.3/../../../../arm-none-eabi/lib/armv7-m\libc_nano.a(lib_a-nano-vfprintf_i.o)
                0x0000af3c                _printf_i
 .text.__fpclassifyd
                0x0000b17c       0x50 c:/siliconlabs/simplicitystudio/v4/developer/toolchains/gnu_arm/4.9_2015q3/bin/../lib/gcc/arm-none-eabi/4.9.3/../../../../arm-none-eabi/lib/armv7-m\libc_nano.a(lib_a-s_fpclassify.o)
                0x0000b17c                __fpclassifyd
 .text.sprintf  0x0000b1cc       0x48 c:/siliconlabs/simplicitystudio/v4/developer/toolchains/gnu_arm/4.9_2015q3/bin/../lib/gcc/arm-none-eabi/4.9.3/../../../../arm-none-eabi/lib/armv7-m\libc_nano.a(lib_a-sprintf.o)
                0x0000b1cc                siprintf
                0x0000b1cc                sprintf
 .text.strchr   0x0000b214       0x1c c:/siliconlabs/simplicitystudio/v4/developer/toolchains/gnu_arm/4.9_2015q3/bin/../lib/gcc/arm-none-eabi/4.9.3/../../../../arm-none-eabi/lib/armv7-m\libc_nano.a(lib_a-strchr.o)
                0x0000b214                strchr
 .text.strlen   0x0000b230       0x10 c:/siliconlabs/simplicitystudio/v4/developer/toolchains/gnu_arm/4.9_2015q3/bin/../lib/gcc/arm-none-eabi/4.9.3/../../../../arm-none-eabi/lib/armv7-m\libc_nano.a(lib_a-strlen.o)
                0x0000b230                strlen
 .text.strncmp  0x0000b240       0x32 c:/siliconlabs/simplicitystudio/v4/developer/toolchains/gnu_arm/4.9_2015q3/bin/../lib/gcc/arm-none-eabi/4.9.3/../../../../arm-none-eabi/lib/armv7-m\libc_nano.a(lib_a-strncmp.o)
                0x0000b240                strncmp
 .text.strstr   0x0000b272       0x30 c:/siliconlabs/simplicitystudio/v4/developer/toolchains/gnu_arm/4.9_2015q3/bin/../lib/gcc/arm-none-eabi/4.9.3/../../../../arm-none-eabi/lib/armv7-m\libc_nano.a(lib_a-strstr.o)
                0x0000b272                strstr
 *fill*         0x0000b2a2        0x2 
 .text.strtok   0x0000b2a4       0x64 c:/siliconlabs/simplicitystudio/v4/developer/toolchains/gnu_arm/4.9_2015q3/bin/../lib/gcc/arm-none-eabi/4.9.3/../../../../arm-none-eabi/lib/armv7-m\libc_nano.a(lib_a-strtok.o)
                0x0000b2a4                strtok
 .text.__strtok_r
                0x0000b308       0x56 c:/siliconlabs/simplicitystudio/v4/developer/toolchains/gnu_arm/4.9_2015q3/bin/../lib/gcc/arm-none-eabi/4.9.3/../../../../arm-none-eabi/lib/armv7-m\libc_nano.a(lib_a-strtok_r.o)
                0x0000b308                __strtok_r
 *fill*         0x0000b35e        0x2 
 .text._strtoul_r
                0x0000b360       0xf8 c:/siliconlabs/simplicitystudio/v4/developer/toolchains/gnu_arm/4.9_2015q3/bin/../lib/gcc/arm-none-eabi/4.9.3/../../../../arm-none-eabi/lib/armv7-m\libc_nano.a(lib_a-strtoul.o)
                0x0000b360                _strtoul_r
 .text.strtoul  0x0000b458       0x1c c:/siliconlabs/simplicitystudio/v4/developer/toolchains/gnu_arm/4.9_2015q3/bin/../lib/gcc/arm-none-eabi/4.9.3/../../../../arm-none-eabi/lib/armv7-m\libc_nano.a(lib_a-strtoul.o)
                0x0000b458                strtoul
 .text.quorem   0x0000b474      0x114 c:/siliconlabs/simplicitystudio/v4/developer/toolchains/gnu_arm/4.9_2015q3/bin/../lib/gcc/arm-none-eabi/4.9.3/../../../../arm-none-eabi/lib/armv7-m\libc_nano.a(lib_a-dtoa.o)
 .text._dtoa_r  0x0000b588      0xb74 c:/siliconlabs/simplicitystudio/v4/developer/toolchains/gnu_arm/4.9_2015q3/bin/../lib/gcc/arm-none-eabi/4.9.3/../../../../arm-none-eabi/lib/armv7-m\libc_nano.a(lib_a-dtoa.o)
                0x0000b588                _dtoa_r
 .text._localeconv_r
                0x0000c0fc        0x8 c:/siliconlabs/simplicitystudio/v4/developer/toolchains/gnu_arm/4.9_2015q3/bin/../lib/gcc/arm-none-eabi/4.9.3/../../../../arm-none-eabi/lib/armv7-m\libc_nano.a(lib_a-locale.o)
                0x0000c0fc                _localeconv_r
 .text.malloc   0x0000c104       0x10 c:/siliconlabs/simplicitystudio/v4/developer/toolchains/gnu_arm/4.9_2015q3/bin/../lib/gcc/arm-none-eabi/4.9.3/../../../../arm-none-eabi/lib/armv7-m\libc_nano.a(lib_a-malloc.o)
                0x0000c104                malloc
 .text.memchr   0x0000c114       0x1c c:/siliconlabs/simplicitystudio/v4/developer/toolchains/gnu_arm/4.9_2015q3/bin/../lib/gcc/arm-none-eabi/4.9.3/../../../../arm-none-eabi/lib/armv7-m\libc_nano.a(lib_a-memchr.o)
                0x0000c114                memchr
 .text._Balloc  0x0000c130       0x6a c:/siliconlabs/simplicitystudio/v4/developer/toolchains/gnu_arm/4.9_2015q3/bin/../lib/gcc/arm-none-eabi/4.9.3/../../../../arm-none-eabi/lib/armv7-m\libc_nano.a(lib_a-mprec.o)
                0x0000c130                _Balloc
 .text._Bfree   0x0000c19a       0x2e c:/siliconlabs/simplicitystudio/v4/developer/toolchains/gnu_arm/4.9_2015q3/bin/../lib/gcc/arm-none-eabi/4.9.3/../../../../arm-none-eabi/lib/armv7-m\libc_nano.a(lib_a-mprec.o)
                0x0000c19a                _Bfree
 .text.__multadd
                0x0000c1c8       0x7c c:/siliconlabs/simplicitystudio/v4/developer/toolchains/gnu_arm/4.9_2015q3/bin/../lib/gcc/arm-none-eabi/4.9.3/../../../../arm-none-eabi/lib/armv7-m\libc_nano.a(lib_a-mprec.o)
                0x0000c1c8                __multadd
 .text.__hi0bits
                0x0000c244       0x40 c:/siliconlabs/simplicitystudio/v4/developer/toolchains/gnu_arm/4.9_2015q3/bin/../lib/gcc/arm-none-eabi/4.9.3/../../../../arm-none-eabi/lib/armv7-m\libc_nano.a(lib_a-mprec.o)
                0x0000c244                __hi0bits
 .text.__lo0bits
                0x0000c284       0x5a c:/siliconlabs/simplicitystudio/v4/developer/toolchains/gnu_arm/4.9_2015q3/bin/../lib/gcc/arm-none-eabi/4.9.3/../../../../arm-none-eabi/lib/armv7-m\libc_nano.a(lib_a-mprec.o)
                0x0000c284                __lo0bits
 .text.__i2b    0x0000c2de       0x12 c:/siliconlabs/simplicitystudio/v4/developer/toolchains/gnu_arm/4.9_2015q3/bin/../lib/gcc/arm-none-eabi/4.9.3/../../../../arm-none-eabi/lib/armv7-m\libc_nano.a(lib_a-mprec.o)
                0x0000c2de                __i2b
 .text.__multiply
                0x0000c2f0      0x120 c:/siliconlabs/simplicitystudio/v4/developer/toolchains/gnu_arm/4.9_2015q3/bin/../lib/gcc/arm-none-eabi/4.9.3/../../../../arm-none-eabi/lib/armv7-m\libc_nano.a(lib_a-mprec.o)
                0x0000c2f0                __multiply
 .text.__pow5mult
                0x0000c410       0x9c c:/siliconlabs/simplicitystudio/v4/developer/toolchains/gnu_arm/4.9_2015q3/bin/../lib/gcc/arm-none-eabi/4.9.3/../../../../arm-none-eabi/lib/armv7-m\libc_nano.a(lib_a-mprec.o)
                0x0000c410                __pow5mult
 .text.__lshift
                0x0000c4ac       0xa6 c:/siliconlabs/simplicitystudio/v4/developer/toolchains/gnu_arm/4.9_2015q3/bin/../lib/gcc/arm-none-eabi/4.9.3/../../../../arm-none-eabi/lib/armv7-m\libc_nano.a(lib_a-mprec.o)
                0x0000c4ac                __lshift
 .text.__mcmp   0x0000c552       0x38 c:/siliconlabs/simplicitystudio/v4/developer/toolchains/gnu_arm/4.9_2015q3/bin/../lib/gcc/arm-none-eabi/4.9.3/../../../../arm-none-eabi/lib/armv7-m\libc_nano.a(lib_a-mprec.o)
                0x0000c552                __mcmp
 .text.__mdiff  0x0000c58a       0xbe c:/siliconlabs/simplicitystudio/v4/developer/toolchains/gnu_arm/4.9_2015q3/bin/../lib/gcc/arm-none-eabi/4.9.3/../../../../arm-none-eabi/lib/armv7-m\libc_nano.a(lib_a-mprec.o)
                0x0000c58a                __mdiff
 .text.__d2b    0x0000c648       0xa4 c:/siliconlabs/simplicitystudio/v4/developer/toolchains/gnu_arm/4.9_2015q3/bin/../lib/gcc/arm-none-eabi/4.9.3/../../../../arm-none-eabi/lib/armv7-m\libc_nano.a(lib_a-mprec.o)
                0x0000c648                __d2b
 .text._calloc_r
                0x0000c6ec       0x1c c:/siliconlabs/simplicitystudio/v4/developer/toolchains/gnu_arm/4.9_2015q3/bin/../lib/gcc/arm-none-eabi/4.9.3/../../../../arm-none-eabi/lib/armv7-m\libc_nano.a(lib_a-nano-callocr.o)
                0x0000c6ec                _calloc_r
 .text._free_r  0x0000c708       0x88 c:/siliconlabs/simplicitystudio/v4/developer/toolchains/gnu_arm/4.9_2015q3/bin/../lib/gcc/arm-none-eabi/4.9.3/../../../../arm-none-eabi/lib/armv7-m\libc_nano.a(lib_a-nano-freer.o)
                0x0000c708                _free_r
 .text._malloc_r
                0x0000c790       0xac c:/siliconlabs/simplicitystudio/v4/developer/toolchains/gnu_arm/4.9_2015q3/bin/../lib/gcc/arm-none-eabi/4.9.3/../../../../arm-none-eabi/lib/armv7-m\libc_nano.a(lib_a-nano-mallocr.o)
                0x0000c790                _malloc_r
 .text.__ssputs_r
                0x0000c83c       0xb2 c:/siliconlabs/simplicitystudio/v4/developer/toolchains/gnu_arm/4.9_2015q3/bin/../lib/gcc/arm-none-eabi/4.9.3/../../../../arm-none-eabi/lib/armv7-m\libc_nano.a(lib_a-nano-svfprintf.o)
                0x0000c83c                __ssputs_r
 *fill*         0x0000c8ee        0x2 
 .text._svfprintf_r
                0x0000c8f0      0x1e4 c:/siliconlabs/simplicitystudio/v4/developer/toolchains/gnu_arm/4.9_2015q3/bin/../lib/gcc/arm-none-eabi/4.9.3/../../../../arm-none-eabi/lib/armv7-m\libc_nano.a(lib_a-nano-svfprintf.o)
                0x0000c8f0                _svfiprintf_r
                0x0000c8f0                _svfprintf_r
 .text._sbrk_r  0x0000cad4       0x20 c:/siliconlabs/simplicitystudio/v4/developer/toolchains/gnu_arm/4.9_2015q3/bin/../lib/gcc/arm-none-eabi/4.9.3/../../../../arm-none-eabi/lib/armv7-m\libc_nano.a(lib_a-sbrkr.o)
                0x0000cad4                _sbrk_r
 .text.memmove  0x0000caf4       0x36 c:/siliconlabs/simplicitystudio/v4/developer/toolchains/gnu_arm/4.9_2015q3/bin/../lib/gcc/arm-none-eabi/4.9.3/../../../../arm-none-eabi/lib/armv7-m\libc_nano.a(lib_a-memmove.o)
                0x0000caf4                memmove
 .text._realloc_r
                0x0000cb2a       0x4c c:/siliconlabs/simplicitystudio/v4/developer/toolchains/gnu_arm/4.9_2015q3/bin/../lib/gcc/arm-none-eabi/4.9.3/../../../../arm-none-eabi/lib/armv7-m\libc_nano.a(lib_a-nano-reallocr.o)
                0x0000cb2a                _realloc_r
 .text._malloc_usable_size_r
                0x0000cb76       0x14 c:/siliconlabs/simplicitystudio/v4/developer/toolchains/gnu_arm/4.9_2015q3/bin/../lib/gcc/arm-none-eabi/4.9.3/../../../../arm-none-eabi/lib/armv7-m\libc_nano.a(lib_a-nano-msizer.o)
                0x0000cb76                _malloc_usable_size_r
 *fill*         0x0000cb8a        0x2 
 .text._sbrk    0x0000cb8c       0x1c c:/siliconlabs/simplicitystudio/v4/developer/toolchains/gnu_arm/4.9_2015q3/bin/../lib/gcc/arm-none-eabi/4.9.3/../../../../arm-none-eabi/lib/armv7-m\libnosys.a(sbrk.o)
                0x0000cb8c                _sbrk
 .text._exit    0x0000cba8        0x4 c:/siliconlabs/simplicitystudio/v4/developer/toolchains/gnu_arm/4.9_2015q3/bin/../lib/gcc/arm-none-eabi/4.9.3/../../../../arm-none-eabi/lib/armv7-m\libnosys.a(_exit.o)
                0x0000cba8                _exit
 .text          0x0000cbac      0x424 c:/siliconlabs/simplicitystudio/v4/developer/toolchains/gnu_arm/4.9_2015q3/bin/../lib/gcc/arm-none-eabi/4.9.3/armv7-m\libgcc.a(_arm_muldivdf3.o)
                0x0000cbac                __aeabi_dmul
                0x0000cbac                __muldf3
                0x0000ce00                __divdf3
                0x0000ce00                __aeabi_ddiv
 .text          0x0000cfd0      0x110 c:/siliconlabs/simplicitystudio/v4/developer/toolchains/gnu_arm/4.9_2015q3/bin/../lib/gcc/arm-none-eabi/4.9.3/armv7-m\libgcc.a(_arm_cmpdf2.o)
                0x0000cfd0                __gtdf2
                0x0000cfd0                __gedf2
                0x0000cfd8                __ltdf2
                0x0000cfd8                __ledf2
                0x0000cfe0                __nedf2
                0x0000cfe0                __eqdf2
                0x0000cfe0                __cmpdf2
                0x0000d05c                __aeabi_cdrcmple
                0x0000d06c                __aeabi_cdcmpeq
                0x0000d06c                __aeabi_cdcmple
                0x0000d07c                __aeabi_dcmpeq
                0x0000d090                __aeabi_dcmplt
                0x0000d0a4                __aeabi_dcmple
                0x0000d0b8                __aeabi_dcmpge
                0x0000d0cc                __aeabi_dcmpgt
 .text          0x0000d0e0       0x50 c:/siliconlabs/simplicitystudio/v4/developer/toolchains/gnu_arm/4.9_2015q3/bin/../lib/gcc/arm-none-eabi/4.9.3/armv7-m\libgcc.a(_arm_fixdfsi.o)
                0x0000d0e0                __aeabi_d2iz
                0x0000d0e0                __fixdfsi
 *(.init)
 .init          0x0000d130        0x4 c:/siliconlabs/simplicitystudio/v4/developer/toolchains/gnu_arm/4.9_2015q3/bin/../lib/gcc/arm-none-eabi/4.9.3/armv7-m/crti.o
                0x0000d130                _init
 .init          0x0000d134        0x8 c:/siliconlabs/simplicitystudio/v4/developer/toolchains/gnu_arm/4.9_2015q3/bin/../lib/gcc/arm-none-eabi/4.9.3/armv7-m/crtn.o
 *(.fini)
 .fini          0x0000d13c        0x4 c:/siliconlabs/simplicitystudio/v4/developer/toolchains/gnu_arm/4.9_2015q3/bin/../lib/gcc/arm-none-eabi/4.9.3/armv7-m/crti.o
                0x0000d13c                _fini
 .fini          0x0000d140        0x8 c:/siliconlabs/simplicitystudio/v4/developer/toolchains/gnu_arm/4.9_2015q3/bin/../lib/gcc/arm-none-eabi/4.9.3/armv7-m/crtn.o
 *crtbegin.o(.ctors)
 *crtbegin?.o(.ctors)
 *(EXCLUDE_FILE(*crtend.o *crtend?.o) .ctors)
 *(SORT(.ctors.*))
 *(.ctors)
 *crtbegin.o(.dtors)
 *crtbegin?.o(.dtors)
 *(EXCLUDE_FILE(*crtend.o *crtend?.o) .dtors)
 *(SORT(.dtors.*))
 *(.dtors)
 *(.rodata*)
 .rodata        0x0000d148       0x56 ./devices_src/tbr.o
 *fill*         0x0000d19e        0x2 
 .rodata.nav_pvt_gps_data
                0x0000d1a0        0x8 ./devices_src/ublox_gps.o
 .rodata.cfg_prt_spi
                0x0000d1a8       0x1c ./devices_src/ublox_gps.o
 .rodata.cfg_prt_usb
                0x0000d1c4       0x1c ./devices_src/ublox_gps.o
 .rodata.cfg_prt_ddc
                0x0000d1e0       0x1c ./devices_src/ublox_gps.o
 .rodata.cfg_pm2_on_off
                0x0000d1fc       0x34 ./devices_src/ublox_gps.o
 .rodata.cfg_sbas_disable
                0x0000d230       0x10 ./devices_src/ublox_gps.o
 .rodata.cfg_rxm_psm_mode
                0x0000d240        0xa ./devices_src/ublox_gps.o
 *fill*         0x0000d24a        0x2 
 .rodata.cfg_rxm_poll_psm
                0x0000d24c        0x8 ./devices_src/ublox_gps.o
 .rodata        0x0000d254       0x1f ./devices_src/ublox_gps.o
 *fill*         0x0000d273        0x1 
 .rodata        0x0000d274       0x18 ./drivers_src/rs232.o
 .rodata        0x0000d28c       0x18 ./drivers_src/spi.o
 .rodata        0x0000d2a4        0xf ./fat_filesystem_src/ff.o
 *fill*         0x0000d2b3        0x1 
 .rodata        0x0000d2b4       0x5f ./hal/hal.o
 *fill*         0x0000d313        0x1 
 .rodata.rxlorairqmask
                0x0000d314        0x3 ./lmic/radio.o
 *fill*         0x0000d317        0x1 
 .rodata.LORA_RXDONE_FIXUP
                0x0000d318        0xe ./lmic/radio.o
 *fill*         0x0000d326        0x2 
 .rodata        0x0000d328      0x124 ./resource managers_src/app_manager.o
 .rodata        0x0000d44c       0xfc ./resource managers_src/lpwan_manager.o
 .rodata        0x0000d548       0x3e ./src/main.o
 .rodata.str1.1
                0x0000d586        0x2 c:/siliconlabs/simplicitystudio/v4/developer/toolchains/gnu_arm/4.9_2015q3/bin/../lib/gcc/arm-none-eabi/4.9.3/../../../../arm-none-eabi/lib/armv7-m\libc_nano.a(lib_a-impure.o)
 .rodata._global_impure_ptr
                0x0000d588        0x4 c:/siliconlabs/simplicitystudio/v4/developer/toolchains/gnu_arm/4.9_2015q3/bin/../lib/gcc/arm-none-eabi/4.9.3/../../../../arm-none-eabi/lib/armv7-m\libc_nano.a(lib_a-impure.o)
                0x0000d588                _global_impure_ptr
 .rodata.str1.1
                0x0000d58c       0x12 c:/siliconlabs/simplicitystudio/v4/developer/toolchains/gnu_arm/4.9_2015q3/bin/../lib/gcc/arm-none-eabi/4.9.3/../../../../arm-none-eabi/lib/armv7-m\libc_nano.a(lib_a-nano-vfprintf_float.o)
 .rodata.str1.1
                0x0000d59e       0x22 c:/siliconlabs/simplicitystudio/v4/developer/toolchains/gnu_arm/4.9_2015q3/bin/../lib/gcc/arm-none-eabi/4.9.3/../../../../arm-none-eabi/lib/armv7-m\libc_nano.a(lib_a-nano-vfprintf_i.o)
 .rodata._ctype_
                0x0000d5c0      0x101 c:/siliconlabs/simplicitystudio/v4/developer/toolchains/gnu_arm/4.9_2015q3/bin/../lib/gcc/arm-none-eabi/4.9.3/../../../../arm-none-eabi/lib/armv7-m\libc_nano.a(lib_a-ctype_.o)
                0x0000d5c0                _ctype_
 .rodata.str1.1
                0x0000d6c1        0xd c:/siliconlabs/simplicitystudio/v4/developer/toolchains/gnu_arm/4.9_2015q3/bin/../lib/gcc/arm-none-eabi/4.9.3/../../../../arm-none-eabi/lib/armv7-m\libc_nano.a(lib_a-dtoa.o)
                                  0xf (size before relaxing)
 .rodata.str1.1
                0x0000d6ce        0x8 c:/siliconlabs/simplicitystudio/v4/developer/toolchains/gnu_arm/4.9_2015q3/bin/../lib/gcc/arm-none-eabi/4.9.3/../../../../arm-none-eabi/lib/armv7-m\libc_nano.a(lib_a-locale.o)
                                  0xb (size before relaxing)
 *fill*         0x0000d6d6        0x2 
 .rodata.__mprec_tens
                0x0000d6d8       0xc8 c:/siliconlabs/simplicitystudio/v4/developer/toolchains/gnu_arm/4.9_2015q3/bin/../lib/gcc/arm-none-eabi/4.9.3/../../../../arm-none-eabi/lib/armv7-m\libc_nano.a(lib_a-mprec.o)
                0x0000d6d8                __mprec_tens
 .rodata.__mprec_bigtens
                0x0000d7a0       0x28 c:/siliconlabs/simplicitystudio/v4/developer/toolchains/gnu_arm/4.9_2015q3/bin/../lib/gcc/arm-none-eabi/4.9.3/../../../../arm-none-eabi/lib/armv7-m\libc_nano.a(lib_a-mprec.o)
                0x0000d7a0                __mprec_bigtens
 .rodata.p05.5314
                0x0000d7c8        0xc c:/siliconlabs/simplicitystudio/v4/developer/toolchains/gnu_arm/4.9_2015q3/bin/../lib/gcc/arm-none-eabi/4.9.3/../../../../arm-none-eabi/lib/armv7-m\libc_nano.a(lib_a-mprec.o)
 .rodata.str1.1
                0x0000d7d4       0x11 c:/siliconlabs/simplicitystudio/v4/developer/toolchains/gnu_arm/4.9_2015q3/bin/../lib/gcc/arm-none-eabi/4.9.3/../../../../arm-none-eabi/lib/armv7-m\libc_nano.a(lib_a-nano-svfprintf.o)
 *(.eh_frame*)
 *fill*         0x0000d7e5        0x3 
 .eh_frame      0x0000d7e8        0x0 c:/siliconlabs/simplicitystudio/v4/developer/toolchains/gnu_arm/4.9_2015q3/bin/../lib/gcc/arm-none-eabi/4.9.3/armv7-m/crtbegin.o
 .eh_frame      0x0000d7e8        0x0 c:/siliconlabs/simplicitystudio/v4/developer/toolchains/gnu_arm/4.9_2015q3/bin/../lib/gcc/arm-none-eabi/4.9.3/../../../../arm-none-eabi/lib/armv7-m\libc_nano.a(lib_a-strcmp.o)
                                 0x28 (size before relaxing)
 .eh_frame      0x0000d7e8        0x4 c:/siliconlabs/simplicitystudio/v4/developer/toolchains/gnu_arm/4.9_2015q3/bin/../lib/gcc/arm-none-eabi/4.9.3/armv7-m/crtend.o

.glue_7         0x0000d7ec        0x0
 .glue_7        0x00000000        0x0 linker stubs

.glue_7t        0x0000d7ec        0x0
 .glue_7t       0x00000000        0x0 linker stubs

.vfp11_veneer   0x0000d7ec        0x0
 .vfp11_veneer  0x00000000        0x0 linker stubs

.v4_bx          0x0000d7ec        0x0
 .v4_bx         0x00000000        0x0 linker stubs

.iplt           0x0000d7ec        0x0
 .iplt          0x00000000        0x0 c:/siliconlabs/simplicitystudio/v4/developer/toolchains/gnu_arm/4.9_2015q3/bin/../lib/gcc/arm-none-eabi/4.9.3/armv7-m/crtbegin.o

.ARM.extab
 *(.ARM.extab* .gnu.linkonce.armextab.*)
                0x0000d7ec                __exidx_start = .

.ARM.exidx      0x0000d7ec        0x8
 *(.ARM.exidx* .gnu.linkonce.armexidx.*)
 .ARM.exidx     0x0000d7ec        0x8 c:/siliconlabs/simplicitystudio/v4/developer/toolchains/gnu_arm/4.9_2015q3/bin/../lib/gcc/arm-none-eabi/4.9.3/../../../../arm-none-eabi/lib/armv7-m/crt0.o
 .ARM.exidx     0x0000d7f4        0x0 c:/siliconlabs/simplicitystudio/v4/developer/toolchains/gnu_arm/4.9_2015q3/bin/../lib/gcc/arm-none-eabi/4.9.3/armv7-m\libgcc.a(_divdi3.o)
                                  0x8 (size before relaxing)
 .ARM.exidx     0x0000d7f4        0x0 c:/siliconlabs/simplicitystudio/v4/developer/toolchains/gnu_arm/4.9_2015q3/bin/../lib/gcc/arm-none-eabi/4.9.3/armv7-m\libgcc.a(_udivdi3.o)
                                  0x8 (size before relaxing)
                0x0000d7f4                __exidx_end = .
                0x0000d7f4                __etext = .

.rel.dyn        0x0000d7f4        0x0
 .rel.iplt      0x00000000        0x0 c:/siliconlabs/simplicitystudio/v4/developer/toolchains/gnu_arm/4.9_2015q3/bin/../lib/gcc/arm-none-eabi/4.9.3/armv7-m/crtbegin.o

.data           0x20000000       0xc4 load address 0x0000d7f4
                0x20000000                __data_start__ = .
 *(vtable)
 *(.data*)
 .data.SystemHFXOClock
                0x20000000        0x4 ./CMSIS/EFM32GG/system_efm32gg.o
 .data.SystemLFXOClock
                0x20000004        0x4 ./CMSIS/EFM32GG/system_efm32gg.o
 .data.SystemCoreClock
                0x20000008        0x4 ./CMSIS/EFM32GG/system_efm32gg.o
                0x20000008                SystemCoreClock
 .data.isr_rx_tx_char
                0x2000000c        0x1 ./drivers_src/rs485.o
 *fill*         0x2000000d        0x3 
 .data.one_sec_top_ref
                0x20000010        0x4 ./hal/hal.o
 .data.last_letimer_count
                0x20000014        0x4 ./hal/hal.o
 .data.impure_data
                0x20000018       0x60 c:/siliconlabs/simplicitystudio/v4/developer/toolchains/gnu_arm/4.9_2015q3/bin/../lib/gcc/arm-none-eabi/4.9.3/../../../../arm-none-eabi/lib/armv7-m\libc_nano.a(lib_a-impure.o)
 .data._impure_ptr
                0x20000078        0x4 c:/siliconlabs/simplicitystudio/v4/developer/toolchains/gnu_arm/4.9_2015q3/bin/../lib/gcc/arm-none-eabi/4.9.3/../../../../arm-none-eabi/lib/armv7-m\libc_nano.a(lib_a-impure.o)
                0x20000078                _impure_ptr
 .data.__ctype_ptr__
                0x2000007c        0x4 c:/siliconlabs/simplicitystudio/v4/developer/toolchains/gnu_arm/4.9_2015q3/bin/../lib/gcc/arm-none-eabi/4.9.3/../../../../arm-none-eabi/lib/armv7-m\libc_nano.a(lib_a-ctype_.o)
                0x2000007c                __ctype_ptr__
 .data.lconv    0x20000080       0x38 c:/siliconlabs/simplicitystudio/v4/developer/toolchains/gnu_arm/4.9_2015q3/bin/../lib/gcc/arm-none-eabi/4.9.3/../../../../arm-none-eabi/lib/armv7-m\libc_nano.a(lib_a-locale.o)
                0x200000b8                . = ALIGN (0x4)
 *(.ram)
                0x200000b8                . = ALIGN (0x4)
                0x200000b8                PROVIDE (__preinit_array_start, .)
 *(.preinit_array)
                0x200000b8                PROVIDE (__preinit_array_end, .)
                0x200000b8                . = ALIGN (0x4)
                0x200000b8                PROVIDE (__init_array_start, .)
 *(SORT(.init_array.*))
 *(.init_array)
 .init_array    0x200000b8        0x4 c:/siliconlabs/simplicitystudio/v4/developer/toolchains/gnu_arm/4.9_2015q3/bin/../lib/gcc/arm-none-eabi/4.9.3/armv7-m/crtbegin.o
                0x200000bc                PROVIDE (__init_array_end, .)
                0x200000bc                . = ALIGN (0x4)
                0x200000bc                PROVIDE (__fini_array_start, .)
 *(SORT(.fini_array.*))
 *(.fini_array)
 .fini_array    0x200000bc        0x4 c:/siliconlabs/simplicitystudio/v4/developer/toolchains/gnu_arm/4.9_2015q3/bin/../lib/gcc/arm-none-eabi/4.9.3/armv7-m/crtbegin.o
                0x200000c0                PROVIDE (__fini_array_end, .)
 *(.jcr*)
 .jcr           0x200000c0        0x0 c:/siliconlabs/simplicitystudio/v4/developer/toolchains/gnu_arm/4.9_2015q3/bin/../lib/gcc/arm-none-eabi/4.9.3/armv7-m/crtbegin.o
 .jcr           0x200000c0        0x4 c:/siliconlabs/simplicitystudio/v4/developer/toolchains/gnu_arm/4.9_2015q3/bin/../lib/gcc/arm-none-eabi/4.9.3/armv7-m/crtend.o
                0x200000c4                . = ALIGN (0x4)
                0x200000c4                __data_end__ = .

.igot.plt       0x200000c4        0x0 load address 0x0000d8b8
 .igot.plt      0x00000000        0x0 c:/siliconlabs/simplicitystudio/v4/developer/toolchains/gnu_arm/4.9_2015q3/bin/../lib/gcc/arm-none-eabi/4.9.3/armv7-m/crtbegin.o

.bss            0x200000c8     0x1f54 load address 0x0000d8c0
                0x200000c8                . = ALIGN (0x4)
                0x200000c8                __bss_start__ = .
 *(.bss*)
 .bss           0x200000c8       0x1c c:/siliconlabs/simplicitystudio/v4/developer/toolchains/gnu_arm/4.9_2015q3/bin/../lib/gcc/arm-none-eabi/4.9.3/armv7-m/crtbegin.o
 .bss.array_msg
                0x200000e4      0x400 ./devices_src/tbr.o
 .bss.array_size
                0x200004e4        0x4 ./devices_src/tbr.o
 .bss.array_front
                0x200004e8        0x4 ./devices_src/tbr.o
 .bss.array_rear
                0x200004ec        0x4 ./devices_src/tbr.o
 .bss.current_rx_fifo
                0x200004f0        0x1 ./drivers_src/rs485.o
 .bss.first_char
                0x200004f1        0x1 ./drivers_src/rs485.o
 .bss.last_char
                0x200004f2        0x1 ./drivers_src/rs485.o
 *fill*         0x200004f3        0x1 
 .bss.real_time_buf_size
                0x200004f4        0x2 ./drivers_src/rs485.o
 .bss.init_flag
                0x200004f6        0x1 ./fat_filesystem_src/diskio.o
 *fill*         0x200004f7        0x1 
 .bss.FatFs     0x200004f8        0x4 ./fat_filesystem_src/ff.o
 .bss.Fsid      0x200004fc        0x2 ./fat_filesystem_src/ff.o
 *fill*         0x200004fe        0x2 
 .bss.fifo_rx_size
                0x20000500        0x4 ./fifo_buffers_src/fifo_rs232.o
 .bss.fifo_tx_size
                0x20000504        0x4 ./fifo_buffers_src/fifo_rs232.o
 .bss.fifo_rx_front
                0x20000508        0x4 ./fifo_buffers_src/fifo_rs232.o
 .bss.fifo_tx_front
                0x2000050c        0x4 ./fifo_buffers_src/fifo_rs232.o
 .bss.fifo_rx_rear
                0x20000510        0x4 ./fifo_buffers_src/fifo_rs232.o
 .bss.fifo_tx_rear
                0x20000514        0x4 ./fifo_buffers_src/fifo_rs232.o
 .bss.fifo_tx   0x20000518      0x200 ./fifo_buffers_src/fifo_rs232.o
 .bss.fifo_rx   0x20000718       0x10 ./fifo_buffers_src/fifo_rs232.o
 .bss.fifo_rx_data_size
                0x20000728        0x4 ./fifo_buffers_src/fifo_tbr.o
 .bss.fifo_rx_cmd_size
                0x2000072c        0x4 ./fifo_buffers_src/fifo_tbr.o
 .bss.fifo_tx_cmd_size
                0x20000730        0x4 ./fifo_buffers_src/fifo_tbr.o
 .bss.fifo_rx_cmd_front
                0x20000734        0x4 ./fifo_buffers_src/fifo_tbr.o
 .bss.fifo_tx_cmd_front
                0x20000738        0x4 ./fifo_buffers_src/fifo_tbr.o
 .bss.fifo_rx_data_front
                0x2000073c        0x4 ./fifo_buffers_src/fifo_tbr.o
 .bss.fifo_rx_cmd_rear
                0x20000740        0x4 ./fifo_buffers_src/fifo_tbr.o
 .bss.fifo_tx_cmd_rear
                0x20000744        0x4 ./fifo_buffers_src/fifo_tbr.o
 .bss.fifo_rx_data_rear
                0x20000748        0x4 ./fifo_buffers_src/fifo_tbr.o
 .bss.fifo_tx_cmd
                0x2000074c       0x10 ./fifo_buffers_src/fifo_tbr.o
 .bss.fifo_rx_cmd
                0x2000075c        0x0 ./fifo_buffers_src/fifo_tbr.o
 .bss.fifo_rx_data
                0x2000075c      0x400 ./fifo_buffers_src/fifo_tbr.o
 *fill*         0x20000b5c        0x4 
 .bss.HAL       0x20000b60        0x8 ./hal/hal.o
 .bss.letimer_running
                0x20000b68        0x1 ./hal/hal.o
 *fill*         0x20000b69        0x1 
 .bss.average_n
                0x20000b6a        0x2 ./hal/hal.o
 .bss.avergae_sum
                0x20000b6c        0x4 ./hal/hal.o
 .bss.ref_count
                0x20000b70        0x4 ./hal/hal.o
 .bss.time_manager_cmd
                0x20000b74        0x1 ./hal/hal.o
 *fill*         0x20000b75        0x3 
 .bss.time_count
                0x20000b78        0x4 ./hal/hal.o
 .bss.rtcInitialized
                0x20000b7c        0x1 ./hal/hal.o
 *fill*         0x20000b7d        0x3 
 .bss.rtcFreq   0x20000b80        0x4 ./hal/hal.o
 .bss.irqlevel  0x20000b84        0x1 ./hal/hal.o
 .bss.int_flag  0x20000b85        0x1 ./hal/hal.o
 *fill*         0x20000b86        0x2 
 .bss.OS        0x20000b88        0x8 ./lmic/oslmic.o
 .bss.randbuf   0x20000b90       0x10 ./lmic/radio.o
 .bss.FatFs     0x20000ba0      0x230 ./resource managers_src/app_manager.o
 .bss.tbr_lora_length
                0x20000dd0        0x4 ./resource managers_src/app_manager.o
 .bss.tbr_lora_buf
                0x20000dd4      0x400 ./resource managers_src/app_manager.o
 .bss.tbr_sd_card_buf
                0x200011d4      0x400 ./resource managers_src/app_manager.o
 .bss.rs232_tx_buf
                0x200015d4      0x200 ./resource managers_src/app_manager.o
 .bss.app_job   0x200017d4        0xc ./resource managers_src/lpwan_manager.o
 .bss.rt_job    0x200017e0        0xc ./resource managers_src/lpwan_manager.o
 .bss.rs_rs232_buf
                0x200017ec       0x80 ./resource managers_src/lpwan_manager.o
 .bss.real_time_msg_flag
                0x2000186c        0x1 ./resource managers_src/lpwan_manager.o
                0x2000186c                real_time_msg_flag
 *fill*         0x2000186d        0x3 
 .bss.__malloc_sbrk_start
                0x20001870        0x4 c:/siliconlabs/simplicitystudio/v4/developer/toolchains/gnu_arm/4.9_2015q3/bin/../lib/gcc/arm-none-eabi/4.9.3/../../../../arm-none-eabi/lib/armv7-m\libc_nano.a(lib_a-nano-mallocr.o)
                0x20001870                __malloc_sbrk_start
 .bss.__malloc_free_list
                0x20001874        0x4 c:/siliconlabs/simplicitystudio/v4/developer/toolchains/gnu_arm/4.9_2015q3/bin/../lib/gcc/arm-none-eabi/4.9.3/../../../../arm-none-eabi/lib/armv7-m\libc_nano.a(lib_a-nano-mallocr.o)
                0x20001874                __malloc_free_list
 .bss.heap_end.4079
                0x20001878        0x4 c:/siliconlabs/simplicitystudio/v4/developer/toolchains/gnu_arm/4.9_2015q3/bin/../lib/gcc/arm-none-eabi/4.9.3/../../../../arm-none-eabi/lib/armv7-m\libnosys.a(sbrk.o)
 *(COMMON)
 COMMON         0x2000187c       0x80 ./devices_src/tbr.o
                0x2000187c                resuable_buffer
 COMMON         0x200018fc       0x84 ./hal/hal.o
                0x200018fc                irqState
                0x20001900                temp_buf
 COMMON         0x20001980      0x244 ./lmic/lmic.o
                0x20001980                LMIC
 COMMON         0x20001bc4      0x454 ./resource managers_src/lpwan_manager.o
                0x20001bc4                diff_in_tstamp
                0x20001bc8                running_tstamp
                0x20001bf0                ref_tstamp
                0x20001c18                real_time_buf
 COMMON         0x20002018        0x4 c:/siliconlabs/simplicitystudio/v4/developer/toolchains/gnu_arm/4.9_2015q3/bin/../lib/gcc/arm-none-eabi/4.9.3/../../../../arm-none-eabi/lib/armv7-m\libc_nano.a(lib_a-reent.o)
                0x20002018                errno
                0x2000201c                . = ALIGN (0x4)
                0x2000201c                __bss_end__ = .

.heap           0x20002020      0xc00
                0x20002020                __HeapBase = .
                0x20002020                __end__ = .
                0x20002020                end = __end__
                0x20002020                _end = __end__
 *(.heap*)
 .heap          0x20002020      0xc00 ./CMSIS/EFM32GG/startup_efm32gg.o
                0x20002c20                __HeapLimit = .

.stack_dummy    0x20002020      0x400
 *(.stack*)
 .stack         0x20002020      0x400 ./CMSIS/EFM32GG/startup_efm32gg.o
                0x20020000                __StackTop = (ORIGIN (RAM) + 0x20000)
                0x2001fc00                __StackLimit = (__StackTop - SIZEOF (.stack_dummy))
                0x20020000                PROVIDE (__stack, __StackTop)
                0x00000001                ASSERT ((__StackLimit >= __HeapLimit), region RAM overflowed with stack)
                0x00000001                ASSERT ((0x100000 >= (__etext + SIZEOF (.data))), FLASH memory overflowed !)
OUTPUT(lmic_and_testproject_iA.axf elf32-littlearm)

.ARM.attributes
                0x00000000       0x29
 .ARM.attributes
                0x00000000       0x1d c:/siliconlabs/simplicitystudio/v4/developer/toolchains/gnu_arm/4.9_2015q3/bin/../lib/gcc/arm-none-eabi/4.9.3/armv7-m/crti.o
 .ARM.attributes
                0x0000001d       0x2d c:/siliconlabs/simplicitystudio/v4/developer/toolchains/gnu_arm/4.9_2015q3/bin/../lib/gcc/arm-none-eabi/4.9.3/armv7-m/crtbegin.o
 .ARM.attributes
                0x0000004a       0x1b c:/siliconlabs/simplicitystudio/v4/developer/toolchains/gnu_arm/4.9_2015q3/bin/../lib/gcc/arm-none-eabi/4.9.3/../../../../arm-none-eabi/lib/armv7-m/crt0.o
 .ARM.attributes
                0x00000065       0x1b ./CMSIS/EFM32GG/startup_efm32gg.o
 .ARM.attributes
                0x00000080       0x33 ./CMSIS/EFM32GG/system_efm32gg.o
 .ARM.attributes
                0x000000b3       0x33 ./devices_src/rgb_led.o
 .ARM.attributes
                0x000000e6       0x33 ./devices_src/sd_card.o
 .ARM.attributes
                0x00000119       0x33 ./devices_src/tbr.o
 .ARM.attributes
                0x0000014c       0x33 ./devices_src/ublox_gps.o
 .ARM.attributes
                0x0000017f       0x33 ./drivers_src/delay.o
 .ARM.attributes
                0x000001b2       0x33 ./drivers_src/pwm.o
 .ARM.attributes
                0x000001e5       0x33 ./drivers_src/rs232.o
 .ARM.attributes
                0x00000218       0x33 ./drivers_src/rs485.o
 .ARM.attributes
                0x0000024b       0x33 ./drivers_src/spi.o
 .ARM.attributes
                0x0000027e       0x33 ./emlib/src/em_burtc.o
 .ARM.attributes
                0x000002b1       0x33 ./emlib/src/em_cmu.o
 .ARM.attributes
                0x000002e4       0x33 ./emlib/src/em_core.o
 .ARM.attributes
                0x00000317       0x33 ./emlib/src/em_dma.o
 .ARM.attributes
                0x0000034a       0x33 ./emlib/src/em_gpio.o
 .ARM.attributes
                0x0000037d       0x33 ./emlib/src/em_letimer.o
 .ARM.attributes
                0x000003b0       0x33 ./emlib/src/em_leuart.o
 .ARM.attributes
                0x000003e3       0x33 ./emlib/src/em_rmu.o
 .ARM.attributes
                0x00000416       0x33 ./emlib/src/em_rtc.o
 .ARM.attributes
                0x00000449       0x33 ./emlib/src/em_system.o
 .ARM.attributes
                0x0000047c       0x33 ./emlib/src/em_timer.o
 .ARM.attributes
                0x000004af       0x33 ./emlib/src/em_usart.o
 .ARM.attributes
                0x000004e2       0x33 ./fat_filesystem_src/diskio.o
 .ARM.attributes
                0x00000515       0x33 ./fat_filesystem_src/ff.o
 .ARM.attributes
                0x00000548       0x33 ./fifo_buffers_src/fifo_rs232.o
 .ARM.attributes
                0x0000057b       0x33 ./fifo_buffers_src/fifo_tbr.o
 .ARM.attributes
                0x000005ae       0x33 ./hal/debug.o
 .ARM.attributes
                0x000005e1       0x33 ./hal/hal.o
 .ARM.attributes
                0x00000614       0x33 ./lmic/lmic.o
 .ARM.attributes
                0x00000647       0x33 ./lmic/oslmic.o
 .ARM.attributes
                0x0000067a       0x33 ./lmic/radio.o
 .ARM.attributes
                0x000006ad       0x33 ./resource managers_src/app_manager.o
 .ARM.attributes
                0x000006e0       0x33 ./resource managers_src/lpwan_manager.o
 .ARM.attributes
                0x00000713       0x33 ./src/main.o
 .ARM.attributes
                0x00000746       0x1d c:/siliconlabs/simplicitystudio/v4/developer/toolchains/gnu_arm/4.9_2015q3/bin/../lib/gcc/arm-none-eabi/4.9.3/armv7-m\libgcc.a(_arm_addsubdf3.o)
 .ARM.attributes
                0x00000763       0x1d c:/siliconlabs/simplicitystudio/v4/developer/toolchains/gnu_arm/4.9_2015q3/bin/../lib/gcc/arm-none-eabi/4.9.3/armv7-m\libgcc.a(_arm_addsubsf3.o)
 .ARM.attributes
                0x00000780       0x1d c:/siliconlabs/simplicitystudio/v4/developer/toolchains/gnu_arm/4.9_2015q3/bin/../lib/gcc/arm-none-eabi/4.9.3/armv7-m\libgcc.a(_arm_muldivsf3.o)
 .ARM.attributes
                0x0000079d       0x1d c:/siliconlabs/simplicitystudio/v4/developer/toolchains/gnu_arm/4.9_2015q3/bin/../lib/gcc/arm-none-eabi/4.9.3/armv7-m\libgcc.a(_arm_cmpsf2.o)
 .ARM.attributes
                0x000007ba       0x1d c:/siliconlabs/simplicitystudio/v4/developer/toolchains/gnu_arm/4.9_2015q3/bin/../lib/gcc/arm-none-eabi/4.9.3/armv7-m\libgcc.a(_arm_fixsfsi.o)
 .ARM.attributes
                0x000007d7       0x1d c:/siliconlabs/simplicitystudio/v4/developer/toolchains/gnu_arm/4.9_2015q3/bin/../lib/gcc/arm-none-eabi/4.9.3/armv7-m\libgcc.a(_aeabi_uldivmod.o)
 .ARM.attributes
                0x000007f4       0x2d c:/siliconlabs/simplicitystudio/v4/developer/toolchains/gnu_arm/4.9_2015q3/bin/../lib/gcc/arm-none-eabi/4.9.3/armv7-m\libgcc.a(bpabi.o)
 .ARM.attributes
                0x00000821       0x1d c:/siliconlabs/simplicitystudio/v4/developer/toolchains/gnu_arm/4.9_2015q3/bin/../lib/gcc/arm-none-eabi/4.9.3/armv7-m\libgcc.a(_dvmd_tls.o)
 .ARM.attributes
                0x0000083e       0x2d c:/siliconlabs/simplicitystudio/v4/developer/toolchains/gnu_arm/4.9_2015q3/bin/../lib/gcc/arm-none-eabi/4.9.3/armv7-m\libgcc.a(_divdi3.o)
 .ARM.attributes
                0x0000086b       0x2d c:/siliconlabs/simplicitystudio/v4/developer/toolchains/gnu_arm/4.9_2015q3/bin/../lib/gcc/arm-none-eabi/4.9.3/armv7-m\libgcc.a(_udivdi3.o)
 .ARM.attributes
                0x00000898       0x2d c:/siliconlabs/simplicitystudio/v4/developer/toolchains/gnu_arm/4.9_2015q3/bin/../lib/gcc/arm-none-eabi/4.9.3/../../../../arm-none-eabi/lib/armv7-m\libc_nano.a(lib_a-exit.o)
 .ARM.attributes
                0x000008c5       0x2d c:/siliconlabs/simplicitystudio/v4/developer/toolchains/gnu_arm/4.9_2015q3/bin/../lib/gcc/arm-none-eabi/4.9.3/../../../../arm-none-eabi/lib/armv7-m\libc_nano.a(lib_a-impure.o)
 .ARM.attributes
                0x000008f2       0x2d c:/siliconlabs/simplicitystudio/v4/developer/toolchains/gnu_arm/4.9_2015q3/bin/../lib/gcc/arm-none-eabi/4.9.3/../../../../arm-none-eabi/lib/armv7-m\libc_nano.a(lib_a-init.o)
 .ARM.attributes
                0x0000091f       0x2d c:/siliconlabs/simplicitystudio/v4/developer/toolchains/gnu_arm/4.9_2015q3/bin/../lib/gcc/arm-none-eabi/4.9.3/../../../../arm-none-eabi/lib/armv7-m\libc_nano.a(lib_a-memcpy.o)
 .ARM.attributes
                0x0000094c       0x2d c:/siliconlabs/simplicitystudio/v4/developer/toolchains/gnu_arm/4.9_2015q3/bin/../lib/gcc/arm-none-eabi/4.9.3/../../../../arm-none-eabi/lib/armv7-m\libc_nano.a(lib_a-memset.o)
 .ARM.attributes
                0x00000979       0x2d c:/siliconlabs/simplicitystudio/v4/developer/toolchains/gnu_arm/4.9_2015q3/bin/../lib/gcc/arm-none-eabi/4.9.3/../../../../arm-none-eabi/lib/armv7-m\libc_nano.a(lib_a-nano-vfprintf_float.o)
 .ARM.attributes
                0x000009a6       0x2d c:/siliconlabs/simplicitystudio/v4/developer/toolchains/gnu_arm/4.9_2015q3/bin/../lib/gcc/arm-none-eabi/4.9.3/../../../../arm-none-eabi/lib/armv7-m\libc_nano.a(lib_a-nano-vfprintf_i.o)
 .ARM.attributes
                0x000009d3       0x2d c:/siliconlabs/simplicitystudio/v4/developer/toolchains/gnu_arm/4.9_2015q3/bin/../lib/gcc/arm-none-eabi/4.9.3/../../../../arm-none-eabi/lib/armv7-m\libc_nano.a(lib_a-s_fpclassify.o)
 .ARM.attributes
                0x00000a00       0x2d c:/siliconlabs/simplicitystudio/v4/developer/toolchains/gnu_arm/4.9_2015q3/bin/../lib/gcc/arm-none-eabi/4.9.3/../../../../arm-none-eabi/lib/armv7-m\libc_nano.a(lib_a-sprintf.o)
 .ARM.attributes
                0x00000a2d       0x2d c:/siliconlabs/simplicitystudio/v4/developer/toolchains/gnu_arm/4.9_2015q3/bin/../lib/gcc/arm-none-eabi/4.9.3/../../../../arm-none-eabi/lib/armv7-m\libc_nano.a(lib_a-strchr.o)
 .ARM.attributes
                0x00000a5a       0x2d c:/siliconlabs/simplicitystudio/v4/developer/toolchains/gnu_arm/4.9_2015q3/bin/../lib/gcc/arm-none-eabi/4.9.3/../../../../arm-none-eabi/lib/armv7-m\libc_nano.a(lib_a-strlen.o)
 .ARM.attributes
                0x00000a87       0x2d c:/siliconlabs/simplicitystudio/v4/developer/toolchains/gnu_arm/4.9_2015q3/bin/../lib/gcc/arm-none-eabi/4.9.3/../../../../arm-none-eabi/lib/armv7-m\libc_nano.a(lib_a-strncmp.o)
 .ARM.attributes
                0x00000ab4       0x2d c:/siliconlabs/simplicitystudio/v4/developer/toolchains/gnu_arm/4.9_2015q3/bin/../lib/gcc/arm-none-eabi/4.9.3/../../../../arm-none-eabi/lib/armv7-m\libc_nano.a(lib_a-strstr.o)
 .ARM.attributes
                0x00000ae1       0x2d c:/siliconlabs/simplicitystudio/v4/developer/toolchains/gnu_arm/4.9_2015q3/bin/../lib/gcc/arm-none-eabi/4.9.3/../../../../arm-none-eabi/lib/armv7-m\libc_nano.a(lib_a-strtok.o)
 .ARM.attributes
                0x00000b0e       0x2d c:/siliconlabs/simplicitystudio/v4/developer/toolchains/gnu_arm/4.9_2015q3/bin/../lib/gcc/arm-none-eabi/4.9.3/../../../../arm-none-eabi/lib/armv7-m\libc_nano.a(lib_a-strtok_r.o)
 .ARM.attributes
                0x00000b3b       0x2d c:/siliconlabs/simplicitystudio/v4/developer/toolchains/gnu_arm/4.9_2015q3/bin/../lib/gcc/arm-none-eabi/4.9.3/../../../../arm-none-eabi/lib/armv7-m\libc_nano.a(lib_a-strtoul.o)
 .ARM.attributes
                0x00000b68       0x2d c:/siliconlabs/simplicitystudio/v4/developer/toolchains/gnu_arm/4.9_2015q3/bin/../lib/gcc/arm-none-eabi/4.9.3/../../../../arm-none-eabi/lib/armv7-m\libc_nano.a(lib_a-ctype_.o)
 .ARM.attributes
                0x00000b95       0x2d c:/siliconlabs/simplicitystudio/v4/developer/toolchains/gnu_arm/4.9_2015q3/bin/../lib/gcc/arm-none-eabi/4.9.3/../../../../arm-none-eabi/lib/armv7-m\libc_nano.a(lib_a-dtoa.o)
 .ARM.attributes
                0x00000bc2       0x2d c:/siliconlabs/simplicitystudio/v4/developer/toolchains/gnu_arm/4.9_2015q3/bin/../lib/gcc/arm-none-eabi/4.9.3/../../../../arm-none-eabi/lib/armv7-m\libc_nano.a(lib_a-locale.o)
 .ARM.attributes
                0x00000bef       0x2d c:/siliconlabs/simplicitystudio/v4/developer/toolchains/gnu_arm/4.9_2015q3/bin/../lib/gcc/arm-none-eabi/4.9.3/../../../../arm-none-eabi/lib/armv7-m\libc_nano.a(lib_a-malloc.o)
 .ARM.attributes
                0x00000c1c       0x2d c:/siliconlabs/simplicitystudio/v4/developer/toolchains/gnu_arm/4.9_2015q3/bin/../lib/gcc/arm-none-eabi/4.9.3/../../../../arm-none-eabi/lib/armv7-m\libc_nano.a(lib_a-memchr.o)
 .ARM.attributes
                0x00000c49       0x2d c:/siliconlabs/simplicitystudio/v4/developer/toolchains/gnu_arm/4.9_2015q3/bin/../lib/gcc/arm-none-eabi/4.9.3/../../../../arm-none-eabi/lib/armv7-m\libc_nano.a(lib_a-mprec.o)
 .ARM.attributes
                0x00000c76       0x2d c:/siliconlabs/simplicitystudio/v4/developer/toolchains/gnu_arm/4.9_2015q3/bin/../lib/gcc/arm-none-eabi/4.9.3/../../../../arm-none-eabi/lib/armv7-m\libc_nano.a(lib_a-nano-callocr.o)
 .ARM.attributes
                0x00000ca3       0x2d c:/siliconlabs/simplicitystudio/v4/developer/toolchains/gnu_arm/4.9_2015q3/bin/../lib/gcc/arm-none-eabi/4.9.3/../../../../arm-none-eabi/lib/armv7-m\libc_nano.a(lib_a-nano-freer.o)
 .ARM.attributes
                0x00000cd0       0x2d c:/siliconlabs/simplicitystudio/v4/developer/toolchains/gnu_arm/4.9_2015q3/bin/../lib/gcc/arm-none-eabi/4.9.3/../../../../arm-none-eabi/lib/armv7-m\libc_nano.a(lib_a-nano-mallocr.o)
 .ARM.attributes
                0x00000cfd       0x2d c:/siliconlabs/simplicitystudio/v4/developer/toolchains/gnu_arm/4.9_2015q3/bin/../lib/gcc/arm-none-eabi/4.9.3/../../../../arm-none-eabi/lib/armv7-m\libc_nano.a(lib_a-nano-svfprintf.o)
 .ARM.attributes
                0x00000d2a       0x2d c:/siliconlabs/simplicitystudio/v4/developer/toolchains/gnu_arm/4.9_2015q3/bin/../lib/gcc/arm-none-eabi/4.9.3/../../../../arm-none-eabi/lib/armv7-m\libc_nano.a(lib_a-sbrkr.o)
 .ARM.attributes
                0x00000d57       0x1b c:/siliconlabs/simplicitystudio/v4/developer/toolchains/gnu_arm/4.9_2015q3/bin/../lib/gcc/arm-none-eabi/4.9.3/../../../../arm-none-eabi/lib/armv7-m\libc_nano.a(lib_a-strcmp.o)
 .ARM.attributes
                0x00000d72       0x2d c:/siliconlabs/simplicitystudio/v4/developer/toolchains/gnu_arm/4.9_2015q3/bin/../lib/gcc/arm-none-eabi/4.9.3/../../../../arm-none-eabi/lib/armv7-m\libc_nano.a(lib_a-memmove.o)
 .ARM.attributes
                0x00000d9f       0x2d c:/siliconlabs/simplicitystudio/v4/developer/toolchains/gnu_arm/4.9_2015q3/bin/../lib/gcc/arm-none-eabi/4.9.3/../../../../arm-none-eabi/lib/armv7-m\libc_nano.a(lib_a-nano-reallocr.o)
 .ARM.attributes