Archive member included because of file (symbol)

c:/siliconlabs/simplicitystudio/v4/developer/toolchains/gnu_arm/4.9_2015q3/bin/../lib/gcc/arm-none-eabi/4.9.3/armv7-m\libgcc.a(_aeabi_uldivmod.o)
                              ./emlib/src/em_usart.o (__aeabi_uldivmod)
c:/siliconlabs/simplicitystudio/v4/developer/toolchains/gnu_arm/4.9_2015q3/bin/../lib/gcc/arm-none-eabi/4.9.3/armv7-m\libgcc.a(bpabi.o)
                              c:/siliconlabs/simplicitystudio/v4/developer/toolchains/gnu_arm/4.9_2015q3/bin/../lib/gcc/arm-none-eabi/4.9.3/armv7-m\libgcc.a(_aeabi_uldivmod.o) (__gnu_uldivmod_helper)
c:/siliconlabs/simplicitystudio/v4/developer/toolchains/gnu_arm/4.9_2015q3/bin/../lib/gcc/arm-none-eabi/4.9.3/armv7-m\libgcc.a(_dvmd_tls.o)
                              c:/siliconlabs/simplicitystudio/v4/developer/toolchains/gnu_arm/4.9_2015q3/bin/../lib/gcc/arm-none-eabi/4.9.3/armv7-m\libgcc.a(_aeabi_uldivmod.o) (__aeabi_ldiv0)
c:/siliconlabs/simplicitystudio/v4/developer/toolchains/gnu_arm/4.9_2015q3/bin/../lib/gcc/arm-none-eabi/4.9.3/armv7-m\libgcc.a(_divdi3.o)
                              c:/siliconlabs/simplicitystudio/v4/developer/toolchains/gnu_arm/4.9_2015q3/bin/../lib/gcc/arm-none-eabi/4.9.3/armv7-m\libgcc.a(bpabi.o) (__divdi3)
c:/siliconlabs/simplicitystudio/v4/developer/toolchains/gnu_arm/4.9_2015q3/bin/../lib/gcc/arm-none-eabi/4.9.3/armv7-m\libgcc.a(_udivdi3.o)
                              c:/siliconlabs/simplicitystudio/v4/developer/toolchains/gnu_arm/4.9_2015q3/bin/../lib/gcc/arm-none-eabi/4.9.3/armv7-m\libgcc.a(bpabi.o) (__udivdi3)
c:/siliconlabs/simplicitystudio/v4/developer/toolchains/gnu_arm/4.9_2015q3/bin/../lib/gcc/arm-none-eabi/4.9.3/../../../../arm-none-eabi/lib/armv7-m\libc_nano.a(lib_a-exit.o)
                              c:/siliconlabs/simplicitystudio/v4/developer/toolchains/gnu_arm/4.9_2015q3/bin/../lib/gcc/arm-none-eabi/4.9.3/../../../../arm-none-eabi/lib/armv7-m/crt0.o (exit)
c:/siliconlabs/simplicitystudio/v4/developer/toolchains/gnu_arm/4.9_2015q3/bin/../lib/gcc/arm-none-eabi/4.9.3/../../../../arm-none-eabi/lib/armv7-m\libc_nano.a(lib_a-impure.o)
                              c:/siliconlabs/simplicitystudio/v4/developer/toolchains/gnu_arm/4.9_2015q3/bin/../lib/gcc/arm-none-eabi/4.9.3/../../../../arm-none-eabi/lib/armv7-m\libc_nano.a(lib_a-exit.o) (_global_impure_ptr)
c:/siliconlabs/simplicitystudio/v4/developer/toolchains/gnu_arm/4.9_2015q3/bin/../lib/gcc/arm-none-eabi/4.9.3/../../../../arm-none-eabi/lib/armv7-m\libc_nano.a(lib_a-init.o)
                              c:/siliconlabs/simplicitystudio/v4/developer/toolchains/gnu_arm/4.9_2015q3/bin/../lib/gcc/arm-none-eabi/4.9.3/../../../../arm-none-eabi/lib/armv7-m/crt0.o (__libc_init_array)
c:/siliconlabs/simplicitystudio/v4/developer/toolchains/gnu_arm/4.9_2015q3/bin/../lib/gcc/arm-none-eabi/4.9.3/../../../../arm-none-eabi/lib/armv7-m\libc_nano.a(lib_a-memcpy.o)
                              ./lmic/lmic.o (memcpy)
c:/siliconlabs/simplicitystudio/v4/developer/toolchains/gnu_arm/4.9_2015q3/bin/../lib/gcc/arm-none-eabi/4.9.3/../../../../arm-none-eabi/lib/armv7-m\libc_nano.a(lib_a-memset.o)
                              c:/siliconlabs/simplicitystudio/v4/developer/toolchains/gnu_arm/4.9_2015q3/bin/../lib/gcc/arm-none-eabi/4.9.3/../../../../arm-none-eabi/lib/armv7-m/crt0.o (memset)
c:/siliconlabs/simplicitystudio/v4/developer/toolchains/gnu_arm/4.9_2015q3/bin/../lib/gcc/arm-none-eabi/4.9.3/../../../../arm-none-eabi/lib/armv7-m\libc_nano.a(lib_a-sprintf.o)
                              ./devices_src/tbr.o (sprintf)
c:/siliconlabs/simplicitystudio/v4/developer/toolchains/gnu_arm/4.9_2015q3/bin/../lib/gcc/arm-none-eabi/4.9.3/../../../../arm-none-eabi/lib/armv7-m\libc_nano.a(lib_a-strchr.o)
                              ./devices_src/tbr.o (strchr)
c:/siliconlabs/simplicitystudio/v4/developer/toolchains/gnu_arm/4.9_2015q3/bin/../lib/gcc/arm-none-eabi/4.9.3/../../../../arm-none-eabi/lib/armv7-m\libc_nano.a(lib_a-strlen.o)
                              ./devices_src/tbr.o (strlen)
c:/siliconlabs/simplicitystudio/v4/developer/toolchains/gnu_arm/4.9_2015q3/bin/../lib/gcc/arm-none-eabi/4.9.3/../../../../arm-none-eabi/lib/armv7-m\libc_nano.a(lib_a-strstr.o)
                              ./devices_src/tbr.o (strstr)
c:/siliconlabs/simplicitystudio/v4/developer/toolchains/gnu_arm/4.9_2015q3/bin/../lib/gcc/arm-none-eabi/4.9.3/../../../../arm-none-eabi/lib/armv7-m\libc_nano.a(lib_a-strtok.o)
                              ./devices_src/tbr.o (strtok)
c:/siliconlabs/simplicitystudio/v4/developer/toolchains/gnu_arm/4.9_2015q3/bin/../lib/gcc/arm-none-eabi/4.9.3/../../../../arm-none-eabi/lib/armv7-m\libc_nano.a(lib_a-strtok_r.o)
                              c:/siliconlabs/simplicitystudio/v4/developer/toolchains/gnu_arm/4.9_2015q3/bin/../lib/gcc/arm-none-eabi/4.9.3/../../../../arm-none-eabi/lib/armv7-m\libc_nano.a(lib_a-strtok.o) (__strtok_r)
[...]
Memory Configuration

Name             Origin             Length             Attributes
FLASH            0x00000000         0x00100000         xr
RAM              0x20000000         0x00020000         xrw
*default*        0x00000000         0xffffffff

Linker script and memory map

LOAD c:/siliconlabs/simplicitystudio/v4/developer/toolchains/gnu_arm/4.9_2015q3/bin/../lib/gcc/arm-none-eabi/4.9.3/armv7-m/crti.o
LOAD c:/siliconlabs/simplicitystudio/v4/developer/toolchains/gnu_arm/4.9_2015q3/bin/../lib/gcc/arm-none-eabi/4.9.3/armv7-m/crtbegin.o
LOAD c:/siliconlabs/simplicitystudio/v4/developer/toolchains/gnu_arm/4.9_2015q3/bin/../lib/gcc/arm-none-eabi/4.9.3/../../../../arm-none-eabi/lib/armv7-m/crt0.o
LOAD ./CMSIS/EFM32GG/startup_efm32gg.o
LOAD ./CMSIS/EFM32GG/system_efm32gg.o
LOAD ./devices_src/rgb_led.o
LOAD ./devices_src/sd_card.o
LOAD ./devices_src/tbr.o
LOAD ./devices_src/ublox_gps.o
LOAD ./drivers_src/delay.o
LOAD ./drivers_src/pwm.o
LOAD ./drivers_src/rs232.o
LOAD ./drivers_src/rs485.o
LOAD ./drivers_src/spi.o
LOAD ./emlib/src/em_acmp.o
LOAD ./emlib/src/em_adc.o
LOAD ./emlib/src/em_aes.o
LOAD ./emlib/src/em_assert.o
LOAD ./emlib/src/em_burtc.o
LOAD ./emlib/src/em_can.o
LOAD ./emlib/src/em_cmu.o
LOAD ./emlib/src/em_core.o
LOAD ./emlib/src/em_cryotimer.o
LOAD ./emlib/src/em_crypto.o
LOAD ./emlib/src/em_csen.o
LOAD ./emlib/src/em_dac.o
LOAD ./emlib/src/em_dbg.o
LOAD ./emlib/src/em_dma.o
LOAD ./emlib/src/em_ebi.o
LOAD ./emlib/src/em_emu.o
LOAD ./emlib/src/em_gpcrc.o
LOAD ./emlib/src/em_gpio.o
LOAD ./emlib/src/em_i2c.o
LOAD ./emlib/src/em_idac.o
LOAD ./emlib/src/em_int.o
LOAD ./emlib/src/em_lcd.o
LOAD ./emlib/src/em_ldma.o
LOAD ./emlib/src/em_lesense.o
LOAD ./emlib/src/em_letimer.o
LOAD ./emlib/src/em_leuart.o
LOAD ./emlib/src/em_mpu.o
LOAD ./emlib/src/em_msc.o
LOAD ./emlib/src/em_opamp.o
LOAD ./emlib/src/em_pcnt.o
LOAD ./emlib/src/em_prs.o
LOAD ./emlib/src/em_qspi.o
LOAD ./emlib/src/em_rmu.o
LOAD ./emlib/src/em_rtc.o
LOAD ./emlib/src/em_rtcc.o
LOAD ./emlib/src/em_system.o
LOAD ./emlib/src/em_timer.o
LOAD ./emlib/src/em_usart.o
LOAD ./emlib/src/em_vcmp.o
LOAD ./emlib/src/em_vdac.o
LOAD ./emlib/src/em_wdog.o
LOAD ./fat_filesystem_src/diskio.o
LOAD ./fat_filesystem_src/ff.o
LOAD ./fifo_buffers_src/fifo_rs232.o
LOAD ./fifo_buffers_src/fifo_tbr.o
LOAD ./hal/debug.o
LOAD ./hal/hal.o
LOAD ./lmic/aes.o
LOAD ./lmic/lmic.o
LOAD ./lmic/oslmic.o
LOAD ./lmic/radio.o
LOAD ./resource managers_src/app_manager.o
LOAD ./src/main.o
START GROUP
LOAD c:/siliconlabs/simplicitystudio/v4/developer/toolchains/gnu_arm/4.9_2015q3/bin/../lib/gcc/arm-none-eabi/4.9.3/armv7-m\libgcc.a
LOAD c:/siliconlabs/simplicitystudio/v4/developer/toolchains/gnu_arm/4.9_2015q3/bin/../lib/gcc/arm-none-eabi/4.9.3/../../../../arm-none-eabi/lib/armv7-m\libc_nano.a
LOAD c:/siliconlabs/simplicitystudio/v4/developer/toolchains/gnu_arm/4.9_2015q3/bin/../lib/gcc/arm-none-eabi/4.9.3/../../../../arm-none-eabi/lib/armv7-m\libnosys.a
END GROUP
START GROUP
LOAD c:/siliconlabs/simplicitystudio/v4/developer/toolchains/gnu_arm/4.9_2015q3/bin/../lib/gcc/arm-none-eabi/4.9.3/armv7-m\libgcc.a
LOAD c:/siliconlabs/simplicitystudio/v4/developer/toolchains/gnu_arm/4.9_2015q3/bin/../lib/gcc/arm-none-eabi/4.9.3/../../../../arm-none-eabi/lib/armv7-m\libg_nano.a
LOAD c:/siliconlabs/simplicitystudio/v4/developer/toolchains/gnu_arm/4.9_2015q3/bin/../lib/gcc/arm-none-eabi/4.9.3/../../../../arm-none-eabi/lib/armv7-m\libc_nano.a
END GROUP
START GROUP
LOAD c:/siliconlabs/simplicitystudio/v4/developer/toolchains/gnu_arm/4.9_2015q3/bin/../lib/gcc/arm-none-eabi/4.9.3/armv7-m\libgcc.a
LOAD c:/siliconlabs/simplicitystudio/v4/developer/toolchains/gnu_arm/4.9_2015q3/bin/../lib/gcc/arm-none-eabi/4.9.3/../../../../arm-none-eabi/lib/armv7-m\libc_nano.a
END GROUP
LOAD c:/siliconlabs/simplicitystudio/v4/developer/toolchains/gnu_arm/4.9_2015q3/bin/../lib/gcc/arm-none-eabi/4.9.3/armv7-m/crtend.o
LOAD c:/siliconlabs/simplicitystudio/v4/developer/toolchains/gnu_arm/4.9_2015q3/bin/../lib/gcc/arm-none-eabi/4.9.3/armv7-m/crtn.o

.text           0x00000000     0xe864
 *(.vectors)
 .vectors       0x00000000       0xdc ./CMSIS/EFM32GG/startup_efm32gg.o
                0x00000000                __Vectors
                0x000000dc                __Vectors_End = .
                0x000000dc                __Vectors_Size = (__Vectors_End - __Vectors)
                0x000000dc                __end__ = .
 *(.text*)
 .text          0x000000dc       0x5c c:/siliconlabs/simplicitystudio/v4/developer/toolchains/gnu_arm/4.9_2015q3/bin/../lib/gcc/arm-none-eabi/4.9.3/armv7-m/crtbegin.o
 .text          0x00000138       0x74 c:/siliconlabs/simplicitystudio/v4/developer/toolchains/gnu_arm/4.9_2015q3/bin/../lib/gcc/arm-none-eabi/4.9.3/../../../../arm-none-eabi/lib/armv7-m/crt0.o
                0x00000138                _start
                0x00000138                _mainCRTStartup
 .text          0x000001ac       0x30 ./CMSIS/EFM32GG/startup_efm32gg.o
                0x000001ac                Reset_Handler
                0x000001d8                DebugMon_Handler
                0x000001d8                USART0_TX_IRQHandler
                0x000001d8                I2C0_IRQHandler
                0x000001d8                HardFault_Handler
                0x000001d8                LEUART1_IRQHandler
                0x000001d8                SysTick_Handler
                0x000001d8                USART1_RX_IRQHandler
                0x000001d8                PendSV_Handler
                0x000001d8                NMI_Handler
                0x000001d8                I2C1_IRQHandler
                0x000001d8                TIMER3_IRQHandler
                0x000001d8                USART1_TX_IRQHandler
                0x000001d8                MSC_IRQHandler
                0x000001d8                ADC0_IRQHandler
                0x000001d8                UsageFault_Handler
                0x000001d8                UART0_TX_IRQHandler
                0x000001d8                UART1_TX_IRQHandler
                0x000001d8                TIMER0_IRQHandler
                0x000001d8                TIMER2_IRQHandler
                0x000001d8                LCD_IRQHandler
                0x000001d8                PCNT2_IRQHandler
                0x000001d8                UART0_RX_IRQHandler
                0x000001d8                LETIMER0_IRQHandler
                0x000001d8                TIMER1_IRQHandler
                0x000001d8                Default_Handler
                0x000001d8                EMU_IRQHandler
                0x000001d8                PCNT0_IRQHandler
                0x000001d8                USB_IRQHandler
                0x000001d8                BURTC_IRQHandler
                0x000001d8                PCNT1_IRQHandler
                0x000001d8                ACMP0_IRQHandler
                0x000001d8                USART0_RX_IRQHandler
                0x000001d8                MemManage_Handler
                0x000001d8                SVC_Handler
                0x000001d8                DAC0_IRQHandler
                0x000001d8                UART1_RX_IRQHandler
                0x000001d8                CMU_IRQHandler
                0x000001d8                EBI_IRQHandler
                0x000001d8                LESENSE_IRQHandler
                0x000001d8                AES_IRQHandler
                0x000001d8                VCMP_IRQHandler
                0x000001d8                BusFault_Handler
 .text.GetProdRev
                0x000001dc       0x1c ./CMSIS/EFM32GG/system_efm32gg.o
 .text.SystemCoreClockGet
                0x000001f8       0x34 ./CMSIS/EFM32GG/system_efm32gg.o
                0x000001f8                SystemCoreClockGet
 .text.SystemMaxCoreClockGet
                0x0000022c       0x14 ./CMSIS/EFM32GG/system_efm32gg.o
                0x0000022c                SystemMaxCoreClockGet
 .text.SystemHFClockGet
                0x00000240      0x100 ./CMSIS/EFM32GG/system_efm32gg.o
                0x00000240                SystemHFClockGet
 .text.SystemHFXOClockGet
                0x00000340       0x18 ./CMSIS/EFM32GG/system_efm32gg.o
                0x00000340                SystemHFXOClockGet
 .text.SystemInit
                0x00000358        0xc ./CMSIS/EFM32GG/system_efm32gg.o
                0x00000358                SystemInit
 .text.SystemLFRCOClockGet
                0x00000364       0x14 ./CMSIS/EFM32GG/system_efm32gg.o
                0x00000364                SystemLFRCOClockGet
 .text.SystemULFRCOClockGet
                0x00000378       0x14 ./CMSIS/EFM32GG/system_efm32gg.o
                0x00000378                SystemULFRCOClockGet
 .text.SystemLFXOClockGet
                0x0000038c       0x18 ./CMSIS/EFM32GG/system_efm32gg.o
                0x0000038c                SystemLFXOClockGet
 .text.GPIO_PinOutClear
                0x000003a4       0x58 ./devices_src/rgb_led.o
 .text.GPIO_PinOutSet
                0x000003fc       0x58 ./devices_src/rgb_led.o
 .text.generate_pulses
                0x00000454       0x50 ./devices_src/rgb_led.o
                0x00000454                generate_pulses
 .text.rgb_init
                0x000004a4       0x34 ./devices_src/rgb_led.o
                0x000004a4                rgb_init
 .text.rgb_on   0x000004d8      0x110 ./devices_src/rgb_led.o
                0x000004d8                rgb_on
 .text.rgb_shutdown
                0x000005e8       0x18 ./devices_src/rgb_led.o
                0x000005e8                rgb_shutdown
 .text.GPIO_PinOutClear
                0x00000600       0x58 ./devices_src/sd_card.o
 .text.GPIO_PinOutSet
                0x00000658       0x58 ./devices_src/sd_card.o
 .text.start_transfer
                0x000006b0       0x10 ./devices_src/sd_card.o
                0x000006b0                start_transfer
 .text.end_transfer
                0x000006c0       0x14 ./devices_src/sd_card.o
                0x000006c0                end_transfer
 .text.send_cmd
                0x000006d4      0x24c ./devices_src/sd_card.o
                0x000006d4                send_cmd
 .text.sd_card_init
                0x00000920      0x1d4 ./devices_src/sd_card.o
                0x00000920                sd_card_init
 .text.sd_card_on
                0x00000af4       0x10 ./devices_src/sd_card.o
                0x00000af4                sd_card_on
 .text.sd_card_off
                0x00000b04       0x10 ./devices_src/sd_card.o
                0x00000b04                sd_card_off
 .text.sd_card_read
                0x00000b14      0x130 ./devices_src/sd_card.o
                0x00000b14                sd_card_read
 .text.sd_card_write
                0x00000c44      0x10c ./devices_src/sd_card.o
                0x00000c44                sd_card_write
 .text.array_is_full
                0x00000d50       0x24 ./devices_src/tbr.o
                0x00000d50                array_is_full
 .text.array_is_empty
                0x00000d74       0x20 ./devices_src/tbr.o
                0x00000d74                array_is_empty
 .text.array_add
                0x00000d94       0x58 ./devices_src/tbr.o
                0x00000d94                array_add
 .text.array_remove
                0x00000dec       0x5c ./devices_src/tbr.o
                0x00000dec                array_remove
 .text.CalculateLuhn
                0x00000e48      0x12c ./devices_src/tbr.o
                0x00000e48                CalculateLuhn
 .text.parse_message_tbr
                0x00000f74       0xa4 ./devices_src/tbr.o
                0x00000f74                parse_message_tbr
 .text.check_other_messages
                0x00001018       0x3c ./devices_src/tbr.o
                0x00001018                check_other_messages
 .text.clear_buffer
                0x00001054       0x3c ./devices_src/tbr.o
                0x00001054                clear_buffer
 .text.get_and_compare
                0x00001090       0xd8 ./devices_src/tbr.o
                0x00001090                get_and_compare
 .text.convert_single_tbr_msg_into_uint
                0x00001168      0x220 ./devices_src/tbr.o
                0x00001168                convert_single_tbr_msg_into_uint
 .text.convert_tbr_msgs_to_uint
                0x00001388      0x210 ./devices_src/tbr.o
                0x00001388                convert_tbr_msgs_to_uint
 .text.tbr_init
                0x00001598       0x48 ./devices_src/tbr.o
                0x00001598                tbr_init
 .text.tbr_send_cmd
                0x000015e0      0x100 ./devices_src/tbr.o
                0x000015e0                tbr_send_cmd
 .text.tbr_recv_msg
                0x000016e0       0x68 ./devices_src/tbr.o
                0x000016e0                tbr_recv_msg
 .text.tbr_recv_msg_uint
                0x00001748       0xd0 ./devices_src/tbr.o
                0x00001748                tbr_recv_msg_uint
 .text.GPIO_PinOutSet
                0x00001818       0x58 ./devices_src/ublox_gps.o
 .text.send_cmd_rx_ack
                0x00001870       0xfc ./devices_src/ublox_gps.o
                0x00001870                send_cmd_rx_ack
 .text.port_config
                0x0000196c       0x64 ./devices_src/ublox_gps.o
                0x0000196c                port_config
 .text.receiver_nav_status
                0x000019d0       0xfc ./devices_src/ublox_gps.o
                0x000019d0                receiver_nav_status
 .text.config_low_power
                0x00001acc       0x24 ./devices_src/ublox_gps.o
                0x00001acc                config_low_power
 .text.enter_low_power
                0x00001af0       0x24 ./devices_src/ublox_gps.o
                0x00001af0                enter_low_power
 .text.disable_sbas
                0x00001b14       0x24 ./devices_src/ublox_gps.o
                0x00001b14                disable_sbas
 .text.poll_psm
                0x00001b38      0x130 ./devices_src/ublox_gps.o
                0x00001b38                poll_psm
 .text.parse_message
                0x00001c68      0x240 ./devices_src/ublox_gps.o
                0x00001c68                parse_message
 .text.gps_init
                0x00001ea8      0x148 ./devices_src/ublox_gps.o
                0x00001ea8                gps_init
 .text.gps_get_nav_data
                0x00001ff0      0x190 ./devices_src/ublox_gps.o
                0x00001ff0                gps_get_nav_data
 .text.gps_on   0x00002180       0x10 ./devices_src/ublox_gps.o
                0x00002180                gps_on
 .text.TIMER_Valid
                0x00002190       0x50 ./drivers_src/delay.o
 .text.TIMER_MaxCount
                0x000021e0       0x18 ./drivers_src/delay.o
 .text.TIMER_CounterSet
                0x000021f8       0x1c ./drivers_src/delay.o
 .text.TIMER_Enable
                0x00002214       0x2c ./drivers_src/delay.o
 .text.TIMER_IntClear
                0x00002240       0x1c ./drivers_src/delay.o
 .text.TIMER_IntEnable
                0x0000225c       0x20 ./drivers_src/delay.o
 .text.TIMER_IntGetEnabled
                0x0000227c       0x24 ./drivers_src/delay.o
 .text.TIMER_TopBufSet
                0x000022a0       0x1c ./drivers_src/delay.o
 .text.TIMER_TopSet
                0x000022bc       0x1c ./drivers_src/delay.o
 .text.delay_init
                0x000022d8       0x7c ./drivers_src/delay.o
                0x000022d8                delay_init
 .text.delay_enable
                0x00002354       0x14 ./drivers_src/delay.o
                0x00002354                delay_enable
 .text.delay_disable
                0x00002368       0x14 ./drivers_src/delay.o
                0x00002368                delay_disable
 .text.delay_ms
                0x0000237c       0x64 ./drivers_src/delay.o
                0x0000237c                delay_ms
 .text.TIMER_Valid
                0x000023e0       0x50 ./drivers_src/pwm.o
 .text.TIMER_MaxCount
                0x00002430       0x18 ./drivers_src/pwm.o
 .text.TIMER_CounterSet
                0x00002448       0x1c ./drivers_src/pwm.o
 .text.TIMER_Enable
                0x00002464       0x2c ./drivers_src/pwm.o
 .text.TIMER_IntClear
                0x00002490       0x1c ./drivers_src/pwm.o
 .text.TIMER_IntEnable
                0x000024ac       0x20 ./drivers_src/pwm.o
 .text.TIMER_IntGetEnabled
                0x000024cc       0x24 ./drivers_src/pwm.o
 .text.TIMER_TopBufSet
                0x000024f0       0x1c ./drivers_src/pwm.o
 .text.TIMER_TopSet
                0x0000250c       0x1c ./drivers_src/pwm.o
 .text.pwm_init
                0x00002528       0x7c ./drivers_src/pwm.o
                0x00002528                pwm_init
 .text.pwm_enable
                0x000025a4       0x14 ./drivers_src/pwm.o
                0x000025a4                pwm_enable
 .text.pwm_disable
                0x000025b8       0x14 ./drivers_src/pwm.o
                0x000025b8                pwm_disable
 .text.pwm_us_delay
                0x000025cc       0x5c ./drivers_src/pwm.o
                0x000025cc                pwm_us_delay
 .text.NVIC_EnableIRQ
                0x00002628       0x30 ./drivers_src/rs232.o
 .text.NVIC_ClearPendingIRQ
                0x00002658       0x34 ./drivers_src/rs232.o
 .text.USART_IntClear
                0x0000268c       0x1c ./drivers_src/rs232.o
 .text.USART_IntDisable
                0x000026a8       0x24 ./drivers_src/rs232.o
 .text.USART_IntEnable
                0x000026cc       0x20 ./drivers_src/rs232.o
 .text.rs232_init
                0x000026ec       0xb0 ./drivers_src/rs232.o
                0x000026ec                rs232_init
 .text.rs232_enable
                0x0000279c       0x14 ./drivers_src/rs232.o
                0x0000279c                rs232_enable
 .text.rs232_transmit_string
                0x000027b0       0x6c ./drivers_src/rs232.o
                0x000027b0                rs232_transmit_string
 .text.USART2_TX_IRQHandler
                0x0000281c       0x4c ./drivers_src/rs232.o
                0x0000281c                USART2_TX_IRQHandler
 .text.USART2_RX_IRQHandler
                0x00002868       0x40 ./drivers_src/rs232.o
                0x00002868                USART2_RX_IRQHandler
 .text.NVIC_EnableIRQ
                0x000028a8       0x30 ./drivers_src/rs485.o
 .text.NVIC_ClearPendingIRQ
                0x000028d8       0x34 ./drivers_src/rs485.o
 .text.GPIO_PinOutClear
                0x0000290c       0x58 ./drivers_src/rs485.o
 .text.GPIO_PinOutSet
                0x00002964       0x58 ./drivers_src/rs485.o
 .text.LEUART_IntClear
                0x000029bc       0x1c ./drivers_src/rs485.o
 .text.LEUART_IntDisable
                0x000029d8       0x24 ./drivers_src/rs485.o
 .text.LEUART_IntEnable
                0x000029fc       0x20 ./drivers_src/rs485.o
 .text.rs485_init
                0x00002a1c       0xe0 ./drivers_src/rs485.o
                0x00002a1c                rs485_init
 .text.rs485_enable
                0x00002afc       0x14 ./drivers_src/rs485.o
                0x00002afc                rs485_enable
 .text.rs485_transmit_string
                0x00002b10       0x78 ./drivers_src/rs485.o
                0x00002b10                rs485_transmit_string
 .text.rs485_recieve_char
                0x00002b88       0x3c ./drivers_src/rs485.o
                0x00002b88                rs485_recieve_char
 .text.rs485_tx_mode
                0x00002bc4       0x18 ./drivers_src/rs485.o
                0x00002bc4                rs485_tx_mode
 .text.rs485_rx_mode
                0x00002bdc       0x18 ./drivers_src/rs485.o
                0x00002bdc                rs485_rx_mode
 .text.LEUART0_IRQHandler
                0x00002bf4       0xd0 ./drivers_src/rs485.o
                0x00002bf4                LEUART0_IRQHandler
 .text.GPIO_PinOutClear
                0x00002cc4       0x58 ./drivers_src/spi.o
 .text.GPIO_PinOutSet
                0x00002d1c       0x58 ./drivers_src/spi.o
 .text.USART_IntClear
                0x00002d74       0x1c ./drivers_src/spi.o
 .text.spi_init
                0x00002d90       0xbc ./drivers_src/spi.o
                0x00002d90                spi_init
 .text.spi_enable
                0x00002e4c       0x14 ./drivers_src/spi.o
                0x00002e4c                spi_enable
 .text.spi_disable
                0x00002e60       0x14 ./drivers_src/spi.o
                0x00002e60                spi_disable
 .text.spi_cs_set
                0x00002e74       0x40 ./drivers_src/spi.o
                0x00002e74                spi_cs_set
 .text.spi_cs_clear
                0x00002eb4       0x8c ./drivers_src/spi.o
                0x00002eb4                spi_cs_clear
 .text.spi_read_write_byte
                0x00002f40       0x34 ./drivers_src/spi.o
                0x00002f40                spi_read_write_byte
 .text.spi_write_byte
                0x00002f74       0x28 ./drivers_src/spi.o
                0x00002f74                spi_write_byte
 .text.spi_read_byte
                0x00002f9c       0x2c ./drivers_src/spi.o
                0x00002f9c                spi_read_byte
 .text.BUS_RegBitWrite
                0x00002fc8       0x2c ./emlib/src/em_cmu.o
 .text.BUS_RegBitRead
                0x00002ff4       0x2c ./emlib/src/em_cmu.o
 .text.CMU_DivToLog2
                0x00003020       0x34 ./emlib/src/em_cmu.o
 .text.SYSTEM_GetProdRev
                0x00003054       0x1c ./emlib/src/em_cmu.o
 .text.SYSTEM_GetFamily
                0x00003070       0x20 ./emlib/src/em_cmu.o
 .text.maxFreqHfle
                0x00003090       0x78 ./emlib/src/em_cmu.o
 .text.setHfLeConfig
                0x00003108       0x60 ./emlib/src/em_cmu.o
 .text.getHfLeConfig
                0x00003168       0x20 ./emlib/src/em_cmu.o
 .text.auxClkGet
                0x00003188       0xb0 ./emlib/src/em_cmu.o
 .text.dbgClkGet
                0x00003238       0x40 ./emlib/src/em_cmu.o
 .text.flashWaitStateControl
                0x00003278       0xb8 ./emlib/src/em_cmu.o
 .text.flashWaitStateMax
                0x00003330       0x14 ./emlib/src/em_cmu.o
 .text.CMU_UpdateWaitStates
                0x00003344       0x18 ./emlib/src/em_cmu.o
                0x00003344                CMU_UpdateWaitStates
 .text.lfClkGet
                0x0000335c       0xec ./emlib/src/em_cmu.o
 .text.syncReg  0x00003448       0x34 ./emlib/src/em_cmu.o
 .text.CMU_ClockDivSet
                0x0000347c      0x22c ./emlib/src/em_cmu.o
                0x0000347c                CMU_ClockDivSet
 .text.CMU_ClockEnable
                0x000036a8       0xd0 ./emlib/src/em_cmu.o
                0x000036a8                CMU_ClockEnable
 .text.CMU_ClockFreqGet
                0x00003778      0x1c8 ./emlib/src/em_cmu.o
                0x00003778                CMU_ClockFreqGet
 .text.CMU_ClockSelectGet
                0x00003940      0x124 ./emlib/src/em_cmu.o
                0x00003940                CMU_ClockSelectGet
 .text.CMU_ClockSelectSet
                0x00003a64      0x22c ./emlib/src/em_cmu.o
                0x00003a64                CMU_ClockSelectSet
 .text.CMU_HFRCOBandSet
                0x00003c90       0xe0 ./emlib/src/em_cmu.o
                0x00003c90                CMU_HFRCOBandSet
 .text.CMU_OscillatorEnable
                0x00003d70       0xbc ./emlib/src/em_cmu.o
                0x00003d70                CMU_OscillatorEnable
 .text.CORE_EnterAtomic
                0x00003e2c       0x20 ./emlib/src/em_core.o
                0x00003e2c                CORE_EnterAtomic
 .text.CORE_ExitAtomic
                0x00003e4c       0x1c ./emlib/src/em_core.o
                0x00003e4c                CORE_ExitAtomic
 .text.DMA_IRQHandler
                0x00003e68       0xd8 ./emlib/src/em_dma.o
                0x00003e68                DMA_IRQHandler
 .text.BUS_RegBitWrite
                0x00003f40       0x2c ./emlib/src/em_gpio.o
 .text.BUS_RegMaskedWrite
                0x00003f6c       0x28 ./emlib/src/em_gpio.o
 .text.GPIO_PinOutClear
                0x00003f94       0x58 ./emlib/src/em_gpio.o
 .text.GPIO_PinOutSet
                0x00003fec       0x58 ./emlib/src/em_gpio.o
 .text.GPIO_DriveModeSet
                0x00004044       0x70 ./emlib/src/em_gpio.o
                0x00004044                GPIO_DriveModeSet
 .text.GPIO_ExtIntConfig
                0x000040b4       0xd4 ./emlib/src/em_gpio.o
                0x000040b4                GPIO_ExtIntConfig
 .text.GPIO_PinModeSet
                0x00004188      0x10c ./emlib/src/em_gpio.o
                0x00004188                GPIO_PinModeSet
 .text.LEUART_Sync
                0x00004294       0x30 ./emlib/src/em_leuart.o
 .text.LEUART_BaudrateSet
                0x000042c4       0x80 ./emlib/src/em_leuart.o
                0x000042c4                LEUART_BaudrateSet
 .text.LEUART_Enable
                0x00004344       0x58 ./emlib/src/em_leuart.o
                0x00004344                LEUART_Enable
 .text.LEUART_FreezeEnable
                0x0000439c       0x34 ./emlib/src/em_leuart.o
                0x0000439c                LEUART_FreezeEnable
 .text.LEUART_Init
                0x000043d0       0x84 ./emlib/src/em_leuart.o
                0x000043d0                LEUART_Init
 .text.LEUART_Reset
                0x00004454       0x70 ./emlib/src/em_leuart.o
                0x00004454                LEUART_Reset
 .text.LEUART_Rx
                0x000044c4       0x28 ./emlib/src/em_leuart.o
                0x000044c4                LEUART_Rx
 .text.LEUART_Tx
                0x000044ec       0x30 ./emlib/src/em_leuart.o
                0x000044ec                LEUART_Tx
 .text.BUS_RegBitWrite
                0x0000451c       0x2c ./emlib/src/em_rtc.o
 .text.RTC_CompareSet
                0x00004548       0x3c ./emlib/src/em_rtc.o
                0x00004548                RTC_CompareSet
 .text.RTC_Enable
                0x00004584       0x20 ./emlib/src/em_rtc.o
                0x00004584                RTC_Enable
 .text.RTC_Init
                0x000045a4       0x50 ./emlib/src/em_rtc.o
                0x000045a4                RTC_Init
 .text.SYSTEM_ChipRevisionGet
                0x000045f4       0x74 ./emlib/src/em_system.o
                0x000045f4                SYSTEM_ChipRevisionGet
 .text.TIMER_Valid
                0x00004668       0x50 ./emlib/src/em_timer.o
 .text.TIMER_Init
                0x000046b8       0xdc ./emlib/src/em_timer.o
                0x000046b8                TIMER_Init
 .text.USART_BaudrateAsyncSet
                0x00004794       0xb0 ./emlib/src/em_usart.o
                0x00004794                USART_BaudrateAsyncSet
 .text.USART_BaudrateSyncSet
                0x00004844       0x40 ./emlib/src/em_usart.o
                0x00004844                USART_BaudrateSyncSet
 .text.USART_Enable
                0x00004884       0x58 ./emlib/src/em_usart.o
                0x00004884                USART_Enable
 .text.USART_InitAsync
                0x000048dc       0x9c ./emlib/src/em_usart.o
                0x000048dc                USART_InitAsync
 .text.USART_InitSync
                0x00004978       0xcc ./emlib/src/em_usart.o
                0x00004978                USART_InitSync
 .text.USART_Reset
                0x00004a44       0x98 ./emlib/src/em_usart.o
                0x00004a44                USART_Reset
 .text.USART_Rx
                0x00004adc       0x28 ./emlib/src/em_usart.o
                0x00004adc                USART_Rx
 .text.USART_SpiTransfer
                0x00004b04       0x40 ./emlib/src/em_usart.o
                0x00004b04                USART_SpiTransfer
 .text.USART_Tx
                0x00004b44       0x2c ./emlib/src/em_usart.o
                0x00004b44                USART_Tx
 .text.disk_status
                0x00004b70       0x44 ./fat_filesystem_src/diskio.o
                0x00004b70                disk_status
 .text.disk_initialize
                0x00004bb4       0x4c ./fat_filesystem_src/diskio.o
                0x00004bb4                disk_initialize
 .text.disk_read
                0x00004c00       0x50 ./fat_filesystem_src/diskio.o
                0x00004c00                disk_read
 .text.disk_write
                0x00004c50       0x50 ./fat_filesystem_src/diskio.o
                0x00004c50                disk_write
 .text.disk_ioctl
                0x00004ca0       0x50 ./fat_filesystem_src/diskio.o
                0x00004ca0                disk_ioctl
 .text.ld_word  0x00004cf0       0x30 ./fat_filesystem_src/ff.o
 .text.ld_dword
                0x00004d20       0x48 ./fat_filesystem_src/ff.o
 .text.st_word  0x00004d68       0x34 ./fat_filesystem_src/ff.o
 .text.st_dword
                0x00004d9c       0x58 ./fat_filesystem_src/ff.o
 .text.mem_cpy  0x00004df4       0x40 ./fat_filesystem_src/ff.o
 .text.mem_set  0x00004e34       0x34 ./fat_filesystem_src/ff.o
 .text.mem_cmp  0x00004e68       0x50 ./fat_filesystem_src/ff.o
 .text.chk_chr  0x00004eb8       0x38 ./fat_filesystem_src/ff.o
 .text.sync_window
                0x00004ef0       0x8c ./fat_filesystem_src/ff.o
 .text.move_window
                0x00004f7c       0x5c ./fat_filesystem_src/ff.o
 .text.sync_fs  0x00004fd8       0xdc ./fat_filesystem_src/ff.o
 .text.clust2sect
                0x000050b4       0x40 ./fat_filesystem_src/ff.o
 .text.get_fat  0x000050f4      0x140 ./fat_filesystem_src/ff.o
 .text.put_fat  0x00005234      0x1bc ./fat_filesystem_src/ff.o
 .text.remove_chain
                0x000053f0       0xc8 ./fat_filesystem_src/ff.o
 .text.create_chain
                0x000054b8      0x134 ./fat_filesystem_src/ff.o
 .text.dir_sdi  0x000055ec       0xf4 ./fat_filesystem_src/ff.o
 .text.dir_next
                0x000056e0      0x188 ./fat_filesystem_src/ff.o
 .text.dir_alloc
                0x00005868       0x90 ./fat_filesystem_src/ff.o
 .text.ld_clust
                0x000058f8       0x40 ./fat_filesystem_src/ff.o
 .text.st_clust
                0x00005938       0x40 ./fat_filesystem_src/ff.o
 .text.dir_find
                0x00005978       0xa8 ./fat_filesystem_src/ff.o
 .text.dir_register
                0x00005a20       0x68 ./fat_filesystem_src/ff.o
 .text.create_name
                0x00005a88      0x1a0 ./fat_filesystem_src/ff.o
 .text.follow_path
                0x00005c28       0xdc ./fat_filesystem_src/ff.o
 .text.get_ldnumber
                0x00005d04       0x88 ./fat_filesystem_src/ff.o
 .text.check_fs
                0x00005d8c       0xa8 ./fat_filesystem_src/ff.o
 .text.find_volume
                0x00005e34      0x474 ./fat_filesystem_src/ff.o
 .text.validate
                0x000062a8       0x68 ./fat_filesystem_src/ff.o
 .text.f_mount  0x00006310       0x88 ./fat_filesystem_src/ff.o
                0x00006310                f_mount
 .text.f_open   0x00006398      0x320 ./fat_filesystem_src/ff.o
                0x00006398                f_open
 .text.f_write  0x000066b8      0x2d8 ./fat_filesystem_src/ff.o
                0x000066b8                f_write
 .text.f_sync   0x00006990      0x108 ./fat_filesystem_src/ff.o
                0x00006990                f_sync
 .text.f_close  0x00006a98       0x40 ./fat_filesystem_src/ff.o
                0x00006a98                f_close
 .text.putc_bfd
                0x00006ad8       0x78 ./fat_filesystem_src/ff.o
 .text.putc_flush
                0x00006b50       0x54 ./fat_filesystem_src/ff.o
 .text.putc_init
                0x00006ba4       0x28 ./fat_filesystem_src/ff.o
 .text.f_puts   0x00006bcc       0x48 ./fat_filesystem_src/ff.o
                0x00006bcc                f_puts
 .text.get_fattime
                0x00006c14       0x14 ./fat_filesystem_src/ff.o
                0x00006c14                get_fattime
 .text.fifo_rs232_init
                0x00006c28       0x48 ./fifo_buffers_src/fifo_rs232.o
                0x00006c28                fifo_rs232_init
 .text.fifo_rs232_is_empty
                0x00006c70       0x4c ./fifo_buffers_src/fifo_rs232.o
                0x00006c70                fifo_rs232_is_empty
 .text.fifo_rs232_is_full
                0x00006cbc       0x50 ./fifo_buffers_src/fifo_rs232.o
                0x00006cbc                fifo_rs232_is_full
 .text.fifo_rs232_remove
                0x00006d0c       0xbc ./fifo_buffers_src/fifo_rs232.o
                0x00006d0c                fifo_rs232_remove
 .text.fifo_rs232_add
                0x00006dc8       0xb0 ./fifo_buffers_src/fifo_rs232.o
                0x00006dc8                fifo_rs232_add
 .text.fifo_tbr_init
                0x00006e78       0x68 ./fifo_buffers_src/fifo_tbr.o
                0x00006e78                fifo_tbr_init
 .text.fifo_tbr_is_empty
                0x00006ee0       0x6c ./fifo_buffers_src/fifo_tbr.o
                0x00006ee0                fifo_tbr_is_empty
 .text.fifo_tbr_is_full
                0x00006f4c       0x6c ./fifo_buffers_src/fifo_tbr.o
                0x00006f4c                fifo_tbr_is_full
 .text.fifo_tbr_remove
                0x00006fb8      0x108 ./fifo_buffers_src/fifo_tbr.o
                0x00006fb8                fifo_tbr_remove
 .text.fifo_tbr_add
                0x000070c0       0xf8 ./fifo_buffers_src/fifo_tbr.o
                0x000070c0                fifo_tbr_add
 .text.debug_str
                0x000071b8       0x28 ./hal/debug.o
                0x000071b8                debug_str
 .text.NVIC_EnableIRQ
                0x000071e0       0x30 ./hal/hal.o
 .text.NVIC_ClearPendingIRQ
                0x00007210       0x34 ./hal/hal.o
 .text.NVIC_SystemReset
                0x00007244       0x28 ./hal/hal.o
 .text.GPIO_IntClear
                0x0000726c       0x20 ./hal/hal.o
 .text.GPIO_IntGetEnabled
                0x0000728c       0x28 ./hal/hal.o
 .text.GPIO_PinOutSet
                0x000072b4       0x58 ./hal/hal.o
 .text.GPIO_IntConfig
                0x0000730c       0x38 ./hal/hal.o
 .text.RTC_CounterGet
                0x00007344       0x18 ./hal/hal.o
 .text.RTC_IntClear
                0x0000735c       0x1c ./hal/hal.o
 .text.RTC_IntDisable
                0x00007378       0x24 ./hal/hal.o
 .text.RTC_IntEnable
                0x0000739c       0x24 ./hal/hal.o
 .text.RTC_IntGet
                0x000073c0       0x18 ./hal/hal.o
 .text.time_manager_init
                0x000073d8       0x38 ./hal/hal.o
                0x000073d8                time_manager_init
 .text.time_manager_unixTimestamp
                0x00007410      0x118 ./hal/hal.o
                0x00007410                time_manager_unixTimestamp
 .text.time_manager_get_cmd
                0x00007528       0x18 ./hal/hal.o
                0x00007528                time_manager_get_cmd
 .text.GPIO_EVEN_IRQHandler
                0x00007540       0xd0 ./hal/hal.o
                0x00007540                GPIO_EVEN_IRQHandler
 .text.GPIO_ODD_IRQHandler
                0x00007610       0x34 ./hal/hal.o
                0x00007610                GPIO_ODD_IRQHandler
 .text.hal_io_init
                0x00007644       0xbc ./hal/hal.o
 .text.hal_pin_rxtx
                0x00007700       0x14 ./hal/hal.o
                0x00007700                hal_pin_rxtx
 .text.hal_pin_nss
                0x00007714       0x24 ./hal/hal.o
                0x00007714                hal_pin_nss
 .text.hal_pin_rst
                0x00007738       0x18 ./hal/hal.o
                0x00007738                hal_pin_rst
 .text.hal_spi_init
                0x00007750       0x10 ./hal/hal.o
 .text.hal_spi  0x00007760       0x24 ./hal/hal.o
                0x00007760                hal_spi
 .text.RTC_IRQHandler
                0x00007784       0x34 ./hal/hal.o
                0x00007784                RTC_IRQHandler
 .text.hal_time_init
                0x000077b8       0x84 ./hal/hal.o
 .text.hal_ticks
                0x0000783c       0x4c ./hal/hal.o
                0x0000783c                hal_ticks
 .text.deltaticks
                0x00007888       0x3c ./hal/hal.o
 .text.hal_waitUntil
                0x000078c4       0x1c ./hal/hal.o
                0x000078c4                hal_waitUntil
 .text.hal_checkTimer
                0x000078e0       0x4c ./hal/hal.o
                0x000078e0                hal_checkTimer
 .text.hal_disableIRQs
                0x0000792c       0x40 ./hal/hal.o
                0x0000792c                hal_disableIRQs
 .text.hal_enableIRQs
                0x0000796c       0x38 ./hal/hal.o
                0x0000796c                hal_enableIRQs
 .text.hal_sleep
                0x000079a4        0xc ./hal/hal.o
                0x000079a4                hal_sleep
 .text.hal_init
                0x000079b0       0x28 ./hal/hal.o
                0x000079b0                hal_init
 .text.hal_failed
                0x000079d8       0x74 ./hal/hal.o
                0x000079d8                hal_failed
 .text.aesroundkeys
                0x00007a4c       0xf4 ./lmic/aes.o
 .text.os_aes   0x00007b40      0x99c ./lmic/aes.o
                0x00007b40                os_aes
 .text.getSf    0x000084dc       0x20 ./lmic/lmic.o
                0x000084dc                getSf
 .text.getBw    0x000084fc       0x24 ./lmic/lmic.o
                0x000084fc                getBw
 .text.getCr    0x00008520       0x24 ./lmic/lmic.o
                0x00008520                getCr
 .text.setCr    0x00008544       0x30 ./lmic/lmic.o
                0x00008544                setCr
 .text.getNocrc
                0x00008574       0x20 ./lmic/lmic.o
                0x00008574                getNocrc
 .text.setNocrc
                0x00008594       0x2c ./lmic/lmic.o
                0x00008594                setNocrc
 .text.getIh    0x000085c0       0x20 ./lmic/lmic.o
                0x000085c0                getIh
 .text.updr2rps
                0x000085e0       0x24 ./lmic/lmic.o
                0x000085e0                updr2rps
 .text.dndr2rps
                0x00008604       0x28 ./lmic/lmic.o
                0x00008604                dndr2rps
 .text.decDR    0x0000862c       0x30 ./lmic/lmic.o
                0x0000862c                decDR
 .text.validDR  0x0000865c       0x2c ./lmic/lmic.o
                0x0000865c                validDR
 .text.lowerDR  0x00008688       0x34 ./lmic/lmic.o
                0x00008688                lowerDR
 .text.os_rlsbf2
                0x000086bc       0x2c ./lmic/lmic.o
                0x000086bc                os_rlsbf2
 .text.os_rlsbf4
                0x000086e8       0x3c ./lmic/lmic.o
                0x000086e8                os_rlsbf4
 .text.os_rmsbf4
                0x00008724       0x3c ./lmic/lmic.o
                0x00008724                os_rmsbf4
 .text.os_wlsbf2
                0x00008760       0x2c ./lmic/lmic.o
                0x00008760                os_wlsbf2
 .text.os_wlsbf4
                0x0000878c       0x40 ./lmic/lmic.o
                0x0000878c                os_wlsbf4
 .text.os_wmsbf4
                0x000087cc       0x40 ./lmic/lmic.o
                0x000087cc                os_wmsbf4
 .text.os_getBattLevel
                0x0000880c       0x10 ./lmic/lmic.o
                0x0000880c                os_getBattLevel
 .text.micB0    0x0000881c       0x60 ./lmic/lmic.o
 .text.aes_verifyMic
                0x0000887c       0x58 ./lmic/lmic.o
 .text.aes_appendMic
                0x000088d4       0x4c ./lmic/lmic.o
 .text.aes_appendMic0
                0x00008920       0x38 ./lmic/lmic.o
 .text.aes_verifyMic0
                0x00008958       0x44 ./lmic/lmic.o
 .text.aes_encrypt
                0x0000899c       0x28 ./lmic/lmic.o
 .text.aes_cipher
                0x000089c4       0x84 ./lmic/lmic.o
 .text.aes_sessKeys
                0x00008a48       0x78 ./lmic/lmic.o
 .text.getSensitivity
                0x00008ac0       0x40 ./lmic/lmic.o
                0x00008ac0                getSensitivity
 .text.calcAirTime
                0x00008b00      0x124 ./lmic/lmic.o
                0x00008b00                calcAirTime
 .text.rndDelay
                0x00008c24       0x64 ./lmic/lmic.o
 .text.txDelay  0x00008c88       0x58 ./lmic/lmic.o
 .text.setDrJoin
                0x00008ce0       0x28 ./lmic/lmic.o
 .text.setDrTxpow
                0x00008d08       0x58 ./lmic/lmic.o
 .text.initDefaultChannels
                0x00008d60      0x120 ./lmic/lmic.o
 .text.LMIC_setupBand
                0x00008e80       0x5c ./lmic/lmic.o
                0x00008e80                LMIC_setupBand
 .text.LMIC_setupChannel
                0x00008edc       0xf8 ./lmic/lmic.o
                0x00008edc                LMIC_setupChannel
 .text.LMIC_disableChannel
                0x00008fd4       0x54 ./lmic/lmic.o
                0x00008fd4                LMIC_disableChannel
 .text.convFreq
                0x00009028       0x44 ./lmic/lmic.o
 .text.mapChannels
                0x0000906c       0x90 ./lmic/lmic.o
 .text.updateTx
                0x000090fc       0x90 ./lmic/lmic.o
 .text.nextTx   0x0000918c      0x138 ./lmic/lmic.o
 .text.initJoinLoop
                0x000092c4       0x6c ./lmic/lmic.o
 .text.nextJoinState
                0x00009330       0xcc ./lmic/lmic.o
 .text.runEngineUpdate
                0x000093fc       0x14 ./lmic/lmic.o
 .text.reportEvent
                0x00009410       0x1c ./lmic/lmic.o
 .text.runReset
                0x0000942c       0x1c ./lmic/lmic.o
 .text.stateJustJoined
                0x00009448       0xb0 ./lmic/lmic.o
 .text.decodeFrame
                0x000094f8      0x57c ./lmic/lmic.o
 .text.setupRx2
                0x00009a74       0x40 ./lmic/lmic.o
 .text.schedRx2
                0x00009ab4       0x50 ./lmic/lmic.o
 .text.setupRx1
                0x00009b04       0x44 ./lmic/lmic.o
 .text.txDone   0x00009b48       0x70 ./lmic/lmic.o
 .text.onJoinFailed
                0x00009bb8       0x14 ./lmic/lmic.o
 .text.processJoinAccept
                0x00009bcc      0x25c ./lmic/lmic.o
 .text.processRx2Jacc
                0x00009e28       0x28 ./lmic/lmic.o
 .text.setupRx2Jacc
                0x00009e50       0x20 ./lmic/lmic.o
 .text.processRx1Jacc
                0x00009e70       0x34 ./lmic/lmic.o
 .text.setupRx1Jacc
                0x00009ea4       0x18 ./lmic/lmic.o
 .text.jreqDone
                0x00009ebc       0x1c ./lmic/lmic.o
 .text.processRx2DnDataDelay
                0x00009ed8       0x14 ./lmic/lmic.o
 .text.processRx2DnData
                0x00009eec       0x50 ./lmic/lmic.o
 .text.setupRx2DnData
                0x00009f3c       0x20 ./lmic/lmic.o
 .text.processRx1DnData
                0x00009f5c       0x34 ./lmic/lmic.o
 .text.setupRx1DnData
                0x00009f90       0x18 ./lmic/lmic.o
 .text.updataDone
                0x00009fa8       0x1c ./lmic/lmic.o
 .text.buildDataFrame
                0x00009fc4      0x330 ./lmic/lmic.o
 .text.buildJoinRequest
                0x0000a2f4       0x6c ./lmic/lmic.o
 .text.startJoining
                0x0000a360       0x14 ./lmic/lmic.o
 .text.LMIC_startJoining
                0x0000a374       0x94 ./lmic/lmic.o
                0x0000a374                LMIC_startJoining
 .text.processDnData
                0x0000a408      0x1a0 ./lmic/lmic.o
 .text.engineUpdate
                0x0000a5a8      0x214 ./lmic/lmic.o
 .text.LMIC_setAdrMode
                0x0000a7bc       0x2c ./lmic/lmic.o
                0x0000a7bc                LMIC_setAdrMode
 .text.LMIC_setDrTxpow
                0x0000a7e8       0x28 ./lmic/lmic.o
                0x0000a7e8                LMIC_setDrTxpow
 .text.LMIC_reset
                0x0000a810       0x74 ./lmic/lmic.o
                0x0000a810                LMIC_reset
 .text.LMIC_init
                0x0000a884       0x18 ./lmic/lmic.o
                0x0000a884                LMIC_init
 .text.LMIC_setTxData
                0x0000a89c       0x38 ./lmic/lmic.o
                0x0000a89c                LMIC_setTxData
 .text.LMIC_setTxData2
                0x0000a8d4       0x64 ./lmic/lmic.o
                0x0000a8d4                LMIC_setTxData2
 .text.os_init  0x0000a938       0x20 ./lmic/oslmic.o
                0x0000a938                os_init
 .text.os_getTime
                0x0000a958       0x10 ./lmic/oslmic.o
                0x0000a958                os_getTime
 .text.unlinkjob
                0x0000a968       0x40 ./lmic/oslmic.o
 .text.os_clearCallback
                0x0000a9a8       0x3c ./lmic/oslmic.o
                0x0000a9a8                os_clearCallback
 .text.os_setCallback
                0x0000a9e4       0x48 ./lmic/oslmic.o
                0x0000a9e4                os_setCallback
 .text.os_setTimedCallback
                0x0000aa2c       0x68 ./lmic/oslmic.o
                0x0000aa2c                os_setTimedCallback
 .text.os_runloop
                0x0000aa94       0x6c ./lmic/oslmic.o
                0x0000aa94                os_runloop
 .text.writeReg
                0x0000ab00       0x38 ./lmic/radio.o
 .text.readReg  0x0000ab38       0x38 ./lmic/radio.o
 .text.writeBuf
                0x0000ab70       0x54 ./lmic/radio.o
 .text.readBuf  0x0000abc4       0x54 ./lmic/radio.o
 .text.opmode   0x0000ac18       0x30 ./lmic/radio.o
 .text.opmodeLora
                0x0000ac48       0x24 ./lmic/radio.o
 .text.opmodeFSK
                0x0000ac6c       0x24 ./lmic/radio.o
 .text.configLoraModem
                0x0000ac90      0x150 ./lmic/radio.o
 .text.configChannel
                0x0000ade0       0x7c ./lmic/radio.o
 .text.configPower
                0x0000ae5c       0x60 ./lmic/radio.o
 .text.txfsk    0x0000aebc       0xd8 ./lmic/radio.o
 .text.txlora   0x0000af94       0xb4 ./lmic/radio.o
 .text.starttx  0x0000b048       0x38 ./lmic/radio.o
 .text.rxlora   0x0000b080       0xd8 ./lmic/radio.o
 .text.rxfsk    0x0000b158       0xe0 ./lmic/radio.o
 .text.startrx  0x0000b238       0x4c ./lmic/radio.o
 .text.radio_init
                0x0000b284      0x16c ./lmic/radio.o
                0x0000b284                radio_init
 .text.radio_rand1
                0x0000b3f0       0x4c ./lmic/radio.o
                0x0000b3f0                radio_rand1
 .text.radio_irq_handler
                0x0000b43c      0x1ac ./lmic/radio.o
                0x0000b43c                radio_irq_handler
 .text.os_radio
                0x0000b5e8       0x54 ./lmic/radio.o
                0x0000b5e8                os_radio
 .text.file_sys_setup
                0x0000b63c       0xf8 ./resource managers_src/app_manager.o
                0x0000b63c                file_sys_setup
 .text.tbr_cmd_update_rgb_led
                0x0000b734       0x54 ./resource managers_src/app_manager.o
                0x0000b734                tbr_cmd_update_rgb_led
 .text.app_manager_init
                0x0000b788      0x1dc ./resource managers_src/app_manager.o
                0x0000b788                app_manager_init
 .text.app_manager_tbr_synch_msg
                0x0000b964      0x208 ./resource managers_src/app_manager.o
                0x0000b964                app_manager_tbr_synch_msg
 .text.app_manager_get_nav_data
                0x0000bb6c       0x18 ./resource managers_src/app_manager.o
                0x0000bb6c                app_manager_get_nav_data
 .text.SYSTEM_GetProdRev
                0x0000bb84       0x1c ./src/main.o
 .text.CHIP_Init
                0x0000bba0       0x3c ./src/main.o
 .text.EMU_EnterEM1
                0x0000bbdc       0x20 ./src/main.o
 .text.os_getArtEui
                0x0000bbfc       0x1c ./src/main.o
                0x0000bbfc                os_getArtEui
 .text.os_getDevEui
                0x0000bc18       0x1c ./src/main.o
                0x0000bc18                os_getDevEui
 .text.os_getDevKey
                0x0000bc34       0x1c ./src/main.o
                0x0000bc34                os_getDevKey
 .text.tx_function
                0x0000bc50       0x98 ./src/main.o
 .text.initfunc
                0x0000bce8       0x18 ./src/main.o
 .text.app_funct
                0x0000bd00       0xb0 ./src/main.o
 .text.main     0x0000bdb0       0x84 ./src/main.o
                0x0000bdb0                main
 .text.onEvent  0x0000be34      0x100 ./src/main.o
                0x0000be34                onEvent
 .text          0x0000bf34       0x30 c:/siliconlabs/simplicitystudio/v4/developer/toolchains/gnu_arm/4.9_2015q3/bin/../lib/gcc/arm-none-eabi/4.9.3/armv7-m\libgcc.a(_aeabi_uldivmod.o)
                0x0000bf34                __aeabi_uldivmod
 .text          0x0000bf64       0x60 c:/siliconlabs/simplicitystudio/v4/developer/toolchains/gnu_arm/4.9_2015q3/bin/../lib/gcc/arm-none-eabi/4.9.3/armv7-m\libgcc.a(bpabi.o)
                0x0000bf64                __gnu_ldivmod_helper
                0x0000bf94                __gnu_uldivmod_helper
 .text          0x0000bfc4        0x4 c:/siliconlabs/simplicitystudio/v4/developer/toolchains/gnu_arm/4.9_2015q3/bin/../lib/gcc/arm-none-eabi/4.9.3/armv7-m\libgcc.a(_dvmd_tls.o)
                0x0000bfc4                __aeabi_idiv0
                0x0000bfc4                __aeabi_ldiv0
 .text          0x0000bfc8      0x2ac c:/siliconlabs/simplicitystudio/v4/developer/toolchains/gnu_arm/4.9_2015q3/bin/../lib/gcc/arm-none-eabi/4.9.3/armv7-m\libgcc.a(_divdi3.o)
                0x0000bfc8                __divdi3
 .text          0x0000c274      0x270 c:/siliconlabs/simplicitystudio/v4/developer/toolchains/gnu_arm/4.9_2015q3/bin/../lib/gcc/arm-none-eabi/4.9.3/armv7-m\libgcc.a(_udivdi3.o)
                0x0000c274                __udivdi3
 .text.exit     0x0000c4e4       0x28 c:/siliconlabs/simplicitystudio/v4/developer/toolchains/gnu_arm/4.9_2015q3/bin/../lib/gcc/arm-none-eabi/4.9.3/../../../../arm-none-eabi/lib/armv7-m\libc_nano.a(lib_a-exit.o)
                0x0000c4e4                exit
 .text.__libc_init_array
                0x0000c50c       0x4c c:/siliconlabs/simplicitystudio/v4/developer/toolchains/gnu_arm/4.9_2015q3/bin/../lib/gcc/arm-none-eabi/4.9.3/../../../../arm-none-eabi/lib/armv7-m\libc_nano.a(lib_a-init.o)
                0x0000c50c                __libc_init_array
 .text.memcpy   0x0000c558       0x16 c:/siliconlabs/simplicitystudio/v4/developer/toolchains/gnu_arm/4.9_2015q3/bin/../lib/gcc/arm-none-eabi/4.9.3/../../../../arm-none-eabi/lib/armv7-m\libc_nano.a(lib_a-memcpy.o)
                0x0000c558                memcpy
 .text.memset   0x0000c56e       0x10 c:/siliconlabs/simplicitystudio/v4/developer/toolchains/gnu_arm/4.9_2015q3/bin/../lib/gcc/arm-none-eabi/4.9.3/../../../../arm-none-eabi/lib/armv7-m\libc_nano.a(lib_a-memset.o)
                0x0000c56e                memset
 *fill*         0x0000c57e        0x2 
 .text.sprintf  0x0000c580       0x48 c:/siliconlabs/simplicitystudio/v4/developer/toolchains/gnu_arm/4.9_2015q3/bin/../lib/gcc/arm-none-eabi/4.9.3/../../../../arm-none-eabi/lib/armv7-m\libc_nano.a(lib_a-sprintf.o)
                0x0000c580                siprintf
                0x0000c580                sprintf
 .text.strchr   0x0000c5c8       0x1c c:/siliconlabs/simplicitystudio/v4/developer/toolchains/gnu_arm/4.9_2015q3/bin/../lib/gcc/arm-none-eabi/4.9.3/../../../../arm-none-eabi/lib/armv7-m\libc_nano.a(lib_a-strchr.o)
                0x0000c5c8                strchr
 .text.strlen   0x0000c5e4       0x10 c:/siliconlabs/simplicitystudio/v4/developer/toolchains/gnu_arm/4.9_2015q3/bin/../lib/gcc/arm-none-eabi/4.9.3/../../../../arm-none-eabi/lib/armv7-m\libc_nano.a(lib_a-strlen.o)
                0x0000c5e4                strlen
 .text.strstr   0x0000c5f4       0x30 c:/siliconlabs/simplicitystudio/v4/developer/toolchains/gnu_arm/4.9_2015q3/bin/../lib/gcc/arm-none-eabi/4.9.3/../../../../arm-none-eabi/lib/armv7-m\libc_nano.a(lib_a-strstr.o)
                0x0000c5f4                strstr
 .text.strtok   0x0000c624       0x64 c:/siliconlabs/simplicitystudio/v4/developer/toolchains/gnu_arm/4.9_2015q3/bin/../lib/gcc/arm-none-eabi/4.9.3/../../../../arm-none-eabi/lib/armv7-m\libc_nano.a(lib_a-strtok.o)
                0x0000c624                strtok
 .text.__strtok_r
                0x0000c688       0x56 c:/siliconlabs/simplicitystudio/v4/developer/toolchains/gnu_arm/4.9_2015q3/bin/../lib/gcc/arm-none-eabi/4.9.3/../../../../arm-none-eabi/lib/armv7-m\libc_nano.a(lib_a-strtok_r.o)
                0x0000c688                __strtok_r
 *fill*         0x0000c6de        0x2 
 .text._strtoul_r
                0x0000c6e0       0xf8 c:/siliconlabs/simplicitystudio/v4/developer/toolchains/gnu_arm/4.9_2015q3/bin/../lib/gcc/arm-none-eabi/4.9.3/../../../../arm-none-eabi/lib/armv7-m\libc_nano.a(lib_a-strtoul.o)
                0x0000c6e0                _strtoul_r
 .text.strtoul  0x0000c7d8       0x1c c:/siliconlabs/simplicitystudio/v4/developer/toolchains/gnu_arm/4.9_2015q3/bin/../lib/gcc/arm-none-eabi/4.9.3/../../../../arm-none-eabi/lib/armv7-m\libc_nano.a(lib_a-strtoul.o)
                0x0000c7d8                strtoul
 .text.malloc   0x0000c7f4       0x10 c:/siliconlabs/simplicitystudio/v4/developer/toolchains/gnu_arm/4.9_2015q3/bin/../lib/gcc/arm-none-eabi/4.9.3/../../../../arm-none-eabi/lib/armv7-m\libc_nano.a(lib_a-malloc.o)
                0x0000c7f4                malloc
 .text._free_r  0x0000c804       0x88 c:/siliconlabs/simplicitystudio/v4/developer/toolchains/gnu_arm/4.9_2015q3/bin/../lib/gcc/arm-none-eabi/4.9.3/../../../../arm-none-eabi/lib/armv7-m\libc_nano.a(lib_a-nano-freer.o)
                0x0000c804                _free_r
 .text._malloc_r
                0x0000c88c       0xac c:/siliconlabs/simplicitystudio/v4/developer/toolchains/gnu_arm/4.9_2015q3/bin/../lib/gcc/arm-none-eabi/4.9.3/../../../../arm-none-eabi/lib/armv7-m\libc_nano.a(lib_a-nano-mallocr.o)
                0x0000c88c                _malloc_r
 .text.__ssputs_r
                0x0000c938       0xb2 c:/siliconlabs/simplicitystudio/v4/developer/toolchains/gnu_arm/4.9_2015q3/bin/../lib/gcc/arm-none-eabi/4.9.3/../../../../arm-none-eabi/lib/armv7-m\libc_nano.a(lib_a-nano-svfprintf.o)
                0x0000c938                __ssputs_r
 *fill*         0x0000c9ea        0x2 
 .text._svfprintf_r
                0x0000c9ec      0x1e4 c:/siliconlabs/simplicitystudio/v4/developer/toolchains/gnu_arm/4.9_2015q3/bin/../lib/gcc/arm-none-eabi/4.9.3/../../../../arm-none-eabi/lib/armv7-m\libc_nano.a(lib_a-nano-svfprintf.o)
                0x0000c9ec                _svfiprintf_r
                0x0000c9ec                _svfprintf_r
 .text._printf_common
                0x0000cbd0       0xea c:/siliconlabs/simplicitystudio/v4/developer/toolchains/gnu_arm/4.9_2015q3/bin/../lib/gcc/arm-none-eabi/4.9.3/../../../../arm-none-eabi/lib/armv7-m\libc_nano.a(lib_a-nano-vfprintf_i.o)
                0x0000cbd0                _printf_common
 *fill*         0x0000ccba        0x2 
 .text._printf_i
                0x0000ccbc      0x240 c:/siliconlabs/simplicitystudio/v4/developer/toolchains/gnu_arm/4.9_2015q3/bin/../lib/gcc/arm-none-eabi/4.9.3/../../../../arm-none-eabi/lib/armv7-m\libc_nano.a(lib_a-nano-vfprintf_i.o)
                0x0000ccbc                _printf_i
 .text._sbrk_r  0x0000cefc       0x20 c:/siliconlabs/simplicitystudio/v4/developer/toolchains/gnu_arm/4.9_2015q3/bin/../lib/gcc/arm-none-eabi/4.9.3/../../../../arm-none-eabi/lib/armv7-m\libc_nano.a(lib_a-sbrkr.o)
                0x0000cefc                _sbrk_r
 .text.memchr   0x0000cf1c       0x1c c:/siliconlabs/simplicitystudio/v4/developer/toolchains/gnu_arm/4.9_2015q3/bin/../lib/gcc/arm-none-eabi/4.9.3/../../../../arm-none-eabi/lib/armv7-m\libc_nano.a(lib_a-memchr.o)
                0x0000cf1c                memchr
 .text.memmove  0x0000cf38       0x36 c:/siliconlabs/simplicitystudio/v4/developer/toolchains/gnu_arm/4.9_2015q3/bin/../lib/gcc/arm-none-eabi/4.9.3/../../../../arm-none-eabi/lib/armv7-m\libc_nano.a(lib_a-memmove.o)
                0x0000cf38                memmove
 .text._realloc_r
                0x0000cf6e       0x4c c:/siliconlabs/simplicitystudio/v4/developer/toolchains/gnu_arm/4.9_2015q3/bin/../lib/gcc/arm-none-eabi/4.9.3/../../../../arm-none-eabi/lib/armv7-m\libc_nano.a(lib_a-nano-reallocr.o)
                0x0000cf6e                _realloc_r
 .text._malloc_usable_size_r
                0x0000cfba       0x14 c:/siliconlabs/simplicitystudio/v4/developer/toolchains/gnu_arm/4.9_2015q3/bin/../lib/gcc/arm-none-eabi/4.9.3/../../../../arm-none-eabi/lib/armv7-m\libc_nano.a(lib_a-nano-msizer.o)
                0x0000cfba                _malloc_usable_size_r
 *fill*         0x0000cfce        0x2 
 .text._sbrk    0x0000cfd0       0x1c c:/siliconlabs/simplicitystudio/v4/developer/toolchains/gnu_arm/4.9_2015q3/bin/../lib/gcc/arm-none-eabi/4.9.3/../../../../arm-none-eabi/lib/armv7-m\libnosys.a(sbrk.o)
                0x0000cfd0                _sbrk
 .text._exit    0x0000cfec        0x4 c:/siliconlabs/simplicitystudio/v4/developer/toolchains/gnu_arm/4.9_2015q3/bin/../lib/gcc/arm-none-eabi/4.9.3/../../../../arm-none-eabi/lib/armv7-m\libnosys.a(_exit.o)
                0x0000cfec                _exit
 *(.init)
 .init          0x0000cff0        0x4 c:/siliconlabs/simplicitystudio/v4/developer/toolchains/gnu_arm/4.9_2015q3/bin/../lib/gcc/arm-none-eabi/4.9.3/armv7-m/crti.o
                0x0000cff0                _init
 .init          0x0000cff4        0x8 c:/siliconlabs/simplicitystudio/v4/developer/toolchains/gnu_arm/4.9_2015q3/bin/../lib/gcc/arm-none-eabi/4.9.3/armv7-m/crtn.o
 *(.fini)
 .fini          0x0000cffc        0x4 c:/siliconlabs/simplicitystudio/v4/developer/toolchains/gnu_arm/4.9_2015q3/bin/../lib/gcc/arm-none-eabi/4.9.3/armv7-m/crti.o
                0x0000cffc                _fini
 .fini          0x0000d000        0x8 c:/siliconlabs/simplicitystudio/v4/developer/toolchains/gnu_arm/4.9_2015q3/bin/../lib/gcc/arm-none-eabi/4.9.3/armv7-m/crtn.o
 *crtbegin.o(.ctors)
 *crtbegin?.o(.ctors)
 *(EXCLUDE_FILE(*crtend.o *crtend?.o) .ctors)
 *(SORT(.ctors.*))
 *(.ctors)
 *crtbegin.o(.dtors)
 *crtbegin?.o(.dtors)
 *(EXCLUDE_FILE(*crtend.o *crtend?.o) .dtors)
 *(SORT(.dtors.*))
 *(.dtors)
 *(.rodata*)
 .rodata        0x0000d008      0x168 ./devices_src/tbr.o
 .rodata.nav_pvt_gps_data
                0x0000d170        0x8 ./devices_src/ublox_gps.o
 .rodata.cfg_prt_spi
                0x0000d178       0x1c ./devices_src/ublox_gps.o
 .rodata.cfg_prt_usb
                0x0000d194       0x1c ./devices_src/ublox_gps.o
 .rodata.cfg_prt_ddc
                0x0000d1b0       0x1c ./devices_src/ublox_gps.o
 .rodata.cfg_pm2_on_off
                0x0000d1cc       0x34 ./devices_src/ublox_gps.o
 .rodata.cfg_sbas_disable
                0x0000d200       0x10 ./devices_src/ublox_gps.o
 .rodata.cfg_rxm_psm_mode
                0x0000d210        0xa ./devices_src/ublox_gps.o
 *fill*         0x0000d21a        0x2 
 .rodata.cfg_rxm_poll_psm
                0x0000d21c        0x8 ./devices_src/ublox_gps.o
 .rodata        0x0000d224       0x1f ./devices_src/ublox_gps.o
 *fill*         0x0000d243        0x1 
 .rodata        0x0000d244       0x18 ./drivers_src/rs232.o
 .rodata        0x0000d25c       0x18 ./drivers_src/spi.o
 .rodata        0x0000d274        0xf ./fat_filesystem_src/ff.o
 *fill*         0x0000d283        0x1 
 .rodata        0x0000d284       0x23 ./hal/hal.o
 *fill*         0x0000d2a7        0x1 
 .rodata.AES_RCON
                0x0000d2a8       0x28 ./lmic/aes.o
 .rodata.AES_S  0x0000d2d0      0x100 ./lmic/aes.o
 .rodata.AES_E1
                0x0000d3d0      0x400 ./lmic/aes.o
 .rodata.AES_E2
                0x0000d7d0      0x400 ./lmic/aes.o
 .rodata.AES_E3
                0x0000dbd0      0x400 ./lmic/aes.o
 .rodata.AES_E4
                0x0000dfd0      0x400 ./lmic/aes.o
 .rodata._DR2RPS_CRC
                0x0000e3d0        0xa ./lmic/lmic.o
                0x0000e3d0                _DR2RPS_CRC
 *fill*         0x0000e3da        0x2 
 .rodata.TXPOWLEVELS
                0x0000e3dc       0x10 ./lmic/lmic.o
 .rodata.SENSITIVITY
                0x0000e3ec       0x15 ./lmic/lmic.o
 *fill*         0x0000e401        0x3 
 .rodata.DRADJUST
                0x0000e404        0xa ./lmic/lmic.o
 *fill*         0x0000e40e        0x2 
 .rodata.DR2HSYM_osticks
                0x0000e410       0x20 ./lmic/lmic.o
 .rodata.iniChannelFreq
                0x0000e430       0x30 ./lmic/lmic.o
 .rodata.rxlorairqmask
                0x0000e460        0x3 ./lmic/radio.o
 *fill*         0x0000e463        0x1 
 .rodata.LORA_RXDONE_FIXUP
                0x0000e464        0xe ./lmic/radio.o
 *fill*         0x0000e472        0x2 
 .rodata        0x0000e474      0x147 ./resource managers_src/app_manager.o
 *fill*         0x0000e5bb        0x1 
 .rodata.APPEUI
                0x0000e5bc        0x8 ./src/main.o
 .rodata.DEVEUI
                0x0000e5c4        0x8 ./src/main.o
 .rodata.DEVKEY
                0x0000e5cc       0x10 ./src/main.o
 .rodata        0x0000e5dc      0x148 ./src/main.o
 .rodata.str1.1
                0x0000e724        0x2 c:/siliconlabs/simplicitystudio/v4/developer/toolchains/gnu_arm/4.9_2015q3/bin/../lib/gcc/arm-none-eabi/4.9.3/../../../../arm-none-eabi/lib/armv7-m\libc_nano.a(lib_a-impure.o)
 *fill*         0x0000e726        0x2 
 .rodata._global_impure_ptr
                0x0000e728        0x4 c:/siliconlabs/simplicitystudio/v4/developer/toolchains/gnu_arm/4.9_2015q3/bin/../lib/gcc/arm-none-eabi/4.9.3/../../../../arm-none-eabi/lib/armv7-m\libc_nano.a(lib_a-impure.o)
                0x0000e728                _global_impure_ptr
 .rodata._ctype_
                0x0000e72c      0x101 c:/siliconlabs/simplicitystudio/v4/developer/toolchains/gnu_arm/4.9_2015q3/bin/../lib/gcc/arm-none-eabi/4.9.3/../../../../arm-none-eabi/lib/armv7-m\libc_nano.a(lib_a-ctype_.o)
                0x0000e72c                _ctype_
 .rodata.str1.1
                0x0000e82d       0x11 c:/siliconlabs/simplicitystudio/v4/developer/toolchains/gnu_arm/4.9_2015q3/bin/../lib/gcc/arm-none-eabi/4.9.3/../../../../arm-none-eabi/lib/armv7-m\libc_nano.a(lib_a-nano-svfprintf.o)
 .rodata.str1.1
                0x0000e83e       0x22 c:/siliconlabs/simplicitystudio/v4/developer/toolchains/gnu_arm/4.9_2015q3/bin/../lib/gcc/arm-none-eabi/4.9.3/../../../../arm-none-eabi/lib/armv7-m\libc_nano.a(lib_a-nano-vfprintf_i.o)
 *(.eh_frame*)
 .eh_frame      0x0000e860        0x0 c:/siliconlabs/simplicitystudio/v4/developer/toolchains/gnu_arm/4.9_2015q3/bin/../lib/gcc/arm-none-eabi/4.9.3/armv7-m/crtbegin.o
 .eh_frame      0x0000e860        0x4 c:/siliconlabs/simplicitystudio/v4/developer/toolchains/gnu_arm/4.9_2015q3/bin/../lib/gcc/arm-none-eabi/4.9.3/armv7-m/crtend.o

.glue_7         0x0000e864        0x0
 .glue_7        0x00000000        0x0 linker stubs

.glue_7t        0x0000e864        0x0
 .glue_7t       0x00000000        0x0 linker stubs

.vfp11_veneer   0x0000e864        0x0
 .vfp11_veneer  0x00000000        0x0 linker stubs

.v4_bx          0x0000e864        0x0
 .v4_bx         0x00000000        0x0 linker stubs

.iplt           0x0000e864        0x0
 .iplt          0x00000000        0x0 c:/siliconlabs/simplicitystudio/v4/developer/toolchains/gnu_arm/4.9_2015q3/bin/../lib/gcc/arm-none-eabi/4.9.3/armv7-m/crtbegin.o

.ARM.extab
 *(.ARM.extab* .gnu.linkonce.armextab.*)
                0x0000e864                __exidx_start = .

.ARM.exidx      0x0000e864        0x8
 *(.ARM.exidx* .gnu.linkonce.armexidx.*)
 .ARM.exidx     0x0000e864        0x8 c:/siliconlabs/simplicitystudio/v4/developer/toolchains/gnu_arm/4.9_2015q3/bin/../lib/gcc/arm-none-eabi/4.9.3/../../../../arm-none-eabi/lib/armv7-m/crt0.o
 .ARM.exidx     0x0000e86c        0x0 c:/siliconlabs/simplicitystudio/v4/developer/toolchains/gnu_arm/4.9_2015q3/bin/../lib/gcc/arm-none-eabi/4.9.3/armv7-m\libgcc.a(_divdi3.o)
                                  0x8 (size before relaxing)
 .ARM.exidx     0x0000e86c        0x0 c:/siliconlabs/simplicitystudio/v4/developer/toolchains/gnu_arm/4.9_2015q3/bin/../lib/gcc/arm-none-eabi/4.9.3/armv7-m\libgcc.a(_udivdi3.o)
                                  0x8 (size before relaxing)
                0x0000e86c                __exidx_end = .
                0x0000e86c                __etext = .

.rel.dyn        0x0000e86c        0x0
 .rel.iplt      0x00000000        0x0 c:/siliconlabs/simplicitystudio/v4/developer/toolchains/gnu_arm/4.9_2015q3/bin/../lib/gcc/arm-none-eabi/4.9.3/armv7-m/crtbegin.o

.data           0x20000000       0x84 load address 0x0000e86c
                0x20000000                __data_start__ = .
 *(vtable)
 *(.data*)
 .data.SystemHFXOClock
                0x20000000        0x4 ./CMSIS/EFM32GG/system_efm32gg.o
 .data.SystemLFXOClock
                0x20000004        0x4 ./CMSIS/EFM32GG/system_efm32gg.o
 .data.SystemCoreClock
                0x20000008        0x4 ./CMSIS/EFM32GG/system_efm32gg.o
                0x20000008                SystemCoreClock
 .data.isr_rx_tx_char
                0x2000000c        0x1 ./drivers_src/rs485.o
 *fill*         0x2000000d        0x3 
 .data.impure_data
                0x20000010       0x60 c:/siliconlabs/simplicitystudio/v4/developer/toolchains/gnu_arm/4.9_2015q3/bin/../lib/gcc/arm-none-eabi/4.9.3/../../../../arm-none-eabi/lib/armv7-m\libc_nano.a(lib_a-impure.o)
 .data._impure_ptr
                0x20000070        0x4 c:/siliconlabs/simplicitystudio/v4/developer/toolchains/gnu_arm/4.9_2015q3/bin/../lib/gcc/arm-none-eabi/4.9.3/../../../../arm-none-eabi/lib/armv7-m\libc_nano.a(lib_a-impure.o)
                0x20000070                _impure_ptr
 .data.__ctype_ptr__
                0x20000074        0x4 c:/siliconlabs/simplicitystudio/v4/developer/toolchains/gnu_arm/4.9_2015q3/bin/../lib/gcc/arm-none-eabi/4.9.3/../../../../arm-none-eabi/lib/armv7-m\libc_nano.a(lib_a-ctype_.o)
                0x20000074                __ctype_ptr__
                0x20000078                . = ALIGN (0x4)
 *(.ram)
                0x20000078                . = ALIGN (0x4)
                0x20000078                PROVIDE (__preinit_array_start, .)
 *(.preinit_array)
                0x20000078                PROVIDE (__preinit_array_end, .)
                0x20000078                . = ALIGN (0x4)
                0x20000078                PROVIDE (__init_array_start, .)
 *(SORT(.init_array.*))
 *(.init_array)
 .init_array    0x20000078        0x4 c:/siliconlabs/simplicitystudio/v4/developer/toolchains/gnu_arm/4.9_2015q3/bin/../lib/gcc/arm-none-eabi/4.9.3/armv7-m/crtbegin.o
                0x2000007c                PROVIDE (__init_array_end, .)
                0x2000007c                . = ALIGN (0x4)
                0x2000007c                PROVIDE (__fini_array_start, .)
 *(SORT(.fini_array.*))
 *(.fini_array)
 .fini_array    0x2000007c        0x4 c:/siliconlabs/simplicitystudio/v4/developer/toolchains/gnu_arm/4.9_2015q3/bin/../lib/gcc/arm-none-eabi/4.9.3/armv7-m/crtbegin.o
                0x20000080                PROVIDE (__fini_array_end, .)
 *(.jcr*)
 .jcr           0x20000080        0x0 c:/siliconlabs/simplicitystudio/v4/developer/toolchains/gnu_arm/4.9_2015q3/bin/../lib/gcc/arm-none-eabi/4.9.3/armv7-m/crtbegin.o
 .jcr           0x20000080        0x4 c:/siliconlabs/simplicitystudio/v4/developer/toolchains/gnu_arm/4.9_2015q3/bin/../lib/gcc/arm-none-eabi/4.9.3/armv7-m/crtend.o
                0x20000084                . = ALIGN (0x4)
                0x20000084                __data_end__ = .

.igot.plt       0x20000084        0x0 load address 0x0000e8f0
 .igot.plt      0x00000000        0x0 c:/siliconlabs/simplicitystudio/v4/developer/toolchains/gnu_arm/4.9_2015q3/bin/../lib/gcc/arm-none-eabi/4.9.3/armv7-m/crtbegin.o

.bss            0x20000088      0xc14 load address 0x0000e8f8
                0x20000088                . = ALIGN (0x4)
                0x20000088                __bss_start__ = .
 *(.bss*)
 .bss           0x20000088       0x1c c:/siliconlabs/simplicitystudio/v4/developer/toolchains/gnu_arm/4.9_2015q3/bin/../lib/gcc/arm-none-eabi/4.9.3/armv7-m/crtbegin.o
 .bss.array_msg
                0x200000a4      0x200 ./devices_src/tbr.o
 .bss.array_size
                0x200002a4        0x4 ./devices_src/tbr.o
 .bss.array_front
                0x200002a8        0x4 ./devices_src/tbr.o
 .bss.array_rear
                0x200002ac        0x4 ./devices_src/tbr.o
 .bss.current_rx_fifo
                0x200002b0        0x1 ./drivers_src/rs485.o
 .bss.init_flag
                0x200002b1        0x1 ./fat_filesystem_src/diskio.o
 *fill*         0x200002b2        0x2 
 .bss.FatFs     0x200002b4        0x4 ./fat_filesystem_src/ff.o
 .bss.Fsid      0x200002b8        0x2 ./fat_filesystem_src/ff.o
 *fill*         0x200002ba        0x2 
 .bss.fifo_rx_size
                0x200002bc        0x4 ./fifo_buffers_src/fifo_rs232.o
 .bss.fifo_tx_size
                0x200002c0        0x4 ./fifo_buffers_src/fifo_rs232.o
 .bss.fifo_rx_front
                0x200002c4        0x4 ./fifo_buffers_src/fifo_rs232.o
 .bss.fifo_tx_front
                0x200002c8        0x4 ./fifo_buffers_src/fifo_rs232.o
 .bss.fifo_rx_rear
                0x200002cc        0x4 ./fifo_buffers_src/fifo_rs232.o
 .bss.fifo_tx_rear
                0x200002d0        0x4 ./fifo_buffers_src/fifo_rs232.o
 .bss.fifo_tx   0x200002d4      0x200 ./fifo_buffers_src/fifo_rs232.o
 .bss.fifo_rx   0x200004d4       0x10 ./fifo_buffers_src/fifo_rs232.o
 .bss.fifo_rx_data_size
                0x200004e4        0x4 ./fifo_buffers_src/fifo_tbr.o
 .bss.fifo_rx_cmd_size
                0x200004e8        0x4 ./fifo_buffers_src/fifo_tbr.o
 .bss.fifo_tx_cmd_size
                0x200004ec        0x4 ./fifo_buffers_src/fifo_tbr.o
 .bss.fifo_rx_cmd_front
                0x200004f0        0x4 ./fifo_buffers_src/fifo_tbr.o
 .bss.fifo_tx_cmd_front
                0x200004f4        0x4 ./fifo_buffers_src/fifo_tbr.o
 .bss.fifo_rx_data_front
                0x200004f8        0x4 ./fifo_buffers_src/fifo_tbr.o
 .bss.fifo_rx_cmd_rear
                0x200004fc        0x4 ./fifo_buffers_src/fifo_tbr.o
 .bss.fifo_tx_cmd_rear
                0x20000500        0x4 ./fifo_buffers_src/fifo_tbr.o
 .bss.fifo_rx_data_rear
                0x20000504        0x4 ./fifo_buffers_src/fifo_tbr.o
 .bss.fifo_tx_cmd
                0x20000508       0x10 ./fifo_buffers_src/fifo_tbr.o
 .bss.fifo_rx_cmd
                0x20000518        0x0 ./fifo_buffers_src/fifo_tbr.o
 .bss.fifo_rx_data
                0x20000518      0x200 ./fifo_buffers_src/fifo_tbr.o
 .bss.HAL       0x20000718        0x8 ./hal/hal.o
 .bss.time_manager_cmd
                0x20000720        0x1 ./hal/hal.o
 *fill*         0x20000721        0x3 
 .bss.time_count
                0x20000724        0x4 ./hal/hal.o
 .bss.gpio_int_flag
                0x20000728        0x4 ./hal/hal.o
                0x20000728                gpio_int_flag
 .bss.rtcInitialized
                0x2000072c        0x1 ./hal/hal.o
 *fill*         0x2000072d        0x3 
 .bss.rtcFreq   0x20000730        0x4 ./hal/hal.o
 .bss.irqlevel  0x20000734        0x1 ./hal/hal.o
 .bss.int_flag  0x20000735        0x1 ./hal/hal.o
 *fill*         0x20000736        0x2 
 .bss.OS        0x20000738        0x8 ./lmic/oslmic.o
 .bss.randbuf   0x20000740       0x10 ./lmic/radio.o
 .bss.FatFs     0x20000750      0x230 ./resource managers_src/app_manager.o
 .bss.last_nav_data
                0x20000980       0x1c ./resource managers_src/app_manager.o
 .bss.__malloc_sbrk_start
                0x2000099c        0x4 c:/siliconlabs/simplicitystudio/v4/developer/toolchains/gnu_arm/4.9_2015q3/bin/../lib/gcc/arm-none-eabi/4.9.3/../../../../arm-none-eabi/lib/armv7-m\libc_nano.a(lib_a-nano-mallocr.o)
                0x2000099c                __malloc_sbrk_start
 .bss.__malloc_free_list
                0x200009a0        0x4 c:/siliconlabs/simplicitystudio/v4/developer/toolchains/gnu_arm/4.9_2015q3/bin/../lib/gcc/arm-none-eabi/4.9.3/../../../../arm-none-eabi/lib/armv7-m\libc_nano.a(lib_a-nano-mallocr.o)
                0x200009a0                __malloc_free_list
 .bss.heap_end.4079
                0x200009a4        0x4 c:/siliconlabs/simplicitystudio/v4/developer/toolchains/gnu_arm/4.9_2015q3/bin/../lib/gcc/arm-none-eabi/4.9.3/../../../../arm-none-eabi/lib/armv7-m\libnosys.a(sbrk.o)
 *(COMMON)
 COMMON         0x200009a8       0x40 ./devices_src/tbr.o
                0x200009a8                temp_buf
 COMMON         0x200009e8        0x4 ./hal/hal.o
                0x200009e8                irqState
 COMMON         0x200009ec       0xc0 ./lmic/aes.o
                0x200009ec                AESKEY
                0x20000a9c                AESAUX
 COMMON         0x20000aac      0x194 ./lmic/lmic.o
                0x20000aac                LMIC
 COMMON         0x20000c40       0x40 ./resource managers_src/app_manager.o
                0x20000c40                rs232_tx_buf
 COMMON         0x20000c80       0x18 ./src/main.o
                0x20000c80                initjob
                0x20000c8c                app_job
 COMMON         0x20000c98        0x4 c:/siliconlabs/simplicitystudio/v4/developer/toolchains/gnu_arm/4.9_2015q3/bin/../lib/gcc/arm-none-eabi/4.9.3/../../../../arm-none-eabi/lib/armv7-m\libc_nano.a(lib_a-reent.o)
                0x20000c98                errno
                0x20000c9c                . = ALIGN (0x4)
                0x20000c9c                __bss_end__ = .

.heap           0x20000ca0      0xc00
                0x20000ca0                __HeapBase = .
                0x20000ca0                __end__ = .
                0x20000ca0                end = __end__
                0x20000ca0                _end = __end__
 *(.heap*)
 .heap          0x20000ca0      0xc00 ./CMSIS/EFM32GG/startup_efm32gg.o
                0x200018a0                __HeapLimit = .

.stack_dummy    0x20000ca0      0x400
 *(.stack*)
 .stack         0x20000ca0      0x400 ./CMSIS/EFM32GG/startup_efm32gg.o
                0x20020000                __StackTop = (ORIGIN (RAM) + 0x20000)
                0x2001fc00                __StackLimit = (__StackTop - SIZEOF (.stack_dummy))
                0x20020000                PROVIDE (__stack, __StackTop)
                0x00000001                ASSERT ((__StackLimit >= __HeapLimit), region RAM overflowed with stack)
                0x00000001                ASSERT ((0x100000 >= (__etext + SIZEOF (.data))), FLASH memory overflowed !)
OUTPUT(lmic_and_testproject_iA.axf elf32-littlearm)

.ARM.attributes
                0x00000000       0x29
 .ARM.attributes
                0x00000000       0x1d c:/siliconlabs/simplicitystudio/v4/developer/toolchains/gnu_arm/4.9_2015q3/bin/../lib/gcc/arm-none-eabi/4.9.3/armv7-m/crti.o
 .ARM.attributes
                0x0000001d       0x2d c:/siliconlabs/simplicitystudio/v4/developer/toolchains/gnu_arm/4.9_2015q3/bin/../lib/gcc/arm-none-eabi/4.9.3/armv7-m/crtbegin.o
 .ARM.attributes
                0x0000004a       0x1b c:/siliconlabs/simplicitystudio/v4/developer/toolchains/gnu_arm/4.9_2015q3/bin/../lib/gcc/arm-none-eabi/4.9.3/../../../../arm-none-eabi/lib/armv7-m/crt0.o
 .ARM.attributes
                0x00000065       0x1b ./CMSIS/EFM32GG/startup_efm32gg.o
 .ARM.attributes
                0x00000080       0x33 ./CMSIS/EFM32GG/system_efm32gg.o
 .ARM.attributes
                0x000000b3       0x33 ./devices_src/rgb_led.o
 .ARM.attributes
                0x000000e6       0x33 ./devices_src/sd_card.o
 .ARM.attributes
                0x00000119       0x33 ./devices_src/tbr.o
 .ARM.attributes
                0x0000014c       0x33 ./devices_src/ublox_gps.o
 .ARM.attributes
                0x0000017f       0x33 ./drivers_src/delay.o
 .ARM.attributes
                0x000001b2       0x33 ./drivers_src/pwm.o
 .ARM.attributes
                0x000001e5       0x33 ./drivers_src/rs232.o
 .ARM.attributes
                0x00000218       0x33 ./drivers_src/rs485.o
 .ARM.attributes
                0x0000024b       0x33 ./drivers_src/spi.o
 .ARM.attributes
                0x0000027e       0x33 ./emlib/src/em_cmu.o
 .ARM.attributes
                0x000002b1       0x33 ./emlib/src/em_core.o
 .ARM.attributes
                0x000002e4       0x33 ./emlib/src/em_dma.o
 .ARM.attributes
                0x00000317       0x33 ./emlib/src/em_gpio.o
 .ARM.attributes
                0x0000034a       0x33 ./emlib/src/em_leuart.o
 .ARM.attributes
                0x0000037d       0x33 ./emlib/src/em_rtc.o
 .ARM.attributes
                0x000003b0       0x33 ./emlib/src/em_system.o
 .ARM.attributes
                0x000003e3       0x33 ./emlib/src/em_timer.o
 .ARM.attributes
                0x00000416       0x33 ./emlib/src/em_usart.o
 .ARM.attributes
                0x00000449       0x33 ./fat_filesystem_src/diskio.o
 .ARM.attributes
                0x0000047c       0x33 ./fat_filesystem_src/ff.o
 .ARM.attributes
                0x000004af       0x33 ./fifo_buffers_src/fifo_rs232.o
 .ARM.attributes
                0x000004e2       0x33 ./fifo_buffers_src/fifo_tbr.o
 .ARM.attributes
                0x00000515       0x33 ./hal/debug.o
 .ARM.attributes
                0x00000548       0x33 ./hal/hal.o
 .ARM.attributes
                0x0000057b       0x33 ./lmic/aes.o
 .ARM.attributes
                0x000005ae       0x33 ./lmic/lmic.o
 .ARM.attributes
                0x000005e1       0x33 ./lmic/oslmic.o
 .ARM.attributes
                0x00000614       0x33 ./lmic/radio.o
 .ARM.attributes
                0x00000647       0x33 ./resource managers_src/app_manager.o
 .ARM.attributes
                0x0000067a       0x33 ./src/main.o
 .ARM.attributes
                0x000006ad       0x1d c:/siliconlabs/simplicitystudio/v4/developer/toolchains/gnu_arm/4.9_2015q3/bin/../lib/gcc/arm-none-eabi/4.9.3/armv7-m\libgcc.a(_aeabi_uldivmod.o)
 .ARM.attributes
                0x000006ca       0x2d c:/siliconlabs/simplicitystudio/v4/developer/toolchains/gnu_arm/4.9_2015q3/bin/../lib/gcc/arm-none-eabi/4.9.3/armv7-m\libgcc.a(bpabi.o)
 .ARM.attributes
                0x000006f7       0x1d c:/siliconlabs/simplicitystudio/v4/developer/toolchains/gnu_arm/4.9_2015q3/bin/../lib/gcc/arm-none-eabi/4.9.3/armv7-m\libgcc.a(_dvmd_tls.o)
 .ARM.attributes
                0x00000714       0x2d c:/siliconlabs/simplicitystudio/v4/developer/toolchains/gnu_arm/4.9_2015q3/bin/../lib/gcc/arm-none-eabi/4.9.3/armv7-m\libgcc.a(_divdi3.o)
 .ARM.attributes
                0x00000741       0x2d c:/siliconlabs/simplicitystudio/v4/developer/toolchains/gnu_arm/4.9_2015q3/bin/../lib/gcc/arm-none-eabi/4.9.3/armv7-m\libgcc.a(_udivdi3.o)
 .ARM.attributes
                0x0000076e       0x2d c:/siliconlabs/simplicitystudio/v4/developer/toolchains/gnu_arm/4.9_2015q3/bin/../lib/gcc/arm-none-eabi/4.9.3/../../../../arm-none-eabi/lib/armv7-m\libc_nano.a(lib_a-exit.o)
 .ARM.attributes
                0x0000079b       0x2d c:/siliconlabs/simplicitystudio/v4/developer/toolchains/gnu_arm/4.9_2015q3/bin/../lib/gcc/arm-none-eabi/4.9.3/../../../../arm-none-eabi/lib/armv7-m\libc_nano.a(lib_a-impure.o)
 .ARM.attributes
                0x000007c8       0x2d c:/siliconlabs/simplicitystudio/v4/developer/toolchains/gnu_arm/4.9_2015q3/bin/../lib/gcc/arm-none-eabi/4.9.3/../../../../arm-none-eabi/lib/armv7-m\libc_nano.a(lib_a-init.o)
 .ARM.attributes
                0x000007f5       0x2d c:/siliconlabs/simplicitystudio/v4/developer/toolchains/gnu_arm/4.9_2015q3/bin/../lib/gcc/arm-none-eabi/4.9.3/../../../../arm-none-eabi/lib/armv7-m\libc_nano.a(lib_a-memcpy.o)
 .ARM.attributes
                0x00000822       0x2d c:/siliconlabs/simplicitystudio/v4/developer/toolchains/gnu_arm/4.9_2015q3/bin/../lib/gcc/arm-none-eabi/4.9.3/../../../../arm-none-eabi/lib/armv7-m\libc_nano.a(lib_a-memset.o)
 .ARM.attributes
                0x0000084f       0x2d c:/siliconlabs/simplicitystudio/v4/developer/toolchains/gnu_arm/4.9_2015q3/bin/../lib/gcc/arm-none-eabi/4.9.3/../../../../arm-none-eabi/lib/armv7-m\libc_nano.a(lib_a-sprintf.o)
 .ARM.attributes
                0x0000087c       0x2d c:/siliconlabs/simplicitystudio/v4/developer/toolchains/gnu_arm/4.9_2015q3/bin/../lib/gcc/arm-none-eabi/4.9.3/../../../../arm-none-eabi/lib/armv7-m\libc_nano.a(lib_a-strchr.o)
 .ARM.attributes
                0x000008a9       0x2d c:/siliconlabs/simplicitystudio/v4/developer/toolchains/gnu_arm/4.9_2015q3/bin/../lib/gcc/arm-none-eabi/4.9.3/../../../../arm-none-eabi/lib/armv7-m\libc_nano.a(lib_a-strlen.o)
 .ARM.attributes
                0x000008d6       0x2d c:/siliconlabs/simplicitystudio/v4/developer/toolchains/gnu_arm/4.9_2015q3/bin/../lib/gcc/arm-none-eabi/4.9.3/../../../../arm-none-eabi/lib/armv7-m\libc_nano.a(lib_a-strstr.o)
 .ARM.attributes
                0x00000903       0x2d c:/siliconlabs/simplicitystudio/v4/developer/toolchains/gnu_arm/4.9_2015q3/bin/../lib/gcc/arm-none-eabi/4.9.3/../../../../arm-none-eabi/lib/armv7-m\libc_nano.a(lib_a-strtok.o)
 .ARM.attributes
                0x00000930       0x2d c:/siliconlabs/simplicitystudio/v4/developer/toolchains/gnu_arm/4.9_2015q3/bin/../lib/gcc/arm-none-eabi/4.9.3/../../../../arm-none-eabi/lib/armv7-m\libc_nano.a(lib_a-strtok_r.o)
 .ARM.attributes
                0x0000095d       0x2d c:/siliconlabs/simplicitystudio/v4/developer/toolchains/gnu_arm/4.9_2015q3/bin/../lib/gcc/arm-none-eabi/4.9.3/../../../../arm-none-eabi/lib/armv7-m\libc_nano.a(lib_a-strtoul.o)
 .ARM.attributes
                0x0000098a       0x2d c:/siliconlabs/simplicitystudio/v4/developer/toolchains/gnu_arm/4.9_2015q3/bin/../lib/gcc/arm-none-eabi/4.9.3/../../../../arm-none-eabi/lib/armv7-m\libc_nano.a(lib_a-ctype_.o)
 .ARM.attributes
                0x000009b7       0x2d c:/siliconlabs/simplicitystudio/v4/developer/toolchains/gnu_arm/4.9_2015q3/bin/../lib/gcc/arm-none-eabi/4.9.3/../../../../arm-none-eabi/lib/armv7-m\libc_nano.a(lib_a-malloc.o)
 .ARM.attributes
                0x000009e4       0x2d c:/siliconlabs/simplicitystudio/v4/developer/toolchains/gnu_arm/4.9_2015q3/bin/../lib/gcc/arm-none-eabi/4.9.3/../../../../arm-none-eabi/lib/armv7-m\libc_nano.a(lib_a-nano-freer.o)
 .ARM.attributes
                0x00000a11       0x2d c:/siliconlabs/simplicitystudio/v4/developer/toolchains/gnu_arm/4.9_2015q3/bin/../lib/gcc/arm-none-eabi/4.9.3/../../../../arm-none-eabi/lib/armv7-m\libc_nano.a(lib_a-nano-mallocr.o)
 .ARM.attributes
                0x00000a3e       0x2d c:/siliconlabs/simplicitystudio/v4/developer/toolchains/gnu_arm/4.9_2015q3/bin/../lib/gcc/arm-none-eabi/4.9.3/../../../../arm-none-eabi/lib/armv7-m\libc_nano.a(lib_a-nano-svfprintf.o)
 .ARM.attributes
                0x00000a6b       0x2d c:/siliconlabs/simplicitystudio/v4/developer/toolchains/gnu_arm/4.9_2015q3/bin/../lib/gcc/arm-none-eabi/4.9.3/../../../../arm-none-eabi/lib/armv7-m\libc_nano.a(lib_a-nano-vfprintf_i.o)
 .ARM.attributes
                0x00000a98       0x2d c:/siliconlabs/simplicitystudio/v4/developer/toolchains/gnu_arm/4.9_2015q3/bin/../lib/gcc/arm-none-eabi/4.9.3/../../../../arm-none-eabi/lib/armv7-m\libc_nano.a(lib_a-sbrkr.o)
 .ARM.attributes
                0x00000ac5       0x2d c:/siliconlabs/simplicitystudio/v4/developer/toolchains/gnu_arm/4.9_2015q3/bin/../lib/gcc/arm-none-eabi/4.9.3/../../../../arm-none-eabi/lib/armv7-m\libc_nano.a(lib_a-memchr.o)
 .ARM.attributes
                0x00000af2       0x2d c:/siliconlabs/simplicitystudio/v4/developer/toolchains/gnu_arm/4.9_2015q3/bin/../lib/gcc/arm-none-eabi/4.9.3/../../../../arm-none-eabi/lib/armv7-m\libc_nano.a(lib_a-memmove.o)
 .ARM.attributes
                0x00000b1f       0x2d c:/siliconlabs/simplicitystudio/v4/developer/toolchains/gnu_arm/4.9_2015q3/bin/../lib/gcc/arm-none-eabi/4.9.3/../../../../arm-none-eabi/lib/armv7-m\libc_nano.a(lib_a-nano-reallocr.o)
 .ARM.attributes
                0x00000b4c       0x2d c:/siliconlabs/simplicitystudio/v4/developer/toolchains/gnu_arm/4.9_2015q3/bin/../lib/gcc/arm-none-eabi/4.9.3/../../../../arm-none-eabi/lib/armv7-m\libc_nano.a(lib_a-reent.o)
 .ARM.attributes
                0x00000b79       0x2d c:/siliconlabs/simplicitystudio/v4/developer/toolchains/gnu_arm/4.9_2015q3/bin/../lib/gcc/arm-none-eabi/4.9.3/../../../../arm-none-eabi/lib/armv7-m\libc_nano.a(lib_a-nano-msizer.o)
 .ARM.attributes
                0x00000ba6       0x2d c:/siliconlabs/simplicitystudio/v4/developer/toolchains/gnu_arm/4.9_2015q3/bin/../lib/gcc/arm-none-eabi/4.9.3/../../../../arm-none-eabi/lib/armv7-m\libnosys.a(sbrk.o)
 .ARM.attributes
                0x00000bd3       0x2d c:/siliconlabs/simplicitystudio/v4/developer/toolchains/gnu_arm/4.9_2015q3/bin/../lib/gcc/arm-none-eabi/4.9.3/../../../../arm-none-eabi/lib/armv7-m\libnosys.a(_exit.o)
 .ARM.attributes
                0x00000c00       0x2d c:/siliconlabs/simplicitystudio/v4/developer/toolchains/gnu_arm/4.9_2015q3/bin/../lib/gcc/arm-none-eabi/4.9.3/armv7-m/crtend.o
 .ARM.attributes
                0x00000c2d       0x1d c:/siliconlabs/simplicitystudio/v4/developer/toolchains/gnu_arm/4.9_2015q3/bin/../lib/gcc/arm-none-eabi/4.9.3/armv7-m/crtn.o

.comment        0x00000000       0x70
 .comment       0x00000000       0x70 ./CMSIS/EFM32GG/system_efm32gg.o
                                 0x71 (size before relaxing)
 .comment       0x00000000       0x71 ./devices_src/rgb_led.o
 .comment       0x00000000       0x71 ./devices_src/sd_card.o
 .comment       0x00000000       0x71 ./devices_src/tbr.o
 .comment       0x00000000       0x71 ./devices_src/ublox_gps.o
 .comment       0x00000000       0x71 ./drivers_src/delay.o
 .comment       0x00000000       0x71 ./drivers_src/pwm.o
 .comment       0x00000000       0x71 ./drivers_src/rs232.o
 .comment       0x00000000       0x71 ./drivers_src/rs485.o
 .comment       0x00000000       0x71 ./drivers_src/spi.o
 .comment       0x00000000       0x71 ./emlib/src/em_cmu.o
 .comment       0x00000000       0x71 ./emlib/src/em_core.o
 .comment       0x00000000       0x71 ./emlib/src/em_dma.o
 .comment       0x00000000       0x71 ./emlib/src/em_gpio.o
 .comment       0x00000000       0x71 ./emlib/src/em_leuart.o
 .comment       0x00000000       0x71 ./emlib/src/em_rtc.o
 .comment       0x00000000       0x71 ./emlib/src/em_system.o
 .comment       0x00000000       0x71 ./emlib/src/em_timer.o
 .comment       0x00000000       0x71 ./emlib/src/em_usart.o
 .comment       0x00000000       0x71 ./fat_filesystem_src/diskio.o
 .comment       0x00000000       0x71 ./fat_filesystem_src/ff.o
 .comment       0x00000000       0x71 ./fifo_buffers_src/fifo_rs232.o
 .comment       0x00000000       0x71 ./fifo_buffers_src/fifo_tbr.o
 .comment       0x00000000       0x71 ./hal/debug.o
 .comment       0x00000000       0x71 ./hal/hal.o
 .comment       0x00000000       0x71 ./lmic/aes.o
 .comment       0x00000000       0x71 ./lmic/lmic.o
 .comment       0x00000000       0x71 ./lmic/oslmic.o
 .comment       0x00000000       0x71 ./lmic/radio.o
 .comment       0x00000000       0x71 ./resource managers_src/app_manager.o
 .comment       0x00000000       0x71 ./src/main.o

.debug_line     0x00000000     0xa835
 .debug_line    0x00000000       0xd3 ./CMSIS/EFM32GG/startup_efm32gg.o
 .debug_line    0x000000d3      0x38d ./CMSIS/EFM32GG/system_efm32gg.o
 .debug_line    0x00000460      0x3fb ./devices_src/rgb_led.o
 .debug_line    0x0000085b      0x571 ./devices_src/sd_card.o
 .debug_line    0x00000dcc      0x606 ./devices_src/tbr.o
 .debug_line    0x000013d2      0x749 ./devices_src/ublox_gps.o
 .debug_line    0x00001b1b      0x3d8 ./drivers_src/delay.o
 .debug_line    0x00001ef3      0x450 ./drivers_src/pwm.o
 .debug_line    0x00002343      0x4b4 ./drivers_src/rs232.o
 .debug_line    0x000027f7      0x500 ./drivers_src/rs485.o
 .debug_line    0x00002cf7      0x44c ./drivers_src/spi.o
 .debug_line    0x00003143      0xa53 ./emlib/src/em_cmu.o
 .debug_line    0x00003b96      0x63e ./emlib/src/em_core.o
 .debug_line    0x000041d4      0x5c3 ./emlib/src/em_dma.o
 .debug_line    0x00004797      0x4bc ./emlib/src/em_gpio.o
 .debug_line    0x00004c53      0x472 ./emlib/src/em_leuart.o
 .debug_line    0x000050c5      0x39c ./emlib/src/em_rtc.o
 .debug_line    0x00005461      0x310 ./emlib/src/em_system.o
 .debug_line    0x00005771      0x5bf ./emlib/src/em_timer.o
 .debug_line    0x00005d30      0x5f8 ./emlib/src/em_usart.o
 .debug_line    0x00006328      0x2a8 ./fat_filesystem_src/diskio.o
 .debug_line    0x000065d0     0x124c ./fat_filesystem_src/ff.o
 .debug_line    0x0000781c      0x280 ./fifo_buffers_src/fifo_rs232.o
 .debug_line    0x00007a9c      0x2ab ./fifo_buffers_src/fifo_tbr.o
 .debug_line    0x00007d47      0x279 ./hal/debug.o
 .debug_line    0x00007fc0      0x6df ./hal/hal.o
 .debug_line    0x0000869f      0x321 ./lmic/aes.o
 .debug_line    0x000089c0      0xe09 ./lmic/lmic.o
 .debug_line    0x000097c9      0x27f ./lmic/oslmic.o
 .debug_line    0x00009a48      0x4d0 ./lmic/radio.o
 .debug_line    0x00009f18      0x46b ./resource managers_src/app_manager.o
 .debug_line    0x0000a383      0x4b2 ./src/main.o

.debug_info     0x00000000    0x152f7
 .debug_info    0x00000000      0x10e ./CMSIS/EFM32GG/startup_efm32gg.o
 .debug_info    0x0000010e      0x5a1 ./CMSIS/EFM32GG/system_efm32gg.o
 .debug_info    0x000006af      0x5df ./devices_src/rgb_led.o
 .debug_info    0x00000c8e      0x61c ./devices_src/sd_card.o
 .debug_info    0x000012aa      0xa4c ./devices_src/tbr.o
 .debug_info    0x00001cf6      0xac0 ./devices_src/ublox_gps.o
 .debug_info    0x000027b6      0x801 ./drivers_src/delay.o
 .debug_info    0x00002fb7      0x8f1 ./drivers_src/pwm.o
 .debug_info    0x000038a8      0xd3e ./drivers_src/rs232.o
 .debug_info    0x000045e6      0xcca ./drivers_src/rs485.o
 .debug_info    0x000052b0      0x9da ./drivers_src/spi.o
 .debug_info    0x00005c8a     0x1508 ./emlib/src/em_cmu.o
 .debug_info    0x00007192      0xcd6 ./emlib/src/em_core.o
 .debug_info    0x00007e68     0x12c4 ./emlib/src/em_dma.o
 .debug_info    0x0000912c      0x65b ./emlib/src/em_gpio.o
 .debug_info    0x00009787      0x824 ./emlib/src/em_leuart.o
 .debug_info    0x00009fab      0x33f ./emlib/src/em_rtc.o
 .debug_info    0x0000a2ea      0x272 ./emlib/src/em_system.o
 .debug_info    0x0000a55c      0x90f ./emlib/src/em_timer.o
 .debug_info    0x0000ae6b      0xe92 ./emlib/src/em_usart.o
 .debug_info    0x0000bcfd      0x2c1 ./fat_filesystem_src/diskio.o
 .debug_info    0x0000bfbe     0x1dd6 ./fat_filesystem_src/ff.o
 .debug_info    0x0000dd94      0x275 ./fifo_buffers_src/fifo_rs232.o
 .debug_info    0x0000e009      0x2ce ./fifo_buffers_src/fifo_tbr.o
 .debug_info    0x0000e2d7      0x335 ./hal/debug.o
 .debug_info    0x0000e60c     0x1328 ./hal/hal.o
 .debug_info    0x0000f934      0x2f0 ./lmic/aes.o
 .debug_info    0x0000fc24     0x2698 ./lmic/lmic.o
 .debug_info    0x000122bc      0x4e9 ./lmic/oslmic.o
 .debug_info    0x000127a5      0xe0c ./lmic/radio.o
 .debug_info    0x000135b1      0xa45 ./resource managers_src/app_manager.o
 .debug_info    0x00013ff6     0x1301 ./src/main.o

.debug_abbrev   0x00000000     0x37f8
 .debug_abbrev  0x00000000       0x14 ./CMSIS/EFM32GG/startup_efm32gg.o
 .debug_abbrev  0x00000014      0x1a3 ./CMSIS/EFM32GG/system_efm32gg.o
 .debug_abbrev  0x000001b7      0x15a ./devices_src/rgb_led.o
 .debug_abbrev  0x00000311      0x1c0 ./devices_src/sd_card.o
 .debug_abbrev  0x000004d1      0x235 ./devices_src/tbr.o
 .debug_abbrev  0x00000706      0x1d1 ./devices_src/ublox_gps.o
 .debug_abbrev  0x000008d7      0x1a4 ./drivers_src/delay.o
 .debug_abbrev  0x00000a7b      0x1ba ./drivers_src/pwm.o
 .debug_abbrev  0x00000c35      0x1cd ./drivers_src/rs232.o
 .debug_abbrev  0x00000e02      0x1d8 ./drivers_src/rs485.o
 .debug_abbrev  0x00000fda      0x1a2 ./drivers_src/spi.o
 .debug_abbrev  0x0000117c      0x2de ./emlib/src/em_cmu.o
 .debug_abbrev  0x0000145a      0x237 ./emlib/src/em_core.o
 .debug_abbrev  0x00001691      0x240 ./emlib/src/em_dma.o
 .debug_abbrev  0x000018d1      0x1c0 ./emlib/src/em_gpio.o
 .debug_abbrev  0x00001a91      0x1e0 ./emlib/src/em_leuart.o
 .debug_abbrev  0x00001c71      0x196 ./emlib/src/em_rtc.o
 .debug_abbrev  0x00001e07      0x107 ./emlib/src/em_system.o
 .debug_abbrev  0x00001f0e      0x172 ./emlib/src/em_timer.o
 .debug_abbrev  0x00002080      0x1c5 ./emlib/src/em_usart.o
 .debug_abbrev  0x00002245       0xf2 ./fat_filesystem_src/diskio.o
 .debug_abbrev  0x00002337      0x212 ./fat_filesystem_src/ff.o
 .debug_abbrev  0x00002549       0xee ./fifo_buffers_src/fifo_rs232.o
 .debug_abbrev  0x00002637       0xf5 ./fifo_buffers_src/fifo_tbr.o
 .debug_abbrev  0x0000272c      0x107 ./hal/debug.o
 .debug_abbrev  0x00002833      0x3aa ./hal/hal.o
 .debug_abbrev  0x00002bdd      0x108 ./lmic/aes.o
 .debug_abbrev  0x00002ce5      0x380 ./lmic/lmic.o
 .debug_abbrev  0x00003065      0x183 ./lmic/oslmic.o
 .debug_abbrev  0x000031e8      0x228 ./lmic/radio.o
 .debug_abbrev  0x00003410      0x182 ./resource managers_src/app_manager.o
 .debug_abbrev  0x00003592      0x266 ./src/main.o

.debug_aranges  0x00000000     0x1408
 .debug_aranges
                0x00000000       0x20 ./CMSIS/EFM32GG/startup_efm32gg.o
 .debug_aranges
                0x00000020       0x70 ./CMSIS/EFM32GG/system_efm32gg.o
 .debug_aranges
                0x00000090       0x50 ./devices_src/rgb_led.o
 .debug_aranges
                0x000000e0       0x70 ./devices_src/sd_card.o
 .debug_aranges
                0x00000150       0xa0 ./devices_src/tbr.o
 .debug_aranges
                0x000001f0       0x98 ./devices_src/ublox_gps.o
 .debug_aranges
                0x00000288       0x80 ./drivers_src/delay.o
 .debug_aranges
                0x00000308       0xa8 ./drivers_src/pwm.o
 .debug_aranges
                0x000003b0       0x98 ./drivers_src/rs232.o
 .debug_aranges
                0x00000448       0xa0 ./drivers_src/rs485.o
 .debug_aranges
                0x000004e8       0x78 ./drivers_src/spi.o
 .debug_aranges
                0x00000560      0x168 ./emlib/src/em_cmu.o
 .debug_aranges
                0x000006c8       0xe8 ./emlib/src/em_core.o
 .debug_aranges
                0x000007b0       0xc0 ./emlib/src/em_dma.o
 .debug_aranges
                0x00000870       0x70 ./emlib/src/em_gpio.o
 .debug_aranges
                0x000008e0       0x88 ./emlib/src/em_leuart.o
 .debug_aranges
                0x00000968       0x58 ./emlib/src/em_rtc.o
 .debug_aranges
                0x000009c0       0x28 ./emlib/src/em_system.o
 .debug_aranges
                0x000009e8       0x58 ./emlib/src/em_timer.o
 .debug_aranges
                0x00000a40       0xb8 ./emlib/src/em_usart.o
 .debug_aranges
                0x00000af8       0x40 ./fat_filesystem_src/diskio.o
 .debug_aranges
                0x00000b38      0x1d8 ./fat_filesystem_src/ff.o
 .debug_aranges
                0x00000d10       0x40 ./fifo_buffers_src/fifo_rs232.o
 .debug_aranges
                0x00000d50       0x40 ./fifo_buffers_src/fifo_tbr.o
 .debug_aranges
                0x00000d90       0x60 ./hal/debug.o
 .debug_aranges
                0x00000df0      0x128 ./hal/hal.o
 .debug_aranges
                0x00000f18       0x28 ./lmic/aes.o
 .debug_aranges
                0x00000f40      0x308 ./lmic/lmic.o
 .debug_aranges
                0x00001248       0x50 ./lmic/oslmic.o
 .debug_aranges
                0x00001298       0xc0 ./lmic/radio.o
 .debug_aranges
                0x00001358       0x40 ./resource managers_src/app_manager.o
 .debug_aranges
                0x00001398       0x70 ./src/main.o

.debug_loc      0x00000000     0xa909
 .debug_loc     0x00000000      0x31c ./CMSIS/EFM32GG/system_efm32gg.o
 .debug_loc     0x0000031c      0x1dc ./devices_src/rgb_led.o