Archive member included because of file (symbol)

c:/siliconlabs/simplicitystudio/v4/developer/toolchains/gnu_arm/4.9_2015q3/bin/../lib/gcc/arm-none-eabi/4.9.3/armv7-m\libgcc.a(_arm_addsubdf3.o)
                              ./resource managers_src/app_manager.o (__aeabi_f2d)
c:/siliconlabs/simplicitystudio/v4/developer/toolchains/gnu_arm/4.9_2015q3/bin/../lib/gcc/arm-none-eabi/4.9.3/armv7-m\libgcc.a(_arm_addsubsf3.o)
                              ./resource managers_src/app_manager.o (__aeabi_fsub)
c:/siliconlabs/simplicitystudio/v4/developer/toolchains/gnu_arm/4.9_2015q3/bin/../lib/gcc/arm-none-eabi/4.9.3/armv7-m\libgcc.a(_arm_muldivsf3.o)
                              ./resource managers_src/app_manager.o (__aeabi_fmul)
c:/siliconlabs/simplicitystudio/v4/developer/toolchains/gnu_arm/4.9_2015q3/bin/../lib/gcc/arm-none-eabi/4.9.3/armv7-m\libgcc.a(_arm_cmpsf2.o)
                              ./resource managers_src/app_manager.o (__aeabi_fcmplt)
c:/siliconlabs/simplicitystudio/v4/developer/toolchains/gnu_arm/4.9_2015q3/bin/../lib/gcc/arm-none-eabi/4.9.3/armv7-m\libgcc.a(_arm_fixsfsi.o)
                              ./resource managers_src/app_manager.o (__aeabi_f2iz)
c:/siliconlabs/simplicitystudio/v4/developer/toolchains/gnu_arm/4.9_2015q3/bin/../lib/gcc/arm-none-eabi/4.9.3/armv7-m\libgcc.a(_aeabi_uldivmod.o)
                              ./emlib/src/em_usart.o (__aeabi_uldivmod)
c:/siliconlabs/simplicitystudio/v4/developer/toolchains/gnu_arm/4.9_2015q3/bin/../lib/gcc/arm-none-eabi/4.9.3/armv7-m\libgcc.a(bpabi.o)
                              c:/siliconlabs/simplicitystudio/v4/developer/toolchains/gnu_arm/4.9_2015q3/bin/../lib/gcc/arm-none-eabi/4.9.3/armv7-m\libgcc.a(_aeabi_uldivmod.o) (__gnu_uldivmod_helper)
c:/siliconlabs/simplicitystudio/v4/developer/toolchains/gnu_arm/4.9_2015q3/bin/../lib/gcc/arm-none-eabi/4.9.3/armv7-m\libgcc.a(_dvmd_tls.o)
                              c:/siliconlabs/simplicitystudio/v4/developer/toolchains/gnu_arm/4.9_2015q3/bin/../lib/gcc/arm-none-eabi/4.9.3/armv7-m\libgcc.a(_aeabi_uldivmod.o) (__aeabi_ldiv0)
c:/siliconlabs/simplicitystudio/v4/developer/toolchains/gnu_arm/4.9_2015q3/bin/../lib/gcc/arm-none-eabi/4.9.3/armv7-m\libgcc.a(_divdi3.o)
                              c:/siliconlabs/simplicitystudio/v4/developer/toolchains/gnu_arm/4.9_2015q3/bin/../lib/gcc/arm-none-eabi/4.9.3/armv7-m\libgcc.a(bpabi.o) (__divdi3)
c:/siliconlabs/simplicitystudio/v4/developer/toolchains/gnu_arm/4.9_2015q3/bin/../lib/gcc/arm-none-eabi/4.9.3/armv7-m\libgcc.a(_udivdi3.o)
                              c:/siliconlabs/simplicitystudio/v4/developer/toolchains/gnu_arm/4.9_2015q3/bin/../lib/gcc/arm-none-eabi/4.9.3/armv7-m\libgcc.a(bpabi.o) (__udivdi3)
c:/siliconlabs/simplicitystudio/v4/developer/toolchains/gnu_arm/4.9_2015q3/bin/../lib/gcc/arm-none-eabi/4.9.3/../../../../arm-none-eabi/lib/armv7-m\libc_nano.a(lib_a-exit.o)
                              c:/siliconlabs/simplicitystudio/v4/developer/toolchains/gnu_arm/4.9_2015q3/bin/../lib/gcc/arm-none-eabi/4.9.3/../../../../arm-none-eabi/lib/armv7-m/crt0.o (exit)
c:/siliconlabs/simplicitystudio/v4/developer/toolchains/gnu_arm/4.9_2015q3/bin/../lib/gcc/arm-none-eabi/4.9.3/../../../../arm-none-eabi/lib/armv7-m\libc_nano.a(lib_a-impure.o)
                              c:/siliconlabs/simplicitystudio/v4/developer/toolchains/gnu_arm/4.9_2015q3/bin/../lib/gcc/arm-none-eabi/4.9.3/../../../../arm-none-eabi/lib/armv7-m\libc_nano.a(lib_a-exit.o) (_global_impure_ptr)
c:/siliconlabs/simplicitystudio/v4/developer/toolchains/gnu_arm/4.9_2015q3/bin/../lib/gcc/arm-none-eabi/4.9.3/../../../../arm-none-eabi/lib/armv7-m\libc_nano.a(lib_a-init.o)
                              c:/siliconlabs/simplicitystudio/v4/developer/toolchains/gnu_arm/4.9_2015q3/bin/../lib/gcc/arm-none-eabi/4.9.3/../../../../arm-none-eabi/lib/armv7-m/crt0.o (__libc_init_array)
c:/siliconlabs/simplicitystudio/v4/developer/toolchains/gnu_arm/4.9_2015q3/bin/../lib/gcc/arm-none-eabi/4.9.3/../../../../arm-none-eabi/lib/armv7-m\libc_nano.a(lib_a-memcpy.o)
                              ./lmic/lmic.o (memcpy)
c:/siliconlabs/simplicitystudio/v4/developer/toolchains/gnu_arm/4.9_2015q3/bin/../lib/gcc/arm-none-eabi/4.9.3/../../../../arm-none-eabi/lib/armv7-m\libc_nano.a(lib_a-memset.o)
                              c:/siliconlabs/simplicitystudio/v4/developer/toolchains/gnu_arm/4.9_2015q3/bin/../lib/gcc/arm-none-eabi/4.9.3/../../../../arm-none-eabi/lib/armv7-m/crt0.o (memset)
c:/siliconlabs/simplicitystudio/v4/developer/toolchains/gnu_arm/4.9_2015q3/bin/../lib/gcc/arm-none-eabi/4.9.3/../../../../arm-none-eabi/lib/armv7-m\libc_nano.a(lib_a-nano-vfprintf_float.o)
                              (_printf_float)
c:/siliconlabs/simplicitystudio/v4/developer/toolchains/gnu_arm/4.9_2015q3/bin/../lib/gcc/arm-none-eabi/4.9.3/../../../../arm-none-eabi/lib/armv7-m\libc_nano.a(lib_a-nano-vfprintf_i.o)
[...]
Memory Configuration

Name             Origin             Length             Attributes
FLASH            0x00000000         0x00100000         xr
RAM              0x20000000         0x00020000         xrw
*default*        0x00000000         0xffffffff

Linker script and memory map

LOAD c:/siliconlabs/simplicitystudio/v4/developer/toolchains/gnu_arm/4.9_2015q3/bin/../lib/gcc/arm-none-eabi/4.9.3/armv7-m/crti.o
LOAD c:/siliconlabs/simplicitystudio/v4/developer/toolchains/gnu_arm/4.9_2015q3/bin/../lib/gcc/arm-none-eabi/4.9.3/armv7-m/crtbegin.o
LOAD c:/siliconlabs/simplicitystudio/v4/developer/toolchains/gnu_arm/4.9_2015q3/bin/../lib/gcc/arm-none-eabi/4.9.3/../../../../arm-none-eabi/lib/armv7-m/crt0.o
LOAD ./CMSIS/EFM32GG/startup_efm32gg.o
LOAD ./CMSIS/EFM32GG/system_efm32gg.o
LOAD ./devices_src/rgb_led.o
LOAD ./devices_src/sd_card.o
LOAD ./devices_src/tbr.o
LOAD ./devices_src/ublox_gps.o
LOAD ./drivers_src/delay.o
LOAD ./drivers_src/pwm.o
LOAD ./drivers_src/rs232.o
LOAD ./drivers_src/rs485.o
LOAD ./drivers_src/spi.o
LOAD ./emlib/src/em_acmp.o
LOAD ./emlib/src/em_adc.o
LOAD ./emlib/src/em_aes.o
LOAD ./emlib/src/em_assert.o
LOAD ./emlib/src/em_burtc.o
LOAD ./emlib/src/em_can.o
LOAD ./emlib/src/em_cmu.o
LOAD ./emlib/src/em_core.o
LOAD ./emlib/src/em_cryotimer.o
LOAD ./emlib/src/em_crypto.o
LOAD ./emlib/src/em_csen.o
LOAD ./emlib/src/em_dac.o
LOAD ./emlib/src/em_dbg.o
LOAD ./emlib/src/em_dma.o
LOAD ./emlib/src/em_ebi.o
LOAD ./emlib/src/em_emu.o
LOAD ./emlib/src/em_gpcrc.o
LOAD ./emlib/src/em_gpio.o
LOAD ./emlib/src/em_i2c.o
LOAD ./emlib/src/em_idac.o
LOAD ./emlib/src/em_int.o
LOAD ./emlib/src/em_lcd.o
LOAD ./emlib/src/em_ldma.o
LOAD ./emlib/src/em_lesense.o
LOAD ./emlib/src/em_letimer.o
LOAD ./emlib/src/em_leuart.o
LOAD ./emlib/src/em_mpu.o
LOAD ./emlib/src/em_msc.o
LOAD ./emlib/src/em_opamp.o
LOAD ./emlib/src/em_pcnt.o
LOAD ./emlib/src/em_prs.o
LOAD ./emlib/src/em_qspi.o
LOAD ./emlib/src/em_rmu.o
LOAD ./emlib/src/em_rtc.o
LOAD ./emlib/src/em_rtcc.o
LOAD ./emlib/src/em_system.o
LOAD ./emlib/src/em_timer.o
LOAD ./emlib/src/em_usart.o
LOAD ./emlib/src/em_vcmp.o
LOAD ./emlib/src/em_vdac.o
LOAD ./emlib/src/em_wdog.o
LOAD ./fat_filesystem_src/diskio.o
LOAD ./fat_filesystem_src/ff.o
LOAD ./fifo_buffers_src/fifo_rs232.o
LOAD ./fifo_buffers_src/fifo_tbr.o
LOAD ./hal/debug.o
LOAD ./hal/hal.o
LOAD ./lmic/aes.o
LOAD ./lmic/lmic.o
LOAD ./lmic/oslmic.o
LOAD ./lmic/radio.o
LOAD ./resource managers_src/app_manager.o
LOAD ./resource managers_src/lpwan_manager.o
LOAD ./src/main.o
START GROUP
LOAD c:/siliconlabs/simplicitystudio/v4/developer/toolchains/gnu_arm/4.9_2015q3/bin/../lib/gcc/arm-none-eabi/4.9.3/armv7-m\libgcc.a
LOAD c:/siliconlabs/simplicitystudio/v4/developer/toolchains/gnu_arm/4.9_2015q3/bin/../lib/gcc/arm-none-eabi/4.9.3/../../../../arm-none-eabi/lib/armv7-m\libc_nano.a
LOAD c:/siliconlabs/simplicitystudio/v4/developer/toolchains/gnu_arm/4.9_2015q3/bin/../lib/gcc/arm-none-eabi/4.9.3/../../../../arm-none-eabi/lib/armv7-m\libnosys.a
END GROUP
START GROUP
LOAD c:/siliconlabs/simplicitystudio/v4/developer/toolchains/gnu_arm/4.9_2015q3/bin/../lib/gcc/arm-none-eabi/4.9.3/armv7-m\libgcc.a
LOAD c:/siliconlabs/simplicitystudio/v4/developer/toolchains/gnu_arm/4.9_2015q3/bin/../lib/gcc/arm-none-eabi/4.9.3/../../../../arm-none-eabi/lib/armv7-m\libg_nano.a
LOAD c:/siliconlabs/simplicitystudio/v4/developer/toolchains/gnu_arm/4.9_2015q3/bin/../lib/gcc/arm-none-eabi/4.9.3/../../../../arm-none-eabi/lib/armv7-m\libc_nano.a
END GROUP
START GROUP
LOAD c:/siliconlabs/simplicitystudio/v4/developer/toolchains/gnu_arm/4.9_2015q3/bin/../lib/gcc/arm-none-eabi/4.9.3/armv7-m\libgcc.a
LOAD c:/siliconlabs/simplicitystudio/v4/developer/toolchains/gnu_arm/4.9_2015q3/bin/../lib/gcc/arm-none-eabi/4.9.3/../../../../arm-none-eabi/lib/armv7-m\libc_nano.a
END GROUP
LOAD c:/siliconlabs/simplicitystudio/v4/developer/toolchains/gnu_arm/4.9_2015q3/bin/../lib/gcc/arm-none-eabi/4.9.3/armv7-m/crtend.o
LOAD c:/siliconlabs/simplicitystudio/v4/developer/toolchains/gnu_arm/4.9_2015q3/bin/../lib/gcc/arm-none-eabi/4.9.3/armv7-m/crtn.o

.text           0x00000000    0x1259c
 *(.vectors)
 .vectors       0x00000000       0xdc ./CMSIS/EFM32GG/startup_efm32gg.o
                0x00000000                __Vectors
                0x000000dc                __Vectors_End = .
                0x000000dc                __Vectors_Size = (__Vectors_End - __Vectors)
                0x000000dc                __end__ = .
 *(.text*)
 .text          0x000000dc       0x5c c:/siliconlabs/simplicitystudio/v4/developer/toolchains/gnu_arm/4.9_2015q3/bin/../lib/gcc/arm-none-eabi/4.9.3/armv7-m/crtbegin.o
 .text          0x00000138       0x74 c:/siliconlabs/simplicitystudio/v4/developer/toolchains/gnu_arm/4.9_2015q3/bin/../lib/gcc/arm-none-eabi/4.9.3/../../../../arm-none-eabi/lib/armv7-m/crt0.o
                0x00000138                _start
                0x00000138                _mainCRTStartup
 .text          0x000001ac       0x30 ./CMSIS/EFM32GG/startup_efm32gg.o
                0x000001ac                Reset_Handler
                0x000001d8                DebugMon_Handler
                0x000001d8                USART0_TX_IRQHandler
                0x000001d8                I2C0_IRQHandler
                0x000001d8                HardFault_Handler
                0x000001d8                LEUART1_IRQHandler
                0x000001d8                SysTick_Handler
                0x000001d8                USART1_RX_IRQHandler
                0x000001d8                PendSV_Handler
                0x000001d8                NMI_Handler
                0x000001d8                I2C1_IRQHandler
                0x000001d8                TIMER3_IRQHandler
                0x000001d8                USART1_TX_IRQHandler
                0x000001d8                MSC_IRQHandler
                0x000001d8                ADC0_IRQHandler
                0x000001d8                UsageFault_Handler
                0x000001d8                UART0_TX_IRQHandler
                0x000001d8                UART1_TX_IRQHandler
                0x000001d8                TIMER0_IRQHandler
                0x000001d8                TIMER2_IRQHandler
                0x000001d8                LCD_IRQHandler
                0x000001d8                PCNT2_IRQHandler
                0x000001d8                UART0_RX_IRQHandler
                0x000001d8                LETIMER0_IRQHandler
                0x000001d8                TIMER1_IRQHandler
                0x000001d8                Default_Handler
                0x000001d8                EMU_IRQHandler
                0x000001d8                PCNT0_IRQHandler
                0x000001d8                USB_IRQHandler
                0x000001d8                PCNT1_IRQHandler
                0x000001d8                ACMP0_IRQHandler
                0x000001d8                USART0_RX_IRQHandler
                0x000001d8                MemManage_Handler
                0x000001d8                SVC_Handler
                0x000001d8                DAC0_IRQHandler
                0x000001d8                UART1_RX_IRQHandler
                0x000001d8                CMU_IRQHandler
                0x000001d8                EBI_IRQHandler
                0x000001d8                LESENSE_IRQHandler
                0x000001d8                AES_IRQHandler
                0x000001d8                VCMP_IRQHandler
                0x000001d8                BusFault_Handler
 .text.GetProdRev
                0x000001dc       0x1c ./CMSIS/EFM32GG/system_efm32gg.o
 .text.SystemCoreClockGet
                0x000001f8       0x34 ./CMSIS/EFM32GG/system_efm32gg.o
                0x000001f8                SystemCoreClockGet
 .text.SystemMaxCoreClockGet
                0x0000022c       0x14 ./CMSIS/EFM32GG/system_efm32gg.o
                0x0000022c                SystemMaxCoreClockGet
 .text.SystemHFClockGet
                0x00000240      0x100 ./CMSIS/EFM32GG/system_efm32gg.o
                0x00000240                SystemHFClockGet
 .text.SystemHFXOClockGet
                0x00000340       0x18 ./CMSIS/EFM32GG/system_efm32gg.o
                0x00000340                SystemHFXOClockGet
 .text.SystemInit
                0x00000358        0xc ./CMSIS/EFM32GG/system_efm32gg.o
                0x00000358                SystemInit
 .text.SystemLFRCOClockGet
                0x00000364       0x14 ./CMSIS/EFM32GG/system_efm32gg.o
                0x00000364                SystemLFRCOClockGet
 .text.SystemULFRCOClockGet
                0x00000378       0x14 ./CMSIS/EFM32GG/system_efm32gg.o
                0x00000378                SystemULFRCOClockGet
 .text.SystemLFXOClockGet
                0x0000038c       0x18 ./CMSIS/EFM32GG/system_efm32gg.o
                0x0000038c                SystemLFXOClockGet
 .text.GPIO_PinOutClear
                0x000003a4       0x58 ./devices_src/rgb_led.o
 .text.GPIO_PinOutSet
                0x000003fc       0x58 ./devices_src/rgb_led.o
 .text.generate_pulses
                0x00000454       0x50 ./devices_src/rgb_led.o
                0x00000454                generate_pulses
 .text.rgb_init
                0x000004a4       0x34 ./devices_src/rgb_led.o
                0x000004a4                rgb_init
 .text.rgb_on   0x000004d8      0x110 ./devices_src/rgb_led.o
                0x000004d8                rgb_on
 .text.rgb_shutdown
                0x000005e8       0x18 ./devices_src/rgb_led.o
                0x000005e8                rgb_shutdown
 .text.GPIO_PinOutClear
                0x00000600       0x58 ./devices_src/sd_card.o
 .text.GPIO_PinOutSet
                0x00000658       0x58 ./devices_src/sd_card.o
 .text.start_transfer
                0x000006b0       0x10 ./devices_src/sd_card.o
                0x000006b0                start_transfer
 .text.end_transfer
                0x000006c0       0x14 ./devices_src/sd_card.o
                0x000006c0                end_transfer
 .text.send_cmd
                0x000006d4      0x24c ./devices_src/sd_card.o
                0x000006d4                send_cmd
 .text.sd_card_init
                0x00000920      0x1e0 ./devices_src/sd_card.o
                0x00000920                sd_card_init
 .text.sd_card_on
                0x00000b00       0x10 ./devices_src/sd_card.o
                0x00000b00                sd_card_on
 .text.sd_card_off
                0x00000b10       0x10 ./devices_src/sd_card.o
                0x00000b10                sd_card_off
 .text.sd_card_read
                0x00000b20      0x130 ./devices_src/sd_card.o
                0x00000b20                sd_card_read
 .text.sd_card_write
                0x00000c50      0x10c ./devices_src/sd_card.o
                0x00000c50                sd_card_write
 .text.array_is_full
                0x00000d5c       0x24 ./devices_src/tbr.o
                0x00000d5c                array_is_full
 .text.array_is_empty
                0x00000d80       0x20 ./devices_src/tbr.o
                0x00000d80                array_is_empty
 .text.array_add
                0x00000da0       0x58 ./devices_src/tbr.o
                0x00000da0                array_add
 .text.array_remove
                0x00000df8       0x5c ./devices_src/tbr.o
                0x00000df8                array_remove
 .text.CalculateLuhn
                0x00000e54      0x12c ./devices_src/tbr.o
                0x00000e54                CalculateLuhn
 .text.parse_message_tbr
                0x00000f80      0x168 ./devices_src/tbr.o
                0x00000f80                parse_message_tbr
 .text.check_other_messages
                0x000010e8       0x58 ./devices_src/tbr.o
                0x000010e8                check_other_messages
 .text.clear_buffer
                0x00001140       0x3c ./devices_src/tbr.o
                0x00001140                clear_buffer
 .text.get_and_compare
                0x0000117c      0x1ec ./devices_src/tbr.o
                0x0000117c                get_and_compare
 .text.convert_single_tbr_msg_into_uint
                0x00001368      0x364 ./devices_src/tbr.o
                0x00001368                convert_single_tbr_msg_into_uint
 .text.convert_tbr_msgs_to_uint
                0x000016cc      0x1bc ./devices_src/tbr.o
                0x000016cc                convert_tbr_msgs_to_uint
 .text.tbr_init
                0x00001888       0x48 ./devices_src/tbr.o
                0x00001888                tbr_init
 .text.tbr_send_cmd
                0x000018d0      0x100 ./devices_src/tbr.o
                0x000018d0                tbr_send_cmd
 .text.tbr_recv_msg_uint
                0x000019d0      0x124 ./devices_src/tbr.o
                0x000019d0                tbr_recv_msg_uint
 .text.GPIO_PinOutSet
                0x00001af4       0x58 ./devices_src/ublox_gps.o
 .text.send_cmd_rx_ack
                0x00001b4c       0xfc ./devices_src/ublox_gps.o
                0x00001b4c                send_cmd_rx_ack
 .text.port_config
                0x00001c48       0x64 ./devices_src/ublox_gps.o
                0x00001c48                port_config
 .text.receiver_nav_status
                0x00001cac       0xfc ./devices_src/ublox_gps.o
                0x00001cac                receiver_nav_status
 .text.config_low_power
                0x00001da8       0x24 ./devices_src/ublox_gps.o
                0x00001da8                config_low_power
 .text.enter_low_power
                0x00001dcc       0x24 ./devices_src/ublox_gps.o
                0x00001dcc                enter_low_power
 .text.disable_sbas
                0x00001df0       0x24 ./devices_src/ublox_gps.o
                0x00001df0                disable_sbas
 .text.poll_psm
                0x00001e14      0x130 ./devices_src/ublox_gps.o
                0x00001e14                poll_psm
 .text.parse_message
                0x00001f44      0x33c ./devices_src/ublox_gps.o
                0x00001f44                parse_message
 .text.gps_init
                0x00002280      0x148 ./devices_src/ublox_gps.o
                0x00002280                gps_init
 .text.gps_get_nav_data
                0x000023c8      0x19c ./devices_src/ublox_gps.o
                0x000023c8                gps_get_nav_data
 .text.gps_on   0x00002564       0x10 ./devices_src/ublox_gps.o
                0x00002564                gps_on
 .text.TIMER_Valid
                0x00002574       0x50 ./drivers_src/delay.o
 .text.TIMER_MaxCount
                0x000025c4       0x18 ./drivers_src/delay.o
 .text.TIMER_CounterSet
                0x000025dc       0x1c ./drivers_src/delay.o
 .text.TIMER_Enable
                0x000025f8       0x2c ./drivers_src/delay.o
 .text.TIMER_IntClear
                0x00002624       0x1c ./drivers_src/delay.o
 .text.TIMER_IntEnable
                0x00002640       0x20 ./drivers_src/delay.o
 .text.TIMER_IntGetEnabled
                0x00002660       0x24 ./drivers_src/delay.o
 .text.TIMER_TopBufSet
                0x00002684       0x1c ./drivers_src/delay.o
 .text.TIMER_TopSet
                0x000026a0       0x1c ./drivers_src/delay.o
 .text.delay_init
                0x000026bc       0x7c ./drivers_src/delay.o
                0x000026bc                delay_init
 .text.delay_enable
                0x00002738       0x14 ./drivers_src/delay.o
                0x00002738                delay_enable
 .text.delay_disable
                0x0000274c       0x14 ./drivers_src/delay.o
                0x0000274c                delay_disable
 .text.delay_ms
                0x00002760       0x64 ./drivers_src/delay.o
                0x00002760                delay_ms
 .text.TIMER_Valid
                0x000027c4       0x50 ./drivers_src/pwm.o
 .text.TIMER_MaxCount
                0x00002814       0x18 ./drivers_src/pwm.o
 .text.TIMER_CounterSet
                0x0000282c       0x1c ./drivers_src/pwm.o
 .text.TIMER_Enable
                0x00002848       0x2c ./drivers_src/pwm.o
 .text.TIMER_IntClear
                0x00002874       0x1c ./drivers_src/pwm.o
 .text.TIMER_IntEnable
                0x00002890       0x20 ./drivers_src/pwm.o
 .text.TIMER_IntGetEnabled
                0x000028b0       0x24 ./drivers_src/pwm.o
 .text.TIMER_TopBufSet
                0x000028d4       0x1c ./drivers_src/pwm.o
 .text.TIMER_TopSet
                0x000028f0       0x1c ./drivers_src/pwm.o
 .text.pwm_init
                0x0000290c       0x7c ./drivers_src/pwm.o
                0x0000290c                pwm_init
 .text.pwm_enable
                0x00002988       0x14 ./drivers_src/pwm.o
                0x00002988                pwm_enable
 .text.pwm_disable
                0x0000299c       0x14 ./drivers_src/pwm.o
                0x0000299c                pwm_disable
 .text.pwm_us_delay
                0x000029b0       0x5c ./drivers_src/pwm.o
                0x000029b0                pwm_us_delay
 .text.NVIC_EnableIRQ
                0x00002a0c       0x30 ./drivers_src/rs232.o
 .text.NVIC_ClearPendingIRQ
                0x00002a3c       0x34 ./drivers_src/rs232.o
 .text.USART_IntClear
                0x00002a70       0x1c ./drivers_src/rs232.o
 .text.USART_IntDisable
                0x00002a8c       0x24 ./drivers_src/rs232.o
 .text.USART_IntEnable
                0x00002ab0       0x20 ./drivers_src/rs232.o
 .text.rs232_init
                0x00002ad0       0xb0 ./drivers_src/rs232.o
                0x00002ad0                rs232_init
 .text.rs232_enable
                0x00002b80       0x14 ./drivers_src/rs232.o
                0x00002b80                rs232_enable
 .text.rs232_transmit_string
                0x00002b94       0x6c ./drivers_src/rs232.o
                0x00002b94                rs232_transmit_string
 .text.rs232_transmit_char
                0x00002c00       0x4c ./drivers_src/rs232.o
                0x00002c00                rs232_transmit_char
 .text.USART2_TX_IRQHandler
                0x00002c4c       0x4c ./drivers_src/rs232.o
                0x00002c4c                USART2_TX_IRQHandler
 .text.USART2_RX_IRQHandler
                0x00002c98       0x40 ./drivers_src/rs232.o
                0x00002c98                USART2_RX_IRQHandler
 .text.NVIC_EnableIRQ
                0x00002cd8       0x30 ./drivers_src/rs485.o
 .text.NVIC_ClearPendingIRQ
                0x00002d08       0x34 ./drivers_src/rs485.o
 .text.GPIO_PinOutClear
                0x00002d3c       0x58 ./drivers_src/rs485.o
 .text.GPIO_PinOutSet
                0x00002d94       0x58 ./drivers_src/rs485.o
 .text.LEUART_IntClear
                0x00002dec       0x1c ./drivers_src/rs485.o
 .text.LEUART_IntDisable
                0x00002e08       0x24 ./drivers_src/rs485.o
 .text.LEUART_IntEnable
                0x00002e2c       0x20 ./drivers_src/rs485.o
 .text.rs485_init
                0x00002e4c       0xe0 ./drivers_src/rs485.o
                0x00002e4c                rs485_init
 .text.rs485_enable
                0x00002f2c       0x14 ./drivers_src/rs485.o
                0x00002f2c                rs485_enable
 .text.rs485_transmit_string
                0x00002f40       0x78 ./drivers_src/rs485.o
                0x00002f40                rs485_transmit_string
 .text.rs485_recieve_char
                0x00002fb8       0x3c ./drivers_src/rs485.o
                0x00002fb8                rs485_recieve_char
 .text.rs485_tx_mode
                0x00002ff4       0x18 ./drivers_src/rs485.o
                0x00002ff4                rs485_tx_mode
 .text.rs485_rx_mode
                0x0000300c       0x18 ./drivers_src/rs485.o
                0x0000300c                rs485_rx_mode
 .text.LEUART0_IRQHandler
                0x00003024       0xd0 ./drivers_src/rs485.o
                0x00003024                LEUART0_IRQHandler
 .text.GPIO_PinOutClear
                0x000030f4       0x58 ./drivers_src/spi.o
 .text.GPIO_PinOutSet
                0x0000314c       0x58 ./drivers_src/spi.o
 .text.USART_IntClear
                0x000031a4       0x1c ./drivers_src/spi.o
 .text.spi_init
                0x000031c0       0xbc ./drivers_src/spi.o
                0x000031c0                spi_init
 .text.spi_enable
                0x0000327c       0x14 ./drivers_src/spi.o
                0x0000327c                spi_enable
 .text.spi_disable
                0x00003290       0x14 ./drivers_src/spi.o
                0x00003290                spi_disable
 .text.spi_cs_set
                0x000032a4       0x40 ./drivers_src/spi.o
                0x000032a4                spi_cs_set
 .text.spi_cs_clear
                0x000032e4       0x8c ./drivers_src/spi.o
                0x000032e4                spi_cs_clear
 .text.spi_read_write_byte
                0x00003370       0x34 ./drivers_src/spi.o
                0x00003370                spi_read_write_byte
 .text.spi_write_byte
                0x000033a4       0x28 ./drivers_src/spi.o
                0x000033a4                spi_write_byte
 .text.spi_read_byte
                0x000033cc       0x2c ./drivers_src/spi.o
                0x000033cc                spi_read_byte
 .text.BUS_RegBitWrite
                0x000033f8       0x2c ./emlib/src/em_burtc.o
 .text.BUS_RegBitRead
                0x00003424       0x2c ./emlib/src/em_burtc.o
 .text.BURTC_IntClear
                0x00003450       0x1c ./emlib/src/em_burtc.o
 .text.BURTC_Enable
                0x0000346c       0x50 ./emlib/src/em_burtc.o
 .text.BURTC_FreezeEnable
                0x000034bc       0x20 ./emlib/src/em_burtc.o
 .text.divToLog2
                0x000034dc       0x34 ./emlib/src/em_burtc.o
 .text.regSync  0x00003510       0x40 ./emlib/src/em_burtc.o
 .text.BURTC_Init
                0x00003550       0xe8 ./emlib/src/em_burtc.o
                0x00003550                BURTC_Init
 .text.BURTC_CompareSet
                0x00003638       0x20 ./emlib/src/em_burtc.o
                0x00003638                BURTC_CompareSet
 .text.BURTC_Reset
                0x00003658       0x3c ./emlib/src/em_burtc.o
                0x00003658                BURTC_Reset
 .text.BUS_RegBitWrite
                0x00003694       0x2c ./emlib/src/em_cmu.o
 .text.BUS_RegBitRead
                0x000036c0       0x2c ./emlib/src/em_cmu.o
 .text.CMU_DivToLog2
                0x000036ec       0x34 ./emlib/src/em_cmu.o
 .text.SYSTEM_GetProdRev
                0x00003720       0x1c ./emlib/src/em_cmu.o
 .text.SYSTEM_GetFamily
                0x0000373c       0x20 ./emlib/src/em_cmu.o
 .text.maxFreqHfle
                0x0000375c       0x78 ./emlib/src/em_cmu.o
 .text.setHfLeConfig
                0x000037d4       0x60 ./emlib/src/em_cmu.o
 .text.getHfLeConfig
                0x00003834       0x20 ./emlib/src/em_cmu.o
 .text.auxClkGet
                0x00003854       0xb0 ./emlib/src/em_cmu.o
 .text.dbgClkGet
                0x00003904       0x40 ./emlib/src/em_cmu.o
 .text.flashWaitStateControl
                0x00003944       0xb8 ./emlib/src/em_cmu.o
 .text.flashWaitStateMax
                0x000039fc       0x14 ./emlib/src/em_cmu.o
 .text.CMU_UpdateWaitStates
                0x00003a10       0x18 ./emlib/src/em_cmu.o
                0x00003a10                CMU_UpdateWaitStates
 .text.lfClkGet
                0x00003a28       0xec ./emlib/src/em_cmu.o
 .text.syncReg  0x00003b14       0x34 ./emlib/src/em_cmu.o
 .text.CMU_ClockDivSet
                0x00003b48      0x22c ./emlib/src/em_cmu.o
                0x00003b48                CMU_ClockDivSet
 .text.CMU_ClockEnable
                0x00003d74       0xd0 ./emlib/src/em_cmu.o
                0x00003d74                CMU_ClockEnable
 .text.CMU_ClockFreqGet
                0x00003e44      0x1c8 ./emlib/src/em_cmu.o
                0x00003e44                CMU_ClockFreqGet
 .text.CMU_ClockSelectGet
                0x0000400c      0x124 ./emlib/src/em_cmu.o
                0x0000400c                CMU_ClockSelectGet
 .text.CMU_ClockSelectSet
                0x00004130      0x22c ./emlib/src/em_cmu.o
                0x00004130                CMU_ClockSelectSet
 .text.CMU_HFRCOBandSet
                0x0000435c       0xe0 ./emlib/src/em_cmu.o
                0x0000435c                CMU_HFRCOBandSet
 .text.CMU_OscillatorEnable
                0x0000443c       0xbc ./emlib/src/em_cmu.o
                0x0000443c                CMU_OscillatorEnable
 .text.CORE_EnterAtomic
                0x000044f8       0x20 ./emlib/src/em_core.o
                0x000044f8                CORE_EnterAtomic
 .text.CORE_ExitAtomic
                0x00004518       0x1c ./emlib/src/em_core.o
                0x00004518                CORE_ExitAtomic
 .text.DMA_IRQHandler
                0x00004534       0xd8 ./emlib/src/em_dma.o
                0x00004534                DMA_IRQHandler
 .text.BUS_RegBitWrite
                0x0000460c       0x2c ./emlib/src/em_gpio.o
 .text.BUS_RegMaskedWrite
                0x00004638       0x28 ./emlib/src/em_gpio.o
 .text.GPIO_PinOutClear
                0x00004660       0x58 ./emlib/src/em_gpio.o
 .text.GPIO_PinOutSet
                0x000046b8       0x58 ./emlib/src/em_gpio.o
 .text.GPIO_DriveModeSet
                0x00004710       0x70 ./emlib/src/em_gpio.o
                0x00004710                GPIO_DriveModeSet
 .text.GPIO_ExtIntConfig
                0x00004780       0xd4 ./emlib/src/em_gpio.o
                0x00004780                GPIO_ExtIntConfig
 .text.GPIO_PinModeSet
                0x00004854      0x10c ./emlib/src/em_gpio.o
                0x00004854                GPIO_PinModeSet
 .text.LETIMER_Enable
                0x00004960       0x2c ./emlib/src/em_letimer.o
                0x00004960                LETIMER_Enable
 .text.LETIMER_FreezeEnable
                0x0000498c       0x34 ./emlib/src/em_letimer.o
                0x0000498c                LETIMER_FreezeEnable
 .text.LETIMER_Init
                0x000049c0       0xf0 ./emlib/src/em_letimer.o
                0x000049c0                LETIMER_Init
 .text.LETIMER_Reset
                0x00004ab0       0x50 ./emlib/src/em_letimer.o
                0x00004ab0                LETIMER_Reset
 .text.LEUART_Sync
                0x00004b00       0x30 ./emlib/src/em_leuart.o
 .text.LEUART_BaudrateSet
                0x00004b30       0x80 ./emlib/src/em_leuart.o
                0x00004b30                LEUART_BaudrateSet
 .text.LEUART_Enable
                0x00004bb0       0x58 ./emlib/src/em_leuart.o
                0x00004bb0                LEUART_Enable
 .text.LEUART_FreezeEnable
                0x00004c08       0x34 ./emlib/src/em_leuart.o
                0x00004c08                LEUART_FreezeEnable
 .text.LEUART_Init
                0x00004c3c       0x84 ./emlib/src/em_leuart.o
                0x00004c3c                LEUART_Init
 .text.LEUART_Reset
                0x00004cc0       0x70 ./emlib/src/em_leuart.o
                0x00004cc0                LEUART_Reset
 .text.LEUART_Rx
                0x00004d30       0x28 ./emlib/src/em_leuart.o
                0x00004d30                LEUART_Rx
 .text.LEUART_Tx
                0x00004d58       0x30 ./emlib/src/em_leuart.o
                0x00004d58                LEUART_Tx
 .text.SL_CTZ   0x00004d88       0x28 ./emlib/src/em_rmu.o
 .text.BUS_RegBitWrite
                0x00004db0       0x2c ./emlib/src/em_rmu.o
 .text.RMU_ResetControl
                0x00004ddc       0x3c ./emlib/src/em_rmu.o
                0x00004ddc                RMU_ResetControl
 .text.BUS_RegBitWrite
                0x00004e18       0x2c ./emlib/src/em_rtc.o
 .text.RTC_CompareSet
                0x00004e44       0x3c ./emlib/src/em_rtc.o
                0x00004e44                RTC_CompareSet
 .text.RTC_Enable
                0x00004e80       0x20 ./emlib/src/em_rtc.o
                0x00004e80                RTC_Enable
 .text.RTC_Init
                0x00004ea0       0x50 ./emlib/src/em_rtc.o
                0x00004ea0                RTC_Init
 .text.SYSTEM_ChipRevisionGet
                0x00004ef0       0x74 ./emlib/src/em_system.o
                0x00004ef0                SYSTEM_ChipRevisionGet
 .text.TIMER_Valid
                0x00004f64       0x50 ./emlib/src/em_timer.o
 .text.TIMER_Init
                0x00004fb4       0xdc ./emlib/src/em_timer.o
                0x00004fb4                TIMER_Init
 .text.USART_BaudrateAsyncSet
                0x00005090       0xb0 ./emlib/src/em_usart.o
                0x00005090                USART_BaudrateAsyncSet
 .text.USART_BaudrateSyncSet
                0x00005140       0x40 ./emlib/src/em_usart.o
                0x00005140                USART_BaudrateSyncSet
 .text.USART_Enable
                0x00005180       0x58 ./emlib/src/em_usart.o
                0x00005180                USART_Enable
 .text.USART_InitAsync
                0x000051d8       0x9c ./emlib/src/em_usart.o
                0x000051d8                USART_InitAsync
 .text.USART_InitSync
                0x00005274       0xcc ./emlib/src/em_usart.o
                0x00005274                USART_InitSync
 .text.USART_Reset
                0x00005340       0x98 ./emlib/src/em_usart.o
                0x00005340                USART_Reset
 .text.USART_Rx
                0x000053d8       0x28 ./emlib/src/em_usart.o
                0x000053d8                USART_Rx
 .text.USART_SpiTransfer
                0x00005400       0x40 ./emlib/src/em_usart.o
                0x00005400                USART_SpiTransfer
 .text.USART_Tx
                0x00005440       0x2c ./emlib/src/em_usart.o
                0x00005440                USART_Tx
 .text.disk_status
                0x0000546c       0x44 ./fat_filesystem_src/diskio.o
                0x0000546c                disk_status
 .text.disk_initialize
                0x000054b0       0x4c ./fat_filesystem_src/diskio.o
                0x000054b0                disk_initialize
 .text.disk_read
                0x000054fc       0x50 ./fat_filesystem_src/diskio.o
                0x000054fc                disk_read
 .text.disk_write
                0x0000554c       0x50 ./fat_filesystem_src/diskio.o
                0x0000554c                disk_write
 .text.disk_ioctl
                0x0000559c       0x50 ./fat_filesystem_src/diskio.o
                0x0000559c                disk_ioctl
 .text.ld_word  0x000055ec       0x30 ./fat_filesystem_src/ff.o
 .text.ld_dword
                0x0000561c       0x48 ./fat_filesystem_src/ff.o
 .text.st_word  0x00005664       0x34 ./fat_filesystem_src/ff.o
 .text.st_dword
                0x00005698       0x58 ./fat_filesystem_src/ff.o
 .text.mem_cpy  0x000056f0       0x40 ./fat_filesystem_src/ff.o
 .text.mem_set  0x00005730       0x34 ./fat_filesystem_src/ff.o
 .text.mem_cmp  0x00005764       0x50 ./fat_filesystem_src/ff.o
 .text.chk_chr  0x000057b4       0x38 ./fat_filesystem_src/ff.o
 .text.sync_window
                0x000057ec       0x8c ./fat_filesystem_src/ff.o
 .text.move_window
                0x00005878       0x5c ./fat_filesystem_src/ff.o
 .text.sync_fs  0x000058d4       0xdc ./fat_filesystem_src/ff.o
 .text.clust2sect
                0x000059b0       0x40 ./fat_filesystem_src/ff.o
 .text.get_fat  0x000059f0      0x140 ./fat_filesystem_src/ff.o
 .text.put_fat  0x00005b30      0x1bc ./fat_filesystem_src/ff.o
 .text.remove_chain
                0x00005cec       0xc8 ./fat_filesystem_src/ff.o
 .text.create_chain
                0x00005db4      0x134 ./fat_filesystem_src/ff.o
 .text.dir_sdi  0x00005ee8       0xf4 ./fat_filesystem_src/ff.o
 .text.dir_next
                0x00005fdc      0x188 ./fat_filesystem_src/ff.o
 .text.dir_alloc
                0x00006164       0x90 ./fat_filesystem_src/ff.o
 .text.ld_clust
                0x000061f4       0x40 ./fat_filesystem_src/ff.o
 .text.st_clust
                0x00006234       0x40 ./fat_filesystem_src/ff.o
 .text.dir_find
                0x00006274       0xa8 ./fat_filesystem_src/ff.o
 .text.dir_register
                0x0000631c       0x68 ./fat_filesystem_src/ff.o
 .text.create_name
                0x00006384      0x1a0 ./fat_filesystem_src/ff.o
 .text.follow_path
                0x00006524       0xdc ./fat_filesystem_src/ff.o
 .text.get_ldnumber
                0x00006600       0x88 ./fat_filesystem_src/ff.o
 .text.check_fs
                0x00006688       0xa8 ./fat_filesystem_src/ff.o
 .text.find_volume
                0x00006730      0x474 ./fat_filesystem_src/ff.o
 .text.validate
                0x00006ba4       0x68 ./fat_filesystem_src/ff.o
 .text.f_mount  0x00006c0c       0x88 ./fat_filesystem_src/ff.o
                0x00006c0c                f_mount
 .text.f_open   0x00006c94      0x320 ./fat_filesystem_src/ff.o
                0x00006c94                f_open
 .text.f_write  0x00006fb4      0x2d8 ./fat_filesystem_src/ff.o
                0x00006fb4                f_write
 .text.f_sync   0x0000728c      0x108 ./fat_filesystem_src/ff.o
                0x0000728c                f_sync
 .text.f_close  0x00007394       0x40 ./fat_filesystem_src/ff.o
                0x00007394                f_close
 .text.putc_bfd
                0x000073d4       0x78 ./fat_filesystem_src/ff.o
 .text.putc_flush
                0x0000744c       0x54 ./fat_filesystem_src/ff.o
 .text.putc_init
                0x000074a0       0x28 ./fat_filesystem_src/ff.o
 .text.f_puts   0x000074c8       0x48 ./fat_filesystem_src/ff.o
                0x000074c8                f_puts
 .text.get_fattime
                0x00007510       0x14 ./fat_filesystem_src/ff.o
                0x00007510                get_fattime
 .text.fifo_rs232_init
                0x00007524       0x48 ./fifo_buffers_src/fifo_rs232.o
                0x00007524                fifo_rs232_init
 .text.fifo_rs232_is_empty
                0x0000756c       0x4c ./fifo_buffers_src/fifo_rs232.o
                0x0000756c                fifo_rs232_is_empty
 .text.fifo_rs232_is_full
                0x000075b8       0x50 ./fifo_buffers_src/fifo_rs232.o
                0x000075b8                fifo_rs232_is_full
 .text.fifo_rs232_remove
                0x00007608       0xbc ./fifo_buffers_src/fifo_rs232.o
                0x00007608                fifo_rs232_remove
 .text.fifo_rs232_add
                0x000076c4       0xb0 ./fifo_buffers_src/fifo_rs232.o
                0x000076c4                fifo_rs232_add
 .text.fifo_tbr_init
                0x00007774       0x68 ./fifo_buffers_src/fifo_tbr.o
                0x00007774                fifo_tbr_init
 .text.fifo_tbr_is_empty
                0x000077dc       0x6c ./fifo_buffers_src/fifo_tbr.o
                0x000077dc                fifo_tbr_is_empty
 .text.fifo_tbr_is_full
                0x00007848       0x6c ./fifo_buffers_src/fifo_tbr.o
                0x00007848                fifo_tbr_is_full
 .text.fifo_tbr_remove
                0x000078b4      0x108 ./fifo_buffers_src/fifo_tbr.o
                0x000078b4                fifo_tbr_remove
 .text.fifo_tbr_add
                0x000079bc       0xf8 ./fifo_buffers_src/fifo_tbr.o
                0x000079bc                fifo_tbr_add
 .text.debug_char
                0x00007ab4       0x20 ./hal/debug.o
                0x00007ab4                debug_char
 .text.debug_str
                0x00007ad4       0x28 ./hal/debug.o
                0x00007ad4                debug_str
 .text.NVIC_EnableIRQ
                0x00007afc       0x30 ./hal/hal.o
 .text.NVIC_ClearPendingIRQ
                0x00007b2c       0x34 ./hal/hal.o
 .text.NVIC_SystemReset
                0x00007b60       0x28 ./hal/hal.o
 .text.BUS_RegBitWrite
                0x00007b88       0x2c ./hal/hal.o
 .text.GPIO_IntClear
                0x00007bb4       0x20 ./hal/hal.o
 .text.GPIO_IntGetEnabled
                0x00007bd4       0x28 ./hal/hal.o
 .text.GPIO_PinOutSet
                0x00007bfc       0x58 ./hal/hal.o
 .text.GPIO_IntConfig
                0x00007c54       0x38 ./hal/hal.o
 .text.RTC_CounterGet
                0x00007c8c       0x18 ./hal/hal.o
 .text.RTC_IntClear
                0x00007ca4       0x1c ./hal/hal.o
 .text.RTC_IntDisable
                0x00007cc0       0x24 ./hal/hal.o
 .text.RTC_IntEnable
                0x00007ce4       0x24 ./hal/hal.o
 .text.RTC_IntGet
                0x00007d08       0x18 ./hal/hal.o
 .text.EMU_EnterEM1
                0x00007d20       0x20 ./hal/hal.o
 .text.BURTC_IntClear
                0x00007d40       0x1c ./hal/hal.o
 .text.BURTC_IntDisable
                0x00007d5c       0x24 ./hal/hal.o
 .text.BURTC_IntEnable
                0x00007d80       0x24 ./hal/hal.o
 .text.BURTC_IntGet
                0x00007da4       0x18 ./hal/hal.o
 .text.BURTC_Enable
                0x00007dbc       0x50 ./hal/hal.o
 .text.LETIMER_CounterGet
                0x00007e0c       0x18 ./hal/hal.o
 .text.BURTC_IRQHandler
                0x00007e24       0xe8 ./hal/hal.o
                0x00007e24                BURTC_IRQHandler
 .text.time_manager_init
                0x00007f0c       0xec ./hal/hal.o
                0x00007f0c                time_manager_init
 .text.time_manager_unixTimestamp
                0x00007ff8      0x118 ./hal/hal.o
                0x00007ff8                time_manager_unixTimestamp
 .text.time_manager_get_cmd
                0x00008110       0x18 ./hal/hal.o
                0x00008110                time_manager_get_cmd
 .text.GPIO_EVEN_IRQHandler
                0x00008128      0x110 ./hal/hal.o
                0x00008128                GPIO_EVEN_IRQHandler
 .text.GPIO_ODD_IRQHandler
                0x00008238       0x2c ./hal/hal.o
                0x00008238                GPIO_ODD_IRQHandler
 .text.hal_io_init
                0x00008264       0xbc ./hal/hal.o
 .text.hal_pin_rxtx
                0x00008320       0x14 ./hal/hal.o
                0x00008320                hal_pin_rxtx
 .text.hal_pin_nss
                0x00008334       0x24 ./hal/hal.o
                0x00008334                hal_pin_nss
 .text.hal_pin_rst
                0x00008358       0x18 ./hal/hal.o
                0x00008358                hal_pin_rst
 .text.hal_spi_init
                0x00008370       0x10 ./hal/hal.o
 .text.hal_spi  0x00008380       0x24 ./hal/hal.o
                0x00008380                hal_spi
 .text.RTC_IRQHandler
                0x000083a4       0x34 ./hal/hal.o
                0x000083a4                RTC_IRQHandler
 .text.hal_time_init
                0x000083d8       0x84 ./hal/hal.o
 .text.hal_ticks
                0x0000845c       0x4c ./hal/hal.o
                0x0000845c                hal_ticks
 .text.deltaticks
                0x000084a8       0x3c ./hal/hal.o
 .text.hal_waitUntil
                0x000084e4       0x1c ./hal/hal.o
                0x000084e4                hal_waitUntil
 .text.hal_checkTimer
                0x00008500       0x4c ./hal/hal.o
                0x00008500                hal_checkTimer
 .text.hal_disableIRQs
                0x0000854c       0x40 ./hal/hal.o
                0x0000854c                hal_disableIRQs
 .text.hal_enableIRQs
                0x0000858c       0x38 ./hal/hal.o
                0x0000858c                hal_enableIRQs
 .text.hal_sleep
                0x000085c4        0xc ./hal/hal.o
                0x000085c4                hal_sleep
 .text.hal_init
                0x000085d0       0x28 ./hal/hal.o
                0x000085d0                hal_init
 .text.hal_failed
                0x000085f8       0x74 ./hal/hal.o
                0x000085f8                hal_failed
 .text.aesroundkeys
                0x0000866c       0xf4 ./lmic/aes.o
 .text.os_aes   0x00008760      0x99c ./lmic/aes.o
                0x00008760                os_aes
 .text.getSf    0x000090fc       0x20 ./lmic/lmic.o
                0x000090fc                getSf
 .text.getBw    0x0000911c       0x24 ./lmic/lmic.o
                0x0000911c                getBw
 .text.getCr    0x00009140       0x24 ./lmic/lmic.o
                0x00009140                getCr
 .text.setCr    0x00009164       0x30 ./lmic/lmic.o
                0x00009164                setCr
 .text.getNocrc
                0x00009194       0x20 ./lmic/lmic.o
                0x00009194                getNocrc
 .text.setNocrc
                0x000091b4       0x2c ./lmic/lmic.o
                0x000091b4                setNocrc
 .text.getIh    0x000091e0       0x20 ./lmic/lmic.o
                0x000091e0                getIh
 .text.updr2rps
                0x00009200       0x24 ./lmic/lmic.o
                0x00009200                updr2rps
 .text.dndr2rps
                0x00009224       0x28 ./lmic/lmic.o
                0x00009224                dndr2rps
 .text.decDR    0x0000924c       0x30 ./lmic/lmic.o
                0x0000924c                decDR
 .text.validDR  0x0000927c       0x2c ./lmic/lmic.o
                0x0000927c                validDR
 .text.lowerDR  0x000092a8       0x34 ./lmic/lmic.o
                0x000092a8                lowerDR
 .text.os_rlsbf2
                0x000092dc       0x2c ./lmic/lmic.o
                0x000092dc                os_rlsbf2
 .text.os_rlsbf4
                0x00009308       0x3c ./lmic/lmic.o
                0x00009308                os_rlsbf4
 .text.os_rmsbf4
                0x00009344       0x3c ./lmic/lmic.o
                0x00009344                os_rmsbf4
 .text.os_wlsbf2
                0x00009380       0x2c ./lmic/lmic.o
                0x00009380                os_wlsbf2
 .text.os_wlsbf4
                0x000093ac       0x40 ./lmic/lmic.o
                0x000093ac                os_wlsbf4
 .text.os_wmsbf4
                0x000093ec       0x40 ./lmic/lmic.o
                0x000093ec                os_wmsbf4
 .text.os_getBattLevel
                0x0000942c       0x10 ./lmic/lmic.o
                0x0000942c                os_getBattLevel
 .text.micB0    0x0000943c       0x60 ./lmic/lmic.o
 .text.aes_verifyMic
                0x0000949c       0x58 ./lmic/lmic.o
 .text.aes_appendMic
                0x000094f4       0x4c ./lmic/lmic.o
 .text.aes_appendMic0
                0x00009540       0x38 ./lmic/lmic.o
 .text.aes_verifyMic0
                0x00009578       0x44 ./lmic/lmic.o
 .text.aes_encrypt
                0x000095bc       0x28 ./lmic/lmic.o
 .text.aes_cipher
                0x000095e4       0x84 ./lmic/lmic.o
 .text.aes_sessKeys
                0x00009668       0x78 ./lmic/lmic.o
 .text.getSensitivity
                0x000096e0       0x40 ./lmic/lmic.o
                0x000096e0                getSensitivity
 .text.calcAirTime
                0x00009720      0x124 ./lmic/lmic.o
                0x00009720                calcAirTime
 .text.rndDelay
                0x00009844       0x64 ./lmic/lmic.o
 .text.txDelay  0x000098a8       0x58 ./lmic/lmic.o
 .text.setDrJoin
                0x00009900       0x28 ./lmic/lmic.o
 .text.setDrTxpow
                0x00009928       0x58 ./lmic/lmic.o
 .text.initDefaultChannels
                0x00009980      0x120 ./lmic/lmic.o
 .text.LMIC_setupBand
                0x00009aa0       0x5c ./lmic/lmic.o
                0x00009aa0                LMIC_setupBand
 .text.LMIC_setupChannel
                0x00009afc       0xf8 ./lmic/lmic.o
                0x00009afc                LMIC_setupChannel
 .text.LMIC_disableChannel
                0x00009bf4       0x54 ./lmic/lmic.o
                0x00009bf4                LMIC_disableChannel
 .text.convFreq
                0x00009c48       0x44 ./lmic/lmic.o
 .text.mapChannels
                0x00009c8c       0x90 ./lmic/lmic.o
 .text.updateTx
                0x00009d1c       0x90 ./lmic/lmic.o
 .text.nextTx   0x00009dac      0x138 ./lmic/lmic.o
 .text.initJoinLoop
                0x00009ee4       0x6c ./lmic/lmic.o
 .text.nextJoinState
                0x00009f50       0xcc ./lmic/lmic.o
 .text.runEngineUpdate
                0x0000a01c       0x14 ./lmic/lmic.o
 .text.reportEvent
                0x0000a030       0x1c ./lmic/lmic.o
 .text.runReset
                0x0000a04c       0x1c ./lmic/lmic.o
 .text.stateJustJoined
                0x0000a068       0xb0 ./lmic/lmic.o
 .text.decodeFrame
                0x0000a118      0x57c ./lmic/lmic.o
 .text.setupRx2
                0x0000a694       0x40 ./lmic/lmic.o
 .text.schedRx2
                0x0000a6d4       0x50 ./lmic/lmic.o
 .text.setupRx1
                0x0000a724       0x44 ./lmic/lmic.o
 .text.txDone   0x0000a768       0x70 ./lmic/lmic.o
 .text.onJoinFailed
                0x0000a7d8       0x14 ./lmic/lmic.o
 .text.processJoinAccept
                0x0000a7ec      0x25c ./lmic/lmic.o
 .text.processRx2Jacc
                0x0000aa48       0x28 ./lmic/lmic.o
 .text.setupRx2Jacc
                0x0000aa70       0x20 ./lmic/lmic.o
 .text.processRx1Jacc
                0x0000aa90       0x34 ./lmic/lmic.o
 .text.setupRx1Jacc
                0x0000aac4       0x18 ./lmic/lmic.o
 .text.jreqDone
                0x0000aadc       0x1c ./lmic/lmic.o
 .text.processRx2DnDataDelay
                0x0000aaf8       0x14 ./lmic/lmic.o
 .text.processRx2DnData
                0x0000ab0c       0x50 ./lmic/lmic.o
 .text.setupRx2DnData
                0x0000ab5c       0x20 ./lmic/lmic.o
 .text.processRx1DnData
                0x0000ab7c       0x34 ./lmic/lmic.o
 .text.setupRx1DnData
                0x0000abb0       0x18 ./lmic/lmic.o
 .text.updataDone
                0x0000abc8       0x1c ./lmic/lmic.o
 .text.buildDataFrame
                0x0000abe4      0x330 ./lmic/lmic.o
 .text.buildJoinRequest
                0x0000af14       0x6c ./lmic/lmic.o
 .text.startJoining
                0x0000af80       0x14 ./lmic/lmic.o
 .text.LMIC_startJoining
                0x0000af94       0x94 ./lmic/lmic.o
                0x0000af94                LMIC_startJoining
 .text.processDnData
                0x0000b028      0x1a0 ./lmic/lmic.o
 .text.engineUpdate
                0x0000b1c8      0x214 ./lmic/lmic.o
 .text.LMIC_setAdrMode
                0x0000b3dc       0x2c ./lmic/lmic.o
                0x0000b3dc                LMIC_setAdrMode
 .text.LMIC_setDrTxpow
                0x0000b408       0x28 ./lmic/lmic.o
                0x0000b408                LMIC_setDrTxpow
 .text.LMIC_reset
                0x0000b430       0x74 ./lmic/lmic.o
                0x0000b430                LMIC_reset
 .text.LMIC_init
                0x0000b4a4       0x18 ./lmic/lmic.o
                0x0000b4a4                LMIC_init
 .text.LMIC_setTxData
                0x0000b4bc       0x38 ./lmic/lmic.o
                0x0000b4bc                LMIC_setTxData
 .text.LMIC_setTxData2
                0x0000b4f4       0x64 ./lmic/lmic.o
                0x0000b4f4                LMIC_setTxData2
 .text.os_init  0x0000b558       0x20 ./lmic/oslmic.o
                0x0000b558                os_init
 .text.os_getTime
                0x0000b578       0x10 ./lmic/oslmic.o
                0x0000b578                os_getTime
 .text.unlinkjob
                0x0000b588       0x40 ./lmic/oslmic.o
 .text.os_clearCallback
                0x0000b5c8       0x3c ./lmic/oslmic.o
                0x0000b5c8                os_clearCallback
 .text.os_setCallback
                0x0000b604       0x48 ./lmic/oslmic.o
                0x0000b604                os_setCallback
 .text.os_setTimedCallback
                0x0000b64c       0x68 ./lmic/oslmic.o
                0x0000b64c                os_setTimedCallback
 .text.os_runloop
                0x0000b6b4       0x6c ./lmic/oslmic.o
                0x0000b6b4                os_runloop
 .text.writeReg
                0x0000b720       0x38 ./lmic/radio.o
 .text.readReg  0x0000b758       0x38 ./lmic/radio.o
 .text.writeBuf
                0x0000b790       0x54 ./lmic/radio.o
 .text.readBuf  0x0000b7e4       0x54 ./lmic/radio.o
 .text.opmode   0x0000b838       0x30 ./lmic/radio.o
 .text.opmodeLora
                0x0000b868       0x24 ./lmic/radio.o
 .text.opmodeFSK
                0x0000b88c       0x24 ./lmic/radio.o
 .text.configLoraModem
                0x0000b8b0      0x150 ./lmic/radio.o
 .text.configChannel
                0x0000ba00       0x7c ./lmic/radio.o
 .text.configPower
                0x0000ba7c       0x60 ./lmic/radio.o
 .text.txfsk    0x0000badc       0xd8 ./lmic/radio.o
 .text.txlora   0x0000bbb4       0xb4 ./lmic/radio.o
 .text.starttx  0x0000bc68       0x38 ./lmic/radio.o
 .text.rxlora   0x0000bca0       0xd8 ./lmic/radio.o
 .text.rxfsk    0x0000bd78       0xe0 ./lmic/radio.o
 .text.startrx  0x0000be58       0x4c ./lmic/radio.o
 .text.radio_init
                0x0000bea4      0x16c ./lmic/radio.o
                0x0000bea4                radio_init
 .text.radio_rand1
                0x0000c010       0x4c ./lmic/radio.o
                0x0000c010                radio_rand1
 .text.radio_irq_handler
                0x0000c05c      0x1ac ./lmic/radio.o
                0x0000c05c                radio_irq_handler
 .text.os_radio
                0x0000c208       0x54 ./lmic/radio.o
                0x0000c208                os_radio
 .text.log_file_sys_setup
                0x0000c25c       0xfc ./resource managers_src/app_manager.o
                0x0000c25c                log_file_sys_setup
 .text.tbr_cmd_update_rgb_led
                0x0000c358       0x50 ./resource managers_src/app_manager.o
                0x0000c358                tbr_cmd_update_rgb_led
 .text.nmea0183_checksum
                0x0000c3a8       0x44 ./resource managers_src/app_manager.o
                0x0000c3a8                nmea0183_checksum
 .text.append_gps_status
                0x0000c3ec      0x3c8 ./resource managers_src/app_manager.o
                0x0000c3ec                append_gps_status
 .text.app_manager_init
                0x0000c7b4      0x168 ./resource managers_src/app_manager.o
                0x0000c7b4                app_manager_init
 .text.app_manager_tbr_synch_msg
                0x0000c91c      0x190 ./resource managers_src/app_manager.o
                0x0000c91c                app_manager_tbr_synch_msg
 .text.app_manager_get_lora_buffer
                0x0000caac       0x64 ./resource managers_src/app_manager.o
                0x0000caac                app_manager_get_lora_buffer
 .text.debug_file_sys_setup
                0x0000cb10       0xdc ./resource managers_src/app_manager.o
                0x0000cb10                debug_file_sys_setup
 .text.os_getArtEui
                0x0000cbec       0x1c ./resource managers_src/lpwan_manager.o
                0x0000cbec                os_getArtEui
 .text.os_getDevEui
                0x0000cc08       0x1c ./resource managers_src/lpwan_manager.o
                0x0000cc08                os_getDevEui
 .text.os_getDevKey
                0x0000cc24       0x1c ./resource managers_src/lpwan_manager.o
                0x0000cc24                os_getDevKey
 .text.lora_tx_function
                0x0000cc40       0x34 ./resource managers_src/lpwan_manager.o
 .text.setup_channel
                0x0000cc74       0x60 ./resource managers_src/lpwan_manager.o
 .text.init_funct
                0x0000ccd4       0x18 ./resource managers_src/lpwan_manager.o
 .text.app_funct
                0x0000ccec      0x1a8 ./resource managers_src/lpwan_manager.o
 .text.lpwan_init
                0x0000ce94       0x28 ./resource managers_src/lpwan_manager.o
                0x0000ce94                lpwan_init
 .text.onEvent  0x0000cebc      0x1a8 ./resource managers_src/lpwan_manager.o
                0x0000cebc                onEvent
 .text.debug_function
                0x0000d064       0x18 ./resource managers_src/lpwan_manager.o
                0x0000d064                debug_function
 .text.SYSTEM_GetProdRev
                0x0000d07c       0x1c ./src/main.o
 .text.CHIP_Init
                0x0000d098       0x3c ./src/main.o
 .text.main     0x0000d0d4       0x6c ./src/main.o
                0x0000d0d4                main
 .text          0x0000d140      0x370 c:/siliconlabs/simplicitystudio/v4/developer/toolchains/gnu_arm/4.9_2015q3/bin/../lib/gcc/arm-none-eabi/4.9.3/armv7-m\libgcc.a(_arm_addsubdf3.o)
                0x0000d140                __aeabi_drsub
                0x0000d148                __aeabi_dsub
                0x0000d148                __subdf3
                0x0000d14c                __aeabi_dadd
                0x0000d14c                __adddf3
                0x0000d3c4                __floatunsidf
                0x0000d3c4                __aeabi_ui2d
                0x0000d3e4                __floatsidf
                0x0000d3e4                __aeabi_i2d
                0x0000d408                __aeabi_f2d
                0x0000d408                __extendsfdf2
                0x0000d444                __floatundidf
                0x0000d444                __aeabi_ul2d
                0x0000d454                __floatdidf
                0x0000d454                __aeabi_l2d
 .text          0x0000d4b0      0x21c c:/siliconlabs/simplicitystudio/v4/developer/toolchains/gnu_arm/4.9_2015q3/bin/../lib/gcc/arm-none-eabi/4.9.3/armv7-m\libgcc.a(_arm_addsubsf3.o)
                0x0000d4b0                __aeabi_frsub
                0x0000d4b8                __subsf3
                0x0000d4b8                __aeabi_fsub
                0x0000d4bc                __aeabi_fadd
                0x0000d4bc                __addsf3
                0x0000d61c                __aeabi_ui2f
                0x0000d61c                __floatunsisf
                0x0000d624                __aeabi_i2f
                0x0000d624                __floatsisf
                0x0000d640                __aeabi_ul2f
                0x0000d640                __floatundisf
                0x0000d650                __aeabi_l2f
                0x0000d650                __floatdisf
 .text          0x0000d6cc      0x2a0 c:/siliconlabs/simplicitystudio/v4/developer/toolchains/gnu_arm/4.9_2015q3/bin/../lib/gcc/arm-none-eabi/4.9.3/armv7-m\libgcc.a(_arm_muldivsf3.o)
                0x0000d6cc                __mulsf3
                0x0000d6cc                __aeabi_fmul
                0x0000d834                __aeabi_fdiv
                0x0000d834                __divsf3
 .text          0x0000d96c       0xec c:/siliconlabs/simplicitystudio/v4/developer/toolchains/gnu_arm/4.9_2015q3/bin/../lib/gcc/arm-none-eabi/4.9.3/armv7-m\libgcc.a(_arm_cmpsf2.o)
                0x0000d96c                __gesf2
                0x0000d96c                __gtsf2
                0x0000d974                __lesf2
                0x0000d974                __ltsf2
                0x0000d97c                __nesf2
                0x0000d97c                __eqsf2
                0x0000d97c                __cmpsf2
                0x0000d9dc                __aeabi_cfrcmple
                0x0000d9e4                __aeabi_cfcmpeq
                0x0000d9e4                __aeabi_cfcmple
                0x0000d9f4                __aeabi_fcmpeq
                0x0000da08                __aeabi_fcmplt
                0x0000da1c                __aeabi_fcmple
                0x0000da30                __aeabi_fcmpge
                0x0000da44                __aeabi_fcmpgt
 .text          0x0000da58       0x4c c:/siliconlabs/simplicitystudio/v4/developer/toolchains/gnu_arm/4.9_2015q3/bin/../lib/gcc/arm-none-eabi/4.9.3/armv7-m\libgcc.a(_arm_fixsfsi.o)
                0x0000da58                __aeabi_f2iz
                0x0000da58                __fixsfsi
 .text          0x0000daa4       0x30 c:/siliconlabs/simplicitystudio/v4/developer/toolchains/gnu_arm/4.9_2015q3/bin/../lib/gcc/arm-none-eabi/4.9.3/armv7-m\libgcc.a(_aeabi_uldivmod.o)
                0x0000daa4                __aeabi_uldivmod
 .text          0x0000dad4       0x60 c:/siliconlabs/simplicitystudio/v4/developer/toolchains/gnu_arm/4.9_2015q3/bin/../lib/gcc/arm-none-eabi/4.9.3/armv7-m\libgcc.a(bpabi.o)
                0x0000dad4                __gnu_ldivmod_helper
                0x0000db04                __gnu_uldivmod_helper
 .text          0x0000db34        0x4 c:/siliconlabs/simplicitystudio/v4/developer/toolchains/gnu_arm/4.9_2015q3/bin/../lib/gcc/arm-none-eabi/4.9.3/armv7-m\libgcc.a(_dvmd_tls.o)
                0x0000db34                __aeabi_idiv0
                0x0000db34                __aeabi_ldiv0
 .text          0x0000db38      0x2ac c:/siliconlabs/simplicitystudio/v4/developer/toolchains/gnu_arm/4.9_2015q3/bin/../lib/gcc/arm-none-eabi/4.9.3/armv7-m\libgcc.a(_divdi3.o)
                0x0000db38                __divdi3
 .text          0x0000dde4      0x270 c:/siliconlabs/simplicitystudio/v4/developer/toolchains/gnu_arm/4.9_2015q3/bin/../lib/gcc/arm-none-eabi/4.9.3/armv7-m\libgcc.a(_udivdi3.o)
                0x0000dde4                __udivdi3
 .text.exit     0x0000e054       0x28 c:/siliconlabs/simplicitystudio/v4/developer/toolchains/gnu_arm/4.9_2015q3/bin/../lib/gcc/arm-none-eabi/4.9.3/../../../../arm-none-eabi/lib/armv7-m\libc_nano.a(lib_a-exit.o)
                0x0000e054                exit
 .text.__libc_init_array
                0x0000e07c       0x4c c:/siliconlabs/simplicitystudio/v4/developer/toolchains/gnu_arm/4.9_2015q3/bin/../lib/gcc/arm-none-eabi/4.9.3/../../../../arm-none-eabi/lib/armv7-m\libc_nano.a(lib_a-init.o)
                0x0000e07c                __libc_init_array
 .text.memcpy   0x0000e0c8       0x16 c:/siliconlabs/simplicitystudio/v4/developer/toolchains/gnu_arm/4.9_2015q3/bin/../lib/gcc/arm-none-eabi/4.9.3/../../../../arm-none-eabi/lib/armv7-m\libc_nano.a(lib_a-memcpy.o)
                0x0000e0c8                memcpy
 .text.memset   0x0000e0de       0x10 c:/siliconlabs/simplicitystudio/v4/developer/toolchains/gnu_arm/4.9_2015q3/bin/../lib/gcc/arm-none-eabi/4.9.3/../../../../arm-none-eabi/lib/armv7-m\libc_nano.a(lib_a-memset.o)
                0x0000e0de                memset
 .text.__cvt    0x0000e0ee       0xbc c:/siliconlabs/simplicitystudio/v4/developer/toolchains/gnu_arm/4.9_2015q3/bin/../lib/gcc/arm-none-eabi/4.9.3/../../../../arm-none-eabi/lib/armv7-m\libc_nano.a(lib_a-nano-vfprintf_float.o)
                0x0000e0ee                __cvt
 .text.__exponent
                0x0000e1aa       0x62 c:/siliconlabs/simplicitystudio/v4/developer/toolchains/gnu_arm/4.9_2015q3/bin/../lib/gcc/arm-none-eabi/4.9.3/../../../../arm-none-eabi/lib/armv7-m\libc_nano.a(lib_a-nano-vfprintf_float.o)
                0x0000e1aa                __exponent
 .text._printf_float
                0x0000e20c      0x48c c:/siliconlabs/simplicitystudio/v4/developer/toolchains/gnu_arm/4.9_2015q3/bin/../lib/gcc/arm-none-eabi/4.9.3/../../../../arm-none-eabi/lib/armv7-m\libc_nano.a(lib_a-nano-vfprintf_float.o)
                0x0000e20c                _printf_float
 .text._printf_common
                0x0000e698       0xea c:/siliconlabs/simplicitystudio/v4/developer/toolchains/gnu_arm/4.9_2015q3/bin/../lib/gcc/arm-none-eabi/4.9.3/../../../../arm-none-eabi/lib/armv7-m\libc_nano.a(lib_a-nano-vfprintf_i.o)
                0x0000e698                _printf_common
 *fill*         0x0000e782        0x2 
 .text._printf_i
                0x0000e784      0x240 c:/siliconlabs/simplicitystudio/v4/developer/toolchains/gnu_arm/4.9_2015q3/bin/../lib/gcc/arm-none-eabi/4.9.3/../../../../arm-none-eabi/lib/armv7-m\libc_nano.a(lib_a-nano-vfprintf_i.o)
                0x0000e784                _printf_i
 .text.__fpclassifyd
                0x0000e9c4       0x50 c:/siliconlabs/simplicitystudio/v4/developer/toolchains/gnu_arm/4.9_2015q3/bin/../lib/gcc/arm-none-eabi/4.9.3/../../../../arm-none-eabi/lib/armv7-m\libc_nano.a(lib_a-s_fpclassify.o)
                0x0000e9c4                __fpclassifyd
 .text.sprintf  0x0000ea14       0x48 c:/siliconlabs/simplicitystudio/v4/developer/toolchains/gnu_arm/4.9_2015q3/bin/../lib/gcc/arm-none-eabi/4.9.3/../../../../arm-none-eabi/lib/armv7-m\libc_nano.a(lib_a-sprintf.o)
                0x0000ea14                siprintf
                0x0000ea14                sprintf
 .text.strchr   0x0000ea5c       0x1c c:/siliconlabs/simplicitystudio/v4/developer/toolchains/gnu_arm/4.9_2015q3/bin/../lib/gcc/arm-none-eabi/4.9.3/../../../../arm-none-eabi/lib/armv7-m\libc_nano.a(lib_a-strchr.o)
                0x0000ea5c                strchr
 .text.strlen   0x0000ea78       0x10 c:/siliconlabs/simplicitystudio/v4/developer/toolchains/gnu_arm/4.9_2015q3/bin/../lib/gcc/arm-none-eabi/4.9.3/../../../../arm-none-eabi/lib/armv7-m\libc_nano.a(lib_a-strlen.o)
                0x0000ea78                strlen
 .text.strncmp  0x0000ea88       0x32 c:/siliconlabs/simplicitystudio/v4/developer/toolchains/gnu_arm/4.9_2015q3/bin/../lib/gcc/arm-none-eabi/4.9.3/../../../../arm-none-eabi/lib/armv7-m\libc_nano.a(lib_a-strncmp.o)
                0x0000ea88                strncmp
 .text.strstr   0x0000eaba       0x30 c:/siliconlabs/simplicitystudio/v4/developer/toolchains/gnu_arm/4.9_2015q3/bin/../lib/gcc/arm-none-eabi/4.9.3/../../../../arm-none-eabi/lib/armv7-m\libc_nano.a(lib_a-strstr.o)
                0x0000eaba                strstr
 *fill*         0x0000eaea        0x2 
 .text.strtok   0x0000eaec       0x64 c:/siliconlabs/simplicitystudio/v4/developer/toolchains/gnu_arm/4.9_2015q3/bin/../lib/gcc/arm-none-eabi/4.9.3/../../../../arm-none-eabi/lib/armv7-m\libc_nano.a(lib_a-strtok.o)
                0x0000eaec                strtok
 .text.__strtok_r
                0x0000eb50       0x56 c:/siliconlabs/simplicitystudio/v4/developer/toolchains/gnu_arm/4.9_2015q3/bin/../lib/gcc/arm-none-eabi/4.9.3/../../../../arm-none-eabi/lib/armv7-m\libc_nano.a(lib_a-strtok_r.o)
                0x0000eb50                __strtok_r
 *fill*         0x0000eba6        0x2 
 .text._strtoul_r
                0x0000eba8       0xf8 c:/siliconlabs/simplicitystudio/v4/developer/toolchains/gnu_arm/4.9_2015q3/bin/../lib/gcc/arm-none-eabi/4.9.3/../../../../arm-none-eabi/lib/armv7-m\libc_nano.a(lib_a-strtoul.o)
                0x0000eba8                _strtoul_r
 .text.strtoul  0x0000eca0       0x1c c:/siliconlabs/simplicitystudio/v4/developer/toolchains/gnu_arm/4.9_2015q3/bin/../lib/gcc/arm-none-eabi/4.9.3/../../../../arm-none-eabi/lib/armv7-m\libc_nano.a(lib_a-strtoul.o)
                0x0000eca0                strtoul
 .text.quorem   0x0000ecbc      0x114 c:/siliconlabs/simplicitystudio/v4/developer/toolchains/gnu_arm/4.9_2015q3/bin/../lib/gcc/arm-none-eabi/4.9.3/../../../../arm-none-eabi/lib/armv7-m\libc_nano.a(lib_a-dtoa.o)
 .text._dtoa_r  0x0000edd0      0xb74 c:/siliconlabs/simplicitystudio/v4/developer/toolchains/gnu_arm/4.9_2015q3/bin/../lib/gcc/arm-none-eabi/4.9.3/../../../../arm-none-eabi/lib/armv7-m\libc_nano.a(lib_a-dtoa.o)
                0x0000edd0                _dtoa_r
 .text._localeconv_r
                0x0000f944        0x8 c:/siliconlabs/simplicitystudio/v4/developer/toolchains/gnu_arm/4.9_2015q3/bin/../lib/gcc/arm-none-eabi/4.9.3/../../../../arm-none-eabi/lib/armv7-m\libc_nano.a(lib_a-locale.o)
                0x0000f944                _localeconv_r
 .text.malloc   0x0000f94c       0x10 c:/siliconlabs/simplicitystudio/v4/developer/toolchains/gnu_arm/4.9_2015q3/bin/../lib/gcc/arm-none-eabi/4.9.3/../../../../arm-none-eabi/lib/armv7-m\libc_nano.a(lib_a-malloc.o)
                0x0000f94c                malloc
 .text.memchr   0x0000f95c       0x1c c:/siliconlabs/simplicitystudio/v4/developer/toolchains/gnu_arm/4.9_2015q3/bin/../lib/gcc/arm-none-eabi/4.9.3/../../../../arm-none-eabi/lib/armv7-m\libc_nano.a(lib_a-memchr.o)
                0x0000f95c                memchr
 .text._Balloc  0x0000f978       0x6a c:/siliconlabs/simplicitystudio/v4/developer/toolchains/gnu_arm/4.9_2015q3/bin/../lib/gcc/arm-none-eabi/4.9.3/../../../../arm-none-eabi/lib/armv7-m\libc_nano.a(lib_a-mprec.o)
                0x0000f978                _Balloc
 .text._Bfree   0x0000f9e2       0x2e c:/siliconlabs/simplicitystudio/v4/developer/toolchains/gnu_arm/4.9_2015q3/bin/../lib/gcc/arm-none-eabi/4.9.3/../../../../arm-none-eabi/lib/armv7-m\libc_nano.a(lib_a-mprec.o)
                0x0000f9e2                _Bfree
 .text.__multadd
                0x0000fa10       0x7c c:/siliconlabs/simplicitystudio/v4/developer/toolchains/gnu_arm/4.9_2015q3/bin/../lib/gcc/arm-none-eabi/4.9.3/../../../../arm-none-eabi/lib/armv7-m\libc_nano.a(lib_a-mprec.o)
                0x0000fa10                __multadd
 .text.__hi0bits
                0x0000fa8c       0x40 c:/siliconlabs/simplicitystudio/v4/developer/toolchains/gnu_arm/4.9_2015q3/bin/../lib/gcc/arm-none-eabi/4.9.3/../../../../arm-none-eabi/lib/armv7-m\libc_nano.a(lib_a-mprec.o)
                0x0000fa8c                __hi0bits
 .text.__lo0bits
                0x0000facc       0x5a c:/siliconlabs/simplicitystudio/v4/developer/toolchains/gnu_arm/4.9_2015q3/bin/../lib/gcc/arm-none-eabi/4.9.3/../../../../arm-none-eabi/lib/armv7-m\libc_nano.a(lib_a-mprec.o)
                0x0000facc                __lo0bits
 .text.__i2b    0x0000fb26       0x12 c:/siliconlabs/simplicitystudio/v4/developer/toolchains/gnu_arm/4.9_2015q3/bin/../lib/gcc/arm-none-eabi/4.9.3/../../../../arm-none-eabi/lib/armv7-m\libc_nano.a(lib_a-mprec.o)
                0x0000fb26                __i2b
 .text.__multiply
                0x0000fb38      0x120 c:/siliconlabs/simplicitystudio/v4/developer/toolchains/gnu_arm/4.9_2015q3/bin/../lib/gcc/arm-none-eabi/4.9.3/../../../../arm-none-eabi/lib/armv7-m\libc_nano.a(lib_a-mprec.o)
                0x0000fb38                __multiply
 .text.__pow5mult
                0x0000fc58       0x9c c:/siliconlabs/simplicitystudio/v4/developer/toolchains/gnu_arm/4.9_2015q3/bin/../lib/gcc/arm-none-eabi/4.9.3/../../../../arm-none-eabi/lib/armv7-m\libc_nano.a(lib_a-mprec.o)
                0x0000fc58                __pow5mult
 .text.__lshift
                0x0000fcf4       0xa6 c:/siliconlabs/simplicitystudio/v4/developer/toolchains/gnu_arm/4.9_2015q3/bin/../lib/gcc/arm-none-eabi/4.9.3/../../../../arm-none-eabi/lib/armv7-m\libc_nano.a(lib_a-mprec.o)
                0x0000fcf4                __lshift
 .text.__mcmp   0x0000fd9a       0x38 c:/siliconlabs/simplicitystudio/v4/developer/toolchains/gnu_arm/4.9_2015q3/bin/../lib/gcc/arm-none-eabi/4.9.3/../../../../arm-none-eabi/lib/armv7-m\libc_nano.a(lib_a-mprec.o)
                0x0000fd9a                __mcmp
 .text.__mdiff  0x0000fdd2       0xbe c:/siliconlabs/simplicitystudio/v4/developer/toolchains/gnu_arm/4.9_2015q3/bin/../lib/gcc/arm-none-eabi/4.9.3/../../../../arm-none-eabi/lib/armv7-m\libc_nano.a(lib_a-mprec.o)
                0x0000fdd2                __mdiff
 .text.__d2b    0x0000fe90       0xa4 c:/siliconlabs/simplicitystudio/v4/developer/toolchains/gnu_arm/4.9_2015q3/bin/../lib/gcc/arm-none-eabi/4.9.3/../../../../arm-none-eabi/lib/armv7-m\libc_nano.a(lib_a-mprec.o)
                0x0000fe90                __d2b
 .text._calloc_r
                0x0000ff34       0x1c c:/siliconlabs/simplicitystudio/v4/developer/toolchains/gnu_arm/4.9_2015q3/bin/../lib/gcc/arm-none-eabi/4.9.3/../../../../arm-none-eabi/lib/armv7-m\libc_nano.a(lib_a-nano-callocr.o)
                0x0000ff34                _calloc_r
 .text._free_r  0x0000ff50       0x88 c:/siliconlabs/simplicitystudio/v4/developer/toolchains/gnu_arm/4.9_2015q3/bin/../lib/gcc/arm-none-eabi/4.9.3/../../../../arm-none-eabi/lib/armv7-m\libc_nano.a(lib_a-nano-freer.o)
                0x0000ff50                _free_r
 .text._malloc_r
                0x0000ffd8       0xac c:/siliconlabs/simplicitystudio/v4/developer/toolchains/gnu_arm/4.9_2015q3/bin/../lib/gcc/arm-none-eabi/4.9.3/../../../../arm-none-eabi/lib/armv7-m\libc_nano.a(lib_a-nano-mallocr.o)
                0x0000ffd8                _malloc_r
 .text.__ssputs_r
                0x00010084       0xb2 c:/siliconlabs/simplicitystudio/v4/developer/toolchains/gnu_arm/4.9_2015q3/bin/../lib/gcc/arm-none-eabi/4.9.3/../../../../arm-none-eabi/lib/armv7-m\libc_nano.a(lib_a-nano-svfprintf.o)
                0x00010084                __ssputs_r
 *fill*         0x00010136        0x2 
 .text._svfprintf_r
                0x00010138      0x1e4 c:/siliconlabs/simplicitystudio/v4/developer/toolchains/gnu_arm/4.9_2015q3/bin/../lib/gcc/arm-none-eabi/4.9.3/../../../../arm-none-eabi/lib/armv7-m\libc_nano.a(lib_a-nano-svfprintf.o)
                0x00010138                _svfiprintf_r
                0x00010138                _svfprintf_r
 .text._sbrk_r  0x0001031c       0x20 c:/siliconlabs/simplicitystudio/v4/developer/toolchains/gnu_arm/4.9_2015q3/bin/../lib/gcc/arm-none-eabi/4.9.3/../../../../arm-none-eabi/lib/armv7-m\libc_nano.a(lib_a-sbrkr.o)
                0x0001031c                _sbrk_r
 .text.memmove  0x0001033c       0x36 c:/siliconlabs/simplicitystudio/v4/developer/toolchains/gnu_arm/4.9_2015q3/bin/../lib/gcc/arm-none-eabi/4.9.3/../../../../arm-none-eabi/lib/armv7-m\libc_nano.a(lib_a-memmove.o)
                0x0001033c                memmove
 .text._realloc_r
                0x00010372       0x4c c:/siliconlabs/simplicitystudio/v4/developer/toolchains/gnu_arm/4.9_2015q3/bin/../lib/gcc/arm-none-eabi/4.9.3/../../../../arm-none-eabi/lib/armv7-m\libc_nano.a(lib_a-nano-reallocr.o)
                0x00010372                _realloc_r
 .text._malloc_usable_size_r
                0x000103be       0x14 c:/siliconlabs/simplicitystudio/v4/developer/toolchains/gnu_arm/4.9_2015q3/bin/../lib/gcc/arm-none-eabi/4.9.3/../../../../arm-none-eabi/lib/armv7-m\libc_nano.a(lib_a-nano-msizer.o)
                0x000103be                _malloc_usable_size_r
 *fill*         0x000103d2        0x2 
 .text._sbrk    0x000103d4       0x1c c:/siliconlabs/simplicitystudio/v4/developer/toolchains/gnu_arm/4.9_2015q3/bin/../lib/gcc/arm-none-eabi/4.9.3/../../../../arm-none-eabi/lib/armv7-m\libnosys.a(sbrk.o)
                0x000103d4                _sbrk
 .text._exit    0x000103f0        0x4 c:/siliconlabs/simplicitystudio/v4/developer/toolchains/gnu_arm/4.9_2015q3/bin/../lib/gcc/arm-none-eabi/4.9.3/../../../../arm-none-eabi/lib/armv7-m\libnosys.a(_exit.o)
                0x000103f0                _exit
 .text          0x000103f4      0x424 c:/siliconlabs/simplicitystudio/v4/developer/toolchains/gnu_arm/4.9_2015q3/bin/../lib/gcc/arm-none-eabi/4.9.3/armv7-m\libgcc.a(_arm_muldivdf3.o)
                0x000103f4                __aeabi_dmul
                0x000103f4                __muldf3
                0x00010648                __divdf3
                0x00010648                __aeabi_ddiv
 .text          0x00010818      0x110 c:/siliconlabs/simplicitystudio/v4/developer/toolchains/gnu_arm/4.9_2015q3/bin/../lib/gcc/arm-none-eabi/4.9.3/armv7-m\libgcc.a(_arm_cmpdf2.o)
                0x00010818                __gtdf2
                0x00010818                __gedf2
                0x00010820                __ltdf2
                0x00010820                __ledf2
                0x00010828                __nedf2
                0x00010828                __eqdf2
                0x00010828                __cmpdf2
                0x000108a4                __aeabi_cdrcmple
                0x000108b4                __aeabi_cdcmpeq
                0x000108b4                __aeabi_cdcmple
                0x000108c4                __aeabi_dcmpeq
                0x000108d8                __aeabi_dcmplt
                0x000108ec                __aeabi_dcmple
                0x00010900                __aeabi_dcmpge
                0x00010914                __aeabi_dcmpgt
 .text          0x00010928       0x50 c:/siliconlabs/simplicitystudio/v4/developer/toolchains/gnu_arm/4.9_2015q3/bin/../lib/gcc/arm-none-eabi/4.9.3/armv7-m\libgcc.a(_arm_fixdfsi.o)
                0x00010928                __aeabi_d2iz
                0x00010928                __fixdfsi
 *(.init)
 .init          0x00010978        0x4 c:/siliconlabs/simplicitystudio/v4/developer/toolchains/gnu_arm/4.9_2015q3/bin/../lib/gcc/arm-none-eabi/4.9.3/armv7-m/crti.o
                0x00010978                _init
 .init          0x0001097c        0x8 c:/siliconlabs/simplicitystudio/v4/developer/toolchains/gnu_arm/4.9_2015q3/bin/../lib/gcc/arm-none-eabi/4.9.3/armv7-m/crtn.o
 *(.fini)
 .fini          0x00010984        0x4 c:/siliconlabs/simplicitystudio/v4/developer/toolchains/gnu_arm/4.9_2015q3/bin/../lib/gcc/arm-none-eabi/4.9.3/armv7-m/crti.o
                0x00010984                _fini
 .fini          0x00010988        0x8 c:/siliconlabs/simplicitystudio/v4/developer/toolchains/gnu_arm/4.9_2015q3/bin/../lib/gcc/arm-none-eabi/4.9.3/armv7-m/crtn.o
 *crtbegin.o(.ctors)
 *crtbegin?.o(.ctors)
 *(EXCLUDE_FILE(*crtend.o *crtend?.o) .ctors)
 *(SORT(.ctors.*))
 *(.ctors)
 *crtbegin.o(.dtors)
 *crtbegin?.o(.dtors)
 *(EXCLUDE_FILE(*crtend.o *crtend?.o) .dtors)
 *(SORT(.dtors.*))
 *(.dtors)
 *(.rodata*)
 .rodata        0x00010990      0x2cb ./devices_src/tbr.o
 *fill*         0x00010c5b        0x1 
 .rodata.nav_pvt_gps_data
                0x00010c5c        0x8 ./devices_src/ublox_gps.o
 .rodata.cfg_prt_spi
                0x00010c64       0x1c ./devices_src/ublox_gps.o
 .rodata.cfg_prt_usb
                0x00010c80       0x1c ./devices_src/ublox_gps.o
 .rodata.cfg_prt_ddc
                0x00010c9c       0x1c ./devices_src/ublox_gps.o
 .rodata.cfg_pm2_on_off
                0x00010cb8       0x34 ./devices_src/ublox_gps.o
 .rodata.cfg_sbas_disable
                0x00010cec       0x10 ./devices_src/ublox_gps.o
 .rodata.cfg_rxm_psm_mode
                0x00010cfc        0xa ./devices_src/ublox_gps.o
 *fill*         0x00010d06        0x2 
 .rodata.cfg_rxm_poll_psm
                0x00010d08        0x8 ./devices_src/ublox_gps.o
 .rodata        0x00010d10       0x1f ./devices_src/ublox_gps.o
 *fill*         0x00010d2f        0x1 
 .rodata        0x00010d30       0x18 ./drivers_src/rs232.o
 .rodata        0x00010d48       0x18 ./drivers_src/spi.o
 .rodata        0x00010d60        0xf ./fat_filesystem_src/ff.o
 *fill*         0x00010d6f        0x1 
 .rodata        0x00010d70       0x37 ./hal/hal.o
 *fill*         0x00010da7        0x1 
 .rodata.AES_RCON
                0x00010da8       0x28 ./lmic/aes.o
 .rodata.AES_S  0x00010dd0      0x100 ./lmic/aes.o
 .rodata.AES_E1
                0x00010ed0      0x400 ./lmic/aes.o
 .rodata.AES_E2
                0x000112d0      0x400 ./lmic/aes.o
 .rodata.AES_E3
                0x000116d0      0x400 ./lmic/aes.o
 .rodata.AES_E4
                0x00011ad0      0x400 ./lmic/aes.o
 .rodata._DR2RPS_CRC
                0x00011ed0        0xa ./lmic/lmic.o
                0x00011ed0                _DR2RPS_CRC
 *fill*         0x00011eda        0x2 
 .rodata.TXPOWLEVELS
                0x00011edc       0x10 ./lmic/lmic.o
 .rodata.SENSITIVITY
                0x00011eec       0x15 ./lmic/lmic.o
 *fill*         0x00011f01        0x3 
 .rodata.DRADJUST
                0x00011f04        0xa ./lmic/lmic.o
 *fill*         0x00011f0e        0x2 
 .rodata.DR2HSYM_osticks
                0x00011f10       0x20 ./lmic/lmic.o
 .rodata.iniChannelFreq
                0x00011f30       0x30 ./lmic/lmic.o
 .rodata.rxlorairqmask
                0x00011f60        0x3 ./lmic/radio.o
 *fill*         0x00011f63        0x1 
 .rodata.LORA_RXDONE_FIXUP
                0x00011f64        0xe ./lmic/radio.o
 *fill*         0x00011f72        0x2 
 .rodata        0x00011f74      0x1c3 ./resource managers_src/app_manager.o
 *fill*         0x00012137        0x1 
 .rodata.APPEUI
                0x00012138        0x8 ./resource managers_src/lpwan_manager.o
 .rodata.DEVEUI
                0x00012140        0x8 ./resource managers_src/lpwan_manager.o
 .rodata.DEVKEY
                0x00012148       0x10 ./resource managers_src/lpwan_manager.o
 .rodata        0x00012158      0x19d ./resource managers_src/lpwan_manager.o
 *fill*         0x000122f5        0x3 
 .rodata        0x000122f8       0x3e ./src/main.o
 .rodata.str1.1
                0x00012336        0x2 c:/siliconlabs/simplicitystudio/v4/developer/toolchains/gnu_arm/4.9_2015q3/bin/../lib/gcc/arm-none-eabi/4.9.3/../../../../arm-none-eabi/lib/armv7-m\libc_nano.a(lib_a-impure.o)
 .rodata._global_impure_ptr
                0x00012338        0x4 c:/siliconlabs/simplicitystudio/v4/developer/toolchains/gnu_arm/4.9_2015q3/bin/../lib/gcc/arm-none-eabi/4.9.3/../../../../arm-none-eabi/lib/armv7-m\libc_nano.a(lib_a-impure.o)
                0x00012338                _global_impure_ptr
 .rodata.str1.1
                0x0001233c       0x12 c:/siliconlabs/simplicitystudio/v4/developer/toolchains/gnu_arm/4.9_2015q3/bin/../lib/gcc/arm-none-eabi/4.9.3/../../../../arm-none-eabi/lib/armv7-m\libc_nano.a(lib_a-nano-vfprintf_float.o)
 .rodata.str1.1
                0x0001234e       0x22 c:/siliconlabs/simplicitystudio/v4/developer/toolchains/gnu_arm/4.9_2015q3/bin/../lib/gcc/arm-none-eabi/4.9.3/../../../../arm-none-eabi/lib/armv7-m\libc_nano.a(lib_a-nano-vfprintf_i.o)
 .rodata._ctype_
                0x00012370      0x101 c:/siliconlabs/simplicitystudio/v4/developer/toolchains/gnu_arm/4.9_2015q3/bin/../lib/gcc/arm-none-eabi/4.9.3/../../../../arm-none-eabi/lib/armv7-m\libc_nano.a(lib_a-ctype_.o)
                0x00012370                _ctype_
 .rodata.str1.1
                0x00012471        0xd c:/siliconlabs/simplicitystudio/v4/developer/toolchains/gnu_arm/4.9_2015q3/bin/../lib/gcc/arm-none-eabi/4.9.3/../../../../arm-none-eabi/lib/armv7-m\libc_nano.a(lib_a-dtoa.o)
                                  0xf (size before relaxing)
 .rodata.str1.1
                0x0001247e        0x8 c:/siliconlabs/simplicitystudio/v4/developer/toolchains/gnu_arm/4.9_2015q3/bin/../lib/gcc/arm-none-eabi/4.9.3/../../../../arm-none-eabi/lib/armv7-m\libc_nano.a(lib_a-locale.o)
                                  0xb (size before relaxing)
 *fill*         0x00012486        0x2 
 .rodata.__mprec_tens
                0x00012488       0xc8 c:/siliconlabs/simplicitystudio/v4/developer/toolchains/gnu_arm/4.9_2015q3/bin/../lib/gcc/arm-none-eabi/4.9.3/../../../../arm-none-eabi/lib/armv7-m\libc_nano.a(lib_a-mprec.o)
                0x00012488                __mprec_tens
 .rodata.__mprec_bigtens
                0x00012550       0x28 c:/siliconlabs/simplicitystudio/v4/developer/toolchains/gnu_arm/4.9_2015q3/bin/../lib/gcc/arm-none-eabi/4.9.3/../../../../arm-none-eabi/lib/armv7-m\libc_nano.a(lib_a-mprec.o)
                0x00012550                __mprec_bigtens
 .rodata.p05.5314
                0x00012578        0xc c:/siliconlabs/simplicitystudio/v4/developer/toolchains/gnu_arm/4.9_2015q3/bin/../lib/gcc/arm-none-eabi/4.9.3/../../../../arm-none-eabi/lib/armv7-m\libc_nano.a(lib_a-mprec.o)
 .rodata.str1.1
                0x00012584       0x11 c:/siliconlabs/simplicitystudio/v4/developer/toolchains/gnu_arm/4.9_2015q3/bin/../lib/gcc/arm-none-eabi/4.9.3/../../../../arm-none-eabi/lib/armv7-m\libc_nano.a(lib_a-nano-svfprintf.o)
 *(.eh_frame*)
 *fill*         0x00012595        0x3 
 .eh_frame      0x00012598        0x0 c:/siliconlabs/simplicitystudio/v4/developer/toolchains/gnu_arm/4.9_2015q3/bin/../lib/gcc/arm-none-eabi/4.9.3/armv7-m/crtbegin.o
 .eh_frame      0x00012598        0x0 c:/siliconlabs/simplicitystudio/v4/developer/toolchains/gnu_arm/4.9_2015q3/bin/../lib/gcc/arm-none-eabi/4.9.3/../../../../arm-none-eabi/lib/armv7-m\libc_nano.a(lib_a-strcmp.o)
                                 0x28 (size before relaxing)
 .eh_frame      0x00012598        0x4 c:/siliconlabs/simplicitystudio/v4/developer/toolchains/gnu_arm/4.9_2015q3/bin/../lib/gcc/arm-none-eabi/4.9.3/armv7-m/crtend.o

.glue_7         0x0001259c        0x0
 .glue_7        0x00000000        0x0 linker stubs

.glue_7t        0x0001259c        0x0
 .glue_7t       0x00000000        0x0 linker stubs

.vfp11_veneer   0x0001259c        0x0
 .vfp11_veneer  0x00000000        0x0 linker stubs

.v4_bx          0x0001259c        0x0
 .v4_bx         0x00000000        0x0 linker stubs

.iplt           0x0001259c        0x0
 .iplt          0x00000000        0x0 c:/siliconlabs/simplicitystudio/v4/developer/toolchains/gnu_arm/4.9_2015q3/bin/../lib/gcc/arm-none-eabi/4.9.3/armv7-m/crtbegin.o

.ARM.extab
 *(.ARM.extab* .gnu.linkonce.armextab.*)
                0x0001259c                __exidx_start = .

.ARM.exidx      0x0001259c        0x8
 *(.ARM.exidx* .gnu.linkonce.armexidx.*)
 .ARM.exidx     0x0001259c        0x8 c:/siliconlabs/simplicitystudio/v4/developer/toolchains/gnu_arm/4.9_2015q3/bin/../lib/gcc/arm-none-eabi/4.9.3/../../../../arm-none-eabi/lib/armv7-m/crt0.o
 .ARM.exidx     0x000125a4        0x0 c:/siliconlabs/simplicitystudio/v4/developer/toolchains/gnu_arm/4.9_2015q3/bin/../lib/gcc/arm-none-eabi/4.9.3/armv7-m\libgcc.a(_divdi3.o)
                                  0x8 (size before relaxing)
 .ARM.exidx     0x000125a4        0x0 c:/siliconlabs/simplicitystudio/v4/developer/toolchains/gnu_arm/4.9_2015q3/bin/../lib/gcc/arm-none-eabi/4.9.3/armv7-m\libgcc.a(_udivdi3.o)
                                  0x8 (size before relaxing)
                0x000125a4                __exidx_end = .
                0x000125a4                __etext = .

.rel.dyn        0x000125a4        0x0
 .rel.iplt      0x00000000        0x0 c:/siliconlabs/simplicitystudio/v4/developer/toolchains/gnu_arm/4.9_2015q3/bin/../lib/gcc/arm-none-eabi/4.9.3/armv7-m/crtbegin.o

.data           0x20000000       0xc4 load address 0x000125a4
                0x20000000                __data_start__ = .
 *(vtable)
 *(.data*)
 .data.SystemHFXOClock
                0x20000000        0x4 ./CMSIS/EFM32GG/system_efm32gg.o
 .data.SystemLFXOClock
                0x20000004        0x4 ./CMSIS/EFM32GG/system_efm32gg.o
 .data.SystemCoreClock
                0x20000008        0x4 ./CMSIS/EFM32GG/system_efm32gg.o
                0x20000008                SystemCoreClock
 .data.tbr_backoff_delay
                0x2000000c        0x1 ./devices_src/tbr.o
 .data.isr_rx_tx_char
                0x2000000d        0x1 ./drivers_src/rs485.o
 *fill*         0x2000000e        0x2 
 .data.one_sec_top_ref
                0x20000010        0x4 ./hal/hal.o
 .data.last_letimer_count
                0x20000014        0x4 ./hal/hal.o
 .data.impure_data
                0x20000018       0x60 c:/siliconlabs/simplicitystudio/v4/developer/toolchains/gnu_arm/4.9_2015q3/bin/../lib/gcc/arm-none-eabi/4.9.3/../../../../arm-none-eabi/lib/armv7-m\libc_nano.a(lib_a-impure.o)
 .data._impure_ptr
                0x20000078        0x4 c:/siliconlabs/simplicitystudio/v4/developer/toolchains/gnu_arm/4.9_2015q3/bin/../lib/gcc/arm-none-eabi/4.9.3/../../../../arm-none-eabi/lib/armv7-m\libc_nano.a(lib_a-impure.o)
                0x20000078                _impure_ptr
 .data.__ctype_ptr__
                0x2000007c        0x4 c:/siliconlabs/simplicitystudio/v4/developer/toolchains/gnu_arm/4.9_2015q3/bin/../lib/gcc/arm-none-eabi/4.9.3/../../../../arm-none-eabi/lib/armv7-m\libc_nano.a(lib_a-ctype_.o)
                0x2000007c                __ctype_ptr__
 .data.lconv    0x20000080       0x38 c:/siliconlabs/simplicitystudio/v4/developer/toolchains/gnu_arm/4.9_2015q3/bin/../lib/gcc/arm-none-eabi/4.9.3/../../../../arm-none-eabi/lib/armv7-m\libc_nano.a(lib_a-locale.o)
                0x200000b8                . = ALIGN (0x4)
 *(.ram)
                0x200000b8                . = ALIGN (0x4)
                0x200000b8                PROVIDE (__preinit_array_start, .)
 *(.preinit_array)
                0x200000b8                PROVIDE (__preinit_array_end, .)
                0x200000b8                . = ALIGN (0x4)
                0x200000b8                PROVIDE (__init_array_start, .)
 *(SORT(.init_array.*))
 *(.init_array)
 .init_array    0x200000b8        0x4 c:/siliconlabs/simplicitystudio/v4/developer/toolchains/gnu_arm/4.9_2015q3/bin/../lib/gcc/arm-none-eabi/4.9.3/armv7-m/crtbegin.o
                0x200000bc                PROVIDE (__init_array_end, .)
                0x200000bc                . = ALIGN (0x4)
                0x200000bc                PROVIDE (__fini_array_start, .)
 *(SORT(.fini_array.*))
 *(.fini_array)
 .fini_array    0x200000bc        0x4 c:/siliconlabs/simplicitystudio/v4/developer/toolchains/gnu_arm/4.9_2015q3/bin/../lib/gcc/arm-none-eabi/4.9.3/armv7-m/crtbegin.o
                0x200000c0                PROVIDE (__fini_array_end, .)
 *(.jcr*)
 .jcr           0x200000c0        0x0 c:/siliconlabs/simplicitystudio/v4/developer/toolchains/gnu_arm/4.9_2015q3/bin/../lib/gcc/arm-none-eabi/4.9.3/armv7-m/crtbegin.o
 .jcr           0x200000c0        0x4 c:/siliconlabs/simplicitystudio/v4/developer/toolchains/gnu_arm/4.9_2015q3/bin/../lib/gcc/arm-none-eabi/4.9.3/armv7-m/crtend.o
                0x200000c4                . = ALIGN (0x4)
                0x200000c4                __data_end__ = .

.igot.plt       0x200000c4        0x0 load address 0x00012668
 .igot.plt      0x00000000        0x0 c:/siliconlabs/simplicitystudio/v4/developer/toolchains/gnu_arm/4.9_2015q3/bin/../lib/gcc/arm-none-eabi/4.9.3/armv7-m/crtbegin.o

.bss            0x200000c8     0x1d94 load address 0x00012670
                0x200000c8                . = ALIGN (0x4)
                0x200000c8                __bss_start__ = .
 *(.bss*)
 .bss           0x200000c8       0x1c c:/siliconlabs/simplicitystudio/v4/developer/toolchains/gnu_arm/4.9_2015q3/bin/../lib/gcc/arm-none-eabi/4.9.3/armv7-m/crtbegin.o
 .bss.array_msg
                0x200000e4      0x400 ./devices_src/tbr.o
 .bss.array_size
                0x200004e4        0x4 ./devices_src/tbr.o
 .bss.array_front
                0x200004e8        0x4 ./devices_src/tbr.o
 .bss.array_rear
                0x200004ec        0x4 ./devices_src/tbr.o
 .bss.cum_detections_counter
                0x200004f0        0x4 ./devices_src/tbr.o
                0x200004f0                cum_detections_counter
 .bss.cum_temp_counter
                0x200004f4        0x4 ./devices_src/tbr.o
                0x200004f4                cum_temp_counter
 .bss.flag      0x200004f8        0x1 ./devices_src/tbr.o
 .bss.current_rx_fifo
                0x200004f9        0x1 ./drivers_src/rs485.o
 .bss.init_flag
                0x200004fa        0x1 ./fat_filesystem_src/diskio.o
 *fill*         0x200004fb        0x1 
 .bss.FatFs     0x200004fc        0x4 ./fat_filesystem_src/ff.o
 .bss.Fsid      0x20000500        0x2 ./fat_filesystem_src/ff.o
 *fill*         0x20000502        0x2 
 .bss.fifo_rx_size
                0x20000504        0x4 ./fifo_buffers_src/fifo_rs232.o
 .bss.fifo_tx_size
                0x20000508        0x4 ./fifo_buffers_src/fifo_rs232.o
 .bss.fifo_rx_front
                0x2000050c        0x4 ./fifo_buffers_src/fifo_rs232.o
 .bss.fifo_tx_front
                0x20000510        0x4 ./fifo_buffers_src/fifo_rs232.o
 .bss.fifo_rx_rear
                0x20000514        0x4 ./fifo_buffers_src/fifo_rs232.o
 .bss.fifo_tx_rear
                0x20000518        0x4 ./fifo_buffers_src/fifo_rs232.o
 .bss.fifo_tx   0x2000051c      0x200 ./fifo_buffers_src/fifo_rs232.o
 .bss.fifo_rx   0x2000071c       0x10 ./fifo_buffers_src/fifo_rs232.o
 .bss.fifo_rx_data_size
                0x2000072c        0x4 ./fifo_buffers_src/fifo_tbr.o
 .bss.fifo_rx_cmd_size
                0x20000730        0x4 ./fifo_buffers_src/fifo_tbr.o
 .bss.fifo_tx_cmd_size
                0x20000734        0x4 ./fifo_buffers_src/fifo_tbr.o
 .bss.fifo_rx_cmd_front
                0x20000738        0x4 ./fifo_buffers_src/fifo_tbr.o
 .bss.fifo_tx_cmd_front
                0x2000073c        0x4 ./fifo_buffers_src/fifo_tbr.o
 .bss.fifo_rx_data_front
                0x20000740        0x4 ./fifo_buffers_src/fifo_tbr.o
 .bss.fifo_rx_cmd_rear
                0x20000744        0x4 ./fifo_buffers_src/fifo_tbr.o
 .bss.fifo_tx_cmd_rear
                0x20000748        0x4 ./fifo_buffers_src/fifo_tbr.o
 .bss.fifo_rx_data_rear
                0x2000074c        0x4 ./fifo_buffers_src/fifo_tbr.o
 .bss.fifo_tx_cmd
                0x20000750       0x10 ./fifo_buffers_src/fifo_tbr.o
 .bss.fifo_rx_cmd
                0x20000760        0x0 ./fifo_buffers_src/fifo_tbr.o
 .bss.fifo_rx_data
                0x20000760      0x400 ./fifo_buffers_src/fifo_tbr.o
 .bss.HAL       0x20000b60        0x8 ./hal/hal.o
 .bss.letimer_running
                0x20000b68        0x1 ./hal/hal.o
 *fill*         0x20000b69        0x1 
 .bss.average_n
                0x20000b6a        0x2 ./hal/hal.o
 .bss.avergae_sum
                0x20000b6c        0x4 ./hal/hal.o
 .bss.ref_count
                0x20000b70        0x4 ./hal/hal.o
 .bss.time_manager_cmd
                0x20000b74        0x1 ./hal/hal.o
 *fill*         0x20000b75        0x3 
 .bss.time_count
                0x20000b78        0x4 ./hal/hal.o
 .bss.rtcInitialized
                0x20000b7c        0x1 ./hal/hal.o
 *fill*         0x20000b7d        0x3 
 .bss.rtcFreq   0x20000b80        0x4 ./hal/hal.o
 .bss.irqlevel  0x20000b84        0x1 ./hal/hal.o
 .bss.int_flag  0x20000b85        0x1 ./hal/hal.o
 *fill*         0x20000b86        0x2 
 .bss.OS        0x20000b88        0x8 ./lmic/oslmic.o
 .bss.randbuf   0x20000b90       0x10 ./lmic/radio.o
 .bss.FatFs     0x20000ba0      0x230 ./resource managers_src/app_manager.o
 .bss.tbr_lora_length
                0x20000dd0        0x4 ./resource managers_src/app_manager.o
 .bss.tbr_lora_buf
                0x20000dd4      0x400 ./resource managers_src/app_manager.o
 .bss.tbr_sd_card_buf
                0x200011d4      0x400 ./resource managers_src/app_manager.o
 .bss.rs232_tx_buf
                0x200015d4      0x200 ./resource managers_src/app_manager.o
 .bss.init_job  0x200017d4        0xc ./resource managers_src/lpwan_manager.o
 .bss.app_job   0x200017e0        0xc ./resource managers_src/lpwan_manager.o
 .bss.lora_msg_length
                0x200017ec        0x1 ./src/main.o
                0x200017ec                lora_msg_length
 *fill*         0x200017ed        0x3 
 .bss.__malloc_sbrk_start
                0x200017f0        0x4 c:/siliconlabs/simplicitystudio/v4/developer/toolchains/gnu_arm/4.9_2015q3/bin/../lib/gcc/arm-none-eabi/4.9.3/../../../../arm-none-eabi/lib/armv7-m\libc_nano.a(lib_a-nano-mallocr.o)
                0x200017f0                __malloc_sbrk_start
 .bss.__malloc_free_list
                0x200017f4        0x4 c:/siliconlabs/simplicitystudio/v4/developer/toolchains/gnu_arm/4.9_2015q3/bin/../lib/gcc/arm-none-eabi/4.9.3/../../../../arm-none-eabi/lib/armv7-m\libc_nano.a(lib_a-nano-mallocr.o)
                0x200017f4                __malloc_free_list
 .bss.heap_end.4079
                0x200017f8        0x4 c:/siliconlabs/simplicitystudio/v4/developer/toolchains/gnu_arm/4.9_2015q3/bin/../lib/gcc/arm-none-eabi/4.9.3/../../../../arm-none-eabi/lib/armv7-m\libnosys.a(sbrk.o)
 *(COMMON)
 COMMON         0x200017fc       0x80 ./devices_src/tbr.o
                0x200017fc                resuable_buffer
 COMMON         0x2000187c       0x84 ./hal/hal.o
                0x2000187c                irqState
                0x20001880                temp_buf
 COMMON         0x20001900       0xc0 ./lmic/aes.o
                0x20001900                AESKEY
                0x200019b0                AESAUX
 COMMON         0x200019c0      0x244 ./lmic/lmic.o
                0x200019c0                LMIC
 COMMON         0x20001c04       0x54 ./resource managers_src/lpwan_manager.o
                0x20001c04                diff_in_tstamp
                0x20001c08                running_tstamp
                0x20001c30                ref_tstamp
 COMMON         0x20001c58      0x200 ./src/main.o
                0x20001c58                lora_buffer
 COMMON         0x20001e58        0x4 c:/siliconlabs/simplicitystudio/v4/developer/toolchains/gnu_arm/4.9_2015q3/bin/../lib/gcc/arm-none-eabi/4.9.3/../../../../arm-none-eabi/lib/armv7-m\libc_nano.a(lib_a-reent.o)
                0x20001e58                errno
                0x20001e5c                . = ALIGN (0x4)
                0x20001e5c                __bss_end__ = .

.heap           0x20001e60      0xc00
                0x20001e60                __HeapBase = .
                0x20001e60                __end__ = .
                0x20001e60                end = __end__
                0x20001e60                _end = __end__
 *(.heap*)
 .heap          0x20001e60      0xc00 ./CMSIS/EFM32GG/startup_efm32gg.o
                0x20002a60                __HeapLimit = .

.stack_dummy    0x20001e60      0x400
 *(.stack*)
 .stack         0x20001e60      0x400 ./CMSIS/EFM32GG/startup_efm32gg.o
                0x20020000                __StackTop = (ORIGIN (RAM) + 0x20000)
                0x2001fc00                __StackLimit = (__StackTop - SIZEOF (.stack_dummy))
                0x20020000                PROVIDE (__stack, __StackTop)
                0x00000001                ASSERT ((__StackLimit >= __HeapLimit), region RAM overflowed with stack)
                0x00000001                ASSERT ((0x100000 >= (__etext + SIZEOF (.data))), FLASH memory overflowed !)
OUTPUT(lmic_and_testproject_iA.axf elf32-littlearm)

.ARM.attributes
                0x00000000       0x29
 .ARM.attributes
                0x00000000       0x1d c:/siliconlabs/simplicitystudio/v4/developer/toolchains/gnu_arm/4.9_2015q3/bin/../lib/gcc/arm-none-eabi/4.9.3/armv7-m/crti.o
 .ARM.attributes
                0x0000001d       0x2d c:/siliconlabs/simplicitystudio/v4/developer/toolchains/gnu_arm/4.9_2015q3/bin/../lib/gcc/arm-none-eabi/4.9.3/armv7-m/crtbegin.o
 .ARM.attributes
                0x0000004a       0x1b c:/siliconlabs/simplicitystudio/v4/developer/toolchains/gnu_arm/4.9_2015q3/bin/../lib/gcc/arm-none-eabi/4.9.3/../../../../arm-none-eabi/lib/armv7-m/crt0.o
 .ARM.attributes
                0x00000065       0x1b ./CMSIS/EFM32GG/startup_efm32gg.o
 .ARM.attributes
                0x00000080       0x33 ./CMSIS/EFM32GG/system_efm32gg.o
 .ARM.attributes
                0x000000b3       0x33 ./devices_src/rgb_led.o
 .ARM.attributes
                0x000000e6       0x33 ./devices_src/sd_card.o
 .ARM.attributes
                0x00000119       0x33 ./devices_src/tbr.o
 .ARM.attributes
                0x0000014c       0x33 ./devices_src/ublox_gps.o
 .ARM.attributes
                0x0000017f       0x33 ./drivers_src/delay.o
 .ARM.attributes
                0x000001b2       0x33 ./drivers_src/pwm.o
 .ARM.attributes
                0x000001e5       0x33 ./drivers_src/rs232.o
 .ARM.attributes
                0x00000218       0x33 ./drivers_src/rs485.o
 .ARM.attributes
                0x0000024b       0x33 ./drivers_src/spi.o
 .ARM.attributes
                0x0000027e       0x33 ./emlib/src/em_burtc.o
 .ARM.attributes
                0x000002b1       0x33 ./emlib/src/em_cmu.o
 .ARM.attributes
                0x000002e4       0x33 ./emlib/src/em_core.o
 .ARM.attributes
                0x00000317       0x33 ./emlib/src/em_dma.o
 .ARM.attributes
                0x0000034a       0x33 ./emlib/src/em_gpio.o
 .ARM.attributes
                0x0000037d       0x33 ./emlib/src/em_letimer.o
 .ARM.attributes
                0x000003b0       0x33 ./emlib/src/em_leuart.o
 .ARM.attributes
                0x000003e3       0x33 ./emlib/src/em_rmu.o
 .ARM.attributes
                0x00000416       0x33 ./emlib/src/em_rtc.o
 .ARM.attributes
                0x00000449       0x33 ./emlib/src/em_system.o
 .ARM.attributes
                0x0000047c       0x33 ./emlib/src/em_timer.o
 .ARM.attributes
                0x000004af       0x33 ./emlib/src/em_usart.o
 .ARM.attributes