Archive member included because of file (symbol)

c:/siliconlabs/simplicitystudio/v4/developer/toolchains/gnu_arm/4.9_2015q3/bin/../lib/gcc/arm-none-eabi/4.9.3/armv7-m\libgcc.a(_arm_addsubdf3.o)
                              ./resource managers_src/app_manager.o (__aeabi_f2d)
c:/siliconlabs/simplicitystudio/v4/developer/toolchains/gnu_arm/4.9_2015q3/bin/../lib/gcc/arm-none-eabi/4.9.3/armv7-m\libgcc.a(_arm_addsubsf3.o)
                              ./resource managers_src/app_manager.o (__aeabi_fsub)
c:/siliconlabs/simplicitystudio/v4/developer/toolchains/gnu_arm/4.9_2015q3/bin/../lib/gcc/arm-none-eabi/4.9.3/armv7-m\libgcc.a(_arm_muldivsf3.o)
                              ./resource managers_src/app_manager.o (__aeabi_fmul)
c:/siliconlabs/simplicitystudio/v4/developer/toolchains/gnu_arm/4.9_2015q3/bin/../lib/gcc/arm-none-eabi/4.9.3/armv7-m\libgcc.a(_arm_cmpsf2.o)
                              ./resource managers_src/app_manager.o (__aeabi_fcmplt)
c:/siliconlabs/simplicitystudio/v4/developer/toolchains/gnu_arm/4.9_2015q3/bin/../lib/gcc/arm-none-eabi/4.9.3/armv7-m\libgcc.a(_arm_fixsfsi.o)
                              ./resource managers_src/app_manager.o (__aeabi_f2iz)
c:/siliconlabs/simplicitystudio/v4/developer/toolchains/gnu_arm/4.9_2015q3/bin/../lib/gcc/arm-none-eabi/4.9.3/armv7-m\libgcc.a(_aeabi_uldivmod.o)
                              ./emlib/src/em_usart.o (__aeabi_uldivmod)
c:/siliconlabs/simplicitystudio/v4/developer/toolchains/gnu_arm/4.9_2015q3/bin/../lib/gcc/arm-none-eabi/4.9.3/armv7-m\libgcc.a(bpabi.o)
                              c:/siliconlabs/simplicitystudio/v4/developer/toolchains/gnu_arm/4.9_2015q3/bin/../lib/gcc/arm-none-eabi/4.9.3/armv7-m\libgcc.a(_aeabi_uldivmod.o) (__gnu_uldivmod_helper)
c:/siliconlabs/simplicitystudio/v4/developer/toolchains/gnu_arm/4.9_2015q3/bin/../lib/gcc/arm-none-eabi/4.9.3/armv7-m\libgcc.a(_dvmd_tls.o)
                              c:/siliconlabs/simplicitystudio/v4/developer/toolchains/gnu_arm/4.9_2015q3/bin/../lib/gcc/arm-none-eabi/4.9.3/armv7-m\libgcc.a(_aeabi_uldivmod.o) (__aeabi_ldiv0)
c:/siliconlabs/simplicitystudio/v4/developer/toolchains/gnu_arm/4.9_2015q3/bin/../lib/gcc/arm-none-eabi/4.9.3/armv7-m\libgcc.a(_divdi3.o)
                              c:/siliconlabs/simplicitystudio/v4/developer/toolchains/gnu_arm/4.9_2015q3/bin/../lib/gcc/arm-none-eabi/4.9.3/armv7-m\libgcc.a(bpabi.o) (__divdi3)
c:/siliconlabs/simplicitystudio/v4/developer/toolchains/gnu_arm/4.9_2015q3/bin/../lib/gcc/arm-none-eabi/4.9.3/armv7-m\libgcc.a(_udivdi3.o)
                              c:/siliconlabs/simplicitystudio/v4/developer/toolchains/gnu_arm/4.9_2015q3/bin/../lib/gcc/arm-none-eabi/4.9.3/armv7-m\libgcc.a(bpabi.o) (__udivdi3)
c:/siliconlabs/simplicitystudio/v4/developer/toolchains/gnu_arm/4.9_2015q3/bin/../lib/gcc/arm-none-eabi/4.9.3/../../../../arm-none-eabi/lib/armv7-m\libc_nano.a(lib_a-exit.o)
                              c:/siliconlabs/simplicitystudio/v4/developer/toolchains/gnu_arm/4.9_2015q3/bin/../lib/gcc/arm-none-eabi/4.9.3/../../../../arm-none-eabi/lib/armv7-m/crt0.o (exit)
c:/siliconlabs/simplicitystudio/v4/developer/toolchains/gnu_arm/4.9_2015q3/bin/../lib/gcc/arm-none-eabi/4.9.3/../../../../arm-none-eabi/lib/armv7-m\libc_nano.a(lib_a-impure.o)
                              c:/siliconlabs/simplicitystudio/v4/developer/toolchains/gnu_arm/4.9_2015q3/bin/../lib/gcc/arm-none-eabi/4.9.3/../../../../arm-none-eabi/lib/armv7-m\libc_nano.a(lib_a-exit.o) (_global_impure_ptr)
c:/siliconlabs/simplicitystudio/v4/developer/toolchains/gnu_arm/4.9_2015q3/bin/../lib/gcc/arm-none-eabi/4.9.3/../../../../arm-none-eabi/lib/armv7-m\libc_nano.a(lib_a-init.o)
                              c:/siliconlabs/simplicitystudio/v4/developer/toolchains/gnu_arm/4.9_2015q3/bin/../lib/gcc/arm-none-eabi/4.9.3/../../../../arm-none-eabi/lib/armv7-m/crt0.o (__libc_init_array)
c:/siliconlabs/simplicitystudio/v4/developer/toolchains/gnu_arm/4.9_2015q3/bin/../lib/gcc/arm-none-eabi/4.9.3/../../../../arm-none-eabi/lib/armv7-m\libc_nano.a(lib_a-memcpy.o)
                              ./lmic/lmic.o (memcpy)
c:/siliconlabs/simplicitystudio/v4/developer/toolchains/gnu_arm/4.9_2015q3/bin/../lib/gcc/arm-none-eabi/4.9.3/../../../../arm-none-eabi/lib/armv7-m\libc_nano.a(lib_a-memset.o)
                              c:/siliconlabs/simplicitystudio/v4/developer/toolchains/gnu_arm/4.9_2015q3/bin/../lib/gcc/arm-none-eabi/4.9.3/../../../../arm-none-eabi/lib/armv7-m/crt0.o (memset)
c:/siliconlabs/simplicitystudio/v4/developer/toolchains/gnu_arm/4.9_2015q3/bin/../lib/gcc/arm-none-eabi/4.9.3/../../../../arm-none-eabi/lib/armv7-m\libc_nano.a(lib_a-nano-vfprintf_float.o)
                              (_printf_float)
c:/siliconlabs/simplicitystudio/v4/developer/toolchains/gnu_arm/4.9_2015q3/bin/../lib/gcc/arm-none-eabi/4.9.3/../../../../arm-none-eabi/lib/armv7-m\libc_nano.a(lib_a-nano-vfprintf_i.o)
[...]
Memory Configuration

Name             Origin             Length             Attributes
FLASH            0x00000000         0x00100000         xr
RAM              0x20000000         0x00020000         xrw
*default*        0x00000000         0xffffffff

Linker script and memory map

LOAD c:/siliconlabs/simplicitystudio/v4/developer/toolchains/gnu_arm/4.9_2015q3/bin/../lib/gcc/arm-none-eabi/4.9.3/armv7-m/crti.o
LOAD c:/siliconlabs/simplicitystudio/v4/developer/toolchains/gnu_arm/4.9_2015q3/bin/../lib/gcc/arm-none-eabi/4.9.3/armv7-m/crtbegin.o
LOAD c:/siliconlabs/simplicitystudio/v4/developer/toolchains/gnu_arm/4.9_2015q3/bin/../lib/gcc/arm-none-eabi/4.9.3/../../../../arm-none-eabi/lib/armv7-m/crt0.o
LOAD ./CMSIS/EFM32GG/startup_efm32gg.o
LOAD ./CMSIS/EFM32GG/system_efm32gg.o
LOAD ./devices_src/rgb_led.o
LOAD ./devices_src/sd_card.o
LOAD ./devices_src/tbr.o
LOAD ./devices_src/ublox_gps.o
LOAD ./drivers_src/delay.o
LOAD ./drivers_src/pwm.o
LOAD ./drivers_src/rs232.o
LOAD ./drivers_src/rs485.o
LOAD ./drivers_src/spi.o
LOAD ./emlib/src/em_acmp.o
LOAD ./emlib/src/em_adc.o
LOAD ./emlib/src/em_aes.o
LOAD ./emlib/src/em_assert.o
LOAD ./emlib/src/em_burtc.o
LOAD ./emlib/src/em_can.o
LOAD ./emlib/src/em_cmu.o
LOAD ./emlib/src/em_core.o
LOAD ./emlib/src/em_cryotimer.o
LOAD ./emlib/src/em_crypto.o
LOAD ./emlib/src/em_csen.o
LOAD ./emlib/src/em_dac.o
LOAD ./emlib/src/em_dbg.o
LOAD ./emlib/src/em_dma.o
LOAD ./emlib/src/em_ebi.o
LOAD ./emlib/src/em_emu.o
LOAD ./emlib/src/em_gpcrc.o
LOAD ./emlib/src/em_gpio.o
LOAD ./emlib/src/em_i2c.o
LOAD ./emlib/src/em_idac.o
LOAD ./emlib/src/em_int.o
LOAD ./emlib/src/em_lcd.o
LOAD ./emlib/src/em_ldma.o
LOAD ./emlib/src/em_lesense.o
LOAD ./emlib/src/em_letimer.o
LOAD ./emlib/src/em_leuart.o
LOAD ./emlib/src/em_mpu.o
LOAD ./emlib/src/em_msc.o
LOAD ./emlib/src/em_opamp.o
LOAD ./emlib/src/em_pcnt.o
LOAD ./emlib/src/em_prs.o
LOAD ./emlib/src/em_qspi.o
LOAD ./emlib/src/em_rmu.o
LOAD ./emlib/src/em_rtc.o
LOAD ./emlib/src/em_rtcc.o
LOAD ./emlib/src/em_system.o
LOAD ./emlib/src/em_timer.o
LOAD ./emlib/src/em_usart.o
LOAD ./emlib/src/em_vcmp.o
LOAD ./emlib/src/em_vdac.o
LOAD ./emlib/src/em_wdog.o
LOAD ./fat_filesystem_src/diskio.o
LOAD ./fat_filesystem_src/ff.o
LOAD ./fifo_buffers_src/fifo_rs232.o
LOAD ./fifo_buffers_src/fifo_tbr.o
LOAD ./hal/debug.o
LOAD ./hal/hal.o
LOAD ./lmic/aes.o
LOAD ./lmic/lmic.o
LOAD ./lmic/oslmic.o
LOAD ./lmic/radio.o
LOAD ./resource managers_src/app_manager.o
LOAD ./resource managers_src/lpwan_manager.o
LOAD ./src/main.o
START GROUP
LOAD c:/siliconlabs/simplicitystudio/v4/developer/toolchains/gnu_arm/4.9_2015q3/bin/../lib/gcc/arm-none-eabi/4.9.3/armv7-m\libgcc.a
LOAD c:/siliconlabs/simplicitystudio/v4/developer/toolchains/gnu_arm/4.9_2015q3/bin/../lib/gcc/arm-none-eabi/4.9.3/../../../../arm-none-eabi/lib/armv7-m\libc_nano.a
LOAD c:/siliconlabs/simplicitystudio/v4/developer/toolchains/gnu_arm/4.9_2015q3/bin/../lib/gcc/arm-none-eabi/4.9.3/../../../../arm-none-eabi/lib/armv7-m\libnosys.a
END GROUP
START GROUP
LOAD c:/siliconlabs/simplicitystudio/v4/developer/toolchains/gnu_arm/4.9_2015q3/bin/../lib/gcc/arm-none-eabi/4.9.3/armv7-m\libgcc.a
LOAD c:/siliconlabs/simplicitystudio/v4/developer/toolchains/gnu_arm/4.9_2015q3/bin/../lib/gcc/arm-none-eabi/4.9.3/../../../../arm-none-eabi/lib/armv7-m\libg_nano.a
LOAD c:/siliconlabs/simplicitystudio/v4/developer/toolchains/gnu_arm/4.9_2015q3/bin/../lib/gcc/arm-none-eabi/4.9.3/../../../../arm-none-eabi/lib/armv7-m\libc_nano.a
END GROUP
START GROUP
LOAD c:/siliconlabs/simplicitystudio/v4/developer/toolchains/gnu_arm/4.9_2015q3/bin/../lib/gcc/arm-none-eabi/4.9.3/armv7-m\libgcc.a
LOAD c:/siliconlabs/simplicitystudio/v4/developer/toolchains/gnu_arm/4.9_2015q3/bin/../lib/gcc/arm-none-eabi/4.9.3/../../../../arm-none-eabi/lib/armv7-m\libc_nano.a
END GROUP
LOAD c:/siliconlabs/simplicitystudio/v4/developer/toolchains/gnu_arm/4.9_2015q3/bin/../lib/gcc/arm-none-eabi/4.9.3/armv7-m/crtend.o
LOAD c:/siliconlabs/simplicitystudio/v4/developer/toolchains/gnu_arm/4.9_2015q3/bin/../lib/gcc/arm-none-eabi/4.9.3/armv7-m/crtn.o

.text           0x00000000    0x126c4
 *(.vectors)
 .vectors       0x00000000       0xdc ./CMSIS/EFM32GG/startup_efm32gg.o
                0x00000000                __Vectors
                0x000000dc                __Vectors_End = .
                0x000000dc                __Vectors_Size = (__Vectors_End - __Vectors)
                0x000000dc                __end__ = .
 *(.text*)
 .text          0x000000dc       0x5c c:/siliconlabs/simplicitystudio/v4/developer/toolchains/gnu_arm/4.9_2015q3/bin/../lib/gcc/arm-none-eabi/4.9.3/armv7-m/crtbegin.o
 .text          0x00000138       0x74 c:/siliconlabs/simplicitystudio/v4/developer/toolchains/gnu_arm/4.9_2015q3/bin/../lib/gcc/arm-none-eabi/4.9.3/../../../../arm-none-eabi/lib/armv7-m/crt0.o
                0x00000138                _start
                0x00000138                _mainCRTStartup
 .text          0x000001ac       0x30 ./CMSIS/EFM32GG/startup_efm32gg.o
                0x000001ac                Reset_Handler
                0x000001d8                DebugMon_Handler
                0x000001d8                USART0_TX_IRQHandler
                0x000001d8                I2C0_IRQHandler
                0x000001d8                HardFault_Handler
                0x000001d8                LEUART1_IRQHandler
                0x000001d8                SysTick_Handler
                0x000001d8                USART1_RX_IRQHandler
                0x000001d8                PendSV_Handler
                0x000001d8                NMI_Handler
                0x000001d8                I2C1_IRQHandler
                0x000001d8                TIMER3_IRQHandler
                0x000001d8                USART1_TX_IRQHandler
                0x000001d8                MSC_IRQHandler
                0x000001d8                ADC0_IRQHandler
                0x000001d8                UsageFault_Handler
                0x000001d8                UART0_TX_IRQHandler
                0x000001d8                UART1_TX_IRQHandler
                0x000001d8                TIMER0_IRQHandler
                0x000001d8                TIMER2_IRQHandler
                0x000001d8                LCD_IRQHandler
                0x000001d8                PCNT2_IRQHandler
                0x000001d8                UART0_RX_IRQHandler
                0x000001d8                LETIMER0_IRQHandler
                0x000001d8                TIMER1_IRQHandler
                0x000001d8                Default_Handler
                0x000001d8                EMU_IRQHandler
                0x000001d8                PCNT0_IRQHandler
                0x000001d8                USB_IRQHandler
                0x000001d8                PCNT1_IRQHandler
                0x000001d8                ACMP0_IRQHandler
                0x000001d8                USART0_RX_IRQHandler
                0x000001d8                MemManage_Handler
                0x000001d8                SVC_Handler
                0x000001d8                DAC0_IRQHandler
                0x000001d8                UART1_RX_IRQHandler
                0x000001d8                CMU_IRQHandler
                0x000001d8                EBI_IRQHandler
                0x000001d8                LESENSE_IRQHandler
                0x000001d8                AES_IRQHandler
                0x000001d8                VCMP_IRQHandler
                0x000001d8                BusFault_Handler
 .text.GetProdRev
                0x000001dc       0x1c ./CMSIS/EFM32GG/system_efm32gg.o
 .text.SystemCoreClockGet
                0x000001f8       0x34 ./CMSIS/EFM32GG/system_efm32gg.o
                0x000001f8                SystemCoreClockGet
 .text.SystemMaxCoreClockGet
                0x0000022c       0x14 ./CMSIS/EFM32GG/system_efm32gg.o
                0x0000022c                SystemMaxCoreClockGet
 .text.SystemHFClockGet
                0x00000240      0x100 ./CMSIS/EFM32GG/system_efm32gg.o
                0x00000240                SystemHFClockGet
 .text.SystemHFXOClockGet
                0x00000340       0x18 ./CMSIS/EFM32GG/system_efm32gg.o
                0x00000340                SystemHFXOClockGet
 .text.SystemInit
                0x00000358        0xc ./CMSIS/EFM32GG/system_efm32gg.o
                0x00000358                SystemInit
 .text.SystemLFRCOClockGet
                0x00000364       0x14 ./CMSIS/EFM32GG/system_efm32gg.o
                0x00000364                SystemLFRCOClockGet
 .text.SystemULFRCOClockGet
                0x00000378       0x14 ./CMSIS/EFM32GG/system_efm32gg.o
                0x00000378                SystemULFRCOClockGet
 .text.SystemLFXOClockGet
                0x0000038c       0x18 ./CMSIS/EFM32GG/system_efm32gg.o
                0x0000038c                SystemLFXOClockGet
 .text.GPIO_PinOutClear
                0x000003a4       0x58 ./devices_src/rgb_led.o
 .text.GPIO_PinOutSet
                0x000003fc       0x58 ./devices_src/rgb_led.o
 .text.generate_pulses
                0x00000454       0x50 ./devices_src/rgb_led.o
                0x00000454                generate_pulses
 .text.rgb_init
                0x000004a4       0x34 ./devices_src/rgb_led.o
                0x000004a4                rgb_init
 .text.rgb_on   0x000004d8      0x110 ./devices_src/rgb_led.o
                0x000004d8                rgb_on
 .text.rgb_shutdown
                0x000005e8       0x18 ./devices_src/rgb_led.o
                0x000005e8                rgb_shutdown
 .text.GPIO_PinOutClear
                0x00000600       0x58 ./devices_src/sd_card.o
 .text.GPIO_PinOutSet
                0x00000658       0x58 ./devices_src/sd_card.o
 .text.start_transfer
                0x000006b0       0x10 ./devices_src/sd_card.o
                0x000006b0                start_transfer
 .text.end_transfer
                0x000006c0       0x14 ./devices_src/sd_card.o
                0x000006c0                end_transfer
 .text.send_cmd
                0x000006d4      0x24c ./devices_src/sd_card.o
                0x000006d4                send_cmd
 .text.sd_card_init
                0x00000920      0x1e0 ./devices_src/sd_card.o
                0x00000920                sd_card_init
 .text.sd_card_on
                0x00000b00       0x10 ./devices_src/sd_card.o
                0x00000b00                sd_card_on
 .text.sd_card_off
                0x00000b10       0x10 ./devices_src/sd_card.o
                0x00000b10                sd_card_off
 .text.sd_card_read
                0x00000b20      0x130 ./devices_src/sd_card.o
                0x00000b20                sd_card_read
 .text.sd_card_write
                0x00000c50      0x10c ./devices_src/sd_card.o
                0x00000c50                sd_card_write
 .text.array_is_full
                0x00000d5c       0x24 ./devices_src/tbr.o
                0x00000d5c                array_is_full
 .text.array_is_empty
                0x00000d80       0x20 ./devices_src/tbr.o
                0x00000d80                array_is_empty
 .text.array_add
                0x00000da0       0x58 ./devices_src/tbr.o
                0x00000da0                array_add
 .text.array_remove
                0x00000df8       0x5c ./devices_src/tbr.o
                0x00000df8                array_remove
 .text.CalculateLuhn
                0x00000e54      0x12c ./devices_src/tbr.o
                0x00000e54                CalculateLuhn
 .text.shift_Elements
                0x00000f80       0x44 ./devices_src/tbr.o
                0x00000f80                shift_Elements
 .text.parse_message_tbr
                0x00000fc4      0x200 ./devices_src/tbr.o
                0x00000fc4                parse_message_tbr
 .text.check_other_messages
                0x000011c4       0x58 ./devices_src/tbr.o
                0x000011c4                check_other_messages
 .text.clear_buffer
                0x0000121c       0x3c ./devices_src/tbr.o
                0x0000121c                clear_buffer
 .text.get_and_compare
                0x00001258      0x208 ./devices_src/tbr.o
                0x00001258                get_and_compare
 .text.convert_single_tbr_msg_into_uint
                0x00001460      0x364 ./devices_src/tbr.o
                0x00001460                convert_single_tbr_msg_into_uint
 .text.convert_tbr_msgs_to_uint
                0x000017c4      0x1bc ./devices_src/tbr.o
                0x000017c4                convert_tbr_msgs_to_uint
 .text.tbr_init
                0x00001980       0x48 ./devices_src/tbr.o
                0x00001980                tbr_init
 .text.tbr_send_cmd
                0x000019c8      0x100 ./devices_src/tbr.o
                0x000019c8                tbr_send_cmd
 .text.tbr_recv_msg_uint
                0x00001ac8      0x124 ./devices_src/tbr.o
                0x00001ac8                tbr_recv_msg_uint
 .text.GPIO_PinOutSet
                0x00001bec       0x58 ./devices_src/ublox_gps.o
 .text.send_cmd_rx_ack
                0x00001c44       0xfc ./devices_src/ublox_gps.o
                0x00001c44                send_cmd_rx_ack
 .text.port_config
                0x00001d40       0x64 ./devices_src/ublox_gps.o
                0x00001d40                port_config
 .text.receiver_nav_status
                0x00001da4       0xfc ./devices_src/ublox_gps.o
                0x00001da4                receiver_nav_status
 .text.config_low_power
                0x00001ea0       0x24 ./devices_src/ublox_gps.o
                0x00001ea0                config_low_power
 .text.enter_low_power
                0x00001ec4       0x24 ./devices_src/ublox_gps.o
                0x00001ec4                enter_low_power
 .text.disable_sbas
                0x00001ee8       0x24 ./devices_src/ublox_gps.o
                0x00001ee8                disable_sbas
 .text.poll_psm
                0x00001f0c      0x130 ./devices_src/ublox_gps.o
                0x00001f0c                poll_psm
 .text.parse_message
                0x0000203c      0x33c ./devices_src/ublox_gps.o
                0x0000203c                parse_message
 .text.gps_init
                0x00002378      0x148 ./devices_src/ublox_gps.o
                0x00002378                gps_init
 .text.gps_get_nav_data
                0x000024c0      0x19c ./devices_src/ublox_gps.o
                0x000024c0                gps_get_nav_data
 .text.gps_on   0x0000265c       0x10 ./devices_src/ublox_gps.o
                0x0000265c                gps_on
 .text.TIMER_Valid
                0x0000266c       0x50 ./drivers_src/delay.o
 .text.TIMER_MaxCount
                0x000026bc       0x18 ./drivers_src/delay.o
 .text.TIMER_CounterSet
                0x000026d4       0x1c ./drivers_src/delay.o
 .text.TIMER_Enable
                0x000026f0       0x2c ./drivers_src/delay.o
 .text.TIMER_IntClear
                0x0000271c       0x1c ./drivers_src/delay.o
 .text.TIMER_IntEnable
                0x00002738       0x20 ./drivers_src/delay.o
 .text.TIMER_IntGetEnabled
                0x00002758       0x24 ./drivers_src/delay.o
 .text.TIMER_TopBufSet
                0x0000277c       0x1c ./drivers_src/delay.o
 .text.TIMER_TopSet
                0x00002798       0x1c ./drivers_src/delay.o
 .text.delay_init
                0x000027b4       0x7c ./drivers_src/delay.o
                0x000027b4                delay_init
 .text.delay_enable
                0x00002830       0x14 ./drivers_src/delay.o
                0x00002830                delay_enable
 .text.delay_disable
                0x00002844       0x14 ./drivers_src/delay.o
                0x00002844                delay_disable
 .text.delay_ms
                0x00002858       0x64 ./drivers_src/delay.o
                0x00002858                delay_ms
 .text.TIMER_Valid
                0x000028bc       0x50 ./drivers_src/pwm.o
 .text.TIMER_MaxCount
                0x0000290c       0x18 ./drivers_src/pwm.o
 .text.TIMER_CounterSet
                0x00002924       0x1c ./drivers_src/pwm.o
 .text.TIMER_Enable
                0x00002940       0x2c ./drivers_src/pwm.o
 .text.TIMER_IntClear
                0x0000296c       0x1c ./drivers_src/pwm.o
 .text.TIMER_IntEnable
                0x00002988       0x20 ./drivers_src/pwm.o
 .text.TIMER_IntGetEnabled
                0x000029a8       0x24 ./drivers_src/pwm.o
 .text.TIMER_TopBufSet
                0x000029cc       0x1c ./drivers_src/pwm.o
 .text.TIMER_TopSet
                0x000029e8       0x1c ./drivers_src/pwm.o
 .text.pwm_init
                0x00002a04       0x7c ./drivers_src/pwm.o
                0x00002a04                pwm_init
 .text.pwm_enable
                0x00002a80       0x14 ./drivers_src/pwm.o
                0x00002a80                pwm_enable
 .text.pwm_disable
                0x00002a94       0x14 ./drivers_src/pwm.o
                0x00002a94                pwm_disable
 .text.pwm_us_delay
                0x00002aa8       0x5c ./drivers_src/pwm.o
                0x00002aa8                pwm_us_delay
 .text.NVIC_EnableIRQ
                0x00002b04       0x30 ./drivers_src/rs232.o
 .text.NVIC_ClearPendingIRQ
                0x00002b34       0x34 ./drivers_src/rs232.o
 .text.USART_IntClear
                0x00002b68       0x1c ./drivers_src/rs232.o
 .text.USART_IntDisable
                0x00002b84       0x24 ./drivers_src/rs232.o
 .text.USART_IntEnable
                0x00002ba8       0x20 ./drivers_src/rs232.o
 .text.rs232_init
                0x00002bc8       0xb0 ./drivers_src/rs232.o
                0x00002bc8                rs232_init
 .text.rs232_enable
                0x00002c78       0x14 ./drivers_src/rs232.o
                0x00002c78                rs232_enable
 .text.rs232_transmit_string
                0x00002c8c       0x6c ./drivers_src/rs232.o
                0x00002c8c                rs232_transmit_string
 .text.rs232_transmit_char
                0x00002cf8       0x4c ./drivers_src/rs232.o
                0x00002cf8                rs232_transmit_char
 .text.USART2_TX_IRQHandler
                0x00002d44       0x4c ./drivers_src/rs232.o
                0x00002d44                USART2_TX_IRQHandler
 .text.USART2_RX_IRQHandler
                0x00002d90       0x40 ./drivers_src/rs232.o
                0x00002d90                USART2_RX_IRQHandler
 .text.NVIC_EnableIRQ
                0x00002dd0       0x30 ./drivers_src/rs485.o
 .text.NVIC_ClearPendingIRQ
                0x00002e00       0x34 ./drivers_src/rs485.o
 .text.GPIO_PinOutClear
                0x00002e34       0x58 ./drivers_src/rs485.o
 .text.GPIO_PinOutSet
                0x00002e8c       0x58 ./drivers_src/rs485.o
 .text.LEUART_IntClear
                0x00002ee4       0x1c ./drivers_src/rs485.o
 .text.LEUART_IntDisable
                0x00002f00       0x24 ./drivers_src/rs485.o
 .text.LEUART_IntEnable
                0x00002f24       0x20 ./drivers_src/rs485.o
 .text.rs485_init
                0x00002f44       0xe0 ./drivers_src/rs485.o
                0x00002f44                rs485_init
 .text.rs485_enable
                0x00003024       0x14 ./drivers_src/rs485.o
                0x00003024                rs485_enable
 .text.rs485_transmit_string
                0x00003038       0x78 ./drivers_src/rs485.o
                0x00003038                rs485_transmit_string
 .text.rs485_recieve_char
                0x000030b0       0x3c ./drivers_src/rs485.o
                0x000030b0                rs485_recieve_char
 .text.rs485_tx_mode
                0x000030ec       0x18 ./drivers_src/rs485.o
                0x000030ec                rs485_tx_mode
 .text.rs485_rx_mode
                0x00003104       0x18 ./drivers_src/rs485.o
                0x00003104                rs485_rx_mode
 .text.LEUART0_IRQHandler
                0x0000311c       0xd0 ./drivers_src/rs485.o
                0x0000311c                LEUART0_IRQHandler
 .text.GPIO_PinOutClear
                0x000031ec       0x58 ./drivers_src/spi.o
 .text.GPIO_PinOutSet
                0x00003244       0x58 ./drivers_src/spi.o
 .text.USART_IntClear
                0x0000329c       0x1c ./drivers_src/spi.o
 .text.spi_init
                0x000032b8       0xbc ./drivers_src/spi.o
                0x000032b8                spi_init
 .text.spi_enable
                0x00003374       0x14 ./drivers_src/spi.o
                0x00003374                spi_enable
 .text.spi_disable
                0x00003388       0x14 ./drivers_src/spi.o
                0x00003388                spi_disable
 .text.spi_cs_set
                0x0000339c       0x40 ./drivers_src/spi.o
                0x0000339c                spi_cs_set
 .text.spi_cs_clear
                0x000033dc       0x8c ./drivers_src/spi.o
                0x000033dc                spi_cs_clear
 .text.spi_read_write_byte
                0x00003468       0x34 ./drivers_src/spi.o
                0x00003468                spi_read_write_byte
 .text.spi_write_byte
                0x0000349c       0x28 ./drivers_src/spi.o
                0x0000349c                spi_write_byte
 .text.spi_read_byte
                0x000034c4       0x2c ./drivers_src/spi.o
                0x000034c4                spi_read_byte
 .text.BUS_RegBitWrite
                0x000034f0       0x2c ./emlib/src/em_burtc.o
 .text.BUS_RegBitRead
                0x0000351c       0x2c ./emlib/src/em_burtc.o
 .text.BURTC_IntClear
                0x00003548       0x1c ./emlib/src/em_burtc.o
 .text.BURTC_Enable
                0x00003564       0x50 ./emlib/src/em_burtc.o
 .text.BURTC_FreezeEnable
                0x000035b4       0x20 ./emlib/src/em_burtc.o
 .text.divToLog2
                0x000035d4       0x34 ./emlib/src/em_burtc.o
 .text.regSync  0x00003608       0x40 ./emlib/src/em_burtc.o
 .text.BURTC_Init
                0x00003648       0xe8 ./emlib/src/em_burtc.o
                0x00003648                BURTC_Init
 .text.BURTC_CompareSet
                0x00003730       0x20 ./emlib/src/em_burtc.o
                0x00003730                BURTC_CompareSet
 .text.BURTC_Reset
                0x00003750       0x3c ./emlib/src/em_burtc.o
                0x00003750                BURTC_Reset
 .text.BUS_RegBitWrite
                0x0000378c       0x2c ./emlib/src/em_cmu.o
 .text.BUS_RegBitRead
                0x000037b8       0x2c ./emlib/src/em_cmu.o
 .text.CMU_DivToLog2
                0x000037e4       0x34 ./emlib/src/em_cmu.o
 .text.SYSTEM_GetProdRev
                0x00003818       0x1c ./emlib/src/em_cmu.o
 .text.SYSTEM_GetFamily
                0x00003834       0x20 ./emlib/src/em_cmu.o
 .text.maxFreqHfle
                0x00003854       0x78 ./emlib/src/em_cmu.o
 .text.setHfLeConfig
                0x000038cc       0x60 ./emlib/src/em_cmu.o
 .text.getHfLeConfig
                0x0000392c       0x20 ./emlib/src/em_cmu.o
 .text.auxClkGet
                0x0000394c       0xb0 ./emlib/src/em_cmu.o
 .text.dbgClkGet
                0x000039fc       0x40 ./emlib/src/em_cmu.o
 .text.flashWaitStateControl
                0x00003a3c       0xb8 ./emlib/src/em_cmu.o
 .text.flashWaitStateMax
                0x00003af4       0x14 ./emlib/src/em_cmu.o
 .text.CMU_UpdateWaitStates
                0x00003b08       0x18 ./emlib/src/em_cmu.o
                0x00003b08                CMU_UpdateWaitStates
 .text.lfClkGet
                0x00003b20       0xec ./emlib/src/em_cmu.o
 .text.syncReg  0x00003c0c       0x34 ./emlib/src/em_cmu.o
 .text.CMU_ClockDivSet
                0x00003c40      0x22c ./emlib/src/em_cmu.o
                0x00003c40                CMU_ClockDivSet
 .text.CMU_ClockEnable
                0x00003e6c       0xd0 ./emlib/src/em_cmu.o
                0x00003e6c                CMU_ClockEnable
 .text.CMU_ClockFreqGet
                0x00003f3c      0x1c8 ./emlib/src/em_cmu.o
                0x00003f3c                CMU_ClockFreqGet
 .text.CMU_ClockSelectGet
                0x00004104      0x124 ./emlib/src/em_cmu.o
                0x00004104                CMU_ClockSelectGet
 .text.CMU_ClockSelectSet
                0x00004228      0x22c ./emlib/src/em_cmu.o
                0x00004228                CMU_ClockSelectSet
 .text.CMU_HFRCOBandSet
                0x00004454       0xe0 ./emlib/src/em_cmu.o
                0x00004454                CMU_HFRCOBandSet
 .text.CMU_OscillatorEnable
                0x00004534       0xbc ./emlib/src/em_cmu.o
                0x00004534                CMU_OscillatorEnable
 .text.CORE_EnterAtomic
                0x000045f0       0x20 ./emlib/src/em_core.o
                0x000045f0                CORE_EnterAtomic
 .text.CORE_ExitAtomic
                0x00004610       0x1c ./emlib/src/em_core.o
                0x00004610                CORE_ExitAtomic
 .text.DMA_IRQHandler
                0x0000462c       0xd8 ./emlib/src/em_dma.o
                0x0000462c                DMA_IRQHandler
 .text.BUS_RegBitWrite
                0x00004704       0x2c ./emlib/src/em_gpio.o
 .text.BUS_RegMaskedWrite
                0x00004730       0x28 ./emlib/src/em_gpio.o
 .text.GPIO_PinOutClear
                0x00004758       0x58 ./emlib/src/em_gpio.o
 .text.GPIO_PinOutSet
                0x000047b0       0x58 ./emlib/src/em_gpio.o
 .text.GPIO_DriveModeSet
                0x00004808       0x70 ./emlib/src/em_gpio.o
                0x00004808                GPIO_DriveModeSet
 .text.GPIO_ExtIntConfig
                0x00004878       0xd4 ./emlib/src/em_gpio.o
                0x00004878                GPIO_ExtIntConfig
 .text.GPIO_PinModeSet
                0x0000494c      0x10c ./emlib/src/em_gpio.o
                0x0000494c                GPIO_PinModeSet
 .text.LETIMER_Enable
                0x00004a58       0x2c ./emlib/src/em_letimer.o
                0x00004a58                LETIMER_Enable
 .text.LETIMER_FreezeEnable
                0x00004a84       0x34 ./emlib/src/em_letimer.o
                0x00004a84                LETIMER_FreezeEnable
 .text.LETIMER_Init
                0x00004ab8       0xf0 ./emlib/src/em_letimer.o
                0x00004ab8                LETIMER_Init
 .text.LETIMER_Reset
                0x00004ba8       0x50 ./emlib/src/em_letimer.o
                0x00004ba8                LETIMER_Reset
 .text.LEUART_Sync
                0x00004bf8       0x30 ./emlib/src/em_leuart.o
 .text.LEUART_BaudrateSet
                0x00004c28       0x80 ./emlib/src/em_leuart.o
                0x00004c28                LEUART_BaudrateSet
 .text.LEUART_Enable
                0x00004ca8       0x58 ./emlib/src/em_leuart.o
                0x00004ca8                LEUART_Enable
 .text.LEUART_FreezeEnable
                0x00004d00       0x34 ./emlib/src/em_leuart.o
                0x00004d00                LEUART_FreezeEnable
 .text.LEUART_Init
                0x00004d34       0x84 ./emlib/src/em_leuart.o
                0x00004d34                LEUART_Init
 .text.LEUART_Reset
                0x00004db8       0x70 ./emlib/src/em_leuart.o
                0x00004db8                LEUART_Reset
 .text.LEUART_Rx
                0x00004e28       0x28 ./emlib/src/em_leuart.o
                0x00004e28                LEUART_Rx
 .text.LEUART_Tx
                0x00004e50       0x30 ./emlib/src/em_leuart.o
                0x00004e50                LEUART_Tx
 .text.SL_CTZ   0x00004e80       0x28 ./emlib/src/em_rmu.o
 .text.BUS_RegBitWrite
                0x00004ea8       0x2c ./emlib/src/em_rmu.o
 .text.RMU_ResetControl
                0x00004ed4       0x3c ./emlib/src/em_rmu.o
                0x00004ed4                RMU_ResetControl
 .text.BUS_RegBitWrite
                0x00004f10       0x2c ./emlib/src/em_rtc.o
 .text.RTC_CompareSet
                0x00004f3c       0x3c ./emlib/src/em_rtc.o
                0x00004f3c                RTC_CompareSet
 .text.RTC_Enable
                0x00004f78       0x20 ./emlib/src/em_rtc.o
                0x00004f78                RTC_Enable
 .text.RTC_Init
                0x00004f98       0x50 ./emlib/src/em_rtc.o
                0x00004f98                RTC_Init
 .text.SYSTEM_ChipRevisionGet
                0x00004fe8       0x74 ./emlib/src/em_system.o
                0x00004fe8                SYSTEM_ChipRevisionGet
 .text.TIMER_Valid
                0x0000505c       0x50 ./emlib/src/em_timer.o
 .text.TIMER_Init
                0x000050ac       0xdc ./emlib/src/em_timer.o
                0x000050ac                TIMER_Init
 .text.USART_BaudrateAsyncSet
                0x00005188       0xb0 ./emlib/src/em_usart.o
                0x00005188                USART_BaudrateAsyncSet
 .text.USART_BaudrateSyncSet
                0x00005238       0x40 ./emlib/src/em_usart.o
                0x00005238                USART_BaudrateSyncSet
 .text.USART_Enable
                0x00005278       0x58 ./emlib/src/em_usart.o
                0x00005278                USART_Enable
 .text.USART_InitAsync
                0x000052d0       0x9c ./emlib/src/em_usart.o
                0x000052d0                USART_InitAsync
 .text.USART_InitSync
                0x0000536c       0xcc ./emlib/src/em_usart.o
                0x0000536c                USART_InitSync
 .text.USART_Reset
                0x00005438       0x98 ./emlib/src/em_usart.o
                0x00005438                USART_Reset
 .text.USART_Rx
                0x000054d0       0x28 ./emlib/src/em_usart.o
                0x000054d0                USART_Rx
 .text.USART_SpiTransfer
                0x000054f8       0x40 ./emlib/src/em_usart.o
                0x000054f8                USART_SpiTransfer
 .text.USART_Tx
                0x00005538       0x2c ./emlib/src/em_usart.o
                0x00005538                USART_Tx
 .text.disk_status
                0x00005564       0x44 ./fat_filesystem_src/diskio.o
                0x00005564                disk_status
 .text.disk_initialize
                0x000055a8       0x4c ./fat_filesystem_src/diskio.o
                0x000055a8                disk_initialize
 .text.disk_read
                0x000055f4       0x50 ./fat_filesystem_src/diskio.o
                0x000055f4                disk_read
 .text.disk_write
                0x00005644       0x50 ./fat_filesystem_src/diskio.o
                0x00005644                disk_write
 .text.disk_ioctl
                0x00005694       0x50 ./fat_filesystem_src/diskio.o
                0x00005694                disk_ioctl
 .text.ld_word  0x000056e4       0x30 ./fat_filesystem_src/ff.o
 .text.ld_dword
                0x00005714       0x48 ./fat_filesystem_src/ff.o
 .text.st_word  0x0000575c       0x34 ./fat_filesystem_src/ff.o
 .text.st_dword
                0x00005790       0x58 ./fat_filesystem_src/ff.o
 .text.mem_cpy  0x000057e8       0x40 ./fat_filesystem_src/ff.o
 .text.mem_set  0x00005828       0x34 ./fat_filesystem_src/ff.o
 .text.mem_cmp  0x0000585c       0x50 ./fat_filesystem_src/ff.o
 .text.chk_chr  0x000058ac       0x38 ./fat_filesystem_src/ff.o
 .text.sync_window
                0x000058e4       0x8c ./fat_filesystem_src/ff.o
 .text.move_window
                0x00005970       0x5c ./fat_filesystem_src/ff.o
 .text.sync_fs  0x000059cc       0xdc ./fat_filesystem_src/ff.o
 .text.clust2sect
                0x00005aa8       0x40 ./fat_filesystem_src/ff.o
 .text.get_fat  0x00005ae8      0x140 ./fat_filesystem_src/ff.o
 .text.put_fat  0x00005c28      0x1bc ./fat_filesystem_src/ff.o
 .text.remove_chain
                0x00005de4       0xc8 ./fat_filesystem_src/ff.o
 .text.create_chain
                0x00005eac      0x134 ./fat_filesystem_src/ff.o
 .text.dir_sdi  0x00005fe0       0xf4 ./fat_filesystem_src/ff.o
 .text.dir_next
                0x000060d4      0x188 ./fat_filesystem_src/ff.o
 .text.dir_alloc
                0x0000625c       0x90 ./fat_filesystem_src/ff.o
 .text.ld_clust
                0x000062ec       0x40 ./fat_filesystem_src/ff.o
 .text.st_clust
                0x0000632c       0x40 ./fat_filesystem_src/ff.o
 .text.dir_find
                0x0000636c       0xa8 ./fat_filesystem_src/ff.o
 .text.dir_register
                0x00006414       0x68 ./fat_filesystem_src/ff.o
 .text.create_name
                0x0000647c      0x1a0 ./fat_filesystem_src/ff.o
 .text.follow_path
                0x0000661c       0xdc ./fat_filesystem_src/ff.o
 .text.get_ldnumber
                0x000066f8       0x88 ./fat_filesystem_src/ff.o
 .text.check_fs
                0x00006780       0xa8 ./fat_filesystem_src/ff.o
 .text.find_volume
                0x00006828      0x474 ./fat_filesystem_src/ff.o
 .text.validate
                0x00006c9c       0x68 ./fat_filesystem_src/ff.o
 .text.f_mount  0x00006d04       0x88 ./fat_filesystem_src/ff.o
                0x00006d04                f_mount
 .text.f_open   0x00006d8c      0x320 ./fat_filesystem_src/ff.o
                0x00006d8c                f_open
 .text.f_write  0x000070ac      0x2d8 ./fat_filesystem_src/ff.o
                0x000070ac                f_write
 .text.f_sync   0x00007384      0x108 ./fat_filesystem_src/ff.o
                0x00007384                f_sync
 .text.f_close  0x0000748c       0x40 ./fat_filesystem_src/ff.o
                0x0000748c                f_close
 .text.putc_bfd
                0x000074cc       0x78 ./fat_filesystem_src/ff.o
 .text.putc_flush
                0x00007544       0x54 ./fat_filesystem_src/ff.o
 .text.putc_init
                0x00007598       0x28 ./fat_filesystem_src/ff.o
 .text.f_puts   0x000075c0       0x48 ./fat_filesystem_src/ff.o
                0x000075c0                f_puts
 .text.get_fattime
                0x00007608       0x14 ./fat_filesystem_src/ff.o
                0x00007608                get_fattime
 .text.fifo_rs232_init
                0x0000761c       0x48 ./fifo_buffers_src/fifo_rs232.o
                0x0000761c                fifo_rs232_init
 .text.fifo_rs232_is_empty
                0x00007664       0x4c ./fifo_buffers_src/fifo_rs232.o
                0x00007664                fifo_rs232_is_empty
 .text.fifo_rs232_is_full
                0x000076b0       0x50 ./fifo_buffers_src/fifo_rs232.o
                0x000076b0                fifo_rs232_is_full
 .text.fifo_rs232_remove
                0x00007700       0xbc ./fifo_buffers_src/fifo_rs232.o
                0x00007700                fifo_rs232_remove
 .text.fifo_rs232_add
                0x000077bc       0xb0 ./fifo_buffers_src/fifo_rs232.o
                0x000077bc                fifo_rs232_add
 .text.fifo_tbr_init
                0x0000786c       0x68 ./fifo_buffers_src/fifo_tbr.o
                0x0000786c                fifo_tbr_init
 .text.fifo_tbr_is_empty
                0x000078d4       0x6c ./fifo_buffers_src/fifo_tbr.o
                0x000078d4                fifo_tbr_is_empty
 .text.fifo_tbr_is_full
                0x00007940       0x6c ./fifo_buffers_src/fifo_tbr.o
                0x00007940                fifo_tbr_is_full
 .text.fifo_tbr_remove
                0x000079ac      0x108 ./fifo_buffers_src/fifo_tbr.o
                0x000079ac                fifo_tbr_remove
 .text.fifo_tbr_add
                0x00007ab4       0xf8 ./fifo_buffers_src/fifo_tbr.o
                0x00007ab4                fifo_tbr_add
 .text.debug_char
                0x00007bac       0x20 ./hal/debug.o
                0x00007bac                debug_char
 .text.debug_str
                0x00007bcc       0x28 ./hal/debug.o
                0x00007bcc                debug_str
 .text.NVIC_EnableIRQ
                0x00007bf4       0x30 ./hal/hal.o
 .text.NVIC_ClearPendingIRQ
                0x00007c24       0x34 ./hal/hal.o
 .text.NVIC_SystemReset
                0x00007c58       0x28 ./hal/hal.o
 .text.BUS_RegBitWrite
                0x00007c80       0x2c ./hal/hal.o
 .text.GPIO_IntClear
                0x00007cac       0x20 ./hal/hal.o
 .text.GPIO_IntGetEnabled
                0x00007ccc       0x28 ./hal/hal.o
 .text.GPIO_PinOutSet
                0x00007cf4       0x58 ./hal/hal.o
 .text.GPIO_IntConfig
                0x00007d4c       0x38 ./hal/hal.o
 .text.RTC_CounterGet
                0x00007d84       0x18 ./hal/hal.o
 .text.RTC_IntClear
                0x00007d9c       0x1c ./hal/hal.o
 .text.RTC_IntDisable
                0x00007db8       0x24 ./hal/hal.o
 .text.RTC_IntEnable
                0x00007ddc       0x24 ./hal/hal.o
 .text.RTC_IntGet
                0x00007e00       0x18 ./hal/hal.o
 .text.EMU_EnterEM1
                0x00007e18       0x20 ./hal/hal.o
 .text.BURTC_IntClear
                0x00007e38       0x1c ./hal/hal.o
 .text.BURTC_IntDisable
                0x00007e54       0x24 ./hal/hal.o
 .text.BURTC_IntEnable
                0x00007e78       0x24 ./hal/hal.o
 .text.BURTC_IntGet
                0x00007e9c       0x18 ./hal/hal.o
 .text.BURTC_Enable
                0x00007eb4       0x50 ./hal/hal.o
 .text.LETIMER_CounterGet
                0x00007f04       0x18 ./hal/hal.o
 .text.BURTC_IRQHandler
                0x00007f1c       0xe8 ./hal/hal.o
                0x00007f1c                BURTC_IRQHandler
 .text.time_manager_init
                0x00008004       0xec ./hal/hal.o
                0x00008004                time_manager_init
 .text.time_manager_unixTimestamp
                0x000080f0      0x118 ./hal/hal.o
                0x000080f0                time_manager_unixTimestamp
 .text.time_manager_get_cmd
                0x00008208       0x18 ./hal/hal.o
                0x00008208                time_manager_get_cmd
 .text.GPIO_EVEN_IRQHandler
                0x00008220      0x110 ./hal/hal.o
                0x00008220                GPIO_EVEN_IRQHandler
 .text.GPIO_ODD_IRQHandler
                0x00008330       0x2c ./hal/hal.o
                0x00008330                GPIO_ODD_IRQHandler
 .text.hal_io_init
                0x0000835c       0xbc ./hal/hal.o
 .text.hal_pin_rxtx
                0x00008418       0x14 ./hal/hal.o
                0x00008418                hal_pin_rxtx
 .text.hal_pin_nss
                0x0000842c       0x24 ./hal/hal.o
                0x0000842c                hal_pin_nss
 .text.hal_pin_rst
                0x00008450       0x18 ./hal/hal.o
                0x00008450                hal_pin_rst
 .text.hal_spi_init
                0x00008468       0x10 ./hal/hal.o
 .text.hal_spi  0x00008478       0x24 ./hal/hal.o
                0x00008478                hal_spi
 .text.RTC_IRQHandler
                0x0000849c       0x34 ./hal/hal.o
                0x0000849c                RTC_IRQHandler
 .text.hal_time_init
                0x000084d0       0x84 ./hal/hal.o
 .text.hal_ticks
                0x00008554       0x4c ./hal/hal.o
                0x00008554                hal_ticks
 .text.deltaticks
                0x000085a0       0x3c ./hal/hal.o
 .text.hal_waitUntil
                0x000085dc       0x1c ./hal/hal.o
                0x000085dc                hal_waitUntil
 .text.hal_checkTimer
                0x000085f8       0x4c ./hal/hal.o
                0x000085f8                hal_checkTimer
 .text.hal_disableIRQs
                0x00008644       0x40 ./hal/hal.o
                0x00008644                hal_disableIRQs
 .text.hal_enableIRQs
                0x00008684       0x38 ./hal/hal.o
                0x00008684                hal_enableIRQs
 .text.hal_sleep
                0x000086bc        0xc ./hal/hal.o
                0x000086bc                hal_sleep
 .text.hal_init
                0x000086c8       0x28 ./hal/hal.o
                0x000086c8                hal_init
 .text.hal_failed
                0x000086f0       0x74 ./hal/hal.o
                0x000086f0                hal_failed
 .text.aesroundkeys
                0x00008764       0xf4 ./lmic/aes.o
 .text.os_aes   0x00008858      0x99c ./lmic/aes.o
                0x00008858                os_aes
 .text.getSf    0x000091f4       0x20 ./lmic/lmic.o
                0x000091f4                getSf
 .text.getBw    0x00009214       0x24 ./lmic/lmic.o
                0x00009214                getBw
 .text.getCr    0x00009238       0x24 ./lmic/lmic.o
                0x00009238                getCr
 .text.setCr    0x0000925c       0x30 ./lmic/lmic.o
                0x0000925c                setCr
 .text.getNocrc
                0x0000928c       0x20 ./lmic/lmic.o
                0x0000928c                getNocrc
 .text.setNocrc
                0x000092ac       0x2c ./lmic/lmic.o
                0x000092ac                setNocrc
 .text.getIh    0x000092d8       0x20 ./lmic/lmic.o
                0x000092d8                getIh
 .text.updr2rps
                0x000092f8       0x24 ./lmic/lmic.o
                0x000092f8                updr2rps
 .text.dndr2rps
                0x0000931c       0x28 ./lmic/lmic.o
                0x0000931c                dndr2rps
 .text.decDR    0x00009344       0x30 ./lmic/lmic.o
                0x00009344                decDR
 .text.validDR  0x00009374       0x2c ./lmic/lmic.o
                0x00009374                validDR
 .text.lowerDR  0x000093a0       0x34 ./lmic/lmic.o
                0x000093a0                lowerDR
 .text.os_rlsbf2
                0x000093d4       0x2c ./lmic/lmic.o
                0x000093d4                os_rlsbf2
 .text.os_rlsbf4
                0x00009400       0x3c ./lmic/lmic.o
                0x00009400                os_rlsbf4
 .text.os_rmsbf4
                0x0000943c       0x3c ./lmic/lmic.o
                0x0000943c                os_rmsbf4
 .text.os_wlsbf2
                0x00009478       0x2c ./lmic/lmic.o
                0x00009478                os_wlsbf2
 .text.os_wlsbf4
                0x000094a4       0x40 ./lmic/lmic.o
                0x000094a4                os_wlsbf4
 .text.os_wmsbf4
                0x000094e4       0x40 ./lmic/lmic.o
                0x000094e4                os_wmsbf4
 .text.os_getBattLevel
                0x00009524       0x10 ./lmic/lmic.o
                0x00009524                os_getBattLevel
 .text.micB0    0x00009534       0x60 ./lmic/lmic.o
 .text.aes_verifyMic
                0x00009594       0x58 ./lmic/lmic.o
 .text.aes_appendMic
                0x000095ec       0x4c ./lmic/lmic.o
 .text.aes_appendMic0
                0x00009638       0x38 ./lmic/lmic.o
 .text.aes_verifyMic0
                0x00009670       0x44 ./lmic/lmic.o
 .text.aes_encrypt
                0x000096b4       0x28 ./lmic/lmic.o
 .text.aes_cipher
                0x000096dc       0x84 ./lmic/lmic.o
 .text.aes_sessKeys
                0x00009760       0x78 ./lmic/lmic.o
 .text.getSensitivity
                0x000097d8       0x40 ./lmic/lmic.o
                0x000097d8                getSensitivity
 .text.calcAirTime
                0x00009818      0x124 ./lmic/lmic.o
                0x00009818                calcAirTime
 .text.rndDelay
                0x0000993c       0x64 ./lmic/lmic.o
 .text.txDelay  0x000099a0       0x58 ./lmic/lmic.o
 .text.setDrJoin
                0x000099f8       0x28 ./lmic/lmic.o
 .text.setDrTxpow
                0x00009a20       0x58 ./lmic/lmic.o
 .text.initDefaultChannels
                0x00009a78      0x120 ./lmic/lmic.o
 .text.LMIC_setupBand
                0x00009b98       0x5c ./lmic/lmic.o
                0x00009b98                LMIC_setupBand
 .text.LMIC_setupChannel
                0x00009bf4       0xf8 ./lmic/lmic.o
                0x00009bf4                LMIC_setupChannel
 .text.LMIC_disableChannel
                0x00009cec       0x54 ./lmic/lmic.o
                0x00009cec                LMIC_disableChannel
 .text.convFreq
                0x00009d40       0x44 ./lmic/lmic.o
 .text.mapChannels
                0x00009d84       0x90 ./lmic/lmic.o
 .text.updateTx
                0x00009e14       0x90 ./lmic/lmic.o
 .text.nextTx   0x00009ea4      0x138 ./lmic/lmic.o
 .text.initJoinLoop
                0x00009fdc       0x6c ./lmic/lmic.o
 .text.nextJoinState
                0x0000a048       0xcc ./lmic/lmic.o
 .text.runEngineUpdate
                0x0000a114       0x14 ./lmic/lmic.o
 .text.reportEvent
                0x0000a128       0x1c ./lmic/lmic.o
 .text.runReset
                0x0000a144       0x1c ./lmic/lmic.o
 .text.stateJustJoined
                0x0000a160       0xb0 ./lmic/lmic.o
 .text.decodeFrame
                0x0000a210      0x57c ./lmic/lmic.o
 .text.setupRx2
                0x0000a78c       0x40 ./lmic/lmic.o
 .text.schedRx2
                0x0000a7cc       0x50 ./lmic/lmic.o
 .text.setupRx1
                0x0000a81c       0x44 ./lmic/lmic.o
 .text.txDone   0x0000a860       0x70 ./lmic/lmic.o
 .text.onJoinFailed
                0x0000a8d0       0x14 ./lmic/lmic.o
 .text.processJoinAccept
                0x0000a8e4      0x25c ./lmic/lmic.o
 .text.processRx2Jacc
                0x0000ab40       0x28 ./lmic/lmic.o
 .text.setupRx2Jacc
                0x0000ab68       0x20 ./lmic/lmic.o
 .text.processRx1Jacc
                0x0000ab88       0x34 ./lmic/lmic.o
 .text.setupRx1Jacc
                0x0000abbc       0x18 ./lmic/lmic.o
 .text.jreqDone
                0x0000abd4       0x1c ./lmic/lmic.o
 .text.processRx2DnDataDelay
                0x0000abf0       0x14 ./lmic/lmic.o
 .text.processRx2DnData
                0x0000ac04       0x50 ./lmic/lmic.o
 .text.setupRx2DnData
                0x0000ac54       0x20 ./lmic/lmic.o
 .text.processRx1DnData
                0x0000ac74       0x34 ./lmic/lmic.o
 .text.setupRx1DnData
                0x0000aca8       0x18 ./lmic/lmic.o
 .text.updataDone
                0x0000acc0       0x1c ./lmic/lmic.o
 .text.buildDataFrame
                0x0000acdc      0x330 ./lmic/lmic.o
 .text.buildJoinRequest
                0x0000b00c       0x6c ./lmic/lmic.o
 .text.startJoining
                0x0000b078       0x14 ./lmic/lmic.o
 .text.LMIC_startJoining
                0x0000b08c       0x94 ./lmic/lmic.o
                0x0000b08c                LMIC_startJoining
 .text.processDnData
                0x0000b120      0x1a0 ./lmic/lmic.o
 .text.engineUpdate
                0x0000b2c0      0x214 ./lmic/lmic.o
 .text.LMIC_setAdrMode
                0x0000b4d4       0x2c ./lmic/lmic.o
                0x0000b4d4                LMIC_setAdrMode
 .text.LMIC_setDrTxpow
                0x0000b500       0x28 ./lmic/lmic.o
                0x0000b500                LMIC_setDrTxpow
 .text.LMIC_reset
                0x0000b528       0x74 ./lmic/lmic.o
                0x0000b528                LMIC_reset
 .text.LMIC_init
                0x0000b59c       0x18 ./lmic/lmic.o
                0x0000b59c                LMIC_init
 .text.LMIC_setTxData
                0x0000b5b4       0x38 ./lmic/lmic.o
                0x0000b5b4                LMIC_setTxData
 .text.LMIC_setTxData2
                0x0000b5ec       0x64 ./lmic/lmic.o
                0x0000b5ec                LMIC_setTxData2
 .text.os_init  0x0000b650       0x20 ./lmic/oslmic.o
                0x0000b650                os_init
 .text.os_getTime
                0x0000b670       0x10 ./lmic/oslmic.o
                0x0000b670                os_getTime
 .text.unlinkjob
                0x0000b680       0x40 ./lmic/oslmic.o
 .text.os_clearCallback
                0x0000b6c0       0x3c ./lmic/oslmic.o
                0x0000b6c0                os_clearCallback
 .text.os_setCallback
                0x0000b6fc       0x48 ./lmic/oslmic.o
                0x0000b6fc                os_setCallback
 .text.os_setTimedCallback
                0x0000b744       0x68 ./lmic/oslmic.o
                0x0000b744                os_setTimedCallback
 .text.os_runloop
                0x0000b7ac       0x6c ./lmic/oslmic.o
                0x0000b7ac                os_runloop
 .text.writeReg
                0x0000b818       0x38 ./lmic/radio.o
 .text.readReg  0x0000b850       0x38 ./lmic/radio.o
 .text.writeBuf
                0x0000b888       0x54 ./lmic/radio.o
 .text.readBuf  0x0000b8dc       0x54 ./lmic/radio.o
 .text.opmode   0x0000b930       0x30 ./lmic/radio.o
 .text.opmodeLora
                0x0000b960       0x24 ./lmic/radio.o
 .text.opmodeFSK
                0x0000b984       0x24 ./lmic/radio.o
 .text.configLoraModem
                0x0000b9a8      0x150 ./lmic/radio.o
 .text.configChannel
                0x0000baf8       0x7c ./lmic/radio.o
 .text.configPower
                0x0000bb74       0x60 ./lmic/radio.o
 .text.txfsk    0x0000bbd4       0xd8 ./lmic/radio.o
 .text.txlora   0x0000bcac       0xb4 ./lmic/radio.o
 .text.starttx  0x0000bd60       0x38 ./lmic/radio.o
 .text.rxlora   0x0000bd98       0xd8 ./lmic/radio.o
 .text.rxfsk    0x0000be70       0xe0 ./lmic/radio.o
 .text.startrx  0x0000bf50       0x4c ./lmic/radio.o
 .text.radio_init
                0x0000bf9c      0x16c ./lmic/radio.o
                0x0000bf9c                radio_init
 .text.radio_rand1
                0x0000c108       0x4c ./lmic/radio.o
                0x0000c108                radio_rand1
 .text.radio_irq_handler
                0x0000c154      0x1ac ./lmic/radio.o
                0x0000c154                radio_irq_handler
 .text.os_radio
                0x0000c300       0x54 ./lmic/radio.o
                0x0000c300                os_radio
 .text.log_file_sys_setup
                0x0000c354       0xfc ./resource managers_src/app_manager.o
                0x0000c354                log_file_sys_setup
 .text.tbr_cmd_update_rgb_led
                0x0000c450       0x50 ./resource managers_src/app_manager.o
                0x0000c450                tbr_cmd_update_rgb_led
 .text.nmea0183_checksum
                0x0000c4a0       0x44 ./resource managers_src/app_manager.o
                0x0000c4a0                nmea0183_checksum
 .text.append_gps_status
                0x0000c4e4      0x3c8 ./resource managers_src/app_manager.o
                0x0000c4e4                append_gps_status
 .text.app_manager_init
                0x0000c8ac      0x168 ./resource managers_src/app_manager.o
                0x0000c8ac                app_manager_init
 .text.app_manager_tbr_synch_msg
                0x0000ca14      0x190 ./resource managers_src/app_manager.o
                0x0000ca14                app_manager_tbr_synch_msg
 .text.app_manager_get_lora_buffer
                0x0000cba4       0x64 ./resource managers_src/app_manager.o
                0x0000cba4                app_manager_get_lora_buffer
 .text.debug_file_sys_setup
                0x0000cc08       0xdc ./resource managers_src/app_manager.o
                0x0000cc08                debug_file_sys_setup
 .text.os_getArtEui
                0x0000cce4       0x1c ./resource managers_src/lpwan_manager.o
                0x0000cce4                os_getArtEui
 .text.os_getDevEui
                0x0000cd00       0x1c ./resource managers_src/lpwan_manager.o
                0x0000cd00                os_getDevEui
 .text.os_getDevKey
                0x0000cd1c       0x1c ./resource managers_src/lpwan_manager.o
                0x0000cd1c                os_getDevKey
 .text.lora_tx_function
                0x0000cd38       0x34 ./resource managers_src/lpwan_manager.o
 .text.setup_channel
                0x0000cd6c       0x60 ./resource managers_src/lpwan_manager.o
 .text.init_funct
                0x0000cdcc       0x18 ./resource managers_src/lpwan_manager.o
 .text.app_funct
                0x0000cde4      0x1a8 ./resource managers_src/lpwan_manager.o
 .text.lpwan_init
                0x0000cf8c       0x28 ./resource managers_src/lpwan_manager.o
                0x0000cf8c                lpwan_init
 .text.onEvent  0x0000cfb4      0x1a8 ./resource managers_src/lpwan_manager.o
                0x0000cfb4                onEvent
 .text.debug_function
                0x0000d15c       0x18 ./resource managers_src/lpwan_manager.o
                0x0000d15c                debug_function
 .text.SYSTEM_GetProdRev
                0x0000d174       0x1c ./src/main.o
 .text.CHIP_Init
                0x0000d190       0x3c ./src/main.o
 .text.main     0x0000d1cc       0x6c ./src/main.o
                0x0000d1cc                main
 .text          0x0000d238      0x370 c:/siliconlabs/simplicitystudio/v4/developer/toolchains/gnu_arm/4.9_2015q3/bin/../lib/gcc/arm-none-eabi/4.9.3/armv7-m\libgcc.a(_arm_addsubdf3.o)
                0x0000d238                __aeabi_drsub
                0x0000d240                __aeabi_dsub
                0x0000d240                __subdf3
                0x0000d244                __aeabi_dadd
                0x0000d244                __adddf3
                0x0000d4bc                __floatunsidf
                0x0000d4bc                __aeabi_ui2d
                0x0000d4dc                __floatsidf
                0x0000d4dc                __aeabi_i2d
                0x0000d500                __aeabi_f2d
                0x0000d500                __extendsfdf2
                0x0000d53c                __floatundidf
                0x0000d53c                __aeabi_ul2d
                0x0000d54c                __floatdidf
                0x0000d54c                __aeabi_l2d
 .text          0x0000d5a8      0x21c c:/siliconlabs/simplicitystudio/v4/developer/toolchains/gnu_arm/4.9_2015q3/bin/../lib/gcc/arm-none-eabi/4.9.3/armv7-m\libgcc.a(_arm_addsubsf3.o)
                0x0000d5a8                __aeabi_frsub
                0x0000d5b0                __subsf3
                0x0000d5b0                __aeabi_fsub
                0x0000d5b4                __aeabi_fadd
                0x0000d5b4                __addsf3
                0x0000d714                __aeabi_ui2f
                0x0000d714                __floatunsisf
                0x0000d71c                __aeabi_i2f
                0x0000d71c                __floatsisf
                0x0000d738                __aeabi_ul2f
                0x0000d738                __floatundisf
                0x0000d748                __aeabi_l2f
                0x0000d748                __floatdisf
 .text          0x0000d7c4      0x2a0 c:/siliconlabs/simplicitystudio/v4/developer/toolchains/gnu_arm/4.9_2015q3/bin/../lib/gcc/arm-none-eabi/4.9.3/armv7-m\libgcc.a(_arm_muldivsf3.o)
                0x0000d7c4                __mulsf3
                0x0000d7c4                __aeabi_fmul
                0x0000d92c                __aeabi_fdiv
                0x0000d92c                __divsf3
 .text          0x0000da64       0xec c:/siliconlabs/simplicitystudio/v4/developer/toolchains/gnu_arm/4.9_2015q3/bin/../lib/gcc/arm-none-eabi/4.9.3/armv7-m\libgcc.a(_arm_cmpsf2.o)
                0x0000da64                __gesf2
                0x0000da64                __gtsf2
                0x0000da6c                __lesf2
                0x0000da6c                __ltsf2
                0x0000da74                __nesf2
                0x0000da74                __eqsf2
                0x0000da74                __cmpsf2
                0x0000dad4                __aeabi_cfrcmple
                0x0000dadc                __aeabi_cfcmpeq
                0x0000dadc                __aeabi_cfcmple
                0x0000daec                __aeabi_fcmpeq
                0x0000db00                __aeabi_fcmplt
                0x0000db14                __aeabi_fcmple
                0x0000db28                __aeabi_fcmpge
                0x0000db3c                __aeabi_fcmpgt
 .text          0x0000db50       0x4c c:/siliconlabs/simplicitystudio/v4/developer/toolchains/gnu_arm/4.9_2015q3/bin/../lib/gcc/arm-none-eabi/4.9.3/armv7-m\libgcc.a(_arm_fixsfsi.o)
                0x0000db50                __aeabi_f2iz
                0x0000db50                __fixsfsi
 .text          0x0000db9c       0x30 c:/siliconlabs/simplicitystudio/v4/developer/toolchains/gnu_arm/4.9_2015q3/bin/../lib/gcc/arm-none-eabi/4.9.3/armv7-m\libgcc.a(_aeabi_uldivmod.o)
                0x0000db9c                __aeabi_uldivmod
 .text          0x0000dbcc       0x60 c:/siliconlabs/simplicitystudio/v4/developer/toolchains/gnu_arm/4.9_2015q3/bin/../lib/gcc/arm-none-eabi/4.9.3/armv7-m\libgcc.a(bpabi.o)
                0x0000dbcc                __gnu_ldivmod_helper
                0x0000dbfc                __gnu_uldivmod_helper
 .text          0x0000dc2c        0x4 c:/siliconlabs/simplicitystudio/v4/developer/toolchains/gnu_arm/4.9_2015q3/bin/../lib/gcc/arm-none-eabi/4.9.3/armv7-m\libgcc.a(_dvmd_tls.o)
                0x0000dc2c                __aeabi_idiv0
                0x0000dc2c                __aeabi_ldiv0
 .text          0x0000dc30      0x2ac c:/siliconlabs/simplicitystudio/v4/developer/toolchains/gnu_arm/4.9_2015q3/bin/../lib/gcc/arm-none-eabi/4.9.3/armv7-m\libgcc.a(_divdi3.o)
                0x0000dc30                __divdi3
 .text          0x0000dedc      0x270 c:/siliconlabs/simplicitystudio/v4/developer/toolchains/gnu_arm/4.9_2015q3/bin/../lib/gcc/arm-none-eabi/4.9.3/armv7-m\libgcc.a(_udivdi3.o)
                0x0000dedc                __udivdi3
 .text.exit     0x0000e14c       0x28 c:/siliconlabs/simplicitystudio/v4/developer/toolchains/gnu_arm/4.9_2015q3/bin/../lib/gcc/arm-none-eabi/4.9.3/../../../../arm-none-eabi/lib/armv7-m\libc_nano.a(lib_a-exit.o)
                0x0000e14c                exit
 .text.__libc_init_array
                0x0000e174       0x4c c:/siliconlabs/simplicitystudio/v4/developer/toolchains/gnu_arm/4.9_2015q3/bin/../lib/gcc/arm-none-eabi/4.9.3/../../../../arm-none-eabi/lib/armv7-m\libc_nano.a(lib_a-init.o)
                0x0000e174                __libc_init_array
 .text.memcpy   0x0000e1c0       0x16 c:/siliconlabs/simplicitystudio/v4/developer/toolchains/gnu_arm/4.9_2015q3/bin/../lib/gcc/arm-none-eabi/4.9.3/../../../../arm-none-eabi/lib/armv7-m\libc_nano.a(lib_a-memcpy.o)
                0x0000e1c0                memcpy
 .text.memset   0x0000e1d6       0x10 c:/siliconlabs/simplicitystudio/v4/developer/toolchains/gnu_arm/4.9_2015q3/bin/../lib/gcc/arm-none-eabi/4.9.3/../../../../arm-none-eabi/lib/armv7-m\libc_nano.a(lib_a-memset.o)
                0x0000e1d6                memset
 .text.__cvt    0x0000e1e6       0xbc c:/siliconlabs/simplicitystudio/v4/developer/toolchains/gnu_arm/4.9_2015q3/bin/../lib/gcc/arm-none-eabi/4.9.3/../../../../arm-none-eabi/lib/armv7-m\libc_nano.a(lib_a-nano-vfprintf_float.o)
                0x0000e1e6                __cvt
 .text.__exponent
                0x0000e2a2       0x62 c:/siliconlabs/simplicitystudio/v4/developer/toolchains/gnu_arm/4.9_2015q3/bin/../lib/gcc/arm-none-eabi/4.9.3/../../../../arm-none-eabi/lib/armv7-m\libc_nano.a(lib_a-nano-vfprintf_float.o)
                0x0000e2a2                __exponent
 .text._printf_float
                0x0000e304      0x48c c:/siliconlabs/simplicitystudio/v4/developer/toolchains/gnu_arm/4.9_2015q3/bin/../lib/gcc/arm-none-eabi/4.9.3/../../../../arm-none-eabi/lib/armv7-m\libc_nano.a(lib_a-nano-vfprintf_float.o)
                0x0000e304                _printf_float
 .text._printf_common
                0x0000e790       0xea c:/siliconlabs/simplicitystudio/v4/developer/toolchains/gnu_arm/4.9_2015q3/bin/../lib/gcc/arm-none-eabi/4.9.3/../../../../arm-none-eabi/lib/armv7-m\libc_nano.a(lib_a-nano-vfprintf_i.o)
                0x0000e790                _printf_common
 *fill*         0x0000e87a        0x2 
 .text._printf_i
                0x0000e87c      0x240 c:/siliconlabs/simplicitystudio/v4/developer/toolchains/gnu_arm/4.9_2015q3/bin/../lib/gcc/arm-none-eabi/4.9.3/../../../../arm-none-eabi/lib/armv7-m\libc_nano.a(lib_a-nano-vfprintf_i.o)
                0x0000e87c                _printf_i
 .text.__fpclassifyd
                0x0000eabc       0x50 c:/siliconlabs/simplicitystudio/v4/developer/toolchains/gnu_arm/4.9_2015q3/bin/../lib/gcc/arm-none-eabi/4.9.3/../../../../arm-none-eabi/lib/armv7-m\libc_nano.a(lib_a-s_fpclassify.o)
                0x0000eabc                __fpclassifyd
 .text.sprintf  0x0000eb0c       0x48 c:/siliconlabs/simplicitystudio/v4/developer/toolchains/gnu_arm/4.9_2015q3/bin/../lib/gcc/arm-none-eabi/4.9.3/../../../../arm-none-eabi/lib/armv7-m\libc_nano.a(lib_a-sprintf.o)
                0x0000eb0c                siprintf
                0x0000eb0c                sprintf
 .text.strchr   0x0000eb54       0x1c c:/siliconlabs/simplicitystudio/v4/developer/toolchains/gnu_arm/4.9_2015q3/bin/../lib/gcc/arm-none-eabi/4.9.3/../../../../arm-none-eabi/lib/armv7-m\libc_nano.a(lib_a-strchr.o)
                0x0000eb54                strchr
 .text.strlen   0x0000eb70       0x10 c:/siliconlabs/simplicitystudio/v4/developer/toolchains/gnu_arm/4.9_2015q3/bin/../lib/gcc/arm-none-eabi/4.9.3/../../../../arm-none-eabi/lib/armv7-m\libc_nano.a(lib_a-strlen.o)
                0x0000eb70                strlen
 .text.strncmp  0x0000eb80       0x32 c:/siliconlabs/simplicitystudio/v4/developer/toolchains/gnu_arm/4.9_2015q3/bin/../lib/gcc/arm-none-eabi/4.9.3/../../../../arm-none-eabi/lib/armv7-m\libc_nano.a(lib_a-strncmp.o)
                0x0000eb80                strncmp
 .text.strstr   0x0000ebb2       0x30 c:/siliconlabs/simplicitystudio/v4/developer/toolchains/gnu_arm/4.9_2015q3/bin/../lib/gcc/arm-none-eabi/4.9.3/../../../../arm-none-eabi/lib/armv7-m\libc_nano.a(lib_a-strstr.o)
                0x0000ebb2                strstr
 *fill*         0x0000ebe2        0x2 
 .text.strtok   0x0000ebe4       0x64 c:/siliconlabs/simplicitystudio/v4/developer/toolchains/gnu_arm/4.9_2015q3/bin/../lib/gcc/arm-none-eabi/4.9.3/../../../../arm-none-eabi/lib/armv7-m\libc_nano.a(lib_a-strtok.o)
                0x0000ebe4                strtok
 .text.__strtok_r
                0x0000ec48       0x56 c:/siliconlabs/simplicitystudio/v4/developer/toolchains/gnu_arm/4.9_2015q3/bin/../lib/gcc/arm-none-eabi/4.9.3/../../../../arm-none-eabi/lib/armv7-m\libc_nano.a(lib_a-strtok_r.o)
                0x0000ec48                __strtok_r
 *fill*         0x0000ec9e        0x2 
 .text._strtoul_r
                0x0000eca0       0xf8 c:/siliconlabs/simplicitystudio/v4/developer/toolchains/gnu_arm/4.9_2015q3/bin/../lib/gcc/arm-none-eabi/4.9.3/../../../../arm-none-eabi/lib/armv7-m\libc_nano.a(lib_a-strtoul.o)
                0x0000eca0                _strtoul_r
 .text.strtoul  0x0000ed98       0x1c c:/siliconlabs/simplicitystudio/v4/developer/toolchains/gnu_arm/4.9_2015q3/bin/../lib/gcc/arm-none-eabi/4.9.3/../../../../arm-none-eabi/lib/armv7-m\libc_nano.a(lib_a-strtoul.o)
                0x0000ed98                strtoul
 .text.quorem   0x0000edb4      0x114 c:/siliconlabs/simplicitystudio/v4/developer/toolchains/gnu_arm/4.9_2015q3/bin/../lib/gcc/arm-none-eabi/4.9.3/../../../../arm-none-eabi/lib/armv7-m\libc_nano.a(lib_a-dtoa.o)
 .text._dtoa_r  0x0000eec8      0xb74 c:/siliconlabs/simplicitystudio/v4/developer/toolchains/gnu_arm/4.9_2015q3/bin/../lib/gcc/arm-none-eabi/4.9.3/../../../../arm-none-eabi/lib/armv7-m\libc_nano.a(lib_a-dtoa.o)
                0x0000eec8                _dtoa_r
 .text._localeconv_r
                0x0000fa3c        0x8 c:/siliconlabs/simplicitystudio/v4/developer/toolchains/gnu_arm/4.9_2015q3/bin/../lib/gcc/arm-none-eabi/4.9.3/../../../../arm-none-eabi/lib/armv7-m\libc_nano.a(lib_a-locale.o)
                0x0000fa3c                _localeconv_r
 .text.malloc   0x0000fa44       0x10 c:/siliconlabs/simplicitystudio/v4/developer/toolchains/gnu_arm/4.9_2015q3/bin/../lib/gcc/arm-none-eabi/4.9.3/../../../../arm-none-eabi/lib/armv7-m\libc_nano.a(lib_a-malloc.o)
                0x0000fa44                malloc
 .text.memchr   0x0000fa54       0x1c c:/siliconlabs/simplicitystudio/v4/developer/toolchains/gnu_arm/4.9_2015q3/bin/../lib/gcc/arm-none-eabi/4.9.3/../../../../arm-none-eabi/lib/armv7-m\libc_nano.a(lib_a-memchr.o)
                0x0000fa54                memchr
 .text._Balloc  0x0000fa70       0x6a c:/siliconlabs/simplicitystudio/v4/developer/toolchains/gnu_arm/4.9_2015q3/bin/../lib/gcc/arm-none-eabi/4.9.3/../../../../arm-none-eabi/lib/armv7-m\libc_nano.a(lib_a-mprec.o)
                0x0000fa70                _Balloc
 .text._Bfree   0x0000fada       0x2e c:/siliconlabs/simplicitystudio/v4/developer/toolchains/gnu_arm/4.9_2015q3/bin/../lib/gcc/arm-none-eabi/4.9.3/../../../../arm-none-eabi/lib/armv7-m\libc_nano.a(lib_a-mprec.o)
                0x0000fada                _Bfree
 .text.__multadd
                0x0000fb08       0x7c c:/siliconlabs/simplicitystudio/v4/developer/toolchains/gnu_arm/4.9_2015q3/bin/../lib/gcc/arm-none-eabi/4.9.3/../../../../arm-none-eabi/lib/armv7-m\libc_nano.a(lib_a-mprec.o)
                0x0000fb08                __multadd
 .text.__hi0bits
                0x0000fb84       0x40 c:/siliconlabs/simplicitystudio/v4/developer/toolchains/gnu_arm/4.9_2015q3/bin/../lib/gcc/arm-none-eabi/4.9.3/../../../../arm-none-eabi/lib/armv7-m\libc_nano.a(lib_a-mprec.o)
                0x0000fb84                __hi0bits
 .text.__lo0bits
                0x0000fbc4       0x5a c:/siliconlabs/simplicitystudio/v4/developer/toolchains/gnu_arm/4.9_2015q3/bin/../lib/gcc/arm-none-eabi/4.9.3/../../../../arm-none-eabi/lib/armv7-m\libc_nano.a(lib_a-mprec.o)
                0x0000fbc4                __lo0bits
 .text.__i2b    0x0000fc1e       0x12 c:/siliconlabs/simplicitystudio/v4/developer/toolchains/gnu_arm/4.9_2015q3/bin/../lib/gcc/arm-none-eabi/4.9.3/../../../../arm-none-eabi/lib/armv7-m\libc_nano.a(lib_a-mprec.o)
                0x0000fc1e                __i2b
 .text.__multiply
                0x0000fc30      0x120 c:/siliconlabs/simplicitystudio/v4/developer/toolchains/gnu_arm/4.9_2015q3/bin/../lib/gcc/arm-none-eabi/4.9.3/../../../../arm-none-eabi/lib/armv7-m\libc_nano.a(lib_a-mprec.o)
                0x0000fc30                __multiply
 .text.__pow5mult
                0x0000fd50       0x9c c:/siliconlabs/simplicitystudio/v4/developer/toolchains/gnu_arm/4.9_2015q3/bin/../lib/gcc/arm-none-eabi/4.9.3/../../../../arm-none-eabi/lib/armv7-m\libc_nano.a(lib_a-mprec.o)
                0x0000fd50                __pow5mult
 .text.__lshift
                0x0000fdec       0xa6 c:/siliconlabs/simplicitystudio/v4/developer/toolchains/gnu_arm/4.9_2015q3/bin/../lib/gcc/arm-none-eabi/4.9.3/../../../../arm-none-eabi/lib/armv7-m\libc_nano.a(lib_a-mprec.o)
                0x0000fdec                __lshift
 .text.__mcmp   0x0000fe92       0x38 c:/siliconlabs/simplicitystudio/v4/developer/toolchains/gnu_arm/4.9_2015q3/bin/../lib/gcc/arm-none-eabi/4.9.3/../../../../arm-none-eabi/lib/armv7-m\libc_nano.a(lib_a-mprec.o)
                0x0000fe92                __mcmp
 .text.__mdiff  0x0000feca       0xbe c:/siliconlabs/simplicitystudio/v4/developer/toolchains/gnu_arm/4.9_2015q3/bin/../lib/gcc/arm-none-eabi/4.9.3/../../../../arm-none-eabi/lib/armv7-m\libc_nano.a(lib_a-mprec.o)
                0x0000feca                __mdiff
 .text.__d2b    0x0000ff88       0xa4 c:/siliconlabs/simplicitystudio/v4/developer/toolchains/gnu_arm/4.9_2015q3/bin/../lib/gcc/arm-none-eabi/4.9.3/../../../../arm-none-eabi/lib/armv7-m\libc_nano.a(lib_a-mprec.o)
                0x0000ff88                __d2b
 .text._calloc_r
                0x0001002c       0x1c c:/siliconlabs/simplicitystudio/v4/developer/toolchains/gnu_arm/4.9_2015q3/bin/../lib/gcc/arm-none-eabi/4.9.3/../../../../arm-none-eabi/lib/armv7-m\libc_nano.a(lib_a-nano-callocr.o)
                0x0001002c                _calloc_r
 .text._free_r  0x00010048       0x88 c:/siliconlabs/simplicitystudio/v4/developer/toolchains/gnu_arm/4.9_2015q3/bin/../lib/gcc/arm-none-eabi/4.9.3/../../../../arm-none-eabi/lib/armv7-m\libc_nano.a(lib_a-nano-freer.o)
                0x00010048                _free_r
 .text._malloc_r
                0x000100d0       0xac c:/siliconlabs/simplicitystudio/v4/developer/toolchains/gnu_arm/4.9_2015q3/bin/../lib/gcc/arm-none-eabi/4.9.3/../../../../arm-none-eabi/lib/armv7-m\libc_nano.a(lib_a-nano-mallocr.o)
                0x000100d0                _malloc_r
 .text.__ssputs_r
                0x0001017c       0xb2 c:/siliconlabs/simplicitystudio/v4/developer/toolchains/gnu_arm/4.9_2015q3/bin/../lib/gcc/arm-none-eabi/4.9.3/../../../../arm-none-eabi/lib/armv7-m\libc_nano.a(lib_a-nano-svfprintf.o)
                0x0001017c                __ssputs_r
 *fill*         0x0001022e        0x2 
 .text._svfprintf_r
                0x00010230      0x1e4 c:/siliconlabs/simplicitystudio/v4/developer/toolchains/gnu_arm/4.9_2015q3/bin/../lib/gcc/arm-none-eabi/4.9.3/../../../../arm-none-eabi/lib/armv7-m\libc_nano.a(lib_a-nano-svfprintf.o)
                0x00010230                _svfiprintf_r
                0x00010230                _svfprintf_r
 .text._sbrk_r  0x00010414       0x20 c:/siliconlabs/simplicitystudio/v4/developer/toolchains/gnu_arm/4.9_2015q3/bin/../lib/gcc/arm-none-eabi/4.9.3/../../../../arm-none-eabi/lib/armv7-m\libc_nano.a(lib_a-sbrkr.o)
                0x00010414                _sbrk_r
 .text.memmove  0x00010434       0x36 c:/siliconlabs/simplicitystudio/v4/developer/toolchains/gnu_arm/4.9_2015q3/bin/../lib/gcc/arm-none-eabi/4.9.3/../../../../arm-none-eabi/lib/armv7-m\libc_nano.a(lib_a-memmove.o)
                0x00010434                memmove
 .text._realloc_r
                0x0001046a       0x4c c:/siliconlabs/simplicitystudio/v4/developer/toolchains/gnu_arm/4.9_2015q3/bin/../lib/gcc/arm-none-eabi/4.9.3/../../../../arm-none-eabi/lib/armv7-m\libc_nano.a(lib_a-nano-reallocr.o)
                0x0001046a                _realloc_r
 .text._malloc_usable_size_r
                0x000104b6       0x14 c:/siliconlabs/simplicitystudio/v4/developer/toolchains/gnu_arm/4.9_2015q3/bin/../lib/gcc/arm-none-eabi/4.9.3/../../../../arm-none-eabi/lib/armv7-m\libc_nano.a(lib_a-nano-msizer.o)
                0x000104b6                _malloc_usable_size_r
 *fill*         0x000104ca        0x2 
 .text._sbrk    0x000104cc       0x1c c:/siliconlabs/simplicitystudio/v4/developer/toolchains/gnu_arm/4.9_2015q3/bin/../lib/gcc/arm-none-eabi/4.9.3/../../../../arm-none-eabi/lib/armv7-m\libnosys.a(sbrk.o)
                0x000104cc                _sbrk
 .text._exit    0x000104e8        0x4 c:/siliconlabs/simplicitystudio/v4/developer/toolchains/gnu_arm/4.9_2015q3/bin/../lib/gcc/arm-none-eabi/4.9.3/../../../../arm-none-eabi/lib/armv7-m\libnosys.a(_exit.o)
                0x000104e8                _exit
 .text          0x000104ec      0x424 c:/siliconlabs/simplicitystudio/v4/developer/toolchains/gnu_arm/4.9_2015q3/bin/../lib/gcc/arm-none-eabi/4.9.3/armv7-m\libgcc.a(_arm_muldivdf3.o)
                0x000104ec                __aeabi_dmul
                0x000104ec                __muldf3
                0x00010740                __divdf3
                0x00010740                __aeabi_ddiv
 .text          0x00010910      0x110 c:/siliconlabs/simplicitystudio/v4/developer/toolchains/gnu_arm/4.9_2015q3/bin/../lib/gcc/arm-none-eabi/4.9.3/armv7-m\libgcc.a(_arm_cmpdf2.o)
                0x00010910                __gtdf2
                0x00010910                __gedf2
                0x00010918                __ltdf2
                0x00010918                __ledf2
                0x00010920                __nedf2
                0x00010920                __eqdf2
                0x00010920                __cmpdf2
                0x0001099c                __aeabi_cdrcmple
                0x000109ac                __aeabi_cdcmpeq
                0x000109ac                __aeabi_cdcmple
                0x000109bc                __aeabi_dcmpeq
                0x000109d0                __aeabi_dcmplt
                0x000109e4                __aeabi_dcmple
                0x000109f8                __aeabi_dcmpge
                0x00010a0c                __aeabi_dcmpgt
 .text          0x00010a20       0x50 c:/siliconlabs/simplicitystudio/v4/developer/toolchains/gnu_arm/4.9_2015q3/bin/../lib/gcc/arm-none-eabi/4.9.3/armv7-m\libgcc.a(_arm_fixdfsi.o)
                0x00010a20                __aeabi_d2iz
                0x00010a20                __fixdfsi
 *(.init)
 .init          0x00010a70        0x4 c:/siliconlabs/simplicitystudio/v4/developer/toolchains/gnu_arm/4.9_2015q3/bin/../lib/gcc/arm-none-eabi/4.9.3/armv7-m/crti.o
                0x00010a70                _init
 .init          0x00010a74        0x8 c:/siliconlabs/simplicitystudio/v4/developer/toolchains/gnu_arm/4.9_2015q3/bin/../lib/gcc/arm-none-eabi/4.9.3/armv7-m/crtn.o
 *(.fini)
 .fini          0x00010a7c        0x4 c:/siliconlabs/simplicitystudio/v4/developer/toolchains/gnu_arm/4.9_2015q3/bin/../lib/gcc/arm-none-eabi/4.9.3/armv7-m/crti.o
                0x00010a7c                _fini
 .fini          0x00010a80        0x8 c:/siliconlabs/simplicitystudio/v4/developer/toolchains/gnu_arm/4.9_2015q3/bin/../lib/gcc/arm-none-eabi/4.9.3/armv7-m/crtn.o
 *crtbegin.o(.ctors)
 *crtbegin?.o(.ctors)
 *(EXCLUDE_FILE(*crtend.o *crtend?.o) .ctors)
 *(SORT(.ctors.*))
 *(.ctors)
 *crtbegin.o(.dtors)
 *crtbegin?.o(.dtors)
 *(EXCLUDE_FILE(*crtend.o *crtend?.o) .dtors)
 *(SORT(.dtors.*))
 *(.dtors)
 *(.rodata*)
 .rodata        0x00010a88      0x2f7 ./devices_src/tbr.o
 *fill*         0x00010d7f        0x1 
 .rodata.nav_pvt_gps_data
                0x00010d80        0x8 ./devices_src/ublox_gps.o
 .rodata.cfg_prt_spi
                0x00010d88       0x1c ./devices_src/ublox_gps.o
 .rodata.cfg_prt_usb
                0x00010da4       0x1c ./devices_src/ublox_gps.o
 .rodata.cfg_prt_ddc
                0x00010dc0       0x1c ./devices_src/ublox_gps.o
 .rodata.cfg_pm2_on_off
                0x00010ddc       0x34 ./devices_src/ublox_gps.o
 .rodata.cfg_sbas_disable
                0x00010e10       0x10 ./devices_src/ublox_gps.o
 .rodata.cfg_rxm_psm_mode
                0x00010e20        0xa ./devices_src/ublox_gps.o
 *fill*         0x00010e2a        0x2 
 .rodata.cfg_rxm_poll_psm
                0x00010e2c        0x8 ./devices_src/ublox_gps.o
 .rodata        0x00010e34       0x1f ./devices_src/ublox_gps.o
 *fill*         0x00010e53        0x1 
 .rodata        0x00010e54       0x18 ./drivers_src/rs232.o
 .rodata        0x00010e6c       0x18 ./drivers_src/spi.o
 .rodata        0x00010e84        0xf ./fat_filesystem_src/ff.o
 *fill*         0x00010e93        0x1 
 .rodata        0x00010e94       0x37 ./hal/hal.o
 *fill*         0x00010ecb        0x1 
 .rodata.AES_RCON
                0x00010ecc       0x28 ./lmic/aes.o
 .rodata.AES_S  0x00010ef4      0x100 ./lmic/aes.o
 .rodata.AES_E1
                0x00010ff4      0x400 ./lmic/aes.o
 .rodata.AES_E2
                0x000113f4      0x400 ./lmic/aes.o
 .rodata.AES_E3
                0x000117f4      0x400 ./lmic/aes.o
 .rodata.AES_E4
                0x00011bf4      0x400 ./lmic/aes.o
 .rodata._DR2RPS_CRC
                0x00011ff4        0xa ./lmic/lmic.o
                0x00011ff4                _DR2RPS_CRC
 *fill*         0x00011ffe        0x2 
 .rodata.TXPOWLEVELS
                0x00012000       0x10 ./lmic/lmic.o
 .rodata.SENSITIVITY
                0x00012010       0x15 ./lmic/lmic.o
 *fill*         0x00012025        0x3 
 .rodata.DRADJUST
                0x00012028        0xa ./lmic/lmic.o
 *fill*         0x00012032        0x2 
 .rodata.DR2HSYM_osticks
                0x00012034       0x20 ./lmic/lmic.o
 .rodata.iniChannelFreq
                0x00012054       0x30 ./lmic/lmic.o
 .rodata.rxlorairqmask
                0x00012084        0x3 ./lmic/radio.o
 *fill*         0x00012087        0x1 
 .rodata.LORA_RXDONE_FIXUP
                0x00012088        0xe ./lmic/radio.o
 *fill*         0x00012096        0x2 
 .rodata        0x00012098      0x1c3 ./resource managers_src/app_manager.o
 *fill*         0x0001225b        0x1 
 .rodata.APPEUI
                0x0001225c        0x8 ./resource managers_src/lpwan_manager.o
 .rodata.DEVEUI
                0x00012264        0x8 ./resource managers_src/lpwan_manager.o
 .rodata.DEVKEY
                0x0001226c       0x10 ./resource managers_src/lpwan_manager.o
 .rodata        0x0001227c      0x19d ./resource managers_src/lpwan_manager.o
 *fill*         0x00012419        0x3 
 .rodata        0x0001241c       0x3e ./src/main.o
 .rodata.str1.1
                0x0001245a        0x2 c:/siliconlabs/simplicitystudio/v4/developer/toolchains/gnu_arm/4.9_2015q3/bin/../lib/gcc/arm-none-eabi/4.9.3/../../../../arm-none-eabi/lib/armv7-m\libc_nano.a(lib_a-impure.o)
 .rodata._global_impure_ptr
                0x0001245c        0x4 c:/siliconlabs/simplicitystudio/v4/developer/toolchains/gnu_arm/4.9_2015q3/bin/../lib/gcc/arm-none-eabi/4.9.3/../../../../arm-none-eabi/lib/armv7-m\libc_nano.a(lib_a-impure.o)
                0x0001245c                _global_impure_ptr
 .rodata.str1.1
                0x00012460       0x12 c:/siliconlabs/simplicitystudio/v4/developer/toolchains/gnu_arm/4.9_2015q3/bin/../lib/gcc/arm-none-eabi/4.9.3/../../../../arm-none-eabi/lib/armv7-m\libc_nano.a(lib_a-nano-vfprintf_float.o)
 .rodata.str1.1
                0x00012472       0x22 c:/siliconlabs/simplicitystudio/v4/developer/toolchains/gnu_arm/4.9_2015q3/bin/../lib/gcc/arm-none-eabi/4.9.3/../../../../arm-none-eabi/lib/armv7-m\libc_nano.a(lib_a-nano-vfprintf_i.o)
 .rodata._ctype_
                0x00012494      0x101 c:/siliconlabs/simplicitystudio/v4/developer/toolchains/gnu_arm/4.9_2015q3/bin/../lib/gcc/arm-none-eabi/4.9.3/../../../../arm-none-eabi/lib/armv7-m\libc_nano.a(lib_a-ctype_.o)
                0x00012494                _ctype_
 .rodata.str1.1
                0x00012595        0xd c:/siliconlabs/simplicitystudio/v4/developer/toolchains/gnu_arm/4.9_2015q3/bin/../lib/gcc/arm-none-eabi/4.9.3/../../../../arm-none-eabi/lib/armv7-m\libc_nano.a(lib_a-dtoa.o)
                                  0xf (size before relaxing)
 .rodata.str1.1
                0x000125a2        0x8 c:/siliconlabs/simplicitystudio/v4/developer/toolchains/gnu_arm/4.9_2015q3/bin/../lib/gcc/arm-none-eabi/4.9.3/../../../../arm-none-eabi/lib/armv7-m\libc_nano.a(lib_a-locale.o)
                                  0xb (size before relaxing)
 *fill*         0x000125aa        0x6 
 .rodata.__mprec_tens
                0x000125b0       0xc8 c:/siliconlabs/simplicitystudio/v4/developer/toolchains/gnu_arm/4.9_2015q3/bin/../lib/gcc/arm-none-eabi/4.9.3/../../../../arm-none-eabi/lib/armv7-m\libc_nano.a(lib_a-mprec.o)
                0x000125b0                __mprec_tens
 .rodata.__mprec_bigtens
                0x00012678       0x28 c:/siliconlabs/simplicitystudio/v4/developer/toolchains/gnu_arm/4.9_2015q3/bin/../lib/gcc/arm-none-eabi/4.9.3/../../../../arm-none-eabi/lib/armv7-m\libc_nano.a(lib_a-mprec.o)
                0x00012678                __mprec_bigtens
 .rodata.p05.5314
                0x000126a0        0xc c:/siliconlabs/simplicitystudio/v4/developer/toolchains/gnu_arm/4.9_2015q3/bin/../lib/gcc/arm-none-eabi/4.9.3/../../../../arm-none-eabi/lib/armv7-m\libc_nano.a(lib_a-mprec.o)
 .rodata.str1.1
                0x000126ac       0x11 c:/siliconlabs/simplicitystudio/v4/developer/toolchains/gnu_arm/4.9_2015q3/bin/../lib/gcc/arm-none-eabi/4.9.3/../../../../arm-none-eabi/lib/armv7-m\libc_nano.a(lib_a-nano-svfprintf.o)
 *(.eh_frame*)
 *fill*         0x000126bd        0x3 
 .eh_frame      0x000126c0        0x0 c:/siliconlabs/simplicitystudio/v4/developer/toolchains/gnu_arm/4.9_2015q3/bin/../lib/gcc/arm-none-eabi/4.9.3/armv7-m/crtbegin.o
 .eh_frame      0x000126c0        0x0 c:/siliconlabs/simplicitystudio/v4/developer/toolchains/gnu_arm/4.9_2015q3/bin/../lib/gcc/arm-none-eabi/4.9.3/../../../../arm-none-eabi/lib/armv7-m\libc_nano.a(lib_a-strcmp.o)
                                 0x28 (size before relaxing)
 .eh_frame      0x000126c0        0x4 c:/siliconlabs/simplicitystudio/v4/developer/toolchains/gnu_arm/4.9_2015q3/bin/../lib/gcc/arm-none-eabi/4.9.3/armv7-m/crtend.o

.glue_7         0x000126c4        0x0
 .glue_7        0x00000000        0x0 linker stubs

.glue_7t        0x000126c4        0x0
 .glue_7t       0x00000000        0x0 linker stubs

.vfp11_veneer   0x000126c4        0x0
 .vfp11_veneer  0x00000000        0x0 linker stubs

.v4_bx          0x000126c4        0x0
 .v4_bx         0x00000000        0x0 linker stubs

.iplt           0x000126c4        0x0
 .iplt          0x00000000        0x0 c:/siliconlabs/simplicitystudio/v4/developer/toolchains/gnu_arm/4.9_2015q3/bin/../lib/gcc/arm-none-eabi/4.9.3/armv7-m/crtbegin.o

.ARM.extab
 *(.ARM.extab* .gnu.linkonce.armextab.*)
                0x000126c4                __exidx_start = .

.ARM.exidx      0x000126c4        0x8
 *(.ARM.exidx* .gnu.linkonce.armexidx.*)
 .ARM.exidx     0x000126c4        0x8 c:/siliconlabs/simplicitystudio/v4/developer/toolchains/gnu_arm/4.9_2015q3/bin/../lib/gcc/arm-none-eabi/4.9.3/../../../../arm-none-eabi/lib/armv7-m/crt0.o
 .ARM.exidx     0x000126cc        0x0 c:/siliconlabs/simplicitystudio/v4/developer/toolchains/gnu_arm/4.9_2015q3/bin/../lib/gcc/arm-none-eabi/4.9.3/armv7-m\libgcc.a(_divdi3.o)
                                  0x8 (size before relaxing)
 .ARM.exidx     0x000126cc        0x0 c:/siliconlabs/simplicitystudio/v4/developer/toolchains/gnu_arm/4.9_2015q3/bin/../lib/gcc/arm-none-eabi/4.9.3/armv7-m\libgcc.a(_udivdi3.o)
                                  0x8 (size before relaxing)
                0x000126cc                __exidx_end = .
                0x000126cc                __etext = .

.rel.dyn        0x000126cc        0x0
 .rel.iplt      0x00000000        0x0 c:/siliconlabs/simplicitystudio/v4/developer/toolchains/gnu_arm/4.9_2015q3/bin/../lib/gcc/arm-none-eabi/4.9.3/armv7-m/crtbegin.o

.data           0x20000000       0xc4 load address 0x000126cc
                0x20000000                __data_start__ = .
 *(vtable)
 *(.data*)
 .data.SystemHFXOClock
                0x20000000        0x4 ./CMSIS/EFM32GG/system_efm32gg.o
 .data.SystemLFXOClock
                0x20000004        0x4 ./CMSIS/EFM32GG/system_efm32gg.o
 .data.SystemCoreClock
                0x20000008        0x4 ./CMSIS/EFM32GG/system_efm32gg.o
                0x20000008                SystemCoreClock
 .data.tbr_backoff_delay
                0x2000000c        0x1 ./devices_src/tbr.o
 .data.isr_rx_tx_char
                0x2000000d        0x1 ./drivers_src/rs485.o
 *fill*         0x2000000e        0x2 
 .data.one_sec_top_ref
                0x20000010        0x4 ./hal/hal.o
 .data.last_letimer_count
                0x20000014        0x4 ./hal/hal.o
 .data.impure_data
                0x20000018       0x60 c:/siliconlabs/simplicitystudio/v4/developer/toolchains/gnu_arm/4.9_2015q3/bin/../lib/gcc/arm-none-eabi/4.9.3/../../../../arm-none-eabi/lib/armv7-m\libc_nano.a(lib_a-impure.o)
 .data._impure_ptr
                0x20000078        0x4 c:/siliconlabs/simplicitystudio/v4/developer/toolchains/gnu_arm/4.9_2015q3/bin/../lib/gcc/arm-none-eabi/4.9.3/../../../../arm-none-eabi/lib/armv7-m\libc_nano.a(lib_a-impure.o)
                0x20000078                _impure_ptr
 .data.__ctype_ptr__
                0x2000007c        0x4 c:/siliconlabs/simplicitystudio/v4/developer/toolchains/gnu_arm/4.9_2015q3/bin/../lib/gcc/arm-none-eabi/4.9.3/../../../../arm-none-eabi/lib/armv7-m\libc_nano.a(lib_a-ctype_.o)
                0x2000007c                __ctype_ptr__
 .data.lconv    0x20000080       0x38 c:/siliconlabs/simplicitystudio/v4/developer/toolchains/gnu_arm/4.9_2015q3/bin/../lib/gcc/arm-none-eabi/4.9.3/../../../../arm-none-eabi/lib/armv7-m\libc_nano.a(lib_a-locale.o)
                0x200000b8                . = ALIGN (0x4)
 *(.ram)
                0x200000b8                . = ALIGN (0x4)
                0x200000b8                PROVIDE (__preinit_array_start, .)
 *(.preinit_array)
                0x200000b8                PROVIDE (__preinit_array_end, .)
                0x200000b8                . = ALIGN (0x4)
                0x200000b8                PROVIDE (__init_array_start, .)
 *(SORT(.init_array.*))
 *(.init_array)
 .init_array    0x200000b8        0x4 c:/siliconlabs/simplicitystudio/v4/developer/toolchains/gnu_arm/4.9_2015q3/bin/../lib/gcc/arm-none-eabi/4.9.3/armv7-m/crtbegin.o
                0x200000bc                PROVIDE (__init_array_end, .)
                0x200000bc                . = ALIGN (0x4)
                0x200000bc                PROVIDE (__fini_array_start, .)
 *(SORT(.fini_array.*))
 *(.fini_array)
 .fini_array    0x200000bc        0x4 c:/siliconlabs/simplicitystudio/v4/developer/toolchains/gnu_arm/4.9_2015q3/bin/../lib/gcc/arm-none-eabi/4.9.3/armv7-m/crtbegin.o
                0x200000c0                PROVIDE (__fini_array_end, .)
 *(.jcr*)
 .jcr           0x200000c0        0x0 c:/siliconlabs/simplicitystudio/v4/developer/toolchains/gnu_arm/4.9_2015q3/bin/../lib/gcc/arm-none-eabi/4.9.3/armv7-m/crtbegin.o
 .jcr           0x200000c0        0x4 c:/siliconlabs/simplicitystudio/v4/developer/toolchains/gnu_arm/4.9_2015q3/bin/../lib/gcc/arm-none-eabi/4.9.3/armv7-m/crtend.o
                0x200000c4                . = ALIGN (0x4)
                0x200000c4                __data_end__ = .

.igot.plt       0x200000c4        0x0 load address 0x00012790
 .igot.plt      0x00000000        0x0 c:/siliconlabs/simplicitystudio/v4/developer/toolchains/gnu_arm/4.9_2015q3/bin/../lib/gcc/arm-none-eabi/4.9.3/armv7-m/crtbegin.o

.bss            0x200000c8     0x1ddc load address 0x00012798
                0x200000c8                . = ALIGN (0x4)
                0x200000c8                __bss_start__ = .
 *(.bss*)
 .bss           0x200000c8       0x1c c:/siliconlabs/simplicitystudio/v4/developer/toolchains/gnu_arm/4.9_2015q3/bin/../lib/gcc/arm-none-eabi/4.9.3/armv7-m/crtbegin.o
 .bss.array_msg
                0x200000e4      0x400 ./devices_src/tbr.o
 .bss.array_size
                0x200004e4        0x4 ./devices_src/tbr.o
 .bss.array_front
                0x200004e8        0x4 ./devices_src/tbr.o
 .bss.array_rear
                0x200004ec        0x4 ./devices_src/tbr.o
 .bss.cum_detections_counter
                0x200004f0        0x4 ./devices_src/tbr.o
                0x200004f0                cum_detections_counter
 .bss.cum_temp_counter
                0x200004f4        0x4 ./devices_src/tbr.o
                0x200004f4                cum_temp_counter
 .bss.flag      0x200004f8        0x1 ./devices_src/tbr.o
 .bss.last_broken_message_flag.7083
                0x200004f9        0x1 ./devices_src/tbr.o
 .bss.last_broken_message_size.7084
                0x200004fa        0x1 ./devices_src/tbr.o
 *fill*         0x200004fb        0x1 
 .bss.broken_msg_buf.7082
                0x200004fc       0x40 ./devices_src/tbr.o
 .bss.current_rx_fifo
                0x2000053c        0x1 ./drivers_src/rs485.o
 .bss.init_flag
                0x2000053d        0x1 ./fat_filesystem_src/diskio.o
 *fill*         0x2000053e        0x2 
 .bss.FatFs     0x20000540        0x4 ./fat_filesystem_src/ff.o
 .bss.Fsid      0x20000544        0x2 ./fat_filesystem_src/ff.o
 *fill*         0x20000546        0x2 
 .bss.fifo_rx_size
                0x20000548        0x4 ./fifo_buffers_src/fifo_rs232.o
 .bss.fifo_tx_size
                0x2000054c        0x4 ./fifo_buffers_src/fifo_rs232.o
 .bss.fifo_rx_front
                0x20000550        0x4 ./fifo_buffers_src/fifo_rs232.o
 .bss.fifo_tx_front
                0x20000554        0x4 ./fifo_buffers_src/fifo_rs232.o
 .bss.fifo_rx_rear
                0x20000558        0x4 ./fifo_buffers_src/fifo_rs232.o
 .bss.fifo_tx_rear
                0x2000055c        0x4 ./fifo_buffers_src/fifo_rs232.o
 .bss.fifo_tx   0x20000560      0x200 ./fifo_buffers_src/fifo_rs232.o
 .bss.fifo_rx   0x20000760       0x10 ./fifo_buffers_src/fifo_rs232.o
 .bss.fifo_rx_data_size
                0x20000770        0x4 ./fifo_buffers_src/fifo_tbr.o
 .bss.fifo_rx_cmd_size
                0x20000774        0x4 ./fifo_buffers_src/fifo_tbr.o
 .bss.fifo_tx_cmd_size
                0x20000778        0x4 ./fifo_buffers_src/fifo_tbr.o
 .bss.fifo_rx_cmd_front
                0x2000077c        0x4 ./fifo_buffers_src/fifo_tbr.o
 .bss.fifo_tx_cmd_front
                0x20000780        0x4 ./fifo_buffers_src/fifo_tbr.o
 .bss.fifo_rx_data_front
                0x20000784        0x4 ./fifo_buffers_src/fifo_tbr.o
 .bss.fifo_rx_cmd_rear
                0x20000788        0x4 ./fifo_buffers_src/fifo_tbr.o
 .bss.fifo_tx_cmd_rear
                0x2000078c        0x4 ./fifo_buffers_src/fifo_tbr.o
 .bss.fifo_rx_data_rear
                0x20000790        0x4 ./fifo_buffers_src/fifo_tbr.o
 .bss.fifo_tx_cmd
                0x20000794       0x10 ./fifo_buffers_src/fifo_tbr.o
 .bss.fifo_rx_cmd
                0x200007a4        0x0 ./fifo_buffers_src/fifo_tbr.o
 .bss.fifo_rx_data
                0x200007a4      0x400 ./fifo_buffers_src/fifo_tbr.o
 *fill*         0x20000ba4        0x4 
 .bss.HAL       0x20000ba8        0x8 ./hal/hal.o
 .bss.letimer_running
                0x20000bb0        0x1 ./hal/hal.o
 *fill*         0x20000bb1        0x1 
 .bss.average_n
                0x20000bb2        0x2 ./hal/hal.o
 .bss.avergae_sum
                0x20000bb4        0x4 ./hal/hal.o
 .bss.ref_count
                0x20000bb8        0x4 ./hal/hal.o
 .bss.time_manager_cmd
                0x20000bbc        0x1 ./hal/hal.o
 *fill*         0x20000bbd        0x3 
 .bss.time_count
                0x20000bc0        0x4 ./hal/hal.o
 .bss.rtcInitialized
                0x20000bc4        0x1 ./hal/hal.o
 *fill*         0x20000bc5        0x3 
 .bss.rtcFreq   0x20000bc8        0x4 ./hal/hal.o
 .bss.irqlevel  0x20000bcc        0x1 ./hal/hal.o
 .bss.int_flag  0x20000bcd        0x1 ./hal/hal.o
 *fill*         0x20000bce        0x2 
 .bss.OS        0x20000bd0        0x8 ./lmic/oslmic.o
 .bss.randbuf   0x20000bd8       0x10 ./lmic/radio.o
 .bss.FatFs     0x20000be8      0x230 ./resource managers_src/app_manager.o
 .bss.tbr_lora_length
                0x20000e18        0x4 ./resource managers_src/app_manager.o
 .bss.tbr_lora_buf
                0x20000e1c      0x400 ./resource managers_src/app_manager.o
 .bss.tbr_sd_card_buf
                0x2000121c      0x400 ./resource managers_src/app_manager.o
 .bss.rs232_tx_buf
                0x2000161c      0x200 ./resource managers_src/app_manager.o
 .bss.init_job  0x2000181c        0xc ./resource managers_src/lpwan_manager.o
 .bss.app_job   0x20001828        0xc ./resource managers_src/lpwan_manager.o
 .bss.lora_msg_length
                0x20001834        0x1 ./src/main.o
                0x20001834                lora_msg_length
 *fill*         0x20001835        0x3 
 .bss.__malloc_sbrk_start
                0x20001838        0x4 c:/siliconlabs/simplicitystudio/v4/developer/toolchains/gnu_arm/4.9_2015q3/bin/../lib/gcc/arm-none-eabi/4.9.3/../../../../arm-none-eabi/lib/armv7-m\libc_nano.a(lib_a-nano-mallocr.o)
                0x20001838                __malloc_sbrk_start
 .bss.__malloc_free_list
                0x2000183c        0x4 c:/siliconlabs/simplicitystudio/v4/developer/toolchains/gnu_arm/4.9_2015q3/bin/../lib/gcc/arm-none-eabi/4.9.3/../../../../arm-none-eabi/lib/armv7-m\libc_nano.a(lib_a-nano-mallocr.o)
                0x2000183c                __malloc_free_list
 .bss.heap_end.4079
                0x20001840        0x4 c:/siliconlabs/simplicitystudio/v4/developer/toolchains/gnu_arm/4.9_2015q3/bin/../lib/gcc/arm-none-eabi/4.9.3/../../../../arm-none-eabi/lib/armv7-m\libnosys.a(sbrk.o)
 *(COMMON)
 COMMON         0x20001844       0x80 ./devices_src/tbr.o
                0x20001844                resuable_buffer
 COMMON         0x200018c4       0x84 ./hal/hal.o
                0x200018c4                irqState
                0x200018c8                temp_buf
 COMMON         0x20001948       0xc0 ./lmic/aes.o
                0x20001948                AESKEY
                0x200019f8                AESAUX
 COMMON         0x20001a08      0x244 ./lmic/lmic.o
                0x20001a08                LMIC
 COMMON         0x20001c4c       0x54 ./resource managers_src/lpwan_manager.o
                0x20001c4c                diff_in_tstamp
                0x20001c50                running_tstamp
                0x20001c78                ref_tstamp
 COMMON         0x20001ca0      0x200 ./src/main.o
                0x20001ca0                lora_buffer
 COMMON         0x20001ea0        0x4 c:/siliconlabs/simplicitystudio/v4/developer/toolchains/gnu_arm/4.9_2015q3/bin/../lib/gcc/arm-none-eabi/4.9.3/../../../../arm-none-eabi/lib/armv7-m\libc_nano.a(lib_a-reent.o)
                0x20001ea0                errno
                0x20001ea4                . = ALIGN (0x4)
                0x20001ea4                __bss_end__ = .

.heap           0x20001ea8      0xc00
                0x20001ea8                __HeapBase = .
                0x20001ea8                __end__ = .
                0x20001ea8                end = __end__
                0x20001ea8                _end = __end__
 *(.heap*)
 .heap          0x20001ea8      0xc00 ./CMSIS/EFM32GG/startup_efm32gg.o
                0x20002aa8                __HeapLimit = .

.stack_dummy    0x20001ea8      0x400
 *(.stack*)
 .stack         0x20001ea8      0x400 ./CMSIS/EFM32GG/startup_efm32gg.o
                0x20020000                __StackTop = (ORIGIN (RAM) + 0x20000)
                0x2001fc00                __StackLimit = (__StackTop - SIZEOF (.stack_dummy))
                0x20020000                PROVIDE (__stack, __StackTop)
                0x00000001                ASSERT ((__StackLimit >= __HeapLimit), region RAM overflowed with stack)
                0x00000001                ASSERT ((0x100000 >= (__etext + SIZEOF (.data))), FLASH memory overflowed !)
OUTPUT(lmic_and_testproject_iA.axf elf32-littlearm)

.ARM.attributes
                0x00000000       0x29
 .ARM.attributes
                0x00000000       0x1d c:/siliconlabs/simplicitystudio/v4/developer/toolchains/gnu_arm/4.9_2015q3/bin/../lib/gcc/arm-none-eabi/4.9.3/armv7-m/crti.o
 .ARM.attributes
                0x0000001d       0x2d c:/siliconlabs/simplicitystudio/v4/developer/toolchains/gnu_arm/4.9_2015q3/bin/../lib/gcc/arm-none-eabi/4.9.3/armv7-m/crtbegin.o
 .ARM.attributes
                0x0000004a       0x1b c:/siliconlabs/simplicitystudio/v4/developer/toolchains/gnu_arm/4.9_2015q3/bin/../lib/gcc/arm-none-eabi/4.9.3/../../../../arm-none-eabi/lib/armv7-m/crt0.o
 .ARM.attributes
                0x00000065       0x1b ./CMSIS/EFM32GG/startup_efm32gg.o
 .ARM.attributes
                0x00000080       0x33 ./CMSIS/EFM32GG/system_efm32gg.o
 .ARM.attributes
                0x000000b3       0x33 ./devices_src/rgb_led.o
 .ARM.attributes
                0x000000e6       0x33 ./devices_src/sd_card.o
 .ARM.attributes
                0x00000119       0x33 ./devices_src/tbr.o
 .ARM.attributes
                0x0000014c       0x33 ./devices_src/ublox_gps.o
 .ARM.attributes
                0x0000017f       0x33 ./drivers_src/delay.o
 .ARM.attributes
                0x000001b2       0x33 ./drivers_src/pwm.o
 .ARM.attributes
                0x000001e5       0x33 ./drivers_src/rs232.o
 .ARM.attributes
                0x00000218       0x33 ./drivers_src/rs485.o
 .ARM.attributes
                0x0000024b       0x33 ./drivers_src/spi.o
 .ARM.attributes
                0x0000027e       0x33 ./emlib/src/em_burtc.o
 .ARM.attributes
                0x000002b1       0x33 ./emlib/src/em_cmu.o
 .ARM.attributes
                0x000002e4       0x33 ./emlib/src/em_core.o
 .ARM.attributes
                0x00000317       0x33 ./emlib/src/em_dma.o
 .ARM.attributes
                0x0000034a       0x33 ./emlib/src/em_gpio.o
 .ARM.attributes
                0x0000037d       0x33 ./emlib/src/em_letimer.o
 .ARM.attributes