Archive member included because of file (symbol)

c:/siliconlabs/simplicitystudio/v4/developer/toolchains/gnu_arm/4.9_2015q3/bin/../lib/gcc/arm-none-eabi/4.9.3/armv7-m\libgcc.a(_aeabi_uldivmod.o)
                              ./emlib/src/em_usart.o (__aeabi_uldivmod)
c:/siliconlabs/simplicitystudio/v4/developer/toolchains/gnu_arm/4.9_2015q3/bin/../lib/gcc/arm-none-eabi/4.9.3/armv7-m\libgcc.a(bpabi.o)
                              c:/siliconlabs/simplicitystudio/v4/developer/toolchains/gnu_arm/4.9_2015q3/bin/../lib/gcc/arm-none-eabi/4.9.3/armv7-m\libgcc.a(_aeabi_uldivmod.o) (__gnu_uldivmod_helper)
c:/siliconlabs/simplicitystudio/v4/developer/toolchains/gnu_arm/4.9_2015q3/bin/../lib/gcc/arm-none-eabi/4.9.3/armv7-m\libgcc.a(_dvmd_tls.o)
                              c:/siliconlabs/simplicitystudio/v4/developer/toolchains/gnu_arm/4.9_2015q3/bin/../lib/gcc/arm-none-eabi/4.9.3/armv7-m\libgcc.a(_aeabi_uldivmod.o) (__aeabi_ldiv0)
c:/siliconlabs/simplicitystudio/v4/developer/toolchains/gnu_arm/4.9_2015q3/bin/../lib/gcc/arm-none-eabi/4.9.3/armv7-m\libgcc.a(_divdi3.o)
                              c:/siliconlabs/simplicitystudio/v4/developer/toolchains/gnu_arm/4.9_2015q3/bin/../lib/gcc/arm-none-eabi/4.9.3/armv7-m\libgcc.a(bpabi.o) (__divdi3)
c:/siliconlabs/simplicitystudio/v4/developer/toolchains/gnu_arm/4.9_2015q3/bin/../lib/gcc/arm-none-eabi/4.9.3/armv7-m\libgcc.a(_udivdi3.o)
                              c:/siliconlabs/simplicitystudio/v4/developer/toolchains/gnu_arm/4.9_2015q3/bin/../lib/gcc/arm-none-eabi/4.9.3/armv7-m\libgcc.a(bpabi.o) (__udivdi3)
c:/siliconlabs/simplicitystudio/v4/developer/toolchains/gnu_arm/4.9_2015q3/bin/../lib/gcc/arm-none-eabi/4.9.3/../../../../arm-none-eabi/lib/armv7-m\libc_nano.a(lib_a-exit.o)
                              c:/siliconlabs/simplicitystudio/v4/developer/toolchains/gnu_arm/4.9_2015q3/bin/../lib/gcc/arm-none-eabi/4.9.3/../../../../arm-none-eabi/lib/armv7-m/crt0.o (exit)
c:/siliconlabs/simplicitystudio/v4/developer/toolchains/gnu_arm/4.9_2015q3/bin/../lib/gcc/arm-none-eabi/4.9.3/../../../../arm-none-eabi/lib/armv7-m\libc_nano.a(lib_a-impure.o)
                              c:/siliconlabs/simplicitystudio/v4/developer/toolchains/gnu_arm/4.9_2015q3/bin/../lib/gcc/arm-none-eabi/4.9.3/../../../../arm-none-eabi/lib/armv7-m\libc_nano.a(lib_a-exit.o) (_global_impure_ptr)
c:/siliconlabs/simplicitystudio/v4/developer/toolchains/gnu_arm/4.9_2015q3/bin/../lib/gcc/arm-none-eabi/4.9.3/../../../../arm-none-eabi/lib/armv7-m\libc_nano.a(lib_a-init.o)
                              c:/siliconlabs/simplicitystudio/v4/developer/toolchains/gnu_arm/4.9_2015q3/bin/../lib/gcc/arm-none-eabi/4.9.3/../../../../arm-none-eabi/lib/armv7-m/crt0.o (__libc_init_array)
c:/siliconlabs/simplicitystudio/v4/developer/toolchains/gnu_arm/4.9_2015q3/bin/../lib/gcc/arm-none-eabi/4.9.3/../../../../arm-none-eabi/lib/armv7-m\libc_nano.a(lib_a-memcpy.o)
                              ./lmic/lmic.o (memcpy)
c:/siliconlabs/simplicitystudio/v4/developer/toolchains/gnu_arm/4.9_2015q3/bin/../lib/gcc/arm-none-eabi/4.9.3/../../../../arm-none-eabi/lib/armv7-m\libc_nano.a(lib_a-memset.o)
                              c:/siliconlabs/simplicitystudio/v4/developer/toolchains/gnu_arm/4.9_2015q3/bin/../lib/gcc/arm-none-eabi/4.9.3/../../../../arm-none-eabi/lib/armv7-m/crt0.o (memset)
c:/siliconlabs/simplicitystudio/v4/developer/toolchains/gnu_arm/4.9_2015q3/bin/../lib/gcc/arm-none-eabi/4.9.3/../../../../arm-none-eabi/lib/armv7-m\libc_nano.a(lib_a-sprintf.o)
                              ./devices_src/radio.o (sprintf)
c:/siliconlabs/simplicitystudio/v4/developer/toolchains/gnu_arm/4.9_2015q3/bin/../lib/gcc/arm-none-eabi/4.9.3/../../../../arm-none-eabi/lib/armv7-m\libc_nano.a(lib_a-strchr.o)
                              ./devices_src/tbr.o (strchr)
c:/siliconlabs/simplicitystudio/v4/developer/toolchains/gnu_arm/4.9_2015q3/bin/../lib/gcc/arm-none-eabi/4.9.3/../../../../arm-none-eabi/lib/armv7-m\libc_nano.a(lib_a-strlen.o)
                              ./devices_src/radio.o (strlen)
c:/siliconlabs/simplicitystudio/v4/developer/toolchains/gnu_arm/4.9_2015q3/bin/../lib/gcc/arm-none-eabi/4.9.3/../../../../arm-none-eabi/lib/armv7-m\libc_nano.a(lib_a-strstr.o)
                              ./devices_src/tbr.o (strstr)
c:/siliconlabs/simplicitystudio/v4/developer/toolchains/gnu_arm/4.9_2015q3/bin/../lib/gcc/arm-none-eabi/4.9.3/../../../../arm-none-eabi/lib/armv7-m\libc_nano.a(lib_a-strtok.o)
                              ./devices_src/tbr.o (strtok)
c:/siliconlabs/simplicitystudio/v4/developer/toolchains/gnu_arm/4.9_2015q3/bin/../lib/gcc/arm-none-eabi/4.9.3/../../../../arm-none-eabi/lib/armv7-m\libc_nano.a(lib_a-strtok_r.o)
                              c:/siliconlabs/simplicitystudio/v4/developer/toolchains/gnu_arm/4.9_2015q3/bin/../lib/gcc/arm-none-eabi/4.9.3/../../../../arm-none-eabi/lib/armv7-m\libc_nano.a(lib_a-strtok.o) (__strtok_r)
[...]
Memory Configuration

Name             Origin             Length             Attributes
FLASH            0x00000000         0x00100000         xr
RAM              0x20000000         0x00020000         xrw
*default*        0x00000000         0xffffffff

Linker script and memory map

LOAD c:/siliconlabs/simplicitystudio/v4/developer/toolchains/gnu_arm/4.9_2015q3/bin/../lib/gcc/arm-none-eabi/4.9.3/armv7-m/crti.o
LOAD c:/siliconlabs/simplicitystudio/v4/developer/toolchains/gnu_arm/4.9_2015q3/bin/../lib/gcc/arm-none-eabi/4.9.3/armv7-m/crtbegin.o
LOAD c:/siliconlabs/simplicitystudio/v4/developer/toolchains/gnu_arm/4.9_2015q3/bin/../lib/gcc/arm-none-eabi/4.9.3/../../../../arm-none-eabi/lib/armv7-m/crt0.o
LOAD ./CMSIS/EFM32GG/startup_efm32gg.o
LOAD ./CMSIS/EFM32GG/system_efm32gg.o
LOAD ./devices_src/radio.o
LOAD ./devices_src/rgb_led.o
LOAD ./devices_src/sd_card.o
LOAD ./devices_src/tbr.o
LOAD ./devices_src/ublox_gps.o
LOAD ./drivers_src/delay.o
LOAD ./drivers_src/pwm.o
LOAD ./drivers_src/rs232.o
LOAD ./drivers_src/rs485.o
LOAD ./drivers_src/spi.o
LOAD ./emlib/src/em_acmp.o
LOAD ./emlib/src/em_adc.o
LOAD ./emlib/src/em_aes.o
LOAD ./emlib/src/em_assert.o
LOAD ./emlib/src/em_burtc.o
LOAD ./emlib/src/em_can.o
LOAD ./emlib/src/em_cmu.o
LOAD ./emlib/src/em_core.o
LOAD ./emlib/src/em_cryotimer.o
LOAD ./emlib/src/em_crypto.o
LOAD ./emlib/src/em_csen.o
LOAD ./emlib/src/em_dac.o
LOAD ./emlib/src/em_dbg.o
LOAD ./emlib/src/em_dma.o
LOAD ./emlib/src/em_ebi.o
LOAD ./emlib/src/em_emu.o
LOAD ./emlib/src/em_gpcrc.o
LOAD ./emlib/src/em_gpio.o
LOAD ./emlib/src/em_i2c.o
LOAD ./emlib/src/em_idac.o
LOAD ./emlib/src/em_int.o
LOAD ./emlib/src/em_lcd.o
LOAD ./emlib/src/em_ldma.o
LOAD ./emlib/src/em_lesense.o
LOAD ./emlib/src/em_letimer.o
LOAD ./emlib/src/em_leuart.o
LOAD ./emlib/src/em_mpu.o
LOAD ./emlib/src/em_msc.o
LOAD ./emlib/src/em_opamp.o
LOAD ./emlib/src/em_pcnt.o
LOAD ./emlib/src/em_prs.o
LOAD ./emlib/src/em_qspi.o
LOAD ./emlib/src/em_rmu.o
LOAD ./emlib/src/em_rtc.o
LOAD ./emlib/src/em_rtcc.o
LOAD ./emlib/src/em_system.o
LOAD ./emlib/src/em_timer.o
LOAD ./emlib/src/em_usart.o
LOAD ./emlib/src/em_vcmp.o
LOAD ./emlib/src/em_vdac.o
LOAD ./emlib/src/em_wdog.o
LOAD ./fat_filesystem_src/diskio.o
LOAD ./fat_filesystem_src/ff.o
LOAD ./fifo_buffers_src/fifo_rs232.o
LOAD ./fifo_buffers_src/fifo_tbr.o
LOAD ./hal/debug.o
LOAD ./hal/hal.o
LOAD ./lmic/aes.o
LOAD ./lmic/lmic.o
LOAD ./lmic/oslmic.o
LOAD ./lmic/radio.o
LOAD ./resource managers_src/app_manager.o
LOAD ./src/main.o
START GROUP
LOAD c:/siliconlabs/simplicitystudio/v4/developer/toolchains/gnu_arm/4.9_2015q3/bin/../lib/gcc/arm-none-eabi/4.9.3/armv7-m\libgcc.a
LOAD c:/siliconlabs/simplicitystudio/v4/developer/toolchains/gnu_arm/4.9_2015q3/bin/../lib/gcc/arm-none-eabi/4.9.3/../../../../arm-none-eabi/lib/armv7-m\libc_nano.a
LOAD c:/siliconlabs/simplicitystudio/v4/developer/toolchains/gnu_arm/4.9_2015q3/bin/../lib/gcc/arm-none-eabi/4.9.3/../../../../arm-none-eabi/lib/armv7-m\libnosys.a
END GROUP
START GROUP
LOAD c:/siliconlabs/simplicitystudio/v4/developer/toolchains/gnu_arm/4.9_2015q3/bin/../lib/gcc/arm-none-eabi/4.9.3/armv7-m\libgcc.a
LOAD c:/siliconlabs/simplicitystudio/v4/developer/toolchains/gnu_arm/4.9_2015q3/bin/../lib/gcc/arm-none-eabi/4.9.3/../../../../arm-none-eabi/lib/armv7-m\libg_nano.a
LOAD c:/siliconlabs/simplicitystudio/v4/developer/toolchains/gnu_arm/4.9_2015q3/bin/../lib/gcc/arm-none-eabi/4.9.3/../../../../arm-none-eabi/lib/armv7-m\libc_nano.a
END GROUP
START GROUP
LOAD c:/siliconlabs/simplicitystudio/v4/developer/toolchains/gnu_arm/4.9_2015q3/bin/../lib/gcc/arm-none-eabi/4.9.3/armv7-m\libgcc.a
LOAD c:/siliconlabs/simplicitystudio/v4/developer/toolchains/gnu_arm/4.9_2015q3/bin/../lib/gcc/arm-none-eabi/4.9.3/../../../../arm-none-eabi/lib/armv7-m\libc_nano.a
END GROUP
LOAD c:/siliconlabs/simplicitystudio/v4/developer/toolchains/gnu_arm/4.9_2015q3/bin/../lib/gcc/arm-none-eabi/4.9.3/armv7-m/crtend.o
LOAD c:/siliconlabs/simplicitystudio/v4/developer/toolchains/gnu_arm/4.9_2015q3/bin/../lib/gcc/arm-none-eabi/4.9.3/armv7-m/crtn.o

.text           0x00000000     0x8d0c
 *(.vectors)
 .vectors       0x00000000       0xdc ./CMSIS/EFM32GG/startup_efm32gg.o
                0x00000000                __Vectors
                0x000000dc                __Vectors_End = .
                0x000000dc                __Vectors_Size = (__Vectors_End - __Vectors)
                0x000000dc                __end__ = .
 *(.text*)
 .text          0x000000dc       0x5c c:/siliconlabs/simplicitystudio/v4/developer/toolchains/gnu_arm/4.9_2015q3/bin/../lib/gcc/arm-none-eabi/4.9.3/armv7-m/crtbegin.o
 .text          0x00000138       0x74 c:/siliconlabs/simplicitystudio/v4/developer/toolchains/gnu_arm/4.9_2015q3/bin/../lib/gcc/arm-none-eabi/4.9.3/../../../../arm-none-eabi/lib/armv7-m/crt0.o
                0x00000138                _start
                0x00000138                _mainCRTStartup
 .text          0x000001ac       0x30 ./CMSIS/EFM32GG/startup_efm32gg.o
                0x000001ac                Reset_Handler
                0x000001d8                DebugMon_Handler
                0x000001d8                USART0_TX_IRQHandler
                0x000001d8                I2C0_IRQHandler
                0x000001d8                HardFault_Handler
                0x000001d8                LEUART1_IRQHandler
                0x000001d8                SysTick_Handler
                0x000001d8                USART1_RX_IRQHandler
                0x000001d8                PendSV_Handler
                0x000001d8                NMI_Handler
                0x000001d8                I2C1_IRQHandler
                0x000001d8                TIMER3_IRQHandler
                0x000001d8                USART1_TX_IRQHandler
                0x000001d8                MSC_IRQHandler
                0x000001d8                ADC0_IRQHandler
                0x000001d8                UsageFault_Handler
                0x000001d8                UART0_TX_IRQHandler
                0x000001d8                UART1_TX_IRQHandler
                0x000001d8                TIMER0_IRQHandler
                0x000001d8                TIMER2_IRQHandler
                0x000001d8                LCD_IRQHandler
                0x000001d8                PCNT2_IRQHandler
                0x000001d8                UART0_RX_IRQHandler
                0x000001d8                LETIMER0_IRQHandler
                0x000001d8                TIMER1_IRQHandler
                0x000001d8                Default_Handler
                0x000001d8                EMU_IRQHandler
                0x000001d8                PCNT0_IRQHandler
                0x000001d8                USB_IRQHandler
                0x000001d8                BURTC_IRQHandler
                0x000001d8                PCNT1_IRQHandler
                0x000001d8                ACMP0_IRQHandler
                0x000001d8                USART0_RX_IRQHandler
                0x000001d8                MemManage_Handler
                0x000001d8                SVC_Handler
                0x000001d8                DAC0_IRQHandler
                0x000001d8                UART1_RX_IRQHandler
                0x000001d8                CMU_IRQHandler
                0x000001d8                EBI_IRQHandler
                0x000001d8                LESENSE_IRQHandler
                0x000001d8                AES_IRQHandler
                0x000001d8                VCMP_IRQHandler
                0x000001d8                BusFault_Handler
 .text.GetProdRev
                0x000001dc       0x1c ./CMSIS/EFM32GG/system_efm32gg.o
 .text.SystemCoreClockGet
                0x000001f8       0x34 ./CMSIS/EFM32GG/system_efm32gg.o
                0x000001f8                SystemCoreClockGet
 .text.SystemMaxCoreClockGet
                0x0000022c       0x14 ./CMSIS/EFM32GG/system_efm32gg.o
                0x0000022c                SystemMaxCoreClockGet
 .text.SystemHFClockGet
                0x00000240      0x100 ./CMSIS/EFM32GG/system_efm32gg.o
                0x00000240                SystemHFClockGet
 .text.SystemHFXOClockGet
                0x00000340       0x18 ./CMSIS/EFM32GG/system_efm32gg.o
                0x00000340                SystemHFXOClockGet
 .text.SystemInit
                0x00000358        0xc ./CMSIS/EFM32GG/system_efm32gg.o
                0x00000358                SystemInit
 .text.SystemLFRCOClockGet
                0x00000364       0x14 ./CMSIS/EFM32GG/system_efm32gg.o
                0x00000364                SystemLFRCOClockGet
 .text.SystemULFRCOClockGet
                0x00000378       0x14 ./CMSIS/EFM32GG/system_efm32gg.o
                0x00000378                SystemULFRCOClockGet
 .text.SystemLFXOClockGet
                0x0000038c       0x18 ./CMSIS/EFM32GG/system_efm32gg.o
                0x0000038c                SystemLFXOClockGet
 .text.BUS_RegBitRead
                0x000003a4       0x2c ./devices_src/radio.o
 .text.GPIO_PinInGet
                0x000003d0       0x54 ./devices_src/radio.o
 .text.GPIO_PinOutClear
                0x00000424       0x58 ./devices_src/radio.o
 .text.GPIO_PinOutSet
                0x0000047c       0x58 ./devices_src/radio.o
 .text.write_fifo
                0x000004d4       0x5c ./devices_src/radio.o
                0x000004d4                write_fifo
 .text.write_reg
                0x00000530       0x40 ./devices_src/radio.o
                0x00000530                write_reg
 .text.read_reg
                0x00000570       0x3c ./devices_src/radio.o
                0x00000570                read_reg
 .text.RFM_Init
                0x000005ac       0xd4 ./devices_src/radio.o
                0x000005ac                RFM_Init
 .text.RFM_Send_Package
                0x00000680       0x5c ./devices_src/radio.o
                0x00000680                RFM_Send_Package
 .text.RFM_on   0x000006dc       0x18 ./devices_src/radio.o
                0x000006dc                RFM_on
 .text.RFM_off  0x000006f4       0x10 ./devices_src/radio.o
                0x000006f4                RFM_off
 .text.GPIO_PinOutClear
                0x00000704       0x58 ./devices_src/rgb_led.o
 .text.GPIO_PinOutSet
                0x0000075c       0x58 ./devices_src/rgb_led.o
 .text.generate_pulses
                0x000007b4       0x50 ./devices_src/rgb_led.o
                0x000007b4                generate_pulses
 .text.rgb_init
                0x00000804       0x34 ./devices_src/rgb_led.o
                0x00000804                rgb_init
 .text.rgb_on   0x00000838      0x110 ./devices_src/rgb_led.o
                0x00000838                rgb_on
 .text.rgb_shutdown
                0x00000948       0x18 ./devices_src/rgb_led.o
                0x00000948                rgb_shutdown
 .text.GPIO_PinOutClear
                0x00000960       0x58 ./devices_src/sd_card.o
 .text.GPIO_PinOutSet
                0x000009b8       0x58 ./devices_src/sd_card.o
 .text.start_transfer
                0x00000a10       0x10 ./devices_src/sd_card.o
                0x00000a10                start_transfer
 .text.end_transfer
                0x00000a20       0x14 ./devices_src/sd_card.o
                0x00000a20                end_transfer
 .text.send_cmd
                0x00000a34      0x24c ./devices_src/sd_card.o
                0x00000a34                send_cmd
 .text.sd_card_init
                0x00000c80      0x1d4 ./devices_src/sd_card.o
                0x00000c80                sd_card_init
 .text.sd_card_on
                0x00000e54       0x10 ./devices_src/sd_card.o
                0x00000e54                sd_card_on
 .text.sd_card_off
                0x00000e64       0x10 ./devices_src/sd_card.o
                0x00000e64                sd_card_off
 .text.sd_card_read
                0x00000e74      0x130 ./devices_src/sd_card.o
                0x00000e74                sd_card_read
 .text.sd_card_write
                0x00000fa4      0x10c ./devices_src/sd_card.o
                0x00000fa4                sd_card_write
 .text.array_is_full
                0x000010b0       0x24 ./devices_src/tbr.o
                0x000010b0                array_is_full
 .text.array_is_empty
                0x000010d4       0x20 ./devices_src/tbr.o
                0x000010d4                array_is_empty
 .text.array_add
                0x000010f4       0x58 ./devices_src/tbr.o
                0x000010f4                array_add
 .text.array_remove
                0x0000114c       0x5c ./devices_src/tbr.o
                0x0000114c                array_remove
 .text.CalculateLuhn
                0x000011a8      0x12c ./devices_src/tbr.o
                0x000011a8                CalculateLuhn
 .text.parse_message_tbr
                0x000012d4       0xa4 ./devices_src/tbr.o
                0x000012d4                parse_message_tbr
 .text.check_other_messages
                0x00001378       0x3c ./devices_src/tbr.o
                0x00001378                check_other_messages
 .text.clear_buffer
                0x000013b4       0x3c ./devices_src/tbr.o
                0x000013b4                clear_buffer
 .text.get_and_compare
                0x000013f0       0xd8 ./devices_src/tbr.o
                0x000013f0                get_and_compare
 .text.tbr_init
                0x000014c8       0x48 ./devices_src/tbr.o
                0x000014c8                tbr_init
 .text.tbr_send_cmd
                0x00001510      0x100 ./devices_src/tbr.o
                0x00001510                tbr_send_cmd
 .text.tbr_recv_msg
                0x00001610       0x68 ./devices_src/tbr.o
                0x00001610                tbr_recv_msg
 .text.GPIO_PinOutSet
                0x00001678       0x58 ./devices_src/ublox_gps.o
 .text.send_cmd_rx_ack
                0x000016d0       0xfc ./devices_src/ublox_gps.o
                0x000016d0                send_cmd_rx_ack
 .text.port_config
                0x000017cc       0x64 ./devices_src/ublox_gps.o
                0x000017cc                port_config
 .text.receiver_nav_status
                0x00001830       0xfc ./devices_src/ublox_gps.o
                0x00001830                receiver_nav_status
 .text.config_low_power
                0x0000192c       0x24 ./devices_src/ublox_gps.o
                0x0000192c                config_low_power
 .text.enter_low_power
                0x00001950       0x24 ./devices_src/ublox_gps.o
                0x00001950                enter_low_power
 .text.disable_sbas
                0x00001974       0x24 ./devices_src/ublox_gps.o
                0x00001974                disable_sbas
 .text.poll_psm
                0x00001998      0x130 ./devices_src/ublox_gps.o
                0x00001998                poll_psm
 .text.parse_message
                0x00001ac8      0x240 ./devices_src/ublox_gps.o
                0x00001ac8                parse_message
 .text.gps_init
                0x00001d08      0x148 ./devices_src/ublox_gps.o
                0x00001d08                gps_init
 .text.gps_get_nav_data
                0x00001e50      0x190 ./devices_src/ublox_gps.o
                0x00001e50                gps_get_nav_data
 .text.gps_on   0x00001fe0       0x10 ./devices_src/ublox_gps.o
                0x00001fe0                gps_on
 .text.TIMER_Valid
                0x00001ff0       0x50 ./drivers_src/delay.o
 .text.TIMER_MaxCount
                0x00002040       0x18 ./drivers_src/delay.o
 .text.TIMER_CounterSet
                0x00002058       0x1c ./drivers_src/delay.o
 .text.TIMER_Enable
                0x00002074       0x2c ./drivers_src/delay.o
 .text.TIMER_IntClear
                0x000020a0       0x1c ./drivers_src/delay.o
 .text.TIMER_IntEnable
                0x000020bc       0x20 ./drivers_src/delay.o
 .text.TIMER_IntGetEnabled
                0x000020dc       0x24 ./drivers_src/delay.o
 .text.TIMER_TopBufSet
                0x00002100       0x1c ./drivers_src/delay.o
 .text.TIMER_TopSet
                0x0000211c       0x1c ./drivers_src/delay.o
 .text.delay_init
                0x00002138       0x7c ./drivers_src/delay.o
                0x00002138                delay_init
 .text.delay_enable
                0x000021b4       0x14 ./drivers_src/delay.o
                0x000021b4                delay_enable
 .text.delay_disable
                0x000021c8       0x14 ./drivers_src/delay.o
                0x000021c8                delay_disable
 .text.delay_ms
                0x000021dc       0x64 ./drivers_src/delay.o
                0x000021dc                delay_ms
 .text.TIMER_Valid
                0x00002240       0x50 ./drivers_src/pwm.o
 .text.TIMER_MaxCount
                0x00002290       0x18 ./drivers_src/pwm.o
 .text.TIMER_CounterSet
                0x000022a8       0x1c ./drivers_src/pwm.o
 .text.TIMER_Enable
                0x000022c4       0x2c ./drivers_src/pwm.o
 .text.TIMER_IntClear
                0x000022f0       0x1c ./drivers_src/pwm.o
 .text.TIMER_IntEnable
                0x0000230c       0x20 ./drivers_src/pwm.o
 .text.TIMER_IntGetEnabled
                0x0000232c       0x24 ./drivers_src/pwm.o
 .text.TIMER_TopBufSet
                0x00002350       0x1c ./drivers_src/pwm.o
 .text.TIMER_TopSet
                0x0000236c       0x1c ./drivers_src/pwm.o
 .text.pwm_init
                0x00002388       0x7c ./drivers_src/pwm.o
                0x00002388                pwm_init
 .text.pwm_enable
                0x00002404       0x14 ./drivers_src/pwm.o
                0x00002404                pwm_enable
 .text.pwm_disable
                0x00002418       0x14 ./drivers_src/pwm.o
                0x00002418                pwm_disable
 .text.pwm_us_delay
                0x0000242c       0x5c ./drivers_src/pwm.o
                0x0000242c                pwm_us_delay
 .text.NVIC_EnableIRQ
                0x00002488       0x30 ./drivers_src/rs232.o
 .text.NVIC_ClearPendingIRQ
                0x000024b8       0x34 ./drivers_src/rs232.o
 .text.USART_IntClear
                0x000024ec       0x1c ./drivers_src/rs232.o
 .text.USART_IntDisable
                0x00002508       0x24 ./drivers_src/rs232.o
 .text.USART_IntEnable
                0x0000252c       0x20 ./drivers_src/rs232.o
 .text.rs232_init
                0x0000254c       0xb0 ./drivers_src/rs232.o
                0x0000254c                rs232_init
 .text.rs232_enable
                0x000025fc       0x14 ./drivers_src/rs232.o
                0x000025fc                rs232_enable
 .text.rs232_transmit_string
                0x00002610       0x6c ./drivers_src/rs232.o
                0x00002610                rs232_transmit_string
 .text.USART2_TX_IRQHandler
                0x0000267c       0x4c ./drivers_src/rs232.o
                0x0000267c                USART2_TX_IRQHandler
 .text.USART2_RX_IRQHandler
                0x000026c8       0x40 ./drivers_src/rs232.o
                0x000026c8                USART2_RX_IRQHandler
 .text.NVIC_EnableIRQ
                0x00002708       0x30 ./drivers_src/rs485.o
 .text.NVIC_ClearPendingIRQ
                0x00002738       0x34 ./drivers_src/rs485.o
 .text.GPIO_PinOutClear
                0x0000276c       0x58 ./drivers_src/rs485.o
 .text.GPIO_PinOutSet
                0x000027c4       0x58 ./drivers_src/rs485.o
 .text.LEUART_IntClear
                0x0000281c       0x1c ./drivers_src/rs485.o
 .text.LEUART_IntDisable
                0x00002838       0x24 ./drivers_src/rs485.o
 .text.LEUART_IntEnable
                0x0000285c       0x20 ./drivers_src/rs485.o
 .text.rs485_init
                0x0000287c       0xe0 ./drivers_src/rs485.o
                0x0000287c                rs485_init
 .text.rs485_enable
                0x0000295c       0x14 ./drivers_src/rs485.o
                0x0000295c                rs485_enable
 .text.rs485_transmit_string
                0x00002970       0x78 ./drivers_src/rs485.o
                0x00002970                rs485_transmit_string
 .text.rs485_recieve_char
                0x000029e8       0x3c ./drivers_src/rs485.o
                0x000029e8                rs485_recieve_char
 .text.rs485_tx_mode
                0x00002a24       0x18 ./drivers_src/rs485.o
                0x00002a24                rs485_tx_mode
 .text.rs485_rx_mode
                0x00002a3c       0x18 ./drivers_src/rs485.o
                0x00002a3c                rs485_rx_mode
 .text.LEUART0_IRQHandler
                0x00002a54       0xd0 ./drivers_src/rs485.o
                0x00002a54                LEUART0_IRQHandler
 .text.GPIO_PinOutClear
                0x00002b24       0x58 ./drivers_src/spi.o
 .text.GPIO_PinOutSet
                0x00002b7c       0x58 ./drivers_src/spi.o
 .text.USART_IntClear
                0x00002bd4       0x1c ./drivers_src/spi.o
 .text.spi_init
                0x00002bf0       0xbc ./drivers_src/spi.o
                0x00002bf0                spi_init
 .text.spi_enable
                0x00002cac       0x14 ./drivers_src/spi.o
                0x00002cac                spi_enable
 .text.spi_disable
                0x00002cc0       0x14 ./drivers_src/spi.o
                0x00002cc0                spi_disable
 .text.spi_cs_set
                0x00002cd4       0x40 ./drivers_src/spi.o
                0x00002cd4                spi_cs_set
 .text.spi_cs_clear
                0x00002d14       0x8c ./drivers_src/spi.o
                0x00002d14                spi_cs_clear
 .text.spi_read_write_byte
                0x00002da0       0x34 ./drivers_src/spi.o
                0x00002da0                spi_read_write_byte
 .text.spi_write_byte
                0x00002dd4       0x28 ./drivers_src/spi.o
                0x00002dd4                spi_write_byte
 .text.spi_read_byte
                0x00002dfc       0x2c ./drivers_src/spi.o
                0x00002dfc                spi_read_byte
 .text.BUS_RegBitWrite
                0x00002e28       0x2c ./emlib/src/em_cmu.o
 .text.BUS_RegBitRead
                0x00002e54       0x2c ./emlib/src/em_cmu.o
 .text.CMU_DivToLog2
                0x00002e80       0x34 ./emlib/src/em_cmu.o
 .text.SYSTEM_GetProdRev
                0x00002eb4       0x1c ./emlib/src/em_cmu.o
 .text.SYSTEM_GetFamily
                0x00002ed0       0x20 ./emlib/src/em_cmu.o
 .text.maxFreqHfle
                0x00002ef0       0x78 ./emlib/src/em_cmu.o
 .text.setHfLeConfig
                0x00002f68       0x60 ./emlib/src/em_cmu.o
 .text.getHfLeConfig
                0x00002fc8       0x20 ./emlib/src/em_cmu.o
 .text.auxClkGet
                0x00002fe8       0xb0 ./emlib/src/em_cmu.o
 .text.dbgClkGet
                0x00003098       0x40 ./emlib/src/em_cmu.o
 .text.flashWaitStateControl
                0x000030d8       0xb8 ./emlib/src/em_cmu.o
 .text.flashWaitStateMax
                0x00003190       0x14 ./emlib/src/em_cmu.o
 .text.CMU_UpdateWaitStates
                0x000031a4       0x18 ./emlib/src/em_cmu.o
                0x000031a4                CMU_UpdateWaitStates
 .text.lfClkGet
                0x000031bc       0xec ./emlib/src/em_cmu.o
 .text.syncReg  0x000032a8       0x34 ./emlib/src/em_cmu.o
 .text.CMU_ClockEnable
                0x000032dc       0xd0 ./emlib/src/em_cmu.o
                0x000032dc                CMU_ClockEnable
 .text.CMU_ClockFreqGet
                0x000033ac      0x1c8 ./emlib/src/em_cmu.o
                0x000033ac                CMU_ClockFreqGet
 .text.CMU_ClockSelectGet
                0x00003574      0x124 ./emlib/src/em_cmu.o
                0x00003574                CMU_ClockSelectGet
 .text.CMU_ClockSelectSet
                0x00003698      0x22c ./emlib/src/em_cmu.o
                0x00003698                CMU_ClockSelectSet
 .text.CMU_HFRCOBandSet
                0x000038c4       0xe0 ./emlib/src/em_cmu.o
                0x000038c4                CMU_HFRCOBandSet
 .text.CMU_OscillatorEnable
                0x000039a4       0xbc ./emlib/src/em_cmu.o
                0x000039a4                CMU_OscillatorEnable
 .text.CORE_EnterAtomic
                0x00003a60       0x20 ./emlib/src/em_core.o
                0x00003a60                CORE_EnterAtomic
 .text.CORE_ExitAtomic
                0x00003a80       0x1c ./emlib/src/em_core.o
                0x00003a80                CORE_ExitAtomic
 .text.DMA_IRQHandler
                0x00003a9c       0xd8 ./emlib/src/em_dma.o
                0x00003a9c                DMA_IRQHandler
 .text.BUS_RegBitWrite
                0x00003b74       0x2c ./emlib/src/em_gpio.o
 .text.BUS_RegMaskedWrite
                0x00003ba0       0x28 ./emlib/src/em_gpio.o
 .text.GPIO_PinOutClear
                0x00003bc8       0x58 ./emlib/src/em_gpio.o
 .text.GPIO_PinOutSet
                0x00003c20       0x58 ./emlib/src/em_gpio.o
 .text.GPIO_DriveModeSet
                0x00003c78       0x70 ./emlib/src/em_gpio.o
                0x00003c78                GPIO_DriveModeSet
 .text.GPIO_ExtIntConfig
                0x00003ce8       0xd4 ./emlib/src/em_gpio.o
                0x00003ce8                GPIO_ExtIntConfig
 .text.GPIO_PinModeSet
                0x00003dbc      0x10c ./emlib/src/em_gpio.o
                0x00003dbc                GPIO_PinModeSet
 .text.LEUART_Sync
                0x00003ec8       0x30 ./emlib/src/em_leuart.o
 .text.LEUART_BaudrateSet
                0x00003ef8       0x80 ./emlib/src/em_leuart.o
                0x00003ef8                LEUART_BaudrateSet
 .text.LEUART_Enable
                0x00003f78       0x58 ./emlib/src/em_leuart.o
                0x00003f78                LEUART_Enable
 .text.LEUART_FreezeEnable
                0x00003fd0       0x34 ./emlib/src/em_leuart.o
                0x00003fd0                LEUART_FreezeEnable
 .text.LEUART_Init
                0x00004004       0x84 ./emlib/src/em_leuart.o
                0x00004004                LEUART_Init
 .text.LEUART_Reset
                0x00004088       0x70 ./emlib/src/em_leuart.o
                0x00004088                LEUART_Reset
 .text.LEUART_Rx
                0x000040f8       0x28 ./emlib/src/em_leuart.o
                0x000040f8                LEUART_Rx
 .text.LEUART_Tx
                0x00004120       0x30 ./emlib/src/em_leuart.o
                0x00004120                LEUART_Tx
 .text.SYSTEM_ChipRevisionGet
                0x00004150       0x74 ./emlib/src/em_system.o
                0x00004150                SYSTEM_ChipRevisionGet
 .text.TIMER_Valid
                0x000041c4       0x50 ./emlib/src/em_timer.o
 .text.TIMER_Init
                0x00004214       0xdc ./emlib/src/em_timer.o
                0x00004214                TIMER_Init
 .text.USART_BaudrateAsyncSet
                0x000042f0       0xb0 ./emlib/src/em_usart.o
                0x000042f0                USART_BaudrateAsyncSet
 .text.USART_BaudrateSyncSet
                0x000043a0       0x40 ./emlib/src/em_usart.o
                0x000043a0                USART_BaudrateSyncSet
 .text.USART_Enable
                0x000043e0       0x58 ./emlib/src/em_usart.o
                0x000043e0                USART_Enable
 .text.USART_InitAsync
                0x00004438       0x9c ./emlib/src/em_usart.o
                0x00004438                USART_InitAsync
 .text.USART_InitSync
                0x000044d4       0xcc ./emlib/src/em_usart.o
                0x000044d4                USART_InitSync
 .text.USART_Reset
                0x000045a0       0x98 ./emlib/src/em_usart.o
                0x000045a0                USART_Reset
 .text.USART_Rx
                0x00004638       0x28 ./emlib/src/em_usart.o
                0x00004638                USART_Rx
 .text.USART_SpiTransfer
                0x00004660       0x40 ./emlib/src/em_usart.o
                0x00004660                USART_SpiTransfer
 .text.USART_Tx
                0x000046a0       0x2c ./emlib/src/em_usart.o
                0x000046a0                USART_Tx
 .text.disk_status
                0x000046cc       0x44 ./fat_filesystem_src/diskio.o
                0x000046cc                disk_status
 .text.disk_initialize
                0x00004710       0x4c ./fat_filesystem_src/diskio.o
                0x00004710                disk_initialize
 .text.disk_read
                0x0000475c       0x50 ./fat_filesystem_src/diskio.o
                0x0000475c                disk_read
 .text.disk_write
                0x000047ac       0x50 ./fat_filesystem_src/diskio.o
                0x000047ac                disk_write
 .text.disk_ioctl
                0x000047fc       0x50 ./fat_filesystem_src/diskio.o
                0x000047fc                disk_ioctl
 .text.ld_word  0x0000484c       0x30 ./fat_filesystem_src/ff.o
 .text.ld_dword
                0x0000487c       0x48 ./fat_filesystem_src/ff.o
 .text.st_word  0x000048c4       0x34 ./fat_filesystem_src/ff.o
 .text.st_dword
                0x000048f8       0x58 ./fat_filesystem_src/ff.o
 .text.mem_cpy  0x00004950       0x40 ./fat_filesystem_src/ff.o
 .text.mem_set  0x00004990       0x34 ./fat_filesystem_src/ff.o
 .text.mem_cmp  0x000049c4       0x50 ./fat_filesystem_src/ff.o
 .text.chk_chr  0x00004a14       0x38 ./fat_filesystem_src/ff.o
 .text.sync_window
                0x00004a4c       0x8c ./fat_filesystem_src/ff.o
 .text.move_window
                0x00004ad8       0x5c ./fat_filesystem_src/ff.o
 .text.sync_fs  0x00004b34       0xdc ./fat_filesystem_src/ff.o
 .text.clust2sect
                0x00004c10       0x40 ./fat_filesystem_src/ff.o
 .text.get_fat  0x00004c50      0x140 ./fat_filesystem_src/ff.o
 .text.put_fat  0x00004d90      0x1bc ./fat_filesystem_src/ff.o
 .text.remove_chain
                0x00004f4c       0xc8 ./fat_filesystem_src/ff.o
 .text.create_chain
                0x00005014      0x134 ./fat_filesystem_src/ff.o
 .text.dir_sdi  0x00005148       0xf4 ./fat_filesystem_src/ff.o
 .text.dir_next
                0x0000523c      0x188 ./fat_filesystem_src/ff.o
 .text.dir_alloc
                0x000053c4       0x90 ./fat_filesystem_src/ff.o
 .text.ld_clust
                0x00005454       0x40 ./fat_filesystem_src/ff.o
 .text.st_clust
                0x00005494       0x40 ./fat_filesystem_src/ff.o
 .text.dir_find
                0x000054d4       0xa8 ./fat_filesystem_src/ff.o
 .text.dir_register
                0x0000557c       0x68 ./fat_filesystem_src/ff.o
 .text.create_name
                0x000055e4      0x1a0 ./fat_filesystem_src/ff.o
 .text.follow_path
                0x00005784       0xdc ./fat_filesystem_src/ff.o
 .text.get_ldnumber
                0x00005860       0x88 ./fat_filesystem_src/ff.o
 .text.check_fs
                0x000058e8       0xa8 ./fat_filesystem_src/ff.o
 .text.find_volume
                0x00005990      0x474 ./fat_filesystem_src/ff.o
 .text.validate
                0x00005e04       0x68 ./fat_filesystem_src/ff.o
 .text.f_mount  0x00005e6c       0x88 ./fat_filesystem_src/ff.o
                0x00005e6c                f_mount
 .text.f_open   0x00005ef4      0x320 ./fat_filesystem_src/ff.o
                0x00005ef4                f_open
 .text.f_write  0x00006214      0x2d8 ./fat_filesystem_src/ff.o
                0x00006214                f_write
 .text.f_sync   0x000064ec      0x108 ./fat_filesystem_src/ff.o
                0x000064ec                f_sync
 .text.f_close  0x000065f4       0x40 ./fat_filesystem_src/ff.o
                0x000065f4                f_close
 .text.putc_bfd
                0x00006634       0x78 ./fat_filesystem_src/ff.o
 .text.putc_flush
                0x000066ac       0x54 ./fat_filesystem_src/ff.o
 .text.putc_init
                0x00006700       0x28 ./fat_filesystem_src/ff.o
 .text.f_puts   0x00006728       0x48 ./fat_filesystem_src/ff.o
                0x00006728                f_puts
 .text.get_fattime
                0x00006770       0x14 ./fat_filesystem_src/ff.o
                0x00006770                get_fattime
 .text.fifo_rs232_init
                0x00006784       0x48 ./fifo_buffers_src/fifo_rs232.o
                0x00006784                fifo_rs232_init
 .text.fifo_rs232_is_empty
                0x000067cc       0x4c ./fifo_buffers_src/fifo_rs232.o
                0x000067cc                fifo_rs232_is_empty
 .text.fifo_rs232_is_full
                0x00006818       0x50 ./fifo_buffers_src/fifo_rs232.o
                0x00006818                fifo_rs232_is_full
 .text.fifo_rs232_remove
                0x00006868       0xbc ./fifo_buffers_src/fifo_rs232.o
                0x00006868                fifo_rs232_remove
 .text.fifo_rs232_add
                0x00006924       0xb0 ./fifo_buffers_src/fifo_rs232.o
                0x00006924                fifo_rs232_add
 .text.fifo_tbr_init
                0x000069d4       0x68 ./fifo_buffers_src/fifo_tbr.o
                0x000069d4                fifo_tbr_init
 .text.fifo_tbr_is_empty
                0x00006a3c       0x6c ./fifo_buffers_src/fifo_tbr.o
                0x00006a3c                fifo_tbr_is_empty
 .text.fifo_tbr_is_full
                0x00006aa8       0x6c ./fifo_buffers_src/fifo_tbr.o
                0x00006aa8                fifo_tbr_is_full
 .text.fifo_tbr_remove
                0x00006b14      0x108 ./fifo_buffers_src/fifo_tbr.o
                0x00006b14                fifo_tbr_remove
 .text.fifo_tbr_add
                0x00006c1c       0xf8 ./fifo_buffers_src/fifo_tbr.o
                0x00006c1c                fifo_tbr_add
 .text.NVIC_EnableIRQ
                0x00006d14       0x30 ./hal/hal.o
 .text.GPIO_IntClear
                0x00006d44       0x20 ./hal/hal.o
 .text.GPIO_IntGetEnabled
                0x00006d64       0x28 ./hal/hal.o
 .text.GPIO_IntConfig
                0x00006d8c       0x38 ./hal/hal.o
 .text.RTC_CounterGet
                0x00006dc4       0x18 ./hal/hal.o
 .text.RTC_IntClear
                0x00006ddc       0x1c ./hal/hal.o
 .text.RTC_IntGet
                0x00006df8       0x18 ./hal/hal.o
 .text.time_manager_init
                0x00006e10       0x38 ./hal/hal.o
                0x00006e10                time_manager_init
 .text.time_manager_unixTimestamp
                0x00006e48      0x118 ./hal/hal.o
                0x00006e48                time_manager_unixTimestamp
 .text.GPIO_EVEN_IRQHandler
                0x00006f60       0xc8 ./hal/hal.o
                0x00006f60                GPIO_EVEN_IRQHandler
 .text.GPIO_ODD_IRQHandler
                0x00007028       0x34 ./hal/hal.o
                0x00007028                GPIO_ODD_IRQHandler
 .text.time_manager_get_cmd
                0x0000705c       0x18 ./hal/hal.o
                0x0000705c                time_manager_get_cmd
 .text.hal_pin_nss
                0x00007074       0x24 ./hal/hal.o
                0x00007074                hal_pin_nss
 .text.hal_spi  0x00007098       0x24 ./hal/hal.o
                0x00007098                hal_spi
 .text.RTC_IRQHandler
                0x000070bc       0x34 ./hal/hal.o
                0x000070bc                RTC_IRQHandler
 .text.hal_ticks
                0x000070f0       0x4c ./hal/hal.o
                0x000070f0                hal_ticks
 .text.hal_disableIRQs
                0x0000713c       0x40 ./hal/hal.o
                0x0000713c                hal_disableIRQs
 .text.hal_enableIRQs
                0x0000717c       0x38 ./hal/hal.o
                0x0000717c                hal_enableIRQs
 .text.getSf    0x000071b4       0x20 ./lmic/lmic.o
                0x000071b4                getSf
 .text.getBw    0x000071d4       0x24 ./lmic/lmic.o
                0x000071d4                getBw
 .text.os_getTime
                0x000071f8       0x10 ./lmic/oslmic.o
                0x000071f8                os_getTime
 .text.unlinkjob
                0x00007208       0x40 ./lmic/oslmic.o
 .text.os_clearCallback
                0x00007248       0x3c ./lmic/oslmic.o
                0x00007248                os_clearCallback
 .text.os_setCallback
                0x00007284       0x48 ./lmic/oslmic.o
                0x00007284                os_setCallback
 .text.writeReg
                0x000072cc       0x38 ./lmic/radio.o
 .text.readReg  0x00007304       0x38 ./lmic/radio.o
 .text.readBuf  0x0000733c       0x54 ./lmic/radio.o
 .text.opmode   0x00007390       0x30 ./lmic/radio.o
 .text.radio_irq_handler
                0x000073c0      0x1ac ./lmic/radio.o
                0x000073c0                radio_irq_handler
 .text.file_sys_setup
                0x0000756c       0xf8 ./resource managers_src/app_manager.o
                0x0000756c                file_sys_setup
 .text.tbr_cmd_update_rgb_led
                0x00007664       0x54 ./resource managers_src/app_manager.o
                0x00007664                tbr_cmd_update_rgb_led
 .text.shift_buffer
                0x000076b8       0x5c ./resource managers_src/app_manager.o
                0x000076b8                shift_buffer
 .text.pack_radio_message
                0x00007714       0x60 ./resource managers_src/app_manager.o
                0x00007714                pack_radio_message
 .text.send_data_on_radio
                0x00007774       0x64 ./resource managers_src/app_manager.o
                0x00007774                send_data_on_radio
 .text.app_manager_init
                0x000077d8      0x218 ./resource managers_src/app_manager.o
                0x000077d8                app_manager_init
 .text.app_manager_tbr_synch_msg
                0x000079f0      0x258 ./resource managers_src/app_manager.o
                0x000079f0                app_manager_tbr_synch_msg
 .text.app_manager_get_nav_data
                0x00007c48       0x18 ./resource managers_src/app_manager.o
                0x00007c48                app_manager_get_nav_data
 .text.SYSTEM_GetProdRev
                0x00007c60       0x1c ./src/main.o
 .text.CHIP_Init
                0x00007c7c       0x3c ./src/main.o
 .text.EMU_EnterEM1
                0x00007cb8       0x20 ./src/main.o
 .text.main     0x00007cd8      0x120 ./src/main.o
                0x00007cd8                main
 .text.exit     0x00007df8       0x28 c:/siliconlabs/simplicitystudio/v4/developer/toolchains/gnu_arm/4.9_2015q3/bin/../lib/gcc/arm-none-eabi/4.9.3/../../../../arm-none-eabi/lib/armv7-m\libc_nano.a(lib_a-exit.o)
                0x00007df8                exit
 .text.__libc_init_array
                0x00007e20       0x4c c:/siliconlabs/simplicitystudio/v4/developer/toolchains/gnu_arm/4.9_2015q3/bin/../lib/gcc/arm-none-eabi/4.9.3/../../../../arm-none-eabi/lib/armv7-m\libc_nano.a(lib_a-init.o)
                0x00007e20                __libc_init_array
 .text.memcpy   0x00007e6c       0x16 c:/siliconlabs/simplicitystudio/v4/developer/toolchains/gnu_arm/4.9_2015q3/bin/../lib/gcc/arm-none-eabi/4.9.3/../../../../arm-none-eabi/lib/armv7-m\libc_nano.a(lib_a-memcpy.o)
                0x00007e6c                memcpy
 .text.memset   0x00007e82       0x10 c:/siliconlabs/simplicitystudio/v4/developer/toolchains/gnu_arm/4.9_2015q3/bin/../lib/gcc/arm-none-eabi/4.9.3/../../../../arm-none-eabi/lib/armv7-m\libc_nano.a(lib_a-memset.o)
                0x00007e82                memset
 *fill*         0x00007e92        0x2 
 .text.sprintf  0x00007e94       0x48 c:/siliconlabs/simplicitystudio/v4/developer/toolchains/gnu_arm/4.9_2015q3/bin/../lib/gcc/arm-none-eabi/4.9.3/../../../../arm-none-eabi/lib/armv7-m\libc_nano.a(lib_a-sprintf.o)
                0x00007e94                siprintf
                0x00007e94                sprintf
 .text.strchr   0x00007edc       0x1c c:/siliconlabs/simplicitystudio/v4/developer/toolchains/gnu_arm/4.9_2015q3/bin/../lib/gcc/arm-none-eabi/4.9.3/../../../../arm-none-eabi/lib/armv7-m\libc_nano.a(lib_a-strchr.o)
                0x00007edc                strchr
 .text.strlen   0x00007ef8       0x10 c:/siliconlabs/simplicitystudio/v4/developer/toolchains/gnu_arm/4.9_2015q3/bin/../lib/gcc/arm-none-eabi/4.9.3/../../../../arm-none-eabi/lib/armv7-m\libc_nano.a(lib_a-strlen.o)
                0x00007ef8                strlen
 .text.strstr   0x00007f08       0x30 c:/siliconlabs/simplicitystudio/v4/developer/toolchains/gnu_arm/4.9_2015q3/bin/../lib/gcc/arm-none-eabi/4.9.3/../../../../arm-none-eabi/lib/armv7-m\libc_nano.a(lib_a-strstr.o)
                0x00007f08                strstr
 .text.strtok   0x00007f38       0x64 c:/siliconlabs/simplicitystudio/v4/developer/toolchains/gnu_arm/4.9_2015q3/bin/../lib/gcc/arm-none-eabi/4.9.3/../../../../arm-none-eabi/lib/armv7-m\libc_nano.a(lib_a-strtok.o)
                0x00007f38                strtok
 .text.__strtok_r
                0x00007f9c       0x56 c:/siliconlabs/simplicitystudio/v4/developer/toolchains/gnu_arm/4.9_2015q3/bin/../lib/gcc/arm-none-eabi/4.9.3/../../../../arm-none-eabi/lib/armv7-m\libc_nano.a(lib_a-strtok_r.o)
                0x00007f9c                __strtok_r
 *fill*         0x00007ff2        0x2 
 .text.malloc   0x00007ff4       0x10 c:/siliconlabs/simplicitystudio/v4/developer/toolchains/gnu_arm/4.9_2015q3/bin/../lib/gcc/arm-none-eabi/4.9.3/../../../../arm-none-eabi/lib/armv7-m\libc_nano.a(lib_a-malloc.o)
                0x00007ff4                malloc
 .text._free_r  0x00008004       0x88 c:/siliconlabs/simplicitystudio/v4/developer/toolchains/gnu_arm/4.9_2015q3/bin/../lib/gcc/arm-none-eabi/4.9.3/../../../../arm-none-eabi/lib/armv7-m\libc_nano.a(lib_a-nano-freer.o)
                0x00008004                _free_r
 .text._malloc_r
                0x0000808c       0xac c:/siliconlabs/simplicitystudio/v4/developer/toolchains/gnu_arm/4.9_2015q3/bin/../lib/gcc/arm-none-eabi/4.9.3/../../../../arm-none-eabi/lib/armv7-m\libc_nano.a(lib_a-nano-mallocr.o)
                0x0000808c                _malloc_r
 .text.__ssputs_r
                0x00008138       0xb2 c:/siliconlabs/simplicitystudio/v4/developer/toolchains/gnu_arm/4.9_2015q3/bin/../lib/gcc/arm-none-eabi/4.9.3/../../../../arm-none-eabi/lib/armv7-m\libc_nano.a(lib_a-nano-svfprintf.o)
                0x00008138                __ssputs_r
 *fill*         0x000081ea        0x2 
 .text._svfprintf_r
                0x000081ec      0x1e4 c:/siliconlabs/simplicitystudio/v4/developer/toolchains/gnu_arm/4.9_2015q3/bin/../lib/gcc/arm-none-eabi/4.9.3/../../../../arm-none-eabi/lib/armv7-m\libc_nano.a(lib_a-nano-svfprintf.o)
                0x000081ec                _svfiprintf_r
                0x000081ec                _svfprintf_r
 .text._printf_common
                0x000083d0       0xea c:/siliconlabs/simplicitystudio/v4/developer/toolchains/gnu_arm/4.9_2015q3/bin/../lib/gcc/arm-none-eabi/4.9.3/../../../../arm-none-eabi/lib/armv7-m\libc_nano.a(lib_a-nano-vfprintf_i.o)
                0x000083d0                _printf_common
 *fill*         0x000084ba        0x2 
 .text._printf_i
                0x000084bc      0x240 c:/siliconlabs/simplicitystudio/v4/developer/toolchains/gnu_arm/4.9_2015q3/bin/../lib/gcc/arm-none-eabi/4.9.3/../../../../arm-none-eabi/lib/armv7-m\libc_nano.a(lib_a-nano-vfprintf_i.o)
                0x000084bc                _printf_i
 .text._sbrk_r  0x000086fc       0x20 c:/siliconlabs/simplicitystudio/v4/developer/toolchains/gnu_arm/4.9_2015q3/bin/../lib/gcc/arm-none-eabi/4.9.3/../../../../arm-none-eabi/lib/armv7-m\libc_nano.a(lib_a-sbrkr.o)
                0x000086fc                _sbrk_r
 .text.memchr   0x0000871c       0x1c c:/siliconlabs/simplicitystudio/v4/developer/toolchains/gnu_arm/4.9_2015q3/bin/../lib/gcc/arm-none-eabi/4.9.3/../../../../arm-none-eabi/lib/armv7-m\libc_nano.a(lib_a-memchr.o)
                0x0000871c                memchr
 .text.memmove  0x00008738       0x36 c:/siliconlabs/simplicitystudio/v4/developer/toolchains/gnu_arm/4.9_2015q3/bin/../lib/gcc/arm-none-eabi/4.9.3/../../../../arm-none-eabi/lib/armv7-m\libc_nano.a(lib_a-memmove.o)
                0x00008738                memmove
 .text._realloc_r
                0x0000876e       0x4c c:/siliconlabs/simplicitystudio/v4/developer/toolchains/gnu_arm/4.9_2015q3/bin/../lib/gcc/arm-none-eabi/4.9.3/../../../../arm-none-eabi/lib/armv7-m\libc_nano.a(lib_a-nano-reallocr.o)
                0x0000876e                _realloc_r
 .text._malloc_usable_size_r
                0x000087ba       0x14 c:/siliconlabs/simplicitystudio/v4/developer/toolchains/gnu_arm/4.9_2015q3/bin/../lib/gcc/arm-none-eabi/4.9.3/../../../../arm-none-eabi/lib/armv7-m\libc_nano.a(lib_a-nano-msizer.o)
                0x000087ba                _malloc_usable_size_r
 *fill*         0x000087ce        0x2 
 .text._sbrk    0x000087d0       0x1c c:/siliconlabs/simplicitystudio/v4/developer/toolchains/gnu_arm/4.9_2015q3/bin/../lib/gcc/arm-none-eabi/4.9.3/../../../../arm-none-eabi/lib/armv7-m\libnosys.a(sbrk.o)
                0x000087d0                _sbrk
 .text._exit    0x000087ec        0x4 c:/siliconlabs/simplicitystudio/v4/developer/toolchains/gnu_arm/4.9_2015q3/bin/../lib/gcc/arm-none-eabi/4.9.3/../../../../arm-none-eabi/lib/armv7-m\libnosys.a(_exit.o)
                0x000087ec                _exit
 *(.init)
 .init          0x000087f0        0x4 c:/siliconlabs/simplicitystudio/v4/developer/toolchains/gnu_arm/4.9_2015q3/bin/../lib/gcc/arm-none-eabi/4.9.3/armv7-m/crti.o
                0x000087f0                _init
 .init          0x000087f4        0x8 c:/siliconlabs/simplicitystudio/v4/developer/toolchains/gnu_arm/4.9_2015q3/bin/../lib/gcc/arm-none-eabi/4.9.3/armv7-m/crtn.o
 *(.fini)
 .fini          0x000087fc        0x4 c:/siliconlabs/simplicitystudio/v4/developer/toolchains/gnu_arm/4.9_2015q3/bin/../lib/gcc/arm-none-eabi/4.9.3/armv7-m/crti.o
                0x000087fc                _fini
 .fini          0x00008800        0x8 c:/siliconlabs/simplicitystudio/v4/developer/toolchains/gnu_arm/4.9_2015q3/bin/../lib/gcc/arm-none-eabi/4.9.3/armv7-m/crtn.o
 *crtbegin.o(.ctors)
 *crtbegin?.o(.ctors)
 *(EXCLUDE_FILE(*crtend.o *crtend?.o) .ctors)
 *(SORT(.ctors.*))
 *(.ctors)
 *crtbegin.o(.dtors)
 *crtbegin?.o(.dtors)
 *(EXCLUDE_FILE(*crtend.o *crtend?.o) .dtors)
 *(SORT(.dtors.*))
 *(.dtors)
 *(.rodata*)
 .rodata        0x00008808       0x26 ./devices_src/tbr.o
 *fill*         0x0000882e        0x2 
 .rodata.nav_pvt_gps_data
                0x00008830        0x8 ./devices_src/ublox_gps.o
 .rodata.cfg_prt_spi
                0x00008838       0x1c ./devices_src/ublox_gps.o
 .rodata.cfg_prt_usb
                0x00008854       0x1c ./devices_src/ublox_gps.o
 .rodata.cfg_prt_ddc
                0x00008870       0x1c ./devices_src/ublox_gps.o
 .rodata.cfg_pm2_on_off
                0x0000888c       0x34 ./devices_src/ublox_gps.o
 .rodata.cfg_sbas_disable
                0x000088c0       0x10 ./devices_src/ublox_gps.o
 .rodata.cfg_rxm_psm_mode
                0x000088d0        0xa ./devices_src/ublox_gps.o
 *fill*         0x000088da        0x2 
 .rodata.cfg_rxm_poll_psm
                0x000088dc        0x8 ./devices_src/ublox_gps.o
 .rodata        0x000088e4       0x1f ./devices_src/ublox_gps.o
 *fill*         0x00008903        0x1 
 .rodata        0x00008904       0x18 ./drivers_src/rs232.o
 .rodata        0x0000891c       0x18 ./drivers_src/spi.o
 .rodata        0x00008934        0xf ./fat_filesystem_src/ff.o
 *fill*         0x00008943        0x1 
 .rodata        0x00008944       0x23 ./hal/hal.o
 *fill*         0x00008967        0x1 
 .rodata.LORA_RXDONE_FIXUP
                0x00008968        0xe ./lmic/radio.o
 *fill*         0x00008976        0x2 
 .rodata        0x00008978      0x260 ./resource managers_src/app_manager.o
 .rodata        0x00008bd8       0xf5 ./src/main.o
 .rodata.str1.1
                0x00008ccd        0x2 c:/siliconlabs/simplicitystudio/v4/developer/toolchains/gnu_arm/4.9_2015q3/bin/../lib/gcc/arm-none-eabi/4.9.3/../../../../arm-none-eabi/lib/armv7-m\libc_nano.a(lib_a-impure.o)
 *fill*         0x00008ccf        0x1 
 .rodata._global_impure_ptr
                0x00008cd0        0x4 c:/siliconlabs/simplicitystudio/v4/developer/toolchains/gnu_arm/4.9_2015q3/bin/../lib/gcc/arm-none-eabi/4.9.3/../../../../arm-none-eabi/lib/armv7-m\libc_nano.a(lib_a-impure.o)
                0x00008cd0                _global_impure_ptr
 .rodata.str1.1
                0x00008cd4       0x11 c:/siliconlabs/simplicitystudio/v4/developer/toolchains/gnu_arm/4.9_2015q3/bin/../lib/gcc/arm-none-eabi/4.9.3/../../../../arm-none-eabi/lib/armv7-m\libc_nano.a(lib_a-nano-svfprintf.o)
 .rodata.str1.1
                0x00008ce5       0x22 c:/siliconlabs/simplicitystudio/v4/developer/toolchains/gnu_arm/4.9_2015q3/bin/../lib/gcc/arm-none-eabi/4.9.3/../../../../arm-none-eabi/lib/armv7-m\libc_nano.a(lib_a-nano-vfprintf_i.o)
 *(.eh_frame*)
 *fill*         0x00008d07        0x1 
 .eh_frame      0x00008d08        0x0 c:/siliconlabs/simplicitystudio/v4/developer/toolchains/gnu_arm/4.9_2015q3/bin/../lib/gcc/arm-none-eabi/4.9.3/armv7-m/crtbegin.o
 .eh_frame      0x00008d08        0x4 c:/siliconlabs/simplicitystudio/v4/developer/toolchains/gnu_arm/4.9_2015q3/bin/../lib/gcc/arm-none-eabi/4.9.3/armv7-m/crtend.o

.glue_7         0x00008d0c        0x0
 .glue_7        0x00000000        0x0 linker stubs

.glue_7t        0x00008d0c        0x0
 .glue_7t       0x00000000        0x0 linker stubs

.vfp11_veneer   0x00008d0c        0x0
 .vfp11_veneer  0x00000000        0x0 linker stubs

.v4_bx          0x00008d0c        0x0
 .v4_bx         0x00000000        0x0 linker stubs

.iplt           0x00008d0c        0x0
 .iplt          0x00000000        0x0 c:/siliconlabs/simplicitystudio/v4/developer/toolchains/gnu_arm/4.9_2015q3/bin/../lib/gcc/arm-none-eabi/4.9.3/armv7-m/crtbegin.o

.ARM.extab
 *(.ARM.extab* .gnu.linkonce.armextab.*)
                0x00008d0c                __exidx_start = .

.ARM.exidx      0x00008d0c        0x8
 *(.ARM.exidx* .gnu.linkonce.armexidx.*)
 .ARM.exidx     0x00008d0c        0x8 c:/siliconlabs/simplicitystudio/v4/developer/toolchains/gnu_arm/4.9_2015q3/bin/../lib/gcc/arm-none-eabi/4.9.3/../../../../arm-none-eabi/lib/armv7-m/crt0.o
                0x00008d14                __exidx_end = .
                0x00008d14                __etext = .

.rel.dyn        0x00008d14        0x0
 .rel.iplt      0x00000000        0x0 c:/siliconlabs/simplicitystudio/v4/developer/toolchains/gnu_arm/4.9_2015q3/bin/../lib/gcc/arm-none-eabi/4.9.3/armv7-m/crtbegin.o

.data           0x20000000       0x80 load address 0x00008d14
                0x20000000                __data_start__ = .
 *(vtable)
 *(.data*)
 .data.SystemHFXOClock
                0x20000000        0x4 ./CMSIS/EFM32GG/system_efm32gg.o
 .data.SystemLFXOClock
                0x20000004        0x4 ./CMSIS/EFM32GG/system_efm32gg.o
 .data.SystemCoreClock
                0x20000008        0x4 ./CMSIS/EFM32GG/system_efm32gg.o
                0x20000008                SystemCoreClock
 .data.isr_rx_tx_char
                0x2000000c        0x1 ./drivers_src/rs485.o
 *fill*         0x2000000d        0x3 
 .data.impure_data
                0x20000010       0x60 c:/siliconlabs/simplicitystudio/v4/developer/toolchains/gnu_arm/4.9_2015q3/bin/../lib/gcc/arm-none-eabi/4.9.3/../../../../arm-none-eabi/lib/armv7-m\libc_nano.a(lib_a-impure.o)
 .data._impure_ptr
                0x20000070        0x4 c:/siliconlabs/simplicitystudio/v4/developer/toolchains/gnu_arm/4.9_2015q3/bin/../lib/gcc/arm-none-eabi/4.9.3/../../../../arm-none-eabi/lib/armv7-m\libc_nano.a(lib_a-impure.o)
                0x20000070                _impure_ptr
                0x20000074                . = ALIGN (0x4)
 *(.ram)
                0x20000074                . = ALIGN (0x4)
                0x20000074                PROVIDE (__preinit_array_start, .)
 *(.preinit_array)
                0x20000074                PROVIDE (__preinit_array_end, .)
                0x20000074                . = ALIGN (0x4)
                0x20000074                PROVIDE (__init_array_start, .)
 *(SORT(.init_array.*))
 *(.init_array)
 .init_array    0x20000074        0x4 c:/siliconlabs/simplicitystudio/v4/developer/toolchains/gnu_arm/4.9_2015q3/bin/../lib/gcc/arm-none-eabi/4.9.3/armv7-m/crtbegin.o
                0x20000078                PROVIDE (__init_array_end, .)
                0x20000078                . = ALIGN (0x4)
                0x20000078                PROVIDE (__fini_array_start, .)
 *(SORT(.fini_array.*))
 *(.fini_array)
 .fini_array    0x20000078        0x4 c:/siliconlabs/simplicitystudio/v4/developer/toolchains/gnu_arm/4.9_2015q3/bin/../lib/gcc/arm-none-eabi/4.9.3/armv7-m/crtbegin.o
                0x2000007c                PROVIDE (__fini_array_end, .)
 *(.jcr*)
 .jcr           0x2000007c        0x0 c:/siliconlabs/simplicitystudio/v4/developer/toolchains/gnu_arm/4.9_2015q3/bin/../lib/gcc/arm-none-eabi/4.9.3/armv7-m/crtbegin.o
 .jcr           0x2000007c        0x4 c:/siliconlabs/simplicitystudio/v4/developer/toolchains/gnu_arm/4.9_2015q3/bin/../lib/gcc/arm-none-eabi/4.9.3/armv7-m/crtend.o
                0x20000080                . = ALIGN (0x4)
                0x20000080                __data_end__ = .

.igot.plt       0x20000080        0x0 load address 0x00008d94
 .igot.plt      0x00000000        0x0 c:/siliconlabs/simplicitystudio/v4/developer/toolchains/gnu_arm/4.9_2015q3/bin/../lib/gcc/arm-none-eabi/4.9.3/armv7-m/crtbegin.o

.bss            0x20000080      0xae4 load address 0x00008d98
                0x20000080                . = ALIGN (0x4)
                0x20000080                __bss_start__ = .
 *(.bss*)
 .bss           0x20000080       0x1c c:/siliconlabs/simplicitystudio/v4/developer/toolchains/gnu_arm/4.9_2015q3/bin/../lib/gcc/arm-none-eabi/4.9.3/armv7-m/crtbegin.o
 .bss.array_msg
                0x2000009c      0x200 ./devices_src/tbr.o
 .bss.array_size
                0x2000029c        0x4 ./devices_src/tbr.o
 .bss.array_front
                0x200002a0        0x4 ./devices_src/tbr.o
 .bss.array_rear
                0x200002a4        0x4 ./devices_src/tbr.o
 .bss.current_rx_fifo
                0x200002a8        0x1 ./drivers_src/rs485.o
 .bss.init_flag
                0x200002a9        0x1 ./fat_filesystem_src/diskio.o
 *fill*         0x200002aa        0x2 
 .bss.FatFs     0x200002ac        0x4 ./fat_filesystem_src/ff.o
 .bss.Fsid      0x200002b0        0x2 ./fat_filesystem_src/ff.o
 *fill*         0x200002b2        0x2 
 .bss.fifo_rx_size
                0x200002b4        0x4 ./fifo_buffers_src/fifo_rs232.o
 .bss.fifo_tx_size
                0x200002b8        0x4 ./fifo_buffers_src/fifo_rs232.o
 .bss.fifo_rx_front
                0x200002bc        0x4 ./fifo_buffers_src/fifo_rs232.o
 .bss.fifo_tx_front
                0x200002c0        0x4 ./fifo_buffers_src/fifo_rs232.o
 .bss.fifo_rx_rear
                0x200002c4        0x4 ./fifo_buffers_src/fifo_rs232.o
 .bss.fifo_tx_rear
                0x200002c8        0x4 ./fifo_buffers_src/fifo_rs232.o
 .bss.fifo_tx   0x200002cc      0x200 ./fifo_buffers_src/fifo_rs232.o
 .bss.fifo_rx   0x200004cc       0x10 ./fifo_buffers_src/fifo_rs232.o
 .bss.fifo_rx_data_size
                0x200004dc        0x4 ./fifo_buffers_src/fifo_tbr.o
 .bss.fifo_rx_cmd_size
                0x200004e0        0x4 ./fifo_buffers_src/fifo_tbr.o
 .bss.fifo_tx_cmd_size
                0x200004e4        0x4 ./fifo_buffers_src/fifo_tbr.o
 .bss.fifo_rx_cmd_front
                0x200004e8        0x4 ./fifo_buffers_src/fifo_tbr.o
 .bss.fifo_tx_cmd_front
                0x200004ec        0x4 ./fifo_buffers_src/fifo_tbr.o
 .bss.fifo_rx_data_front
                0x200004f0        0x4 ./fifo_buffers_src/fifo_tbr.o
 .bss.fifo_rx_cmd_rear
                0x200004f4        0x4 ./fifo_buffers_src/fifo_tbr.o
 .bss.fifo_tx_cmd_rear
                0x200004f8        0x4 ./fifo_buffers_src/fifo_tbr.o
 .bss.fifo_rx_data_rear
                0x200004fc        0x4 ./fifo_buffers_src/fifo_tbr.o
 .bss.fifo_tx_cmd
                0x20000500       0x10 ./fifo_buffers_src/fifo_tbr.o
 .bss.fifo_rx_cmd
                0x20000510        0x0 ./fifo_buffers_src/fifo_tbr.o
 .bss.fifo_rx_data
                0x20000510      0x200 ./fifo_buffers_src/fifo_tbr.o
 .bss.HAL       0x20000710        0x8 ./hal/hal.o
 .bss.time_manager_cmd
                0x20000718        0x1 ./hal/hal.o
 *fill*         0x20000719        0x3 
 .bss.time_count
                0x2000071c        0x4 ./hal/hal.o
 .bss.gpio_int_flag
                0x20000720        0x4 ./hal/hal.o
                0x20000720                gpio_int_flag
 .bss.irqlevel  0x20000724        0x1 ./hal/hal.o
 .bss.int_flag  0x20000725        0x1 ./hal/hal.o
 *fill*         0x20000726        0x2 
 .bss.OS        0x20000728        0x8 ./lmic/oslmic.o
 .bss.FatFs     0x20000730      0x230 ./resource managers_src/app_manager.o
 .bss.last_nav_data
                0x20000960       0x1c ./resource managers_src/app_manager.o
 .bss.__malloc_sbrk_start
                0x2000097c        0x4 c:/siliconlabs/simplicitystudio/v4/developer/toolchains/gnu_arm/4.9_2015q3/bin/../lib/gcc/arm-none-eabi/4.9.3/../../../../arm-none-eabi/lib/armv7-m\libc_nano.a(lib_a-nano-mallocr.o)
                0x2000097c                __malloc_sbrk_start
 .bss.__malloc_free_list
                0x20000980        0x4 c:/siliconlabs/simplicitystudio/v4/developer/toolchains/gnu_arm/4.9_2015q3/bin/../lib/gcc/arm-none-eabi/4.9.3/../../../../arm-none-eabi/lib/armv7-m\libc_nano.a(lib_a-nano-mallocr.o)
                0x20000980                __malloc_free_list
 .bss.heap_end.4079
                0x20000984        0x4 c:/siliconlabs/simplicitystudio/v4/developer/toolchains/gnu_arm/4.9_2015q3/bin/../lib/gcc/arm-none-eabi/4.9.3/../../../../arm-none-eabi/lib/armv7-m\libnosys.a(sbrk.o)
 *(COMMON)
 COMMON         0x20000988       0x40 ./devices_src/radio.o
                0x20000988                rs232_tx_buf
 COMMON         0x200009c8        0x4 ./hal/hal.o
                0x200009c8                irqState
 COMMON         0x200009cc      0x194 ./lmic/lmic.o
                0x200009cc                LMIC
 COMMON         0x20000b60        0x4 c:/siliconlabs/simplicitystudio/v4/developer/toolchains/gnu_arm/4.9_2015q3/bin/../lib/gcc/arm-none-eabi/4.9.3/../../../../arm-none-eabi/lib/armv7-m\libc_nano.a(lib_a-reent.o)
                0x20000b60                errno
                0x20000b64                . = ALIGN (0x4)
                0x20000b64                __bss_end__ = .

.heap           0x20000b68      0xc00
                0x20000b68                __HeapBase = .
                0x20000b68                __end__ = .
                0x20000b68                end = __end__
                0x20000b68                _end = __end__
 *(.heap*)
 .heap          0x20000b68      0xc00 ./CMSIS/EFM32GG/startup_efm32gg.o
                0x20001768                __HeapLimit = .

.stack_dummy    0x20000b68      0x400
 *(.stack*)
 .stack         0x20000b68      0x400 ./CMSIS/EFM32GG/startup_efm32gg.o
                0x20020000                __StackTop = (ORIGIN (RAM) + 0x20000)
                0x2001fc00                __StackLimit = (__StackTop - SIZEOF (.stack_dummy))
                0x20020000                PROVIDE (__stack, __StackTop)
                0x00000001                ASSERT ((__StackLimit >= __HeapLimit), region RAM overflowed with stack)
                0x00000001                ASSERT ((0x100000 >= (__etext + SIZEOF (.data))), FLASH memory overflowed !)
OUTPUT(lmic_and_testproject_iA.axf elf32-littlearm)

.ARM.attributes
                0x00000000       0x29
 .ARM.attributes
                0x00000000       0x1d c:/siliconlabs/simplicitystudio/v4/developer/toolchains/gnu_arm/4.9_2015q3/bin/../lib/gcc/arm-none-eabi/4.9.3/armv7-m/crti.o
 .ARM.attributes
                0x0000001d       0x2d c:/siliconlabs/simplicitystudio/v4/developer/toolchains/gnu_arm/4.9_2015q3/bin/../lib/gcc/arm-none-eabi/4.9.3/armv7-m/crtbegin.o
 .ARM.attributes
                0x0000004a       0x1b c:/siliconlabs/simplicitystudio/v4/developer/toolchains/gnu_arm/4.9_2015q3/bin/../lib/gcc/arm-none-eabi/4.9.3/../../../../arm-none-eabi/lib/armv7-m/crt0.o
 .ARM.attributes
                0x00000065       0x1b ./CMSIS/EFM32GG/startup_efm32gg.o
 .ARM.attributes
                0x00000080       0x33 ./CMSIS/EFM32GG/system_efm32gg.o
 .ARM.attributes
                0x000000b3       0x33 ./devices_src/radio.o
 .ARM.attributes
                0x000000e6       0x33 ./devices_src/rgb_led.o
 .ARM.attributes
                0x00000119       0x33 ./devices_src/sd_card.o
 .ARM.attributes
                0x0000014c       0x33 ./devices_src/tbr.o
 .ARM.attributes
                0x0000017f       0x33 ./devices_src/ublox_gps.o
 .ARM.attributes
                0x000001b2       0x33 ./drivers_src/delay.o
 .ARM.attributes
                0x000001e5       0x33 ./drivers_src/pwm.o
 .ARM.attributes
                0x00000218       0x33 ./drivers_src/rs232.o
 .ARM.attributes
                0x0000024b       0x33 ./drivers_src/rs485.o
 .ARM.attributes
                0x0000027e       0x33 ./drivers_src/spi.o
 .ARM.attributes
                0x000002b1       0x33 ./emlib/src/em_cmu.o
 .ARM.attributes
                0x000002e4       0x33 ./emlib/src/em_core.o
 .ARM.attributes
                0x00000317       0x33 ./emlib/src/em_dma.o
 .ARM.attributes
                0x0000034a       0x33 ./emlib/src/em_gpio.o
 .ARM.attributes
                0x0000037d       0x33 ./emlib/src/em_leuart.o
 .ARM.attributes
                0x000003b0       0x33 ./emlib/src/em_system.o
 .ARM.attributes
                0x000003e3       0x33 ./emlib/src/em_timer.o
 .ARM.attributes
                0x00000416       0x33 ./emlib/src/em_usart.o
 .ARM.attributes
                0x00000449       0x33 ./fat_filesystem_src/diskio.o
 .ARM.attributes
                0x0000047c       0x33 ./fat_filesystem_src/ff.o
 .ARM.attributes
                0x000004af       0x33 ./fifo_buffers_src/fifo_rs232.o
 .ARM.attributes
                0x000004e2       0x33 ./fifo_buffers_src/fifo_tbr.o
 .ARM.attributes
                0x00000515       0x33 ./hal/hal.o
 .ARM.attributes
                0x00000548       0x33 ./lmic/lmic.o
 .ARM.attributes
                0x0000057b       0x33 ./lmic/oslmic.o
 .ARM.attributes
                0x000005ae       0x33 ./lmic/radio.o
 .ARM.attributes
                0x000005e1       0x33 ./resource managers_src/app_manager.o
 .ARM.attributes
                0x00000614       0x33 ./src/main.o
 .ARM.attributes
                0x00000647       0x2d c:/siliconlabs/simplicitystudio/v4/developer/toolchains/gnu_arm/4.9_2015q3/bin/../lib/gcc/arm-none-eabi/4.9.3/../../../../arm-none-eabi/lib/armv7-m\libc_nano.a(lib_a-exit.o)
 .ARM.attributes
                0x00000674       0x2d c:/siliconlabs/simplicitystudio/v4/developer/toolchains/gnu_arm/4.9_2015q3/bin/../lib/gcc/arm-none-eabi/4.9.3/../../../../arm-none-eabi/lib/armv7-m\libc_nano.a(lib_a-impure.o)
 .ARM.attributes
                0x000006a1       0x2d c:/siliconlabs/simplicitystudio/v4/developer/toolchains/gnu_arm/4.9_2015q3/bin/../lib/gcc/arm-none-eabi/4.9.3/../../../../arm-none-eabi/lib/armv7-m\libc_nano.a(lib_a-init.o)
 .ARM.attributes
                0x000006ce       0x2d c:/siliconlabs/simplicitystudio/v4/developer/toolchains/gnu_arm/4.9_2015q3/bin/../lib/gcc/arm-none-eabi/4.9.3/../../../../arm-none-eabi/lib/armv7-m\libc_nano.a(lib_a-memcpy.o)
 .ARM.attributes
                0x000006fb       0x2d c:/siliconlabs/simplicitystudio/v4/developer/toolchains/gnu_arm/4.9_2015q3/bin/../lib/gcc/arm-none-eabi/4.9.3/../../../../arm-none-eabi/lib/armv7-m\libc_nano.a(lib_a-memset.o)
 .ARM.attributes
                0x00000728       0x2d c:/siliconlabs/simplicitystudio/v4/developer/toolchains/gnu_arm/4.9_2015q3/bin/../lib/gcc/arm-none-eabi/4.9.3/../../../../arm-none-eabi/lib/armv7-m\libc_nano.a(lib_a-sprintf.o)
 .ARM.attributes
                0x00000755       0x2d c:/siliconlabs/simplicitystudio/v4/developer/toolchains/gnu_arm/4.9_2015q3/bin/../lib/gcc/arm-none-eabi/4.9.3/../../../../arm-none-eabi/lib/armv7-m\libc_nano.a(lib_a-strchr.o)
 .ARM.attributes
                0x00000782       0x2d c:/siliconlabs/simplicitystudio/v4/developer/toolchains/gnu_arm/4.9_2015q3/bin/../lib/gcc/arm-none-eabi/4.9.3/../../../../arm-none-eabi/lib/armv7-m\libc_nano.a(lib_a-strlen.o)
 .ARM.attributes
                0x000007af       0x2d c:/siliconlabs/simplicitystudio/v4/developer/toolchains/gnu_arm/4.9_2015q3/bin/../lib/gcc/arm-none-eabi/4.9.3/../../../../arm-none-eabi/lib/armv7-m\libc_nano.a(lib_a-strstr.o)
 .ARM.attributes
                0x000007dc       0x2d c:/siliconlabs/simplicitystudio/v4/developer/toolchains/gnu_arm/4.9_2015q3/bin/../lib/gcc/arm-none-eabi/4.9.3/../../../../arm-none-eabi/lib/armv7-m\libc_nano.a(lib_a-strtok.o)
 .ARM.attributes
                0x00000809       0x2d c:/siliconlabs/simplicitystudio/v4/developer/toolchains/gnu_arm/4.9_2015q3/bin/../lib/gcc/arm-none-eabi/4.9.3/../../../../arm-none-eabi/lib/armv7-m\libc_nano.a(lib_a-strtok_r.o)
 .ARM.attributes
                0x00000836       0x2d c:/siliconlabs/simplicitystudio/v4/developer/toolchains/gnu_arm/4.9_2015q3/bin/../lib/gcc/arm-none-eabi/4.9.3/../../../../arm-none-eabi/lib/armv7-m\libc_nano.a(lib_a-malloc.o)
 .ARM.attributes
                0x00000863       0x2d c:/siliconlabs/simplicitystudio/v4/developer/toolchains/gnu_arm/4.9_2015q3/bin/../lib/gcc/arm-none-eabi/4.9.3/../../../../arm-none-eabi/lib/armv7-m\libc_nano.a(lib_a-nano-freer.o)
 .ARM.attributes
                0x00000890       0x2d c:/siliconlabs/simplicitystudio/v4/developer/toolchains/gnu_arm/4.9_2015q3/bin/../lib/gcc/arm-none-eabi/4.9.3/../../../../arm-none-eabi/lib/armv7-m\libc_nano.a(lib_a-nano-mallocr.o)
 .ARM.attributes
                0x000008bd       0x2d c:/siliconlabs/simplicitystudio/v4/developer/toolchains/gnu_arm/4.9_2015q3/bin/../lib/gcc/arm-none-eabi/4.9.3/../../../../arm-none-eabi/lib/armv7-m\libc_nano.a(lib_a-nano-svfprintf.o)
 .ARM.attributes
                0x000008ea       0x2d c:/siliconlabs/simplicitystudio/v4/developer/toolchains/gnu_arm/4.9_2015q3/bin/../lib/gcc/arm-none-eabi/4.9.3/../../../../arm-none-eabi/lib/armv7-m\libc_nano.a(lib_a-nano-vfprintf_i.o)
 .ARM.attributes
                0x00000917       0x2d c:/siliconlabs/simplicitystudio/v4/developer/toolchains/gnu_arm/4.9_2015q3/bin/../lib/gcc/arm-none-eabi/4.9.3/../../../../arm-none-eabi/lib/armv7-m\libc_nano.a(lib_a-sbrkr.o)
 .ARM.attributes
                0x00000944       0x2d c:/siliconlabs/simplicitystudio/v4/developer/toolchains/gnu_arm/4.9_2015q3/bin/../lib/gcc/arm-none-eabi/4.9.3/../../../../arm-none-eabi/lib/armv7-m\libc_nano.a(lib_a-memchr.o)
 .ARM.attributes
                0x00000971       0x2d c:/siliconlabs/simplicitystudio/v4/developer/toolchains/gnu_arm/4.9_2015q3/bin/../lib/gcc/arm-none-eabi/4.9.3/../../../../arm-none-eabi/lib/armv7-m\libc_nano.a(lib_a-memmove.o)
 .ARM.attributes
                0x0000099e       0x2d c:/siliconlabs/simplicitystudio/v4/developer/toolchains/gnu_arm/4.9_2015q3/bin/../lib/gcc/arm-none-eabi/4.9.3/../../../../arm-none-eabi/lib/armv7-m\libc_nano.a(lib_a-nano-reallocr.o)
 .ARM.attributes
                0x000009cb       0x2d c:/siliconlabs/simplicitystudio/v4/developer/toolchains/gnu_arm/4.9_2015q3/bin/../lib/gcc/arm-none-eabi/4.9.3/../../../../arm-none-eabi/lib/armv7-m\libc_nano.a(lib_a-reent.o)
 .ARM.attributes
                0x000009f8       0x2d c:/siliconlabs/simplicitystudio/v4/developer/toolchains/gnu_arm/4.9_2015q3/bin/../lib/gcc/arm-none-eabi/4.9.3/../../../../arm-none-eabi/lib/armv7-m\libc_nano.a(lib_a-nano-msizer.o)
 .ARM.attributes
                0x00000a25       0x2d c:/siliconlabs/simplicitystudio/v4/developer/toolchains/gnu_arm/4.9_2015q3/bin/../lib/gcc/arm-none-eabi/4.9.3/../../../../arm-none-eabi/lib/armv7-m\libnosys.a(sbrk.o)
 .ARM.attributes
                0x00000a52       0x2d c:/siliconlabs/simplicitystudio/v4/developer/toolchains/gnu_arm/4.9_2015q3/bin/../lib/gcc/arm-none-eabi/4.9.3/../../../../arm-none-eabi/lib/armv7-m\libnosys.a(_exit.o)
 .ARM.attributes
                0x00000a7f       0x2d c:/siliconlabs/simplicitystudio/v4/developer/toolchains/gnu_arm/4.9_2015q3/bin/../lib/gcc/arm-none-eabi/4.9.3/armv7-m/crtend.o
 .ARM.attributes
                0x00000aac       0x1d c:/siliconlabs/simplicitystudio/v4/developer/toolchains/gnu_arm/4.9_2015q3/bin/../lib/gcc/arm-none-eabi/4.9.3/armv7-m/crtn.o

.comment        0x00000000       0x70
 .comment       0x00000000       0x70 ./CMSIS/EFM32GG/system_efm32gg.o
                                 0x71 (size before relaxing)
 .comment       0x00000000       0x71 ./devices_src/radio.o
 .comment       0x00000000       0x71 ./devices_src/rgb_led.o
 .comment       0x00000000       0x71 ./devices_src/sd_card.o
 .comment       0x00000000       0x71 ./devices_src/tbr.o
 .comment       0x00000000       0x71 ./devices_src/ublox_gps.o
 .comment       0x00000000       0x71 ./drivers_src/delay.o
 .comment       0x00000000       0x71 ./drivers_src/pwm.o
 .comment       0x00000000       0x71 ./drivers_src/rs232.o
 .comment       0x00000000       0x71 ./drivers_src/rs485.o
 .comment       0x00000000       0x71 ./drivers_src/spi.o
 .comment       0x00000000       0x71 ./emlib/src/em_cmu.o
 .comment       0x00000000       0x71 ./emlib/src/em_core.o
 .comment       0x00000000       0x71 ./emlib/src/em_dma.o
 .comment       0x00000000       0x71 ./emlib/src/em_gpio.o
 .comment       0x00000000       0x71 ./emlib/src/em_leuart.o
 .comment       0x00000000       0x71 ./emlib/src/em_system.o
 .comment       0x00000000       0x71 ./emlib/src/em_timer.o
 .comment       0x00000000       0x71 ./emlib/src/em_usart.o
 .comment       0x00000000       0x71 ./fat_filesystem_src/diskio.o
 .comment       0x00000000       0x71 ./fat_filesystem_src/ff.o
 .comment       0x00000000       0x71 ./fifo_buffers_src/fifo_rs232.o
 .comment       0x00000000       0x71 ./fifo_buffers_src/fifo_tbr.o
 .comment       0x00000000       0x71 ./hal/hal.o
 .comment       0x00000000       0x71 ./lmic/lmic.o
 .comment       0x00000000       0x71 ./lmic/oslmic.o
 .comment       0x00000000       0x71 ./lmic/radio.o
 .comment       0x00000000       0x71 ./resource managers_src/app_manager.o
 .comment       0x00000000       0x71 ./src/main.o

.debug_line     0x00000000     0xa339
 .debug_line    0x00000000       0xd3 ./CMSIS/EFM32GG/startup_efm32gg.o
 .debug_line    0x000000d3      0x38d ./CMSIS/EFM32GG/system_efm32gg.o
 .debug_line    0x00000460      0x4eb ./devices_src/radio.o
 .debug_line    0x0000094b      0x3fb ./devices_src/rgb_led.o
 .debug_line    0x00000d46      0x571 ./devices_src/sd_card.o
 .debug_line    0x000012b7      0x4ee ./devices_src/tbr.o
 .debug_line    0x000017a5      0x749 ./devices_src/ublox_gps.o
 .debug_line    0x00001eee      0x3d8 ./drivers_src/delay.o
 .debug_line    0x000022c6      0x450 ./drivers_src/pwm.o
 .debug_line    0x00002716      0x4b4 ./drivers_src/rs232.o
 .debug_line    0x00002bca      0x500 ./drivers_src/rs485.o
 .debug_line    0x000030ca      0x44c ./drivers_src/spi.o
 .debug_line    0x00003516      0xa53 ./emlib/src/em_cmu.o
 .debug_line    0x00003f69      0x63e ./emlib/src/em_core.o
 .debug_line    0x000045a7      0x5c3 ./emlib/src/em_dma.o
 .debug_line    0x00004b6a      0x4bc ./emlib/src/em_gpio.o
 .debug_line    0x00005026      0x472 ./emlib/src/em_leuart.o
 .debug_line    0x00005498      0x310 ./emlib/src/em_system.o
 .debug_line    0x000057a8      0x5bf ./emlib/src/em_timer.o
 .debug_line    0x00005d67      0x5f8 ./emlib/src/em_usart.o
 .debug_line    0x0000635f      0x2a8 ./fat_filesystem_src/diskio.o
 .debug_line    0x00006607     0x124c ./fat_filesystem_src/ff.o
 .debug_line    0x00007853      0x280 ./fifo_buffers_src/fifo_rs232.o
 .debug_line    0x00007ad3      0x2ab ./fifo_buffers_src/fifo_tbr.o
 .debug_line    0x00007d7e      0x6e0 ./hal/hal.o
 .debug_line    0x0000845e      0xe09 ./lmic/lmic.o
 .debug_line    0x00009267      0x27f ./lmic/oslmic.o
 .debug_line    0x000094e6      0x4d0 ./lmic/radio.o
 .debug_line    0x000099b6      0x4e8 ./resource managers_src/app_manager.o
 .debug_line    0x00009e9e      0x49b ./src/main.o

.debug_info     0x00000000    0x14abd
 .debug_info    0x00000000      0x10e ./CMSIS/EFM32GG/startup_efm32gg.o
 .debug_info    0x0000010e      0x5a1 ./CMSIS/EFM32GG/system_efm32gg.o
 .debug_info    0x000006af      0x730 ./devices_src/radio.o
 .debug_info    0x00000ddf      0x5df ./devices_src/rgb_led.o
 .debug_info    0x000013be      0x61c ./devices_src/sd_card.o
 .debug_info    0x000019da      0x80d ./devices_src/tbr.o
 .debug_info    0x000021e7      0xac0 ./devices_src/ublox_gps.o
 .debug_info    0x00002ca7      0x801 ./drivers_src/delay.o
 .debug_info    0x000034a8      0x8f1 ./drivers_src/pwm.o
 .debug_info    0x00003d99      0xd3e ./drivers_src/rs232.o
 .debug_info    0x00004ad7      0xcca ./drivers_src/rs485.o
 .debug_info    0x000057a1      0x9da ./drivers_src/spi.o
 .debug_info    0x0000617b     0x1508 ./emlib/src/em_cmu.o
 .debug_info    0x00007683      0xcd6 ./emlib/src/em_core.o
 .debug_info    0x00008359     0x12c4 ./emlib/src/em_dma.o
 .debug_info    0x0000961d      0x65b ./emlib/src/em_gpio.o
 .debug_info    0x00009c78      0x824 ./emlib/src/em_leuart.o
 .debug_info    0x0000a49c      0x272 ./emlib/src/em_system.o
 .debug_info    0x0000a70e      0x90f ./emlib/src/em_timer.o
 .debug_info    0x0000b01d      0xe92 ./emlib/src/em_usart.o
 .debug_info    0x0000beaf      0x2c1 ./fat_filesystem_src/diskio.o
 .debug_info    0x0000c170     0x1dd6 ./fat_filesystem_src/ff.o
 .debug_info    0x0000df46      0x275 ./fifo_buffers_src/fifo_rs232.o
 .debug_info    0x0000e1bb      0x2ce ./fifo_buffers_src/fifo_tbr.o
 .debug_info    0x0000e489     0x1326 ./hal/hal.o
 .debug_info    0x0000f7af     0x2698 ./lmic/lmic.o
 .debug_info    0x00011e47      0x4e9 ./lmic/oslmic.o
 .debug_info    0x00012330      0xe0c ./lmic/radio.o
 .debug_info    0x0001313c      0xb8f ./resource managers_src/app_manager.o
 .debug_info    0x00013ccb      0xdf2 ./src/main.o

.debug_abbrev   0x00000000     0x35e0
 .debug_abbrev  0x00000000       0x14 ./CMSIS/EFM32GG/startup_efm32gg.o
 .debug_abbrev  0x00000014      0x1a3 ./CMSIS/EFM32GG/system_efm32gg.o
 .debug_abbrev  0x000001b7      0x224 ./devices_src/radio.o
 .debug_abbrev  0x000003db      0x15a ./devices_src/rgb_led.o
 .debug_abbrev  0x00000535      0x1c0 ./devices_src/sd_card.o
 .debug_abbrev  0x000006f5      0x1e3 ./devices_src/tbr.o
 .debug_abbrev  0x000008d8      0x1d1 ./devices_src/ublox_gps.o
 .debug_abbrev  0x00000aa9      0x1a4 ./drivers_src/delay.o
 .debug_abbrev  0x00000c4d      0x1ba ./drivers_src/pwm.o
 .debug_abbrev  0x00000e07      0x1cd ./drivers_src/rs232.o
 .debug_abbrev  0x00000fd4      0x1d8 ./drivers_src/rs485.o
 .debug_abbrev  0x000011ac      0x1a2 ./drivers_src/spi.o
 .debug_abbrev  0x0000134e      0x2de ./emlib/src/em_cmu.o
 .debug_abbrev  0x0000162c      0x237 ./emlib/src/em_core.o
 .debug_abbrev  0x00001863      0x240 ./emlib/src/em_dma.o
 .debug_abbrev  0x00001aa3      0x1c0 ./emlib/src/em_gpio.o
 .debug_abbrev  0x00001c63      0x1e0 ./emlib/src/em_leuart.o
 .debug_abbrev  0x00001e43      0x107 ./emlib/src/em_system.o
 .debug_abbrev  0x00001f4a      0x172 ./emlib/src/em_timer.o
 .debug_abbrev  0x000020bc      0x1c5 ./emlib/src/em_usart.o
 .debug_abbrev  0x00002281       0xf2 ./fat_filesystem_src/diskio.o
 .debug_abbrev  0x00002373      0x212 ./fat_filesystem_src/ff.o
 .debug_abbrev  0x00002585       0xee ./fifo_buffers_src/fifo_rs232.o
 .debug_abbrev  0x00002673       0xf5 ./fifo_buffers_src/fifo_tbr.o
 .debug_abbrev  0x00002768      0x392 ./hal/hal.o
 .debug_abbrev  0x00002afa      0x380 ./lmic/lmic.o
 .debug_abbrev  0x00002e7a      0x183 ./lmic/oslmic.o
 .debug_abbrev  0x00002ffd      0x228 ./lmic/radio.o
 .debug_abbrev  0x00003225      0x19c ./resource managers_src/app_manager.o
 .debug_abbrev  0x000033c1      0x21f ./src/main.o

.debug_aranges  0x00000000     0x13b8
 .debug_aranges
                0x00000000       0x20 ./CMSIS/EFM32GG/startup_efm32gg.o
 .debug_aranges
                0x00000020       0x70 ./CMSIS/EFM32GG/system_efm32gg.o
 .debug_aranges
                0x00000090       0x90 ./devices_src/radio.o
 .debug_aranges
                0x00000120       0x50 ./devices_src/rgb_led.o
 .debug_aranges
                0x00000170       0x70 ./devices_src/sd_card.o
 .debug_aranges
                0x000001e0       0x88 ./devices_src/tbr.o
 .debug_aranges
                0x00000268       0x98 ./devices_src/ublox_gps.o
 .debug_aranges
                0x00000300       0x80 ./drivers_src/delay.o
 .debug_aranges
                0x00000380       0xa8 ./drivers_src/pwm.o
 .debug_aranges
                0x00000428       0x98 ./drivers_src/rs232.o
 .debug_aranges
                0x000004c0       0xa0 ./drivers_src/rs485.o
 .debug_aranges
                0x00000560       0x78 ./drivers_src/spi.o
 .debug_aranges
                0x000005d8      0x168 ./emlib/src/em_cmu.o
 .debug_aranges
                0x00000740       0xe8 ./emlib/src/em_core.o
 .debug_aranges
                0x00000828       0xc0 ./emlib/src/em_dma.o
 .debug_aranges
                0x000008e8       0x70 ./emlib/src/em_gpio.o
 .debug_aranges
                0x00000958       0x88 ./emlib/src/em_leuart.o
 .debug_aranges
                0x000009e0       0x28 ./emlib/src/em_system.o
 .debug_aranges
                0x00000a08       0x58 ./emlib/src/em_timer.o
 .debug_aranges
                0x00000a60       0xb8 ./emlib/src/em_usart.o
 .debug_aranges
                0x00000b18       0x40 ./fat_filesystem_src/diskio.o
 .debug_aranges
                0x00000b58      0x1d8 ./fat_filesystem_src/ff.o
 .debug_aranges
                0x00000d30       0x40 ./fifo_buffers_src/fifo_rs232.o
 .debug_aranges
                0x00000d70       0x40 ./fifo_buffers_src/fifo_tbr.o
 .debug_aranges
                0x00000db0      0x128 ./hal/hal.o
 .debug_aranges
                0x00000ed8      0x308 ./lmic/lmic.o
 .debug_aranges
                0x000011e0       0x50 ./lmic/oslmic.o
 .debug_aranges
                0x00001230       0xc0 ./lmic/radio.o
 .debug_aranges
                0x000012f0       0x58 ./resource managers_src/app_manager.o
 .debug_aranges
                0x00001348       0x70 ./src/main.o

.debug_loc      0x00000000     0xa770
 .debug_loc     0x00000000      0x31c ./CMSIS/EFM32GG/system_efm32gg.o
 .debug_loc     0x0000031c      0x45c ./devices_src/radio.o
 .debug_loc     0x00000778      0x1dc ./devices_src/rgb_led.o
 .debug_loc     0x00000954      0x2f8 ./devices_src/sd_card.o
 .debug_loc     0x00000c4c      0x43e ./devices_src/tbr.o
 .debug_loc     0x0000108a      0x4cc ./devices_src/ublox_gps.o
 .debug_loc     0x00001556      0x404 ./drivers_src/delay.o
 .debug_loc     0x0000195a      0x54c ./drivers_src/pwm.o
 .debug_loc     0x00001ea6      0x470 ./drivers_src/rs232.o
 .debug_loc     0x00002316      0x4cc ./drivers_src/rs485.o
 .debug_loc     0x000027e2      0x378 ./drivers_src/spi.o
 .debug_loc     0x00002b5a      0xd50 ./emlib/src/em_cmu.o
 .debug_loc     0x000038aa      0x88c ./emlib/src/em_core.o
 .debug_loc     0x00004136      0x72c ./emlib/src/em_dma.o
 .debug_loc     0x00004862      0x3d0 ./emlib/src/em_gpio.o
 .debug_loc     0x00004c32      0x49c ./emlib/src/em_leuart.o
 .debug_loc     0x000050ce       0xb8 ./emlib/src/em_system.o
 .debug_loc     0x00005186      0x2b0 ./emlib/src/em_timer.o
 .debug_loc     0x00005436      0x6d2 ./emlib/src/em_usart.o
 .debug_loc     0x00005b08      0x1a8 ./fat_filesystem_src/diskio.o
 .debug_loc     0x00005cb0     0x1232 ./fat_filesystem_src/ff.o
 .debug_loc     0x00006ee2      0x1b4 ./fifo_buffers_src/fifo_rs232.o
 .debug_loc     0x00007096      0x1b4 ./fifo_buffers_src/fifo_tbr.o
 .debug_loc     0x0000724a      0x9ca ./hal/hal.o
 .debug_loc     0x00007c14     0x1d4a ./lmic/lmic.o
 .debug_loc     0x0000995e      0x1dc ./lmic/oslmic.o
 .debug_loc     0x00009b3a      0x624 ./lmic/radio.o
 .debug_loc     0x0000a15e      0x2b6 ./resource managers_src/app_manager.o
 .debug_loc     0x0000a414      0x35c ./src/main.o

.debug_ranges   0x00000000     0x11c8
 .debug_ranges  0x00000000       0x60 ./CMSIS/EFM32GG/system_efm32gg.o
 .debug_ranges  0x00000060       0x80 ./devices_src/radio.o
 .debug_ranges  0x000000e0       0x40 ./devices_src/rgb_led.o
 .debug_ranges  0x00000120       0x60 ./devices_src/sd_card.o
 .debug_ranges  0x00000180       0x78 ./devices_src/tbr.o
 .debug_ranges  0x000001f8       0x88 ./devices_src/ublox_gps.o
 .debug_ranges  0x00000280       0x70 ./drivers_src/delay.o
 .debug_ranges  0x000002f0       0x98 ./drivers_src/pwm.o
 .debug_ranges  0x00000388       0x88 ./drivers_src/rs232.o
 .debug_ranges  0x00000410       0x90 ./drivers_src/rs485.o
 .debug_ranges  0x000004a0       0x68 ./drivers_src/spi.o
 .debug_ranges  0x00000508      0x158 ./emlib/src/em_cmu.o
 .debug_ranges  0x00000660       0xd8 ./emlib/src/em_core.o
 .debug_ranges  0x00000738       0xb0 ./emlib/src/em_dma.o
 .debug_ranges  0x000007e8       0x60 ./emlib/src/em_gpio.o
 .debug_ranges  0x00000848       0x78 ./emlib/src/em_leuart.o
 .debug_ranges  0x000008c0       0x18 ./emlib/src/em_system.o
 .debug_ranges  0x000008d8       0x48 ./emlib/src/em_timer.o
 .debug_ranges  0x00000920       0xa8 ./emlib/src/em_usart.o
 .debug_ranges  0x000009c8       0x30 ./fat_filesystem_src/diskio.o
 .debug_ranges  0x000009f8      0x1c8 ./fat_filesystem_src/ff.o
 .debug_ranges  0x00000bc0       0x30 ./fifo_buffers_src/fifo_rs232.o
 .debug_ranges  0x00000bf0       0x30 ./fifo_buffers_src/fifo_tbr.o
 .debug_ranges  0x00000c20      0x118 ./hal/hal.o
 .debug_ranges  0x00000d38      0x2f8 ./lmic/lmic.o
 .debug_ranges  0x00001030       0x40 ./lmic/oslmic.o
 .debug_ranges  0x00001070       0xb0 ./lmic/radio.o
 .debug_ranges  0x00001120       0x48 ./resource managers_src/app_manager.o
 .debug_ranges  0x00001168       0x60 ./src/main.o

.debug_str      0x00000000     0x6268
 .debug_str     0x00000000      0x442 ./CMSIS/EFM32GG/system_efm32gg.o
                                0x4c9 (size before relaxing)
 .debug_str     0x00000442      0x409 ./devices_src/radio.o
                                0x617 (size before relaxing)
 .debug_str     0x0000084b      0x2b2 ./devices_src/rgb_led.o
                                0x760 (size before relaxing)
 .debug_str     0x00000afd       0xc6 ./devices_src/sd_card.o
                                0x57c (size before relaxing)
 .debug_str     0x00000bc3      0x1e0 ./devices_src/tbr.o
                                0x6c5 (size before relaxing)
 .debug_str     0x00000da3      0x238 ./devices_src/ublox_gps.o
                                0x766 (size before relaxing)
 .debug_str     0x00000fdb      0x39c ./drivers_src/delay.o
                                0x7ef (size before relaxing)
 .debug_str     0x00001377       0xb0 ./drivers_src/pwm.o
                                0x855 (size before relaxing)
 .debug_str     0x00001427      0x71c ./drivers_src/rs232.o
                                0xe3c (size before relaxing)
 .debug_str     0x00001b43      0x35a ./drivers_src/rs485.o
                                0xd50 (size before relaxing)
 .debug_str     0x00001e9d      0x11b ./drivers_src/spi.o
                                0xac1 (size before relaxing)
 .debug_str     0x00001fb8      0x9d1 ./emlib/src/em_cmu.o
                               0x1040 (size before relaxing)
 .debug_str     0x00002989      0x3bd ./emlib/src/em_core.o
                                0x806 (size before relaxing)
 .debug_str     0x00002d46      0x61c ./emlib/src/em_dma.o
                                0xd57 (size before relaxing)
 .debug_str     0x00003362      0x150 ./emlib/src/em_gpio.o
                                0x600 (size before relaxing)
 .debug_str     0x000034b2      0x167 ./emlib/src/em_leuart.o
                                0x748 (size before relaxing)
 .debug_str     0x00003619       0xfd ./emlib/src/em_system.o
                                0x2e4 (size before relaxing)
 .debug_str     0x00003716      0x50e ./emlib/src/em_timer.o
                                0x994 (size before relaxing)
 .debug_str     0x00003c24      0x546 ./emlib/src/em_usart.o
                                0xdbc (size before relaxing)
 .debug_str     0x0000416a       0xb8 ./fat_filesystem_src/diskio.o
                                0x2d0 (size before relaxing)
 .debug_str     0x00004222      0x4f2 ./fat_filesystem_src/ff.o
                                0x76f (size before relaxing)
 .debug_str     0x00004714       0xff ./fifo_buffers_src/fifo_rs232.o
                                0x30e (size before relaxing)
 .debug_str     0x00004813      0x124 ./fifo_buffers_src/fifo_tbr.o
                                0x37b (size before relaxing)
 .debug_str     0x00004937      0x452 ./hal/hal.o
                                0xfa3 (size before relaxing)
 .debug_str     0x00004d89     0x10f3 ./lmic/lmic.o
                               0x1580 (size before relaxing)
 .debug_str     0x00005e7c       0x8e ./lmic/oslmic.o
                                0x494 (size before relaxing)
 .debug_str     0x00005f0a      0x140 ./lmic/radio.o
                                0x829 (size before relaxing)
 .debug_str     0x0000604a      0x183 ./resource managers_src/app_manager.o
                                0x92c (size before relaxing)
 .debug_str     0x000061cd       0x9b ./src/main.o
                                0xc03 (size before relaxing)

.debug_frame    0x00000000     0x5400
 .debug_frame   0x00000000      0x180 ./CMSIS/EFM32GG/system_efm32gg.o
 .debug_frame   0x00000180      0x220 ./devices_src/radio.o
 .debug_frame   0x000003a0       0xfc ./devices_src/rgb_led.o
 .debug_frame   0x0000049c      0x190 ./devices_src/sd_card.o
 .debug_frame   0x0000062c      0x20c ./devices_src/tbr.o
 .debug_frame   0x00000838      0x258 ./devices_src/ublox_gps.o
 .debug_frame   0x00000a90      0x1e8 ./drivers_src/delay.o
 .debug_frame   0x00000c78      0x28c ./drivers_src/pwm.o
 .debug_frame   0x00000f04      0x23c ./drivers_src/rs232.o
 .debug_frame   0x00001140      0x260 ./drivers_src/rs485.o
 .debug_frame   0x000013a0      0x1b8 ./drivers_src/spi.o
 .debug_frame   0x00001558      0x628 ./emlib/src/em_cmu.o
 .debug_frame   0x00001b80      0x3dc ./emlib/src/em_core.o
 .debug_frame   0x00001f5c      0x340 ./emlib/src/em_dma.o
 .debug_frame   0x0000229c      0x1c0 ./emlib/src/em_gpio.o
 .debug_frame   0x0000245c      0x21c ./emlib/src/em_leuart.o
 .debug_frame   0x00002678       0x60 ./emlib/src/em_system.o
 .debug_frame   0x000026d8      0x140 ./emlib/src/em_timer.o
 .debug_frame   0x00002818      0x310 ./emlib/src/em_usart.o
 .debug_frame   0x00002b28       0xcc ./fat_filesystem_src/diskio.o
 .debug_frame   0x00002bf4      0x854 ./fat_filesystem_src/ff.o
 .debug_frame   0x00003448       0xd0 ./fifo_buffers_src/fifo_rs232.o
 .debug_frame   0x00003518       0xd0 ./fifo_buffers_src/fifo_tbr.o
 .debug_frame   0x000035e8      0x4bc ./hal/hal.o
 .debug_frame   0x00003aa4      0xda0 ./lmic/lmic.o
 .debug_frame   0x00004844       0xfc ./lmic/oslmic.o
 .debug_frame   0x00004940      0x2fc ./lmic/radio.o
 .debug_frame   0x00004c3c      0x154 ./resource managers_src/app_manager.o
 .debug_frame   0x00004d90      0x1a0 ./src/main.o
 .debug_frame   0x00004f30       0x28 c:/siliconlabs/simplicitystudio/v4/developer/toolchains/gnu_arm/4.9_2015q3/bin/../lib/gcc/arm-none-eabi/4.9.3/../../../../arm-none-eabi/lib/armv7-m\libc_nano.a(lib_a-exit.o)
 .debug_frame   0x00004f58       0x2c c:/siliconlabs/simplicitystudio/v4/developer/toolchains/gnu_arm/4.9_2015q3/bin/../lib/gcc/arm-none-eabi/4.9.3/../../../../arm-none-eabi/lib/armv7-m\libc_nano.a(lib_a-init.o)
 .debug_frame   0x00004f84       0x28 c:/siliconlabs/simplicitystudio/v4/developer/toolchains/gnu_arm/4.9_2015q3/bin/../lib/gcc/arm-none-eabi/4.9.3/../../../../arm-none-eabi/lib/armv7-m\libc_nano.a(lib_a-memcpy.o)
 .debug_frame   0x00004fac       0x20 c:/siliconlabs/simplicitystudio/v4/developer/toolchains/gnu_arm/4.9_2015q3/bin/../lib/gcc/arm-none-eabi/4.9.3/../../../../arm-none-eabi/lib/armv7-m\libc_nano.a(lib_a-memset.o)
 .debug_frame   0x00004fcc       0x70 c:/siliconlabs/simplicitystudio/v4/developer/toolchains/gnu_arm/4.9_2015q3/bin/../lib/gcc/arm-none-eabi/4.9.3/../../../../arm-none-eabi/lib/armv7-m\libc_nano.a(lib_a-sprintf.o)
 .debug_frame   0x0000503c       0x20 c:/siliconlabs/simplicitystudio/v4/developer/toolchains/gnu_arm/4.9_2015q3/bin/../lib/gcc/arm-none-eabi/4.9.3/../../../../arm-none-eabi/lib/armv7-m\libc_nano.a(lib_a-strchr.o)
 .debug_frame   0x0000505c       0x20 c:/siliconlabs/simplicitystudio/v4/developer/toolchains/gnu_arm/4.9_2015q3/bin/../lib/gcc/arm-none-eabi/4.9.3/../../../../arm-none-eabi/lib/armv7-m\libc_nano.a(lib_a-strlen.o)
 .debug_frame   0x0000507c       0x2c c:/siliconlabs/simplicitystudio/v4/developer/toolchains/gnu_arm/4.9_2015q3/bin/../lib/gcc/arm-none-eabi/4.9.3/../../../../arm-none-eabi/lib/armv7-m\libc_nano.a(lib_a-strstr.o)
 .debug_frame   0x000050a8       0x38 c:/siliconlabs/simplicitystudio/v4/developer/toolchains/gnu_arm/4.9_2015q3/bin/../lib/gcc/arm-none-eabi/4.9.3/../../../../arm-none-eabi/lib/armv7-m\libc_nano.a(lib_a-strtok.o)
 .debug_frame   0x000050e0       0x40 c:/siliconlabs/simplicitystudio/v4/developer/toolchains/gnu_arm/4.9_2015q3/bin/../lib/gcc/arm-none-eabi/4.9.3/../../../../arm-none-eabi/lib/armv7-m\libc_nano.a(lib_a-strtok_r.o)
 .debug_frame   0x00005120       0x30 c:/siliconlabs/simplicitystudio/v4/developer/toolchains/gnu_arm/4.9_2015q3/bin/../lib/gcc/arm-none-eabi/4.9.3/../../../../arm-none-eabi/lib/armv7-m\libc_nano.a(lib_a-malloc.o)
 .debug_frame   0x00005150       0x2c c:/siliconlabs/simplicitystudio/v4/developer/toolchains/gnu_arm/4.9_2015q3/bin/../lib/gcc/arm-none-eabi/4.9.3/../../../../arm-none-eabi/lib/armv7-m\libc_nano.a(lib_a-nano-freer.o)
 .debug_frame   0x0000517c       0x2c c:/siliconlabs/simplicitystudio/v4/developer/toolchains/gnu_arm/4.9_2015q3/bin/../lib/gcc/arm-none-eabi/4.9.3/../../../../arm-none-eabi/lib/armv7-m\libc_nano.a(lib_a-nano-mallocr.o)
 .debug_frame   0x000051a8       0x8c c:/siliconlabs/simplicitystudio/v4/developer/toolchains/gnu_arm/4.9_2015q3/bin/../lib/gcc/arm-none-eabi/4.9.3/../../../../arm-none-eabi/lib/armv7-m\libc_nano.a(lib_a-nano-svfprintf.o)
 .debug_frame   0x00005234       0x58 c:/siliconlabs/simplicitystudio/v4/developer/toolchains/gnu_arm/4.9_2015q3/bin/../lib/gcc/arm-none-eabi/4.9.3/../../../../arm-none-eabi/lib/armv7-m\libc_nano.a(lib_a-nano-vfprintf_i.o)
 .debug_frame   0x0000528c       0x2c c:/siliconlabs/simplicitystudio/v4/developer/toolchains/gnu_arm/4.9_2015q3/bin/../lib/gcc/arm-none-eabi/4.9.3/../../../../arm-none-eabi/lib/armv7-m\libc_nano.a(lib_a-sbrkr.o)
 .debug_frame   0x000052b8       0x28 c:/siliconlabs/simplicitystudio/v4/developer/toolchains/gnu_arm/4.9_2015q3/bin/../lib/gcc/arm-none-eabi/4.9.3/../../../../arm-none-eabi/lib/armv7-m\libc_nano.a(lib_a-memchr.o)
 .debug_frame   0x000052e0       0x28 c:/siliconlabs/simplicitystudio/v4/developer/toolchains/gnu_arm/4.9_2015q3/bin/../lib/gcc/arm-none-eabi/4.9.3/../../../../arm-none-eabi/lib/armv7-m\libc_nano.a(lib_a-memmove.o)
 .debug_frame   0x00005308       0x3c c:/siliconlabs/simplicitystudio/v4/developer/toolchains/gnu_arm/4.9_2015q3/bin/../lib/gcc/arm-none-eabi/4.9.3/../../../../arm-none-eabi/lib/armv7-m\libc_nano.a(lib_a-nano-reallocr.o)
 .debug_frame   0x00005344       0x5c c:/siliconlabs/simplicitystudio/v4/developer/toolchains/gnu_arm/4.9_2015q3/bin/../lib/gcc/arm-none-eabi/4.9.3/../../../../arm-none-eabi/lib/armv7-m\libc_nano.a(lib_a-reent.o)
 .debug_frame   0x000053a0       0x20 c:/siliconlabs/simplicitystudio/v4/developer/toolchains/gnu_arm/4.9_2015q3/bin/../lib/gcc/arm-none-eabi/4.9.3/../../../../arm-none-eabi/lib/armv7-m\libc_nano.a(lib_a-nano-msizer.o)
 .debug_frame   0x000053c0       0x20 c:/siliconlabs/simplicitystudio/v4/developer/toolchains/gnu_arm/4.9_2015q3/bin/../lib/gcc/arm-none-eabi/4.9.3/../../../../arm-none-eabi/lib/armv7-m\libnosys.a(sbrk.o)
 .debug_frame   0x000053e0       0x20 c:/siliconlabs/simplicitystudio/v4/developer/toolchains/gnu_arm/4.9_2015q3/bin/../lib/gcc/arm-none-eabi/4.9.3/../../../../arm-none-eabi/lib/armv7-m\libnosys.a(_exit.o)
