Archive member included because of file (symbol)

c:/siliconlabs/simplicitystudio/v4/developer/toolchains/gnu_arm/4.9_2015q3/bin/../lib/gcc/arm-none-eabi/4.9.3/armv7-m\libgcc.a(_arm_addsubdf3.o)
                              ./resource managers_src/app_manager.o (__aeabi_f2d)
c:/siliconlabs/simplicitystudio/v4/developer/toolchains/gnu_arm/4.9_2015q3/bin/../lib/gcc/arm-none-eabi/4.9.3/armv7-m\libgcc.a(_arm_addsubsf3.o)
                              ./resource managers_src/app_manager.o (__aeabi_fsub)
c:/siliconlabs/simplicitystudio/v4/developer/toolchains/gnu_arm/4.9_2015q3/bin/../lib/gcc/arm-none-eabi/4.9.3/armv7-m\libgcc.a(_arm_muldivsf3.o)
                              ./resource managers_src/app_manager.o (__aeabi_fmul)
c:/siliconlabs/simplicitystudio/v4/developer/toolchains/gnu_arm/4.9_2015q3/bin/../lib/gcc/arm-none-eabi/4.9.3/armv7-m\libgcc.a(_arm_cmpsf2.o)
                              ./resource managers_src/app_manager.o (__aeabi_fcmplt)
c:/siliconlabs/simplicitystudio/v4/developer/toolchains/gnu_arm/4.9_2015q3/bin/../lib/gcc/arm-none-eabi/4.9.3/armv7-m\libgcc.a(_arm_fixsfsi.o)
                              ./resource managers_src/app_manager.o (__aeabi_f2iz)
c:/siliconlabs/simplicitystudio/v4/developer/toolchains/gnu_arm/4.9_2015q3/bin/../lib/gcc/arm-none-eabi/4.9.3/armv7-m\libgcc.a(_aeabi_uldivmod.o)
                              ./emlib/src/em_usart.o (__aeabi_uldivmod)
c:/siliconlabs/simplicitystudio/v4/developer/toolchains/gnu_arm/4.9_2015q3/bin/../lib/gcc/arm-none-eabi/4.9.3/armv7-m\libgcc.a(bpabi.o)
                              c:/siliconlabs/simplicitystudio/v4/developer/toolchains/gnu_arm/4.9_2015q3/bin/../lib/gcc/arm-none-eabi/4.9.3/armv7-m\libgcc.a(_aeabi_uldivmod.o) (__gnu_uldivmod_helper)
c:/siliconlabs/simplicitystudio/v4/developer/toolchains/gnu_arm/4.9_2015q3/bin/../lib/gcc/arm-none-eabi/4.9.3/armv7-m\libgcc.a(_dvmd_tls.o)
                              c:/siliconlabs/simplicitystudio/v4/developer/toolchains/gnu_arm/4.9_2015q3/bin/../lib/gcc/arm-none-eabi/4.9.3/armv7-m\libgcc.a(_aeabi_uldivmod.o) (__aeabi_ldiv0)
c:/siliconlabs/simplicitystudio/v4/developer/toolchains/gnu_arm/4.9_2015q3/bin/../lib/gcc/arm-none-eabi/4.9.3/armv7-m\libgcc.a(_divdi3.o)
                              c:/siliconlabs/simplicitystudio/v4/developer/toolchains/gnu_arm/4.9_2015q3/bin/../lib/gcc/arm-none-eabi/4.9.3/armv7-m\libgcc.a(bpabi.o) (__divdi3)
c:/siliconlabs/simplicitystudio/v4/developer/toolchains/gnu_arm/4.9_2015q3/bin/../lib/gcc/arm-none-eabi/4.9.3/armv7-m\libgcc.a(_udivdi3.o)
                              c:/siliconlabs/simplicitystudio/v4/developer/toolchains/gnu_arm/4.9_2015q3/bin/../lib/gcc/arm-none-eabi/4.9.3/armv7-m\libgcc.a(bpabi.o) (__udivdi3)
c:/siliconlabs/simplicitystudio/v4/developer/toolchains/gnu_arm/4.9_2015q3/bin/../lib/gcc/arm-none-eabi/4.9.3/../../../../arm-none-eabi/lib/armv7-m\libc_nano.a(lib_a-exit.o)
                              c:/siliconlabs/simplicitystudio/v4/developer/toolchains/gnu_arm/4.9_2015q3/bin/../lib/gcc/arm-none-eabi/4.9.3/../../../../arm-none-eabi/lib/armv7-m/crt0.o (exit)
c:/siliconlabs/simplicitystudio/v4/developer/toolchains/gnu_arm/4.9_2015q3/bin/../lib/gcc/arm-none-eabi/4.9.3/../../../../arm-none-eabi/lib/armv7-m\libc_nano.a(lib_a-impure.o)
                              c:/siliconlabs/simplicitystudio/v4/developer/toolchains/gnu_arm/4.9_2015q3/bin/../lib/gcc/arm-none-eabi/4.9.3/../../../../arm-none-eabi/lib/armv7-m\libc_nano.a(lib_a-exit.o) (_global_impure_ptr)
c:/siliconlabs/simplicitystudio/v4/developer/toolchains/gnu_arm/4.9_2015q3/bin/../lib/gcc/arm-none-eabi/4.9.3/../../../../arm-none-eabi/lib/armv7-m\libc_nano.a(lib_a-init.o)
                              c:/siliconlabs/simplicitystudio/v4/developer/toolchains/gnu_arm/4.9_2015q3/bin/../lib/gcc/arm-none-eabi/4.9.3/../../../../arm-none-eabi/lib/armv7-m/crt0.o (__libc_init_array)
c:/siliconlabs/simplicitystudio/v4/developer/toolchains/gnu_arm/4.9_2015q3/bin/../lib/gcc/arm-none-eabi/4.9.3/../../../../arm-none-eabi/lib/armv7-m\libc_nano.a(lib_a-memcpy.o)
                              ./lmic/lmic.o (memcpy)
c:/siliconlabs/simplicitystudio/v4/developer/toolchains/gnu_arm/4.9_2015q3/bin/../lib/gcc/arm-none-eabi/4.9.3/../../../../arm-none-eabi/lib/armv7-m\libc_nano.a(lib_a-memset.o)
                              c:/siliconlabs/simplicitystudio/v4/developer/toolchains/gnu_arm/4.9_2015q3/bin/../lib/gcc/arm-none-eabi/4.9.3/../../../../arm-none-eabi/lib/armv7-m/crt0.o (memset)
c:/siliconlabs/simplicitystudio/v4/developer/toolchains/gnu_arm/4.9_2015q3/bin/../lib/gcc/arm-none-eabi/4.9.3/../../../../arm-none-eabi/lib/armv7-m\libc_nano.a(lib_a-nano-vfprintf_float.o)
                              (_printf_float)
c:/siliconlabs/simplicitystudio/v4/developer/toolchains/gnu_arm/4.9_2015q3/bin/../lib/gcc/arm-none-eabi/4.9.3/../../../../arm-none-eabi/lib/armv7-m\libc_nano.a(lib_a-nano-vfprintf_i.o)
[...]
Memory Configuration

Name             Origin             Length             Attributes
FLASH            0x00000000         0x00100000         xr
RAM              0x20000000         0x00020000         xrw
*default*        0x00000000         0xffffffff

Linker script and memory map

LOAD c:/siliconlabs/simplicitystudio/v4/developer/toolchains/gnu_arm/4.9_2015q3/bin/../lib/gcc/arm-none-eabi/4.9.3/armv7-m/crti.o
LOAD c:/siliconlabs/simplicitystudio/v4/developer/toolchains/gnu_arm/4.9_2015q3/bin/../lib/gcc/arm-none-eabi/4.9.3/armv7-m/crtbegin.o
LOAD c:/siliconlabs/simplicitystudio/v4/developer/toolchains/gnu_arm/4.9_2015q3/bin/../lib/gcc/arm-none-eabi/4.9.3/../../../../arm-none-eabi/lib/armv7-m/crt0.o
LOAD ./CMSIS/EFM32GG/startup_efm32gg.o
LOAD ./CMSIS/EFM32GG/system_efm32gg.o
LOAD ./devices_src/rgb_led.o
LOAD ./devices_src/sd_card.o
LOAD ./devices_src/tbr.o
LOAD ./devices_src/ublox_gps.o
LOAD ./drivers_src/delay.o
LOAD ./drivers_src/pwm.o
LOAD ./drivers_src/rs232.o
LOAD ./drivers_src/rs485.o
LOAD ./drivers_src/spi.o
LOAD ./emlib/src/em_acmp.o
LOAD ./emlib/src/em_adc.o
LOAD ./emlib/src/em_aes.o
LOAD ./emlib/src/em_assert.o
LOAD ./emlib/src/em_burtc.o
LOAD ./emlib/src/em_can.o
LOAD ./emlib/src/em_cmu.o
LOAD ./emlib/src/em_core.o
LOAD ./emlib/src/em_cryotimer.o
LOAD ./emlib/src/em_crypto.o
LOAD ./emlib/src/em_csen.o
LOAD ./emlib/src/em_dac.o
LOAD ./emlib/src/em_dbg.o
LOAD ./emlib/src/em_dma.o
LOAD ./emlib/src/em_ebi.o
LOAD ./emlib/src/em_emu.o
LOAD ./emlib/src/em_gpcrc.o
LOAD ./emlib/src/em_gpio.o
LOAD ./emlib/src/em_i2c.o
LOAD ./emlib/src/em_idac.o
LOAD ./emlib/src/em_int.o
LOAD ./emlib/src/em_lcd.o
LOAD ./emlib/src/em_ldma.o
LOAD ./emlib/src/em_lesense.o
LOAD ./emlib/src/em_letimer.o
LOAD ./emlib/src/em_leuart.o
LOAD ./emlib/src/em_mpu.o
LOAD ./emlib/src/em_msc.o
LOAD ./emlib/src/em_opamp.o
LOAD ./emlib/src/em_pcnt.o
LOAD ./emlib/src/em_prs.o
LOAD ./emlib/src/em_qspi.o
LOAD ./emlib/src/em_rmu.o
LOAD ./emlib/src/em_rtc.o
LOAD ./emlib/src/em_rtcc.o
LOAD ./emlib/src/em_system.o
LOAD ./emlib/src/em_timer.o
LOAD ./emlib/src/em_usart.o
LOAD ./emlib/src/em_vcmp.o
LOAD ./emlib/src/em_vdac.o
LOAD ./emlib/src/em_wdog.o
LOAD ./fat_filesystem_src/diskio.o
LOAD ./fat_filesystem_src/ff.o
LOAD ./fifo_buffers_src/fifo_rs232.o
LOAD ./fifo_buffers_src/fifo_tbr.o
LOAD ./hal/debug.o
LOAD ./hal/hal.o
LOAD ./lmic/aes.o
LOAD ./lmic/lmic.o
LOAD ./lmic/oslmic.o
LOAD ./lmic/radio.o
LOAD ./resource managers_src/app_manager.o
LOAD ./resource managers_src/lpwan_manager.o
LOAD ./src/main.o
START GROUP
LOAD c:/siliconlabs/simplicitystudio/v4/developer/toolchains/gnu_arm/4.9_2015q3/bin/../lib/gcc/arm-none-eabi/4.9.3/armv7-m\libgcc.a
LOAD c:/siliconlabs/simplicitystudio/v4/developer/toolchains/gnu_arm/4.9_2015q3/bin/../lib/gcc/arm-none-eabi/4.9.3/../../../../arm-none-eabi/lib/armv7-m\libc_nano.a
LOAD c:/siliconlabs/simplicitystudio/v4/developer/toolchains/gnu_arm/4.9_2015q3/bin/../lib/gcc/arm-none-eabi/4.9.3/../../../../arm-none-eabi/lib/armv7-m\libnosys.a
END GROUP
START GROUP
LOAD c:/siliconlabs/simplicitystudio/v4/developer/toolchains/gnu_arm/4.9_2015q3/bin/../lib/gcc/arm-none-eabi/4.9.3/armv7-m\libgcc.a
LOAD c:/siliconlabs/simplicitystudio/v4/developer/toolchains/gnu_arm/4.9_2015q3/bin/../lib/gcc/arm-none-eabi/4.9.3/../../../../arm-none-eabi/lib/armv7-m\libg_nano.a
LOAD c:/siliconlabs/simplicitystudio/v4/developer/toolchains/gnu_arm/4.9_2015q3/bin/../lib/gcc/arm-none-eabi/4.9.3/../../../../arm-none-eabi/lib/armv7-m\libc_nano.a
END GROUP
START GROUP
LOAD c:/siliconlabs/simplicitystudio/v4/developer/toolchains/gnu_arm/4.9_2015q3/bin/../lib/gcc/arm-none-eabi/4.9.3/armv7-m\libgcc.a
LOAD c:/siliconlabs/simplicitystudio/v4/developer/toolchains/gnu_arm/4.9_2015q3/bin/../lib/gcc/arm-none-eabi/4.9.3/../../../../arm-none-eabi/lib/armv7-m\libc_nano.a
END GROUP
LOAD c:/siliconlabs/simplicitystudio/v4/developer/toolchains/gnu_arm/4.9_2015q3/bin/../lib/gcc/arm-none-eabi/4.9.3/armv7-m/crtend.o
LOAD c:/siliconlabs/simplicitystudio/v4/developer/toolchains/gnu_arm/4.9_2015q3/bin/../lib/gcc/arm-none-eabi/4.9.3/armv7-m/crtn.o

.text           0x00000000    0x1219c
 *(.vectors)
 .vectors       0x00000000       0xdc ./CMSIS/EFM32GG/startup_efm32gg.o
                0x00000000                __Vectors
                0x000000dc                __Vectors_End = .
                0x000000dc                __Vectors_Size = (__Vectors_End - __Vectors)
                0x000000dc                __end__ = .
 *(.text*)
 .text          0x000000dc       0x5c c:/siliconlabs/simplicitystudio/v4/developer/toolchains/gnu_arm/4.9_2015q3/bin/../lib/gcc/arm-none-eabi/4.9.3/armv7-m/crtbegin.o
 .text          0x00000138       0x74 c:/siliconlabs/simplicitystudio/v4/developer/toolchains/gnu_arm/4.9_2015q3/bin/../lib/gcc/arm-none-eabi/4.9.3/../../../../arm-none-eabi/lib/armv7-m/crt0.o
                0x00000138                _start
                0x00000138                _mainCRTStartup
 .text          0x000001ac       0x30 ./CMSIS/EFM32GG/startup_efm32gg.o
                0x000001ac                Reset_Handler
                0x000001d8                DebugMon_Handler
                0x000001d8                USART0_TX_IRQHandler
                0x000001d8                I2C0_IRQHandler
                0x000001d8                HardFault_Handler
                0x000001d8                LEUART1_IRQHandler
                0x000001d8                SysTick_Handler
                0x000001d8                USART1_RX_IRQHandler
                0x000001d8                PendSV_Handler
                0x000001d8                NMI_Handler
                0x000001d8                I2C1_IRQHandler
                0x000001d8                TIMER3_IRQHandler
                0x000001d8                USART1_TX_IRQHandler
                0x000001d8                MSC_IRQHandler
                0x000001d8                ADC0_IRQHandler
                0x000001d8                UsageFault_Handler
                0x000001d8                UART0_TX_IRQHandler
                0x000001d8                UART1_TX_IRQHandler
                0x000001d8                TIMER0_IRQHandler
                0x000001d8                TIMER2_IRQHandler
                0x000001d8                LCD_IRQHandler
                0x000001d8                PCNT2_IRQHandler
                0x000001d8                UART0_RX_IRQHandler
                0x000001d8                LETIMER0_IRQHandler
                0x000001d8                TIMER1_IRQHandler
                0x000001d8                Default_Handler
                0x000001d8                EMU_IRQHandler
                0x000001d8                PCNT0_IRQHandler
                0x000001d8                USB_IRQHandler
                0x000001d8                PCNT1_IRQHandler
                0x000001d8                ACMP0_IRQHandler
                0x000001d8                USART0_RX_IRQHandler
                0x000001d8                MemManage_Handler
                0x000001d8                SVC_Handler
                0x000001d8                DAC0_IRQHandler
                0x000001d8                UART1_RX_IRQHandler
                0x000001d8                CMU_IRQHandler
                0x000001d8                EBI_IRQHandler
                0x000001d8                LESENSE_IRQHandler
                0x000001d8                AES_IRQHandler
                0x000001d8                VCMP_IRQHandler
                0x000001d8                BusFault_Handler
 .text.GetProdRev
                0x000001dc       0x1c ./CMSIS/EFM32GG/system_efm32gg.o
 .text.SystemCoreClockGet
                0x000001f8       0x34 ./CMSIS/EFM32GG/system_efm32gg.o
                0x000001f8                SystemCoreClockGet
 .text.SystemMaxCoreClockGet
                0x0000022c       0x14 ./CMSIS/EFM32GG/system_efm32gg.o
                0x0000022c                SystemMaxCoreClockGet
 .text.SystemHFClockGet
                0x00000240      0x100 ./CMSIS/EFM32GG/system_efm32gg.o
                0x00000240                SystemHFClockGet
 .text.SystemHFXOClockGet
                0x00000340       0x18 ./CMSIS/EFM32GG/system_efm32gg.o
                0x00000340                SystemHFXOClockGet
 .text.SystemInit
                0x00000358        0xc ./CMSIS/EFM32GG/system_efm32gg.o
                0x00000358                SystemInit
 .text.SystemLFRCOClockGet
                0x00000364       0x14 ./CMSIS/EFM32GG/system_efm32gg.o
                0x00000364                SystemLFRCOClockGet
 .text.SystemULFRCOClockGet
                0x00000378       0x14 ./CMSIS/EFM32GG/system_efm32gg.o
                0x00000378                SystemULFRCOClockGet
 .text.SystemLFXOClockGet
                0x0000038c       0x18 ./CMSIS/EFM32GG/system_efm32gg.o
                0x0000038c                SystemLFXOClockGet
 .text.GPIO_PinOutClear
                0x000003a4       0x58 ./devices_src/rgb_led.o
 .text.GPIO_PinOutSet
                0x000003fc       0x58 ./devices_src/rgb_led.o
 .text.generate_pulses
                0x00000454       0x50 ./devices_src/rgb_led.o
                0x00000454                generate_pulses
 .text.rgb_init
                0x000004a4       0x34 ./devices_src/rgb_led.o
                0x000004a4                rgb_init
 .text.rgb_on   0x000004d8      0x110 ./devices_src/rgb_led.o
                0x000004d8                rgb_on
 .text.rgb_shutdown
                0x000005e8       0x18 ./devices_src/rgb_led.o
                0x000005e8                rgb_shutdown
 .text.GPIO_PinOutClear
                0x00000600       0x58 ./devices_src/sd_card.o
 .text.GPIO_PinOutSet
                0x00000658       0x58 ./devices_src/sd_card.o
 .text.start_transfer
                0x000006b0       0x10 ./devices_src/sd_card.o
                0x000006b0                start_transfer
 .text.end_transfer
                0x000006c0       0x14 ./devices_src/sd_card.o
                0x000006c0                end_transfer
 .text.send_cmd
                0x000006d4      0x24c ./devices_src/sd_card.o
                0x000006d4                send_cmd
 .text.sd_card_init
                0x00000920      0x1e0 ./devices_src/sd_card.o
                0x00000920                sd_card_init
 .text.sd_card_on
                0x00000b00       0x10 ./devices_src/sd_card.o
                0x00000b00                sd_card_on
 .text.sd_card_off
                0x00000b10       0x10 ./devices_src/sd_card.o
                0x00000b10                sd_card_off
 .text.sd_card_read
                0x00000b20      0x130 ./devices_src/sd_card.o
                0x00000b20                sd_card_read
 .text.sd_card_write
                0x00000c50      0x10c ./devices_src/sd_card.o
                0x00000c50                sd_card_write
 .text.array_is_full
                0x00000d5c       0x24 ./devices_src/tbr.o
                0x00000d5c                array_is_full
 .text.array_is_empty
                0x00000d80       0x20 ./devices_src/tbr.o
                0x00000d80                array_is_empty
 .text.array_add
                0x00000da0       0x58 ./devices_src/tbr.o
                0x00000da0                array_add
 .text.array_remove
                0x00000df8       0x5c ./devices_src/tbr.o
                0x00000df8                array_remove
 .text.CalculateLuhn
                0x00000e54      0x12c ./devices_src/tbr.o
                0x00000e54                CalculateLuhn
 .text.parse_message_tbr
                0x00000f80      0x130 ./devices_src/tbr.o
                0x00000f80                parse_message_tbr
 .text.check_other_messages
                0x000010b0       0x3c ./devices_src/tbr.o
                0x000010b0                check_other_messages
 .text.clear_buffer
                0x000010ec       0x3c ./devices_src/tbr.o
                0x000010ec                clear_buffer
 .text.get_and_compare
                0x00001128      0x12c ./devices_src/tbr.o
                0x00001128                get_and_compare
 .text.convert_single_tbr_msg_into_uint
                0x00001254      0x348 ./devices_src/tbr.o
                0x00001254                convert_single_tbr_msg_into_uint
 .text.convert_tbr_msgs_to_uint
                0x0000159c      0x1bc ./devices_src/tbr.o
                0x0000159c                convert_tbr_msgs_to_uint
 .text.tbr_init
                0x00001758       0x48 ./devices_src/tbr.o
                0x00001758                tbr_init
 .text.tbr_send_cmd
                0x000017a0      0x100 ./devices_src/tbr.o
                0x000017a0                tbr_send_cmd
 .text.tbr_recv_msg_uint
                0x000018a0      0x13c ./devices_src/tbr.o
                0x000018a0                tbr_recv_msg_uint
 .text.GPIO_PinOutSet
                0x000019dc       0x58 ./devices_src/ublox_gps.o
 .text.send_cmd_rx_ack
                0x00001a34       0xfc ./devices_src/ublox_gps.o
                0x00001a34                send_cmd_rx_ack
 .text.port_config
                0x00001b30       0x64 ./devices_src/ublox_gps.o
                0x00001b30                port_config
 .text.receiver_nav_status
                0x00001b94       0xfc ./devices_src/ublox_gps.o
                0x00001b94                receiver_nav_status
 .text.config_low_power
                0x00001c90       0x24 ./devices_src/ublox_gps.o
                0x00001c90                config_low_power
 .text.enter_low_power
                0x00001cb4       0x24 ./devices_src/ublox_gps.o
                0x00001cb4                enter_low_power
 .text.disable_sbas
                0x00001cd8       0x24 ./devices_src/ublox_gps.o
                0x00001cd8                disable_sbas
 .text.poll_psm
                0x00001cfc      0x130 ./devices_src/ublox_gps.o
                0x00001cfc                poll_psm
 .text.parse_message
                0x00001e2c      0x33c ./devices_src/ublox_gps.o
                0x00001e2c                parse_message
 .text.gps_init
                0x00002168      0x148 ./devices_src/ublox_gps.o
                0x00002168                gps_init
 .text.gps_get_nav_data
                0x000022b0      0x19c ./devices_src/ublox_gps.o
                0x000022b0                gps_get_nav_data
 .text.gps_on   0x0000244c       0x10 ./devices_src/ublox_gps.o
                0x0000244c                gps_on
 .text.TIMER_Valid
                0x0000245c       0x50 ./drivers_src/delay.o
 .text.TIMER_MaxCount
                0x000024ac       0x18 ./drivers_src/delay.o
 .text.TIMER_CounterSet
                0x000024c4       0x1c ./drivers_src/delay.o
 .text.TIMER_Enable
                0x000024e0       0x2c ./drivers_src/delay.o
 .text.TIMER_IntClear
                0x0000250c       0x1c ./drivers_src/delay.o
 .text.TIMER_IntEnable
                0x00002528       0x20 ./drivers_src/delay.o
 .text.TIMER_IntGetEnabled
                0x00002548       0x24 ./drivers_src/delay.o
 .text.TIMER_TopBufSet
                0x0000256c       0x1c ./drivers_src/delay.o
 .text.TIMER_TopSet
                0x00002588       0x1c ./drivers_src/delay.o
 .text.delay_init
                0x000025a4       0x7c ./drivers_src/delay.o
                0x000025a4                delay_init
 .text.delay_enable
                0x00002620       0x14 ./drivers_src/delay.o
                0x00002620                delay_enable
 .text.delay_disable
                0x00002634       0x14 ./drivers_src/delay.o
                0x00002634                delay_disable
 .text.delay_ms
                0x00002648       0x64 ./drivers_src/delay.o
                0x00002648                delay_ms
 .text.TIMER_Valid
                0x000026ac       0x50 ./drivers_src/pwm.o
 .text.TIMER_MaxCount
                0x000026fc       0x18 ./drivers_src/pwm.o
 .text.TIMER_CounterSet
                0x00002714       0x1c ./drivers_src/pwm.o
 .text.TIMER_Enable
                0x00002730       0x2c ./drivers_src/pwm.o
 .text.TIMER_IntClear
                0x0000275c       0x1c ./drivers_src/pwm.o
 .text.TIMER_IntEnable
                0x00002778       0x20 ./drivers_src/pwm.o
 .text.TIMER_IntGetEnabled
                0x00002798       0x24 ./drivers_src/pwm.o
 .text.TIMER_TopBufSet
                0x000027bc       0x1c ./drivers_src/pwm.o
 .text.TIMER_TopSet
                0x000027d8       0x1c ./drivers_src/pwm.o
 .text.pwm_init
                0x000027f4       0x7c ./drivers_src/pwm.o
                0x000027f4                pwm_init
 .text.pwm_enable
                0x00002870       0x14 ./drivers_src/pwm.o
                0x00002870                pwm_enable
 .text.pwm_disable
                0x00002884       0x14 ./drivers_src/pwm.o
                0x00002884                pwm_disable
 .text.pwm_us_delay
                0x00002898       0x5c ./drivers_src/pwm.o
                0x00002898                pwm_us_delay
 .text.NVIC_EnableIRQ
                0x000028f4       0x30 ./drivers_src/rs232.o
 .text.NVIC_ClearPendingIRQ
                0x00002924       0x34 ./drivers_src/rs232.o
 .text.USART_IntClear
                0x00002958       0x1c ./drivers_src/rs232.o
 .text.USART_IntDisable
                0x00002974       0x24 ./drivers_src/rs232.o
 .text.USART_IntEnable
                0x00002998       0x20 ./drivers_src/rs232.o
 .text.rs232_init
                0x000029b8       0xb0 ./drivers_src/rs232.o
                0x000029b8                rs232_init
 .text.rs232_enable
                0x00002a68       0x14 ./drivers_src/rs232.o
                0x00002a68                rs232_enable
 .text.rs232_transmit_string
                0x00002a7c       0x6c ./drivers_src/rs232.o
                0x00002a7c                rs232_transmit_string
 .text.rs232_transmit_char
                0x00002ae8       0x4c ./drivers_src/rs232.o
                0x00002ae8                rs232_transmit_char
 .text.USART2_TX_IRQHandler
                0x00002b34       0x4c ./drivers_src/rs232.o
                0x00002b34                USART2_TX_IRQHandler
 .text.USART2_RX_IRQHandler
                0x00002b80       0x40 ./drivers_src/rs232.o
                0x00002b80                USART2_RX_IRQHandler
 .text.NVIC_EnableIRQ
                0x00002bc0       0x30 ./drivers_src/rs485.o
 .text.NVIC_ClearPendingIRQ
                0x00002bf0       0x34 ./drivers_src/rs485.o
 .text.GPIO_PinOutClear
                0x00002c24       0x58 ./drivers_src/rs485.o
 .text.GPIO_PinOutSet
                0x00002c7c       0x58 ./drivers_src/rs485.o
 .text.LEUART_IntClear
                0x00002cd4       0x1c ./drivers_src/rs485.o
 .text.LEUART_IntDisable
                0x00002cf0       0x24 ./drivers_src/rs485.o
 .text.LEUART_IntEnable
                0x00002d14       0x20 ./drivers_src/rs485.o
 .text.rs485_init
                0x00002d34       0xe0 ./drivers_src/rs485.o
                0x00002d34                rs485_init
 .text.rs485_enable
                0x00002e14       0x14 ./drivers_src/rs485.o
                0x00002e14                rs485_enable
 .text.rs485_transmit_string
                0x00002e28       0x78 ./drivers_src/rs485.o
                0x00002e28                rs485_transmit_string
 .text.rs485_recieve_char
                0x00002ea0       0x3c ./drivers_src/rs485.o
                0x00002ea0                rs485_recieve_char
 .text.rs485_tx_mode
                0x00002edc       0x18 ./drivers_src/rs485.o
                0x00002edc                rs485_tx_mode
 .text.rs485_rx_mode
                0x00002ef4       0x18 ./drivers_src/rs485.o
                0x00002ef4                rs485_rx_mode
 .text.LEUART0_IRQHandler
                0x00002f0c       0xd0 ./drivers_src/rs485.o
                0x00002f0c                LEUART0_IRQHandler
 .text.GPIO_PinOutClear
                0x00002fdc       0x58 ./drivers_src/spi.o
 .text.GPIO_PinOutSet
                0x00003034       0x58 ./drivers_src/spi.o
 .text.USART_IntClear
                0x0000308c       0x1c ./drivers_src/spi.o
 .text.spi_init
                0x000030a8       0xbc ./drivers_src/spi.o
                0x000030a8                spi_init
 .text.spi_enable
                0x00003164       0x14 ./drivers_src/spi.o
                0x00003164                spi_enable
 .text.spi_disable
                0x00003178       0x14 ./drivers_src/spi.o
                0x00003178                spi_disable
 .text.spi_cs_set
                0x0000318c       0x40 ./drivers_src/spi.o
                0x0000318c                spi_cs_set
 .text.spi_cs_clear
                0x000031cc       0x8c ./drivers_src/spi.o
                0x000031cc                spi_cs_clear
 .text.spi_read_write_byte
                0x00003258       0x34 ./drivers_src/spi.o
                0x00003258                spi_read_write_byte
 .text.spi_write_byte
                0x0000328c       0x28 ./drivers_src/spi.o
                0x0000328c                spi_write_byte
 .text.spi_read_byte
                0x000032b4       0x2c ./drivers_src/spi.o
                0x000032b4                spi_read_byte
 .text.BUS_RegBitWrite
                0x000032e0       0x2c ./emlib/src/em_burtc.o
 .text.BUS_RegBitRead
                0x0000330c       0x2c ./emlib/src/em_burtc.o
 .text.BURTC_IntClear
                0x00003338       0x1c ./emlib/src/em_burtc.o
 .text.BURTC_Enable
                0x00003354       0x50 ./emlib/src/em_burtc.o
 .text.BURTC_FreezeEnable
                0x000033a4       0x20 ./emlib/src/em_burtc.o
 .text.divToLog2
                0x000033c4       0x34 ./emlib/src/em_burtc.o
 .text.regSync  0x000033f8       0x40 ./emlib/src/em_burtc.o
 .text.BURTC_Init
                0x00003438       0xe8 ./emlib/src/em_burtc.o
                0x00003438                BURTC_Init
 .text.BURTC_CompareSet
                0x00003520       0x20 ./emlib/src/em_burtc.o
                0x00003520                BURTC_CompareSet
 .text.BURTC_Reset
                0x00003540       0x3c ./emlib/src/em_burtc.o
                0x00003540                BURTC_Reset
 .text.BUS_RegBitWrite
                0x0000357c       0x2c ./emlib/src/em_cmu.o
 .text.BUS_RegBitRead
                0x000035a8       0x2c ./emlib/src/em_cmu.o
 .text.CMU_DivToLog2
                0x000035d4       0x34 ./emlib/src/em_cmu.o
 .text.SYSTEM_GetProdRev
                0x00003608       0x1c ./emlib/src/em_cmu.o
 .text.SYSTEM_GetFamily
                0x00003624       0x20 ./emlib/src/em_cmu.o
 .text.maxFreqHfle
                0x00003644       0x78 ./emlib/src/em_cmu.o
 .text.setHfLeConfig
                0x000036bc       0x60 ./emlib/src/em_cmu.o
 .text.getHfLeConfig
                0x0000371c       0x20 ./emlib/src/em_cmu.o
 .text.auxClkGet
                0x0000373c       0xb0 ./emlib/src/em_cmu.o
 .text.dbgClkGet
                0x000037ec       0x40 ./emlib/src/em_cmu.o
 .text.flashWaitStateControl
                0x0000382c       0xb8 ./emlib/src/em_cmu.o
 .text.flashWaitStateMax
                0x000038e4       0x14 ./emlib/src/em_cmu.o
 .text.CMU_UpdateWaitStates
                0x000038f8       0x18 ./emlib/src/em_cmu.o
                0x000038f8                CMU_UpdateWaitStates
 .text.lfClkGet
                0x00003910       0xec ./emlib/src/em_cmu.o
 .text.syncReg  0x000039fc       0x34 ./emlib/src/em_cmu.o
 .text.CMU_ClockDivSet
                0x00003a30      0x22c ./emlib/src/em_cmu.o
                0x00003a30                CMU_ClockDivSet
 .text.CMU_ClockEnable
                0x00003c5c       0xd0 ./emlib/src/em_cmu.o
                0x00003c5c                CMU_ClockEnable
 .text.CMU_ClockFreqGet
                0x00003d2c      0x1c8 ./emlib/src/em_cmu.o
                0x00003d2c                CMU_ClockFreqGet
 .text.CMU_ClockSelectGet
                0x00003ef4      0x124 ./emlib/src/em_cmu.o
                0x00003ef4                CMU_ClockSelectGet
 .text.CMU_ClockSelectSet
                0x00004018      0x22c ./emlib/src/em_cmu.o
                0x00004018                CMU_ClockSelectSet
 .text.CMU_HFRCOBandSet
                0x00004244       0xe0 ./emlib/src/em_cmu.o
                0x00004244                CMU_HFRCOBandSet
 .text.CMU_OscillatorEnable
                0x00004324       0xbc ./emlib/src/em_cmu.o
                0x00004324                CMU_OscillatorEnable
 .text.CORE_EnterAtomic
                0x000043e0       0x20 ./emlib/src/em_core.o
                0x000043e0                CORE_EnterAtomic
 .text.CORE_ExitAtomic
                0x00004400       0x1c ./emlib/src/em_core.o
                0x00004400                CORE_ExitAtomic
 .text.DMA_IRQHandler
                0x0000441c       0xd8 ./emlib/src/em_dma.o
                0x0000441c                DMA_IRQHandler
 .text.BUS_RegBitWrite
                0x000044f4       0x2c ./emlib/src/em_gpio.o
 .text.BUS_RegMaskedWrite
                0x00004520       0x28 ./emlib/src/em_gpio.o
 .text.GPIO_PinOutClear
                0x00004548       0x58 ./emlib/src/em_gpio.o
 .text.GPIO_PinOutSet
                0x000045a0       0x58 ./emlib/src/em_gpio.o
 .text.GPIO_DriveModeSet
                0x000045f8       0x70 ./emlib/src/em_gpio.o
                0x000045f8                GPIO_DriveModeSet
 .text.GPIO_ExtIntConfig
                0x00004668       0xd4 ./emlib/src/em_gpio.o
                0x00004668                GPIO_ExtIntConfig
 .text.GPIO_PinModeSet
                0x0000473c      0x10c ./emlib/src/em_gpio.o
                0x0000473c                GPIO_PinModeSet
 .text.LETIMER_Enable
                0x00004848       0x2c ./emlib/src/em_letimer.o
                0x00004848                LETIMER_Enable
 .text.LETIMER_FreezeEnable
                0x00004874       0x34 ./emlib/src/em_letimer.o
                0x00004874                LETIMER_FreezeEnable
 .text.LETIMER_Init
                0x000048a8       0xf0 ./emlib/src/em_letimer.o
                0x000048a8                LETIMER_Init
 .text.LETIMER_Reset
                0x00004998       0x50 ./emlib/src/em_letimer.o
                0x00004998                LETIMER_Reset
 .text.LEUART_Sync
                0x000049e8       0x30 ./emlib/src/em_leuart.o
 .text.LEUART_BaudrateSet
                0x00004a18       0x80 ./emlib/src/em_leuart.o
                0x00004a18                LEUART_BaudrateSet
 .text.LEUART_Enable
                0x00004a98       0x58 ./emlib/src/em_leuart.o
                0x00004a98                LEUART_Enable
 .text.LEUART_FreezeEnable
                0x00004af0       0x34 ./emlib/src/em_leuart.o
                0x00004af0                LEUART_FreezeEnable
 .text.LEUART_Init
                0x00004b24       0x84 ./emlib/src/em_leuart.o
                0x00004b24                LEUART_Init
 .text.LEUART_Reset
                0x00004ba8       0x70 ./emlib/src/em_leuart.o
                0x00004ba8                LEUART_Reset
 .text.LEUART_Rx
                0x00004c18       0x28 ./emlib/src/em_leuart.o
                0x00004c18                LEUART_Rx
 .text.LEUART_Tx
                0x00004c40       0x30 ./emlib/src/em_leuart.o
                0x00004c40                LEUART_Tx
 .text.SL_CTZ   0x00004c70       0x28 ./emlib/src/em_rmu.o
 .text.BUS_RegBitWrite
                0x00004c98       0x2c ./emlib/src/em_rmu.o
 .text.RMU_ResetControl
                0x00004cc4       0x3c ./emlib/src/em_rmu.o
                0x00004cc4                RMU_ResetControl
 .text.BUS_RegBitWrite
                0x00004d00       0x2c ./emlib/src/em_rtc.o
 .text.RTC_CompareSet
                0x00004d2c       0x3c ./emlib/src/em_rtc.o
                0x00004d2c                RTC_CompareSet
 .text.RTC_Enable
                0x00004d68       0x20 ./emlib/src/em_rtc.o
                0x00004d68                RTC_Enable
 .text.RTC_Init
                0x00004d88       0x50 ./emlib/src/em_rtc.o
                0x00004d88                RTC_Init
 .text.SYSTEM_ChipRevisionGet
                0x00004dd8       0x74 ./emlib/src/em_system.o
                0x00004dd8                SYSTEM_ChipRevisionGet
 .text.TIMER_Valid
                0x00004e4c       0x50 ./emlib/src/em_timer.o
 .text.TIMER_Init
                0x00004e9c       0xdc ./emlib/src/em_timer.o
                0x00004e9c                TIMER_Init
 .text.USART_BaudrateAsyncSet
                0x00004f78       0xb0 ./emlib/src/em_usart.o
                0x00004f78                USART_BaudrateAsyncSet
 .text.USART_BaudrateSyncSet
                0x00005028       0x40 ./emlib/src/em_usart.o
                0x00005028                USART_BaudrateSyncSet
 .text.USART_Enable
                0x00005068       0x58 ./emlib/src/em_usart.o
                0x00005068                USART_Enable
 .text.USART_InitAsync
                0x000050c0       0x9c ./emlib/src/em_usart.o
                0x000050c0                USART_InitAsync
 .text.USART_InitSync
                0x0000515c       0xcc ./emlib/src/em_usart.o
                0x0000515c                USART_InitSync
 .text.USART_Reset
                0x00005228       0x98 ./emlib/src/em_usart.o
                0x00005228                USART_Reset
 .text.USART_Rx
                0x000052c0       0x28 ./emlib/src/em_usart.o
                0x000052c0                USART_Rx
 .text.USART_SpiTransfer
                0x000052e8       0x40 ./emlib/src/em_usart.o
                0x000052e8                USART_SpiTransfer
 .text.USART_Tx
                0x00005328       0x2c ./emlib/src/em_usart.o
                0x00005328                USART_Tx
 .text.disk_status
                0x00005354       0x44 ./fat_filesystem_src/diskio.o
                0x00005354                disk_status
 .text.disk_initialize
                0x00005398       0x4c ./fat_filesystem_src/diskio.o
                0x00005398                disk_initialize
 .text.disk_read
                0x000053e4       0x50 ./fat_filesystem_src/diskio.o
                0x000053e4                disk_read
 .text.disk_write
                0x00005434       0x50 ./fat_filesystem_src/diskio.o
                0x00005434                disk_write
 .text.disk_ioctl
                0x00005484       0x50 ./fat_filesystem_src/diskio.o
                0x00005484                disk_ioctl
 .text.ld_word  0x000054d4       0x30 ./fat_filesystem_src/ff.o
 .text.ld_dword
                0x00005504       0x48 ./fat_filesystem_src/ff.o
 .text.st_word  0x0000554c       0x34 ./fat_filesystem_src/ff.o
 .text.st_dword
                0x00005580       0x58 ./fat_filesystem_src/ff.o
 .text.mem_cpy  0x000055d8       0x40 ./fat_filesystem_src/ff.o
 .text.mem_set  0x00005618       0x34 ./fat_filesystem_src/ff.o
 .text.mem_cmp  0x0000564c       0x50 ./fat_filesystem_src/ff.o
 .text.chk_chr  0x0000569c       0x38 ./fat_filesystem_src/ff.o
 .text.sync_window
                0x000056d4       0x8c ./fat_filesystem_src/ff.o
 .text.move_window
                0x00005760       0x5c ./fat_filesystem_src/ff.o
 .text.sync_fs  0x000057bc       0xdc ./fat_filesystem_src/ff.o
 .text.clust2sect
                0x00005898       0x40 ./fat_filesystem_src/ff.o
 .text.get_fat  0x000058d8      0x140 ./fat_filesystem_src/ff.o
 .text.put_fat  0x00005a18      0x1bc ./fat_filesystem_src/ff.o
 .text.remove_chain
                0x00005bd4       0xc8 ./fat_filesystem_src/ff.o
 .text.create_chain
                0x00005c9c      0x134 ./fat_filesystem_src/ff.o
 .text.dir_sdi  0x00005dd0       0xf4 ./fat_filesystem_src/ff.o
 .text.dir_next
                0x00005ec4      0x188 ./fat_filesystem_src/ff.o
 .text.dir_alloc
                0x0000604c       0x90 ./fat_filesystem_src/ff.o
 .text.ld_clust
                0x000060dc       0x40 ./fat_filesystem_src/ff.o
 .text.st_clust
                0x0000611c       0x40 ./fat_filesystem_src/ff.o
 .text.dir_find
                0x0000615c       0xa8 ./fat_filesystem_src/ff.o
 .text.dir_register
                0x00006204       0x68 ./fat_filesystem_src/ff.o
 .text.create_name
                0x0000626c      0x1a0 ./fat_filesystem_src/ff.o
 .text.follow_path
                0x0000640c       0xdc ./fat_filesystem_src/ff.o
 .text.get_ldnumber
                0x000064e8       0x88 ./fat_filesystem_src/ff.o
 .text.check_fs
                0x00006570       0xa8 ./fat_filesystem_src/ff.o
 .text.find_volume
                0x00006618      0x474 ./fat_filesystem_src/ff.o
 .text.validate
                0x00006a8c       0x68 ./fat_filesystem_src/ff.o
 .text.f_mount  0x00006af4       0x88 ./fat_filesystem_src/ff.o
                0x00006af4                f_mount
 .text.f_open   0x00006b7c      0x320 ./fat_filesystem_src/ff.o
                0x00006b7c                f_open
 .text.f_write  0x00006e9c      0x2d8 ./fat_filesystem_src/ff.o
                0x00006e9c                f_write
 .text.f_sync   0x00007174      0x108 ./fat_filesystem_src/ff.o
                0x00007174                f_sync
 .text.f_close  0x0000727c       0x40 ./fat_filesystem_src/ff.o
                0x0000727c                f_close
 .text.putc_bfd
                0x000072bc       0x78 ./fat_filesystem_src/ff.o
 .text.putc_flush
                0x00007334       0x54 ./fat_filesystem_src/ff.o
 .text.putc_init
                0x00007388       0x28 ./fat_filesystem_src/ff.o
 .text.f_puts   0x000073b0       0x48 ./fat_filesystem_src/ff.o
                0x000073b0                f_puts
 .text.get_fattime
                0x000073f8       0x14 ./fat_filesystem_src/ff.o
                0x000073f8                get_fattime
 .text.fifo_rs232_init
                0x0000740c       0x48 ./fifo_buffers_src/fifo_rs232.o
                0x0000740c                fifo_rs232_init
 .text.fifo_rs232_is_empty
                0x00007454       0x4c ./fifo_buffers_src/fifo_rs232.o
                0x00007454                fifo_rs232_is_empty
 .text.fifo_rs232_is_full
                0x000074a0       0x50 ./fifo_buffers_src/fifo_rs232.o
                0x000074a0                fifo_rs232_is_full
 .text.fifo_rs232_remove
                0x000074f0       0xbc ./fifo_buffers_src/fifo_rs232.o
                0x000074f0                fifo_rs232_remove
 .text.fifo_rs232_add
                0x000075ac       0xb0 ./fifo_buffers_src/fifo_rs232.o
                0x000075ac                fifo_rs232_add
 .text.fifo_tbr_init
                0x0000765c       0x68 ./fifo_buffers_src/fifo_tbr.o
                0x0000765c                fifo_tbr_init
 .text.fifo_tbr_is_empty
                0x000076c4       0x6c ./fifo_buffers_src/fifo_tbr.o
                0x000076c4                fifo_tbr_is_empty
 .text.fifo_tbr_is_full
                0x00007730       0x6c ./fifo_buffers_src/fifo_tbr.o
                0x00007730                fifo_tbr_is_full
 .text.fifo_tbr_remove
                0x0000779c      0x108 ./fifo_buffers_src/fifo_tbr.o
                0x0000779c                fifo_tbr_remove
 .text.fifo_tbr_add
                0x000078a4       0xf8 ./fifo_buffers_src/fifo_tbr.o
                0x000078a4                fifo_tbr_add
 .text.debug_char
                0x0000799c       0x18 ./hal/debug.o
                0x0000799c                debug_char
 .text.debug_str
                0x000079b4       0x28 ./hal/debug.o
                0x000079b4                debug_str
 .text.NVIC_EnableIRQ
                0x000079dc       0x30 ./hal/hal.o
 .text.NVIC_ClearPendingIRQ
                0x00007a0c       0x34 ./hal/hal.o
 .text.NVIC_SystemReset
                0x00007a40       0x28 ./hal/hal.o
 .text.BUS_RegBitWrite
                0x00007a68       0x2c ./hal/hal.o
 .text.GPIO_IntClear
                0x00007a94       0x20 ./hal/hal.o
 .text.GPIO_IntGetEnabled
                0x00007ab4       0x28 ./hal/hal.o
 .text.GPIO_PinOutSet
                0x00007adc       0x58 ./hal/hal.o
 .text.GPIO_IntConfig
                0x00007b34       0x38 ./hal/hal.o
 .text.RTC_CounterGet
                0x00007b6c       0x18 ./hal/hal.o
 .text.RTC_IntClear
                0x00007b84       0x1c ./hal/hal.o
 .text.RTC_IntDisable
                0x00007ba0       0x24 ./hal/hal.o
 .text.RTC_IntEnable
                0x00007bc4       0x24 ./hal/hal.o
 .text.RTC_IntGet
                0x00007be8       0x18 ./hal/hal.o
 .text.EMU_EnterEM1
                0x00007c00       0x20 ./hal/hal.o
 .text.BURTC_IntClear
                0x00007c20       0x1c ./hal/hal.o
 .text.BURTC_IntDisable
                0x00007c3c       0x24 ./hal/hal.o
 .text.BURTC_IntEnable
                0x00007c60       0x24 ./hal/hal.o
 .text.BURTC_IntGet
                0x00007c84       0x18 ./hal/hal.o
 .text.BURTC_Enable
                0x00007c9c       0x50 ./hal/hal.o
 .text.LETIMER_CounterGet
                0x00007cec       0x18 ./hal/hal.o
 .text.BURTC_IRQHandler
                0x00007d04      0x118 ./hal/hal.o
                0x00007d04                BURTC_IRQHandler
 .text.time_manager_init
                0x00007e1c       0xec ./hal/hal.o
                0x00007e1c                time_manager_init
 .text.time_manager_unixTimestamp
                0x00007f08      0x118 ./hal/hal.o
                0x00007f08                time_manager_unixTimestamp
 .text.time_manager_get_cmd
                0x00008020       0x18 ./hal/hal.o
                0x00008020                time_manager_get_cmd
 .text.GPIO_EVEN_IRQHandler
                0x00008038      0x110 ./hal/hal.o
                0x00008038                GPIO_EVEN_IRQHandler
 .text.GPIO_ODD_IRQHandler
                0x00008148       0x2c ./hal/hal.o
                0x00008148                GPIO_ODD_IRQHandler
 .text.hal_io_init
                0x00008174       0xbc ./hal/hal.o
 .text.hal_pin_rxtx
                0x00008230       0x14 ./hal/hal.o
                0x00008230                hal_pin_rxtx
 .text.hal_pin_nss
                0x00008244       0x24 ./hal/hal.o
                0x00008244                hal_pin_nss
 .text.hal_pin_rst
                0x00008268       0x18 ./hal/hal.o
                0x00008268                hal_pin_rst
 .text.hal_spi_init
                0x00008280       0x10 ./hal/hal.o
 .text.hal_spi  0x00008290       0x24 ./hal/hal.o
                0x00008290                hal_spi
 .text.RTC_IRQHandler
                0x000082b4       0x34 ./hal/hal.o
                0x000082b4                RTC_IRQHandler
 .text.hal_time_init
                0x000082e8       0x84 ./hal/hal.o
 .text.hal_ticks
                0x0000836c       0x4c ./hal/hal.o
                0x0000836c                hal_ticks
 .text.deltaticks
                0x000083b8       0x3c ./hal/hal.o
 .text.hal_waitUntil
                0x000083f4       0x1c ./hal/hal.o
                0x000083f4                hal_waitUntil
 .text.hal_checkTimer
                0x00008410       0x4c ./hal/hal.o
                0x00008410                hal_checkTimer
 .text.hal_disableIRQs
                0x0000845c       0x40 ./hal/hal.o
                0x0000845c                hal_disableIRQs
 .text.hal_enableIRQs
                0x0000849c       0x38 ./hal/hal.o
                0x0000849c                hal_enableIRQs
 .text.hal_sleep
                0x000084d4        0xc ./hal/hal.o
                0x000084d4                hal_sleep
 .text.hal_init
                0x000084e0       0x28 ./hal/hal.o
                0x000084e0                hal_init
 .text.hal_failed
                0x00008508       0x74 ./hal/hal.o
                0x00008508                hal_failed
 .text.aesroundkeys
                0x0000857c       0xf4 ./lmic/aes.o
 .text.os_aes   0x00008670      0x99c ./lmic/aes.o
                0x00008670                os_aes
 .text.getSf    0x0000900c       0x20 ./lmic/lmic.o
                0x0000900c                getSf
 .text.getBw    0x0000902c       0x24 ./lmic/lmic.o
                0x0000902c                getBw
 .text.getCr    0x00009050       0x24 ./lmic/lmic.o
                0x00009050                getCr
 .text.setCr    0x00009074       0x30 ./lmic/lmic.o
                0x00009074                setCr
 .text.getNocrc
                0x000090a4       0x20 ./lmic/lmic.o
                0x000090a4                getNocrc
 .text.setNocrc
                0x000090c4       0x2c ./lmic/lmic.o
                0x000090c4                setNocrc
 .text.getIh    0x000090f0       0x20 ./lmic/lmic.o
                0x000090f0                getIh
 .text.updr2rps
                0x00009110       0x24 ./lmic/lmic.o
                0x00009110                updr2rps
 .text.dndr2rps
                0x00009134       0x28 ./lmic/lmic.o
                0x00009134                dndr2rps
 .text.decDR    0x0000915c       0x30 ./lmic/lmic.o
                0x0000915c                decDR
 .text.validDR  0x0000918c       0x2c ./lmic/lmic.o
                0x0000918c                validDR
 .text.lowerDR  0x000091b8       0x34 ./lmic/lmic.o
                0x000091b8                lowerDR
 .text.os_rlsbf2
                0x000091ec       0x2c ./lmic/lmic.o
                0x000091ec                os_rlsbf2
 .text.os_rlsbf4
                0x00009218       0x3c ./lmic/lmic.o
                0x00009218                os_rlsbf4
 .text.os_rmsbf4
                0x00009254       0x3c ./lmic/lmic.o
                0x00009254                os_rmsbf4
 .text.os_wlsbf2
                0x00009290       0x2c ./lmic/lmic.o
                0x00009290                os_wlsbf2
 .text.os_wlsbf4
                0x000092bc       0x40 ./lmic/lmic.o
                0x000092bc                os_wlsbf4
 .text.os_wmsbf4
                0x000092fc       0x40 ./lmic/lmic.o
                0x000092fc                os_wmsbf4
 .text.os_getBattLevel
                0x0000933c       0x10 ./lmic/lmic.o
                0x0000933c                os_getBattLevel
 .text.micB0    0x0000934c       0x60 ./lmic/lmic.o
 .text.aes_verifyMic
                0x000093ac       0x58 ./lmic/lmic.o
 .text.aes_appendMic
                0x00009404       0x4c ./lmic/lmic.o
 .text.aes_appendMic0
                0x00009450       0x38 ./lmic/lmic.o
 .text.aes_verifyMic0
                0x00009488       0x44 ./lmic/lmic.o
 .text.aes_encrypt
                0x000094cc       0x28 ./lmic/lmic.o
 .text.aes_cipher
                0x000094f4       0x84 ./lmic/lmic.o
 .text.aes_sessKeys
                0x00009578       0x78 ./lmic/lmic.o
 .text.getSensitivity
                0x000095f0       0x40 ./lmic/lmic.o
                0x000095f0                getSensitivity
 .text.calcAirTime
                0x00009630      0x124 ./lmic/lmic.o
                0x00009630                calcAirTime
 .text.rndDelay
                0x00009754       0x64 ./lmic/lmic.o
 .text.txDelay  0x000097b8       0x58 ./lmic/lmic.o
 .text.setDrJoin
                0x00009810       0x28 ./lmic/lmic.o
 .text.setDrTxpow
                0x00009838       0x58 ./lmic/lmic.o
 .text.initDefaultChannels
                0x00009890      0x120 ./lmic/lmic.o
 .text.LMIC_setupBand
                0x000099b0       0x5c ./lmic/lmic.o
                0x000099b0                LMIC_setupBand
 .text.LMIC_setupChannel
                0x00009a0c       0xf8 ./lmic/lmic.o
                0x00009a0c                LMIC_setupChannel
 .text.LMIC_disableChannel
                0x00009b04       0x54 ./lmic/lmic.o
                0x00009b04                LMIC_disableChannel
 .text.convFreq
                0x00009b58       0x44 ./lmic/lmic.o
 .text.mapChannels
                0x00009b9c       0x90 ./lmic/lmic.o
 .text.updateTx
                0x00009c2c       0x90 ./lmic/lmic.o
 .text.nextTx   0x00009cbc      0x138 ./lmic/lmic.o
 .text.initJoinLoop
                0x00009df4       0x6c ./lmic/lmic.o
 .text.nextJoinState
                0x00009e60       0xcc ./lmic/lmic.o
 .text.runEngineUpdate
                0x00009f2c       0x14 ./lmic/lmic.o
 .text.reportEvent
                0x00009f40       0x1c ./lmic/lmic.o
 .text.runReset
                0x00009f5c       0x1c ./lmic/lmic.o
 .text.stateJustJoined
                0x00009f78       0xb0 ./lmic/lmic.o
 .text.decodeFrame
                0x0000a028      0x57c ./lmic/lmic.o
 .text.setupRx2
                0x0000a5a4       0x40 ./lmic/lmic.o
 .text.schedRx2
                0x0000a5e4       0x50 ./lmic/lmic.o
 .text.setupRx1
                0x0000a634       0x44 ./lmic/lmic.o
 .text.txDone   0x0000a678       0x70 ./lmic/lmic.o
 .text.onJoinFailed
                0x0000a6e8       0x14 ./lmic/lmic.o
 .text.processJoinAccept
                0x0000a6fc      0x25c ./lmic/lmic.o
 .text.processRx2Jacc
                0x0000a958       0x28 ./lmic/lmic.o
 .text.setupRx2Jacc
                0x0000a980       0x20 ./lmic/lmic.o
 .text.processRx1Jacc
                0x0000a9a0       0x34 ./lmic/lmic.o
 .text.setupRx1Jacc
                0x0000a9d4       0x18 ./lmic/lmic.o
 .text.jreqDone
                0x0000a9ec       0x1c ./lmic/lmic.o
 .text.processRx2DnDataDelay
                0x0000aa08       0x14 ./lmic/lmic.o
 .text.processRx2DnData
                0x0000aa1c       0x50 ./lmic/lmic.o
 .text.setupRx2DnData
                0x0000aa6c       0x20 ./lmic/lmic.o
 .text.processRx1DnData
                0x0000aa8c       0x34 ./lmic/lmic.o
 .text.setupRx1DnData
                0x0000aac0       0x18 ./lmic/lmic.o
 .text.updataDone
                0x0000aad8       0x1c ./lmic/lmic.o
 .text.buildDataFrame
                0x0000aaf4      0x330 ./lmic/lmic.o
 .text.buildJoinRequest
                0x0000ae24       0x6c ./lmic/lmic.o
 .text.startJoining
                0x0000ae90       0x14 ./lmic/lmic.o
 .text.LMIC_startJoining
                0x0000aea4       0x94 ./lmic/lmic.o
                0x0000aea4                LMIC_startJoining
 .text.processDnData
                0x0000af38      0x1a0 ./lmic/lmic.o
 .text.engineUpdate
                0x0000b0d8      0x214 ./lmic/lmic.o
 .text.LMIC_setAdrMode
                0x0000b2ec       0x2c ./lmic/lmic.o
                0x0000b2ec                LMIC_setAdrMode
 .text.LMIC_setDrTxpow
                0x0000b318       0x28 ./lmic/lmic.o
                0x0000b318                LMIC_setDrTxpow
 .text.LMIC_reset
                0x0000b340       0x74 ./lmic/lmic.o
                0x0000b340                LMIC_reset
 .text.LMIC_init
                0x0000b3b4       0x18 ./lmic/lmic.o
                0x0000b3b4                LMIC_init
 .text.LMIC_setTxData
                0x0000b3cc       0x38 ./lmic/lmic.o
                0x0000b3cc                LMIC_setTxData
 .text.LMIC_setTxData2
                0x0000b404       0x64 ./lmic/lmic.o
                0x0000b404                LMIC_setTxData2
 .text.os_init  0x0000b468       0x20 ./lmic/oslmic.o
                0x0000b468                os_init
 .text.os_getTime
                0x0000b488       0x10 ./lmic/oslmic.o
                0x0000b488                os_getTime
 .text.unlinkjob
                0x0000b498       0x40 ./lmic/oslmic.o
 .text.os_clearCallback
                0x0000b4d8       0x3c ./lmic/oslmic.o
                0x0000b4d8                os_clearCallback
 .text.os_setCallback
                0x0000b514       0x48 ./lmic/oslmic.o
                0x0000b514                os_setCallback
 .text.os_setTimedCallback
                0x0000b55c       0x68 ./lmic/oslmic.o
                0x0000b55c                os_setTimedCallback
 .text.os_runloop
                0x0000b5c4       0x6c ./lmic/oslmic.o
                0x0000b5c4                os_runloop
 .text.writeReg
                0x0000b630       0x38 ./lmic/radio.o
 .text.readReg  0x0000b668       0x38 ./lmic/radio.o
 .text.writeBuf
                0x0000b6a0       0x54 ./lmic/radio.o
 .text.readBuf  0x0000b6f4       0x54 ./lmic/radio.o
 .text.opmode   0x0000b748       0x30 ./lmic/radio.o
 .text.opmodeLora
                0x0000b778       0x24 ./lmic/radio.o
 .text.opmodeFSK
                0x0000b79c       0x24 ./lmic/radio.o
 .text.configLoraModem
                0x0000b7c0      0x150 ./lmic/radio.o
 .text.configChannel
                0x0000b910       0x7c ./lmic/radio.o
 .text.configPower
                0x0000b98c       0x60 ./lmic/radio.o
 .text.txfsk    0x0000b9ec       0xd8 ./lmic/radio.o
 .text.txlora   0x0000bac4       0xb4 ./lmic/radio.o
 .text.starttx  0x0000bb78       0x38 ./lmic/radio.o
 .text.rxlora   0x0000bbb0       0xd8 ./lmic/radio.o
 .text.rxfsk    0x0000bc88       0xe0 ./lmic/radio.o
 .text.startrx  0x0000bd68       0x4c ./lmic/radio.o
 .text.radio_init
                0x0000bdb4      0x16c ./lmic/radio.o
                0x0000bdb4                radio_init
 .text.radio_rand1
                0x0000bf20       0x4c ./lmic/radio.o
                0x0000bf20                radio_rand1
 .text.radio_irq_handler
                0x0000bf6c      0x1ac ./lmic/radio.o
                0x0000bf6c                radio_irq_handler
 .text.os_radio
                0x0000c118       0x54 ./lmic/radio.o
                0x0000c118                os_radio
 .text.file_sys_setup
                0x0000c16c       0xfc ./resource managers_src/app_manager.o
                0x0000c16c                file_sys_setup
 .text.tbr_cmd_update_rgb_led
                0x0000c268       0x50 ./resource managers_src/app_manager.o
                0x0000c268                tbr_cmd_update_rgb_led
 .text.nmea0183_checksum
                0x0000c2b8       0x44 ./resource managers_src/app_manager.o
                0x0000c2b8                nmea0183_checksum
 .text.append_gps_status
                0x0000c2fc      0x3e0 ./resource managers_src/app_manager.o
                0x0000c2fc                append_gps_status
 .text.app_manager_init
                0x0000c6dc      0x190 ./resource managers_src/app_manager.o
                0x0000c6dc                app_manager_init
 .text.app_manager_tbr_synch_msg
                0x0000c86c      0x154 ./resource managers_src/app_manager.o
                0x0000c86c                app_manager_tbr_synch_msg
 .text.app_manager_get_lora_buffer
                0x0000c9c0       0x64 ./resource managers_src/app_manager.o
                0x0000c9c0                app_manager_get_lora_buffer
 .text.os_getArtEui
                0x0000ca24       0x1c ./resource managers_src/lpwan_manager.o
                0x0000ca24                os_getArtEui
 .text.os_getDevEui
                0x0000ca40       0x1c ./resource managers_src/lpwan_manager.o
                0x0000ca40                os_getDevEui
 .text.os_getDevKey
                0x0000ca5c       0x1c ./resource managers_src/lpwan_manager.o
                0x0000ca5c                os_getDevKey
 .text.lora_tx_function
                0x0000ca78       0x34 ./resource managers_src/lpwan_manager.o
 .text.setup_channel
                0x0000caac       0x60 ./resource managers_src/lpwan_manager.o
 .text.init_funct
                0x0000cb0c       0x18 ./resource managers_src/lpwan_manager.o
 .text.app_funct
                0x0000cb24      0x17c ./resource managers_src/lpwan_manager.o
 .text.lpwan_init
                0x0000cca0       0x28 ./resource managers_src/lpwan_manager.o
                0x0000cca0                lpwan_init
 .text.onEvent  0x0000ccc8      0x1b0 ./resource managers_src/lpwan_manager.o
                0x0000ccc8                onEvent
 .text.debug_function
                0x0000ce78       0x18 ./resource managers_src/lpwan_manager.o
                0x0000ce78                debug_function
 .text.SYSTEM_GetProdRev
                0x0000ce90       0x1c ./src/main.o
 .text.CHIP_Init
                0x0000ceac       0x3c ./src/main.o
 .text.main     0x0000cee8       0x6c ./src/main.o
                0x0000cee8                main
 .text          0x0000cf54      0x370 c:/siliconlabs/simplicitystudio/v4/developer/toolchains/gnu_arm/4.9_2015q3/bin/../lib/gcc/arm-none-eabi/4.9.3/armv7-m\libgcc.a(_arm_addsubdf3.o)
                0x0000cf54                __aeabi_drsub
                0x0000cf5c                __aeabi_dsub
                0x0000cf5c                __subdf3
                0x0000cf60                __aeabi_dadd
                0x0000cf60                __adddf3
                0x0000d1d8                __floatunsidf
                0x0000d1d8                __aeabi_ui2d
                0x0000d1f8                __floatsidf
                0x0000d1f8                __aeabi_i2d
                0x0000d21c                __aeabi_f2d
                0x0000d21c                __extendsfdf2
                0x0000d258                __floatundidf
                0x0000d258                __aeabi_ul2d
                0x0000d268                __floatdidf
                0x0000d268                __aeabi_l2d
 .text          0x0000d2c4      0x21c c:/siliconlabs/simplicitystudio/v4/developer/toolchains/gnu_arm/4.9_2015q3/bin/../lib/gcc/arm-none-eabi/4.9.3/armv7-m\libgcc.a(_arm_addsubsf3.o)
                0x0000d2c4                __aeabi_frsub
                0x0000d2cc                __subsf3
                0x0000d2cc                __aeabi_fsub
                0x0000d2d0                __aeabi_fadd
                0x0000d2d0                __addsf3
                0x0000d430                __aeabi_ui2f
                0x0000d430                __floatunsisf
                0x0000d438                __aeabi_i2f
                0x0000d438                __floatsisf
                0x0000d454                __aeabi_ul2f
                0x0000d454                __floatundisf
                0x0000d464                __aeabi_l2f
                0x0000d464                __floatdisf
 .text          0x0000d4e0      0x2a0 c:/siliconlabs/simplicitystudio/v4/developer/toolchains/gnu_arm/4.9_2015q3/bin/../lib/gcc/arm-none-eabi/4.9.3/armv7-m\libgcc.a(_arm_muldivsf3.o)
                0x0000d4e0                __mulsf3
                0x0000d4e0                __aeabi_fmul
                0x0000d648                __aeabi_fdiv
                0x0000d648                __divsf3
 .text          0x0000d780       0xec c:/siliconlabs/simplicitystudio/v4/developer/toolchains/gnu_arm/4.9_2015q3/bin/../lib/gcc/arm-none-eabi/4.9.3/armv7-m\libgcc.a(_arm_cmpsf2.o)
                0x0000d780                __gesf2
                0x0000d780                __gtsf2
                0x0000d788                __lesf2
                0x0000d788                __ltsf2
                0x0000d790                __nesf2
                0x0000d790                __eqsf2
                0x0000d790                __cmpsf2
                0x0000d7f0                __aeabi_cfrcmple
                0x0000d7f8                __aeabi_cfcmpeq
                0x0000d7f8                __aeabi_cfcmple
                0x0000d808                __aeabi_fcmpeq
                0x0000d81c                __aeabi_fcmplt
                0x0000d830                __aeabi_fcmple
                0x0000d844                __aeabi_fcmpge
                0x0000d858                __aeabi_fcmpgt
 .text          0x0000d86c       0x4c c:/siliconlabs/simplicitystudio/v4/developer/toolchains/gnu_arm/4.9_2015q3/bin/../lib/gcc/arm-none-eabi/4.9.3/armv7-m\libgcc.a(_arm_fixsfsi.o)
                0x0000d86c                __aeabi_f2iz
                0x0000d86c                __fixsfsi
 .text          0x0000d8b8       0x30 c:/siliconlabs/simplicitystudio/v4/developer/toolchains/gnu_arm/4.9_2015q3/bin/../lib/gcc/arm-none-eabi/4.9.3/armv7-m\libgcc.a(_aeabi_uldivmod.o)
                0x0000d8b8                __aeabi_uldivmod
 .text          0x0000d8e8       0x60 c:/siliconlabs/simplicitystudio/v4/developer/toolchains/gnu_arm/4.9_2015q3/bin/../lib/gcc/arm-none-eabi/4.9.3/armv7-m\libgcc.a(bpabi.o)
                0x0000d8e8                __gnu_ldivmod_helper
                0x0000d918                __gnu_uldivmod_helper
 .text          0x0000d948        0x4 c:/siliconlabs/simplicitystudio/v4/developer/toolchains/gnu_arm/4.9_2015q3/bin/../lib/gcc/arm-none-eabi/4.9.3/armv7-m\libgcc.a(_dvmd_tls.o)
                0x0000d948                __aeabi_idiv0
                0x0000d948                __aeabi_ldiv0
 .text          0x0000d94c      0x2ac c:/siliconlabs/simplicitystudio/v4/developer/toolchains/gnu_arm/4.9_2015q3/bin/../lib/gcc/arm-none-eabi/4.9.3/armv7-m\libgcc.a(_divdi3.o)
                0x0000d94c                __divdi3
 .text          0x0000dbf8      0x270 c:/siliconlabs/simplicitystudio/v4/developer/toolchains/gnu_arm/4.9_2015q3/bin/../lib/gcc/arm-none-eabi/4.9.3/armv7-m\libgcc.a(_udivdi3.o)
                0x0000dbf8                __udivdi3
 .text.exit     0x0000de68       0x28 c:/siliconlabs/simplicitystudio/v4/developer/toolchains/gnu_arm/4.9_2015q3/bin/../lib/gcc/arm-none-eabi/4.9.3/../../../../arm-none-eabi/lib/armv7-m\libc_nano.a(lib_a-exit.o)
                0x0000de68                exit
 .text.__libc_init_array
                0x0000de90       0x4c c:/siliconlabs/simplicitystudio/v4/developer/toolchains/gnu_arm/4.9_2015q3/bin/../lib/gcc/arm-none-eabi/4.9.3/../../../../arm-none-eabi/lib/armv7-m\libc_nano.a(lib_a-init.o)
                0x0000de90                __libc_init_array
 .text.memcpy   0x0000dedc       0x16 c:/siliconlabs/simplicitystudio/v4/developer/toolchains/gnu_arm/4.9_2015q3/bin/../lib/gcc/arm-none-eabi/4.9.3/../../../../arm-none-eabi/lib/armv7-m\libc_nano.a(lib_a-memcpy.o)
                0x0000dedc                memcpy
 .text.memset   0x0000def2       0x10 c:/siliconlabs/simplicitystudio/v4/developer/toolchains/gnu_arm/4.9_2015q3/bin/../lib/gcc/arm-none-eabi/4.9.3/../../../../arm-none-eabi/lib/armv7-m\libc_nano.a(lib_a-memset.o)
                0x0000def2                memset
 .text.__cvt    0x0000df02       0xbc c:/siliconlabs/simplicitystudio/v4/developer/toolchains/gnu_arm/4.9_2015q3/bin/../lib/gcc/arm-none-eabi/4.9.3/../../../../arm-none-eabi/lib/armv7-m\libc_nano.a(lib_a-nano-vfprintf_float.o)
                0x0000df02                __cvt
 .text.__exponent
                0x0000dfbe       0x62 c:/siliconlabs/simplicitystudio/v4/developer/toolchains/gnu_arm/4.9_2015q3/bin/../lib/gcc/arm-none-eabi/4.9.3/../../../../arm-none-eabi/lib/armv7-m\libc_nano.a(lib_a-nano-vfprintf_float.o)
                0x0000dfbe                __exponent
 .text._printf_float
                0x0000e020      0x48c c:/siliconlabs/simplicitystudio/v4/developer/toolchains/gnu_arm/4.9_2015q3/bin/../lib/gcc/arm-none-eabi/4.9.3/../../../../arm-none-eabi/lib/armv7-m\libc_nano.a(lib_a-nano-vfprintf_float.o)
                0x0000e020                _printf_float
 .text._printf_common
                0x0000e4ac       0xea c:/siliconlabs/simplicitystudio/v4/developer/toolchains/gnu_arm/4.9_2015q3/bin/../lib/gcc/arm-none-eabi/4.9.3/../../../../arm-none-eabi/lib/armv7-m\libc_nano.a(lib_a-nano-vfprintf_i.o)
                0x0000e4ac                _printf_common
 *fill*         0x0000e596        0x2 
 .text._printf_i
                0x0000e598      0x240 c:/siliconlabs/simplicitystudio/v4/developer/toolchains/gnu_arm/4.9_2015q3/bin/../lib/gcc/arm-none-eabi/4.9.3/../../../../arm-none-eabi/lib/armv7-m\libc_nano.a(lib_a-nano-vfprintf_i.o)
                0x0000e598                _printf_i
 .text.__fpclassifyd
                0x0000e7d8       0x50 c:/siliconlabs/simplicitystudio/v4/developer/toolchains/gnu_arm/4.9_2015q3/bin/../lib/gcc/arm-none-eabi/4.9.3/../../../../arm-none-eabi/lib/armv7-m\libc_nano.a(lib_a-s_fpclassify.o)
                0x0000e7d8                __fpclassifyd
 .text.sprintf  0x0000e828       0x48 c:/siliconlabs/simplicitystudio/v4/developer/toolchains/gnu_arm/4.9_2015q3/bin/../lib/gcc/arm-none-eabi/4.9.3/../../../../arm-none-eabi/lib/armv7-m\libc_nano.a(lib_a-sprintf.o)
                0x0000e828                siprintf
                0x0000e828                sprintf
 .text.strchr   0x0000e870       0x1c c:/siliconlabs/simplicitystudio/v4/developer/toolchains/gnu_arm/4.9_2015q3/bin/../lib/gcc/arm-none-eabi/4.9.3/../../../../arm-none-eabi/lib/armv7-m\libc_nano.a(lib_a-strchr.o)
                0x0000e870                strchr
 .text.strlen   0x0000e88c       0x10 c:/siliconlabs/simplicitystudio/v4/developer/toolchains/gnu_arm/4.9_2015q3/bin/../lib/gcc/arm-none-eabi/4.9.3/../../../../arm-none-eabi/lib/armv7-m\libc_nano.a(lib_a-strlen.o)
                0x0000e88c                strlen
 .text.strncmp  0x0000e89c       0x32 c:/siliconlabs/simplicitystudio/v4/developer/toolchains/gnu_arm/4.9_2015q3/bin/../lib/gcc/arm-none-eabi/4.9.3/../../../../arm-none-eabi/lib/armv7-m\libc_nano.a(lib_a-strncmp.o)
                0x0000e89c                strncmp
 .text.strstr   0x0000e8ce       0x30 c:/siliconlabs/simplicitystudio/v4/developer/toolchains/gnu_arm/4.9_2015q3/bin/../lib/gcc/arm-none-eabi/4.9.3/../../../../arm-none-eabi/lib/armv7-m\libc_nano.a(lib_a-strstr.o)
                0x0000e8ce                strstr
 *fill*         0x0000e8fe        0x2 
 .text.strtok   0x0000e900       0x64 c:/siliconlabs/simplicitystudio/v4/developer/toolchains/gnu_arm/4.9_2015q3/bin/../lib/gcc/arm-none-eabi/4.9.3/../../../../arm-none-eabi/lib/armv7-m\libc_nano.a(lib_a-strtok.o)
                0x0000e900                strtok
 .text.__strtok_r
                0x0000e964       0x56 c:/siliconlabs/simplicitystudio/v4/developer/toolchains/gnu_arm/4.9_2015q3/bin/../lib/gcc/arm-none-eabi/4.9.3/../../../../arm-none-eabi/lib/armv7-m\libc_nano.a(lib_a-strtok_r.o)
                0x0000e964                __strtok_r
 *fill*         0x0000e9ba        0x2 
 .text._strtoul_r
                0x0000e9bc       0xf8 c:/siliconlabs/simplicitystudio/v4/developer/toolchains/gnu_arm/4.9_2015q3/bin/../lib/gcc/arm-none-eabi/4.9.3/../../../../arm-none-eabi/lib/armv7-m\libc_nano.a(lib_a-strtoul.o)
                0x0000e9bc                _strtoul_r
 .text.strtoul  0x0000eab4       0x1c c:/siliconlabs/simplicitystudio/v4/developer/toolchains/gnu_arm/4.9_2015q3/bin/../lib/gcc/arm-none-eabi/4.9.3/../../../../arm-none-eabi/lib/armv7-m\libc_nano.a(lib_a-strtoul.o)
                0x0000eab4                strtoul
 .text.quorem   0x0000ead0      0x114 c:/siliconlabs/simplicitystudio/v4/developer/toolchains/gnu_arm/4.9_2015q3/bin/../lib/gcc/arm-none-eabi/4.9.3/../../../../arm-none-eabi/lib/armv7-m\libc_nano.a(lib_a-dtoa.o)
 *fill*         0x0000ebe4        0x4 
 .text._dtoa_r  0x0000ebe8      0xb74 c:/siliconlabs/simplicitystudio/v4/developer/toolchains/gnu_arm/4.9_2015q3/bin/../lib/gcc/arm-none-eabi/4.9.3/../../../../arm-none-eabi/lib/armv7-m\libc_nano.a(lib_a-dtoa.o)
                0x0000ebe8                _dtoa_r
 .text._localeconv_r
                0x0000f75c        0x8 c:/siliconlabs/simplicitystudio/v4/developer/toolchains/gnu_arm/4.9_2015q3/bin/../lib/gcc/arm-none-eabi/4.9.3/../../../../arm-none-eabi/lib/armv7-m\libc_nano.a(lib_a-locale.o)
                0x0000f75c                _localeconv_r
 .text.malloc   0x0000f764       0x10 c:/siliconlabs/simplicitystudio/v4/developer/toolchains/gnu_arm/4.9_2015q3/bin/../lib/gcc/arm-none-eabi/4.9.3/../../../../arm-none-eabi/lib/armv7-m\libc_nano.a(lib_a-malloc.o)
                0x0000f764                malloc
 .text.memchr   0x0000f774       0x1c c:/siliconlabs/simplicitystudio/v4/developer/toolchains/gnu_arm/4.9_2015q3/bin/../lib/gcc/arm-none-eabi/4.9.3/../../../../arm-none-eabi/lib/armv7-m\libc_nano.a(lib_a-memchr.o)
                0x0000f774                memchr
 .text._Balloc  0x0000f790       0x6a c:/siliconlabs/simplicitystudio/v4/developer/toolchains/gnu_arm/4.9_2015q3/bin/../lib/gcc/arm-none-eabi/4.9.3/../../../../arm-none-eabi/lib/armv7-m\libc_nano.a(lib_a-mprec.o)
                0x0000f790                _Balloc
 .text._Bfree   0x0000f7fa       0x2e c:/siliconlabs/simplicitystudio/v4/developer/toolchains/gnu_arm/4.9_2015q3/bin/../lib/gcc/arm-none-eabi/4.9.3/../../../../arm-none-eabi/lib/armv7-m\libc_nano.a(lib_a-mprec.o)
                0x0000f7fa                _Bfree
 .text.__multadd
                0x0000f828       0x7c c:/siliconlabs/simplicitystudio/v4/developer/toolchains/gnu_arm/4.9_2015q3/bin/../lib/gcc/arm-none-eabi/4.9.3/../../../../arm-none-eabi/lib/armv7-m\libc_nano.a(lib_a-mprec.o)
                0x0000f828                __multadd
 .text.__hi0bits
                0x0000f8a4       0x40 c:/siliconlabs/simplicitystudio/v4/developer/toolchains/gnu_arm/4.9_2015q3/bin/../lib/gcc/arm-none-eabi/4.9.3/../../../../arm-none-eabi/lib/armv7-m\libc_nano.a(lib_a-mprec.o)
                0x0000f8a4                __hi0bits
 .text.__lo0bits
                0x0000f8e4       0x5a c:/siliconlabs/simplicitystudio/v4/developer/toolchains/gnu_arm/4.9_2015q3/bin/../lib/gcc/arm-none-eabi/4.9.3/../../../../arm-none-eabi/lib/armv7-m\libc_nano.a(lib_a-mprec.o)
                0x0000f8e4                __lo0bits
 .text.__i2b    0x0000f93e       0x12 c:/siliconlabs/simplicitystudio/v4/developer/toolchains/gnu_arm/4.9_2015q3/bin/../lib/gcc/arm-none-eabi/4.9.3/../../../../arm-none-eabi/lib/armv7-m\libc_nano.a(lib_a-mprec.o)
                0x0000f93e                __i2b
 .text.__multiply
                0x0000f950      0x120 c:/siliconlabs/simplicitystudio/v4/developer/toolchains/gnu_arm/4.9_2015q3/bin/../lib/gcc/arm-none-eabi/4.9.3/../../../../arm-none-eabi/lib/armv7-m\libc_nano.a(lib_a-mprec.o)
                0x0000f950                __multiply
 .text.__pow5mult
                0x0000fa70       0x9c c:/siliconlabs/simplicitystudio/v4/developer/toolchains/gnu_arm/4.9_2015q3/bin/../lib/gcc/arm-none-eabi/4.9.3/../../../../arm-none-eabi/lib/armv7-m\libc_nano.a(lib_a-mprec.o)
                0x0000fa70                __pow5mult
 .text.__lshift
                0x0000fb0c       0xa6 c:/siliconlabs/simplicitystudio/v4/developer/toolchains/gnu_arm/4.9_2015q3/bin/../lib/gcc/arm-none-eabi/4.9.3/../../../../arm-none-eabi/lib/armv7-m\libc_nano.a(lib_a-mprec.o)
                0x0000fb0c                __lshift
 .text.__mcmp   0x0000fbb2       0x38 c:/siliconlabs/simplicitystudio/v4/developer/toolchains/gnu_arm/4.9_2015q3/bin/../lib/gcc/arm-none-eabi/4.9.3/../../../../arm-none-eabi/lib/armv7-m\libc_nano.a(lib_a-mprec.o)
                0x0000fbb2                __mcmp
 .text.__mdiff  0x0000fbea       0xbe c:/siliconlabs/simplicitystudio/v4/developer/toolchains/gnu_arm/4.9_2015q3/bin/../lib/gcc/arm-none-eabi/4.9.3/../../../../arm-none-eabi/lib/armv7-m\libc_nano.a(lib_a-mprec.o)
                0x0000fbea                __mdiff
 .text.__d2b    0x0000fca8       0xa4 c:/siliconlabs/simplicitystudio/v4/developer/toolchains/gnu_arm/4.9_2015q3/bin/../lib/gcc/arm-none-eabi/4.9.3/../../../../arm-none-eabi/lib/armv7-m\libc_nano.a(lib_a-mprec.o)
                0x0000fca8                __d2b
 .text._calloc_r
                0x0000fd4c       0x1c c:/siliconlabs/simplicitystudio/v4/developer/toolchains/gnu_arm/4.9_2015q3/bin/../lib/gcc/arm-none-eabi/4.9.3/../../../../arm-none-eabi/lib/armv7-m\libc_nano.a(lib_a-nano-callocr.o)
                0x0000fd4c                _calloc_r
 .text._free_r  0x0000fd68       0x88 c:/siliconlabs/simplicitystudio/v4/developer/toolchains/gnu_arm/4.9_2015q3/bin/../lib/gcc/arm-none-eabi/4.9.3/../../../../arm-none-eabi/lib/armv7-m\libc_nano.a(lib_a-nano-freer.o)
                0x0000fd68                _free_r
 .text._malloc_r
                0x0000fdf0       0xac c:/siliconlabs/simplicitystudio/v4/developer/toolchains/gnu_arm/4.9_2015q3/bin/../lib/gcc/arm-none-eabi/4.9.3/../../../../arm-none-eabi/lib/armv7-m\libc_nano.a(lib_a-nano-mallocr.o)
                0x0000fdf0                _malloc_r
 .text.__ssputs_r
                0x0000fe9c       0xb2 c:/siliconlabs/simplicitystudio/v4/developer/toolchains/gnu_arm/4.9_2015q3/bin/../lib/gcc/arm-none-eabi/4.9.3/../../../../arm-none-eabi/lib/armv7-m\libc_nano.a(lib_a-nano-svfprintf.o)
                0x0000fe9c                __ssputs_r
 *fill*         0x0000ff4e        0x2 
 .text._svfprintf_r
                0x0000ff50      0x1e4 c:/siliconlabs/simplicitystudio/v4/developer/toolchains/gnu_arm/4.9_2015q3/bin/../lib/gcc/arm-none-eabi/4.9.3/../../../../arm-none-eabi/lib/armv7-m\libc_nano.a(lib_a-nano-svfprintf.o)
                0x0000ff50                _svfiprintf_r
                0x0000ff50                _svfprintf_r
 .text._sbrk_r  0x00010134       0x20 c:/siliconlabs/simplicitystudio/v4/developer/toolchains/gnu_arm/4.9_2015q3/bin/../lib/gcc/arm-none-eabi/4.9.3/../../../../arm-none-eabi/lib/armv7-m\libc_nano.a(lib_a-sbrkr.o)
                0x00010134                _sbrk_r
 .text.memmove  0x00010154       0x36 c:/siliconlabs/simplicitystudio/v4/developer/toolchains/gnu_arm/4.9_2015q3/bin/../lib/gcc/arm-none-eabi/4.9.3/../../../../arm-none-eabi/lib/armv7-m\libc_nano.a(lib_a-memmove.o)
                0x00010154                memmove
 .text._realloc_r
                0x0001018a       0x4c c:/siliconlabs/simplicitystudio/v4/developer/toolchains/gnu_arm/4.9_2015q3/bin/../lib/gcc/arm-none-eabi/4.9.3/../../../../arm-none-eabi/lib/armv7-m\libc_nano.a(lib_a-nano-reallocr.o)
                0x0001018a                _realloc_r
 .text._malloc_usable_size_r
                0x000101d6       0x14 c:/siliconlabs/simplicitystudio/v4/developer/toolchains/gnu_arm/4.9_2015q3/bin/../lib/gcc/arm-none-eabi/4.9.3/../../../../arm-none-eabi/lib/armv7-m\libc_nano.a(lib_a-nano-msizer.o)
                0x000101d6                _malloc_usable_size_r
 *fill*         0x000101ea        0x2 
 .text._sbrk    0x000101ec       0x1c c:/siliconlabs/simplicitystudio/v4/developer/toolchains/gnu_arm/4.9_2015q3/bin/../lib/gcc/arm-none-eabi/4.9.3/../../../../arm-none-eabi/lib/armv7-m\libnosys.a(sbrk.o)
                0x000101ec                _sbrk
 .text._exit    0x00010208        0x4 c:/siliconlabs/simplicitystudio/v4/developer/toolchains/gnu_arm/4.9_2015q3/bin/../lib/gcc/arm-none-eabi/4.9.3/../../../../arm-none-eabi/lib/armv7-m\libnosys.a(_exit.o)
                0x00010208                _exit
 .text          0x0001020c      0x424 c:/siliconlabs/simplicitystudio/v4/developer/toolchains/gnu_arm/4.9_2015q3/bin/../lib/gcc/arm-none-eabi/4.9.3/armv7-m\libgcc.a(_arm_muldivdf3.o)
                0x0001020c                __aeabi_dmul
                0x0001020c                __muldf3
                0x00010460                __divdf3
                0x00010460                __aeabi_ddiv
 .text          0x00010630      0x110 c:/siliconlabs/simplicitystudio/v4/developer/toolchains/gnu_arm/4.9_2015q3/bin/../lib/gcc/arm-none-eabi/4.9.3/armv7-m\libgcc.a(_arm_cmpdf2.o)
                0x00010630                __gtdf2
                0x00010630                __gedf2
                0x00010638                __ltdf2
                0x00010638                __ledf2
                0x00010640                __nedf2
                0x00010640                __eqdf2
                0x00010640                __cmpdf2
                0x000106bc                __aeabi_cdrcmple
                0x000106cc                __aeabi_cdcmpeq
                0x000106cc                __aeabi_cdcmple
                0x000106dc                __aeabi_dcmpeq
                0x000106f0                __aeabi_dcmplt
                0x00010704                __aeabi_dcmple
                0x00010718                __aeabi_dcmpge
                0x0001072c                __aeabi_dcmpgt
 .text          0x00010740       0x50 c:/siliconlabs/simplicitystudio/v4/developer/toolchains/gnu_arm/4.9_2015q3/bin/../lib/gcc/arm-none-eabi/4.9.3/armv7-m\libgcc.a(_arm_fixdfsi.o)
                0x00010740                __aeabi_d2iz
                0x00010740                __fixdfsi
 *(.init)
 .init          0x00010790        0x4 c:/siliconlabs/simplicitystudio/v4/developer/toolchains/gnu_arm/4.9_2015q3/bin/../lib/gcc/arm-none-eabi/4.9.3/armv7-m/crti.o
                0x00010790                _init
 .init          0x00010794        0x8 c:/siliconlabs/simplicitystudio/v4/developer/toolchains/gnu_arm/4.9_2015q3/bin/../lib/gcc/arm-none-eabi/4.9.3/armv7-m/crtn.o
 *(.fini)
 .fini          0x0001079c        0x4 c:/siliconlabs/simplicitystudio/v4/developer/toolchains/gnu_arm/4.9_2015q3/bin/../lib/gcc/arm-none-eabi/4.9.3/armv7-m/crti.o
                0x0001079c                _fini
 .fini          0x000107a0        0x8 c:/siliconlabs/simplicitystudio/v4/developer/toolchains/gnu_arm/4.9_2015q3/bin/../lib/gcc/arm-none-eabi/4.9.3/armv7-m/crtn.o
 *crtbegin.o(.ctors)
 *crtbegin?.o(.ctors)
 *(EXCLUDE_FILE(*crtend.o *crtend?.o) .ctors)
 *(SORT(.ctors.*))
 *(.ctors)
 *crtbegin.o(.dtors)
 *crtbegin?.o(.dtors)
 *(EXCLUDE_FILE(*crtend.o *crtend?.o) .dtors)
 *(SORT(.dtors.*))
 *(.dtors)
 *(.rodata*)
 .rodata        0x000107a8      0x147 ./devices_src/tbr.o
 *fill*         0x000108ef        0x1 
 .rodata.nav_pvt_gps_data
                0x000108f0        0x8 ./devices_src/ublox_gps.o
 .rodata.cfg_prt_spi
                0x000108f8       0x1c ./devices_src/ublox_gps.o
 .rodata.cfg_prt_usb
                0x00010914       0x1c ./devices_src/ublox_gps.o
 .rodata.cfg_prt_ddc
                0x00010930       0x1c ./devices_src/ublox_gps.o
 .rodata.cfg_pm2_on_off
                0x0001094c       0x34 ./devices_src/ublox_gps.o
 .rodata.cfg_sbas_disable
                0x00010980       0x10 ./devices_src/ublox_gps.o
 .rodata.cfg_rxm_psm_mode
                0x00010990        0xa ./devices_src/ublox_gps.o
 *fill*         0x0001099a        0x2 
 .rodata.cfg_rxm_poll_psm
                0x0001099c        0x8 ./devices_src/ublox_gps.o
 .rodata        0x000109a4       0x1f ./devices_src/ublox_gps.o
 *fill*         0x000109c3        0x1 
 .rodata        0x000109c4       0x18 ./drivers_src/rs232.o
 .rodata        0x000109dc       0x18 ./drivers_src/spi.o
 .rodata        0x000109f4        0xf ./fat_filesystem_src/ff.o
 *fill*         0x00010a03        0x1 
 .rodata        0x00010a04       0x5f ./hal/hal.o
 *fill*         0x00010a63        0x1 
 .rodata.AES_RCON
                0x00010a64       0x28 ./lmic/aes.o
 .rodata.AES_S  0x00010a8c      0x100 ./lmic/aes.o
 .rodata.AES_E1
                0x00010b8c      0x400 ./lmic/aes.o
 .rodata.AES_E2
                0x00010f8c      0x400 ./lmic/aes.o
 .rodata.AES_E3
                0x0001138c      0x400 ./lmic/aes.o
 .rodata.AES_E4
                0x0001178c      0x400 ./lmic/aes.o
 .rodata._DR2RPS_CRC
                0x00011b8c        0xa ./lmic/lmic.o
                0x00011b8c                _DR2RPS_CRC
 *fill*         0x00011b96        0x2 
 .rodata.TXPOWLEVELS
                0x00011b98       0x10 ./lmic/lmic.o
 .rodata.SENSITIVITY
                0x00011ba8       0x15 ./lmic/lmic.o
 *fill*         0x00011bbd        0x3 
 .rodata.DRADJUST
                0x00011bc0        0xa ./lmic/lmic.o
 *fill*         0x00011bca        0x2 
 .rodata.DR2HSYM_osticks
                0x00011bcc       0x20 ./lmic/lmic.o
 .rodata.iniChannelFreq
                0x00011bec       0x30 ./lmic/lmic.o
 .rodata.rxlorairqmask
                0x00011c1c        0x3 ./lmic/radio.o
 *fill*         0x00011c1f        0x1 
 .rodata.LORA_RXDONE_FIXUP
                0x00011c20        0xe ./lmic/radio.o
 *fill*         0x00011c2e        0x2 
 .rodata        0x00011c30      0x130 ./resource managers_src/app_manager.o
 .rodata.APPEUI
                0x00011d60        0x8 ./resource managers_src/lpwan_manager.o
 .rodata.DEVEUI
                0x00011d68        0x8 ./resource managers_src/lpwan_manager.o
 .rodata.DEVKEY
                0x00011d70       0x10 ./resource managers_src/lpwan_manager.o
 .rodata        0x00011d80      0x175 ./resource managers_src/lpwan_manager.o
 *fill*         0x00011ef5        0x3 
 .rodata        0x00011ef8       0x3e ./src/main.o
 .rodata.str1.1
                0x00011f36        0x2 c:/siliconlabs/simplicitystudio/v4/developer/toolchains/gnu_arm/4.9_2015q3/bin/../lib/gcc/arm-none-eabi/4.9.3/../../../../arm-none-eabi/lib/armv7-m\libc_nano.a(lib_a-impure.o)
 .rodata._global_impure_ptr
                0x00011f38        0x4 c:/siliconlabs/simplicitystudio/v4/developer/toolchains/gnu_arm/4.9_2015q3/bin/../lib/gcc/arm-none-eabi/4.9.3/../../../../arm-none-eabi/lib/armv7-m\libc_nano.a(lib_a-impure.o)
                0x00011f38                _global_impure_ptr
 .rodata.str1.1
                0x00011f3c       0x12 c:/siliconlabs/simplicitystudio/v4/developer/toolchains/gnu_arm/4.9_2015q3/bin/../lib/gcc/arm-none-eabi/4.9.3/../../../../arm-none-eabi/lib/armv7-m\libc_nano.a(lib_a-nano-vfprintf_float.o)
 .rodata.str1.1
                0x00011f4e       0x22 c:/siliconlabs/simplicitystudio/v4/developer/toolchains/gnu_arm/4.9_2015q3/bin/../lib/gcc/arm-none-eabi/4.9.3/../../../../arm-none-eabi/lib/armv7-m\libc_nano.a(lib_a-nano-vfprintf_i.o)
 .rodata._ctype_
                0x00011f70      0x101 c:/siliconlabs/simplicitystudio/v4/developer/toolchains/gnu_arm/4.9_2015q3/bin/../lib/gcc/arm-none-eabi/4.9.3/../../../../arm-none-eabi/lib/armv7-m\libc_nano.a(lib_a-ctype_.o)
                0x00011f70                _ctype_
 .rodata.str1.1
                0x00012071        0xd c:/siliconlabs/simplicitystudio/v4/developer/toolchains/gnu_arm/4.9_2015q3/bin/../lib/gcc/arm-none-eabi/4.9.3/../../../../arm-none-eabi/lib/armv7-m\libc_nano.a(lib_a-dtoa.o)
                                  0xf (size before relaxing)
 .rodata.str1.1
                0x0001207e        0x8 c:/siliconlabs/simplicitystudio/v4/developer/toolchains/gnu_arm/4.9_2015q3/bin/../lib/gcc/arm-none-eabi/4.9.3/../../../../arm-none-eabi/lib/armv7-m\libc_nano.a(lib_a-locale.o)
                                  0xb (size before relaxing)
 *fill*         0x00012086        0x2 
 .rodata.__mprec_tens
                0x00012088       0xc8 c:/siliconlabs/simplicitystudio/v4/developer/toolchains/gnu_arm/4.9_2015q3/bin/../lib/gcc/arm-none-eabi/4.9.3/../../../../arm-none-eabi/lib/armv7-m\libc_nano.a(lib_a-mprec.o)
                0x00012088                __mprec_tens
 .rodata.__mprec_bigtens
                0x00012150       0x28 c:/siliconlabs/simplicitystudio/v4/developer/toolchains/gnu_arm/4.9_2015q3/bin/../lib/gcc/arm-none-eabi/4.9.3/../../../../arm-none-eabi/lib/armv7-m\libc_nano.a(lib_a-mprec.o)
                0x00012150                __mprec_bigtens
 .rodata.p05.5314
                0x00012178        0xc c:/siliconlabs/simplicitystudio/v4/developer/toolchains/gnu_arm/4.9_2015q3/bin/../lib/gcc/arm-none-eabi/4.9.3/../../../../arm-none-eabi/lib/armv7-m\libc_nano.a(lib_a-mprec.o)
 .rodata.str1.1
                0x00012184       0x11 c:/siliconlabs/simplicitystudio/v4/developer/toolchains/gnu_arm/4.9_2015q3/bin/../lib/gcc/arm-none-eabi/4.9.3/../../../../arm-none-eabi/lib/armv7-m\libc_nano.a(lib_a-nano-svfprintf.o)
 *(.eh_frame*)
 *fill*         0x00012195        0x3 
 .eh_frame      0x00012198        0x0 c:/siliconlabs/simplicitystudio/v4/developer/toolchains/gnu_arm/4.9_2015q3/bin/../lib/gcc/arm-none-eabi/4.9.3/armv7-m/crtbegin.o
 .eh_frame      0x00012198        0x0 c:/siliconlabs/simplicitystudio/v4/developer/toolchains/gnu_arm/4.9_2015q3/bin/../lib/gcc/arm-none-eabi/4.9.3/../../../../arm-none-eabi/lib/armv7-m\libc_nano.a(lib_a-strcmp.o)
                                 0x28 (size before relaxing)
 .eh_frame      0x00012198        0x4 c:/siliconlabs/simplicitystudio/v4/developer/toolchains/gnu_arm/4.9_2015q3/bin/../lib/gcc/arm-none-eabi/4.9.3/armv7-m/crtend.o

.glue_7         0x0001219c        0x0
 .glue_7        0x00000000        0x0 linker stubs

.glue_7t        0x0001219c        0x0
 .glue_7t       0x00000000        0x0 linker stubs

.vfp11_veneer   0x0001219c        0x0
 .vfp11_veneer  0x00000000        0x0 linker stubs

.v4_bx          0x0001219c        0x0
 .v4_bx         0x00000000        0x0 linker stubs

.iplt           0x0001219c        0x0
 .iplt          0x00000000        0x0 c:/siliconlabs/simplicitystudio/v4/developer/toolchains/gnu_arm/4.9_2015q3/bin/../lib/gcc/arm-none-eabi/4.9.3/armv7-m/crtbegin.o

.ARM.extab
 *(.ARM.extab* .gnu.linkonce.armextab.*)
                0x0001219c                __exidx_start = .

.ARM.exidx      0x0001219c        0x8
 *(.ARM.exidx* .gnu.linkonce.armexidx.*)
 .ARM.exidx     0x0001219c        0x8 c:/siliconlabs/simplicitystudio/v4/developer/toolchains/gnu_arm/4.9_2015q3/bin/../lib/gcc/arm-none-eabi/4.9.3/../../../../arm-none-eabi/lib/armv7-m/crt0.o
 .ARM.exidx     0x000121a4        0x0 c:/siliconlabs/simplicitystudio/v4/developer/toolchains/gnu_arm/4.9_2015q3/bin/../lib/gcc/arm-none-eabi/4.9.3/armv7-m\libgcc.a(_divdi3.o)
                                  0x8 (size before relaxing)
 .ARM.exidx     0x000121a4        0x0 c:/siliconlabs/simplicitystudio/v4/developer/toolchains/gnu_arm/4.9_2015q3/bin/../lib/gcc/arm-none-eabi/4.9.3/armv7-m\libgcc.a(_udivdi3.o)
                                  0x8 (size before relaxing)
                0x000121a4                __exidx_end = .
                0x000121a4                __etext = .

.rel.dyn        0x000121a4        0x0
 .rel.iplt      0x00000000        0x0 c:/siliconlabs/simplicitystudio/v4/developer/toolchains/gnu_arm/4.9_2015q3/bin/../lib/gcc/arm-none-eabi/4.9.3/armv7-m/crtbegin.o

.data           0x20000000       0xc4 load address 0x000121a4
                0x20000000                __data_start__ = .
 *(vtable)
 *(.data*)
 .data.SystemHFXOClock
                0x20000000        0x4 ./CMSIS/EFM32GG/system_efm32gg.o
 .data.SystemLFXOClock
                0x20000004        0x4 ./CMSIS/EFM32GG/system_efm32gg.o
 .data.SystemCoreClock
                0x20000008        0x4 ./CMSIS/EFM32GG/system_efm32gg.o
                0x20000008                SystemCoreClock
 .data.isr_rx_tx_char
                0x2000000c        0x1 ./drivers_src/rs485.o
 *fill*         0x2000000d        0x3 
 .data.one_sec_top_ref
                0x20000010        0x4 ./hal/hal.o
 .data.last_letimer_count
                0x20000014        0x4 ./hal/hal.o
 .data.impure_data
                0x20000018       0x60 c:/siliconlabs/simplicitystudio/v4/developer/toolchains/gnu_arm/4.9_2015q3/bin/../lib/gcc/arm-none-eabi/4.9.3/../../../../arm-none-eabi/lib/armv7-m\libc_nano.a(lib_a-impure.o)
 .data._impure_ptr
                0x20000078        0x4 c:/siliconlabs/simplicitystudio/v4/developer/toolchains/gnu_arm/4.9_2015q3/bin/../lib/gcc/arm-none-eabi/4.9.3/../../../../arm-none-eabi/lib/armv7-m\libc_nano.a(lib_a-impure.o)
                0x20000078                _impure_ptr
 .data.__ctype_ptr__
                0x2000007c        0x4 c:/siliconlabs/simplicitystudio/v4/developer/toolchains/gnu_arm/4.9_2015q3/bin/../lib/gcc/arm-none-eabi/4.9.3/../../../../arm-none-eabi/lib/armv7-m\libc_nano.a(lib_a-ctype_.o)
                0x2000007c                __ctype_ptr__
 .data.lconv    0x20000080       0x38 c:/siliconlabs/simplicitystudio/v4/developer/toolchains/gnu_arm/4.9_2015q3/bin/../lib/gcc/arm-none-eabi/4.9.3/../../../../arm-none-eabi/lib/armv7-m\libc_nano.a(lib_a-locale.o)
                0x200000b8                . = ALIGN (0x4)
 *(.ram)
                0x200000b8                . = ALIGN (0x4)
                0x200000b8                PROVIDE (__preinit_array_start, .)
 *(.preinit_array)
                0x200000b8                PROVIDE (__preinit_array_end, .)
                0x200000b8                . = ALIGN (0x4)
                0x200000b8                PROVIDE (__init_array_start, .)
 *(SORT(.init_array.*))
 *(.init_array)
 .init_array    0x200000b8        0x4 c:/siliconlabs/simplicitystudio/v4/developer/toolchains/gnu_arm/4.9_2015q3/bin/../lib/gcc/arm-none-eabi/4.9.3/armv7-m/crtbegin.o
                0x200000bc                PROVIDE (__init_array_end, .)
                0x200000bc                . = ALIGN (0x4)
                0x200000bc                PROVIDE (__fini_array_start, .)
 *(SORT(.fini_array.*))
 *(.fini_array)
 .fini_array    0x200000bc        0x4 c:/siliconlabs/simplicitystudio/v4/developer/toolchains/gnu_arm/4.9_2015q3/bin/../lib/gcc/arm-none-eabi/4.9.3/armv7-m/crtbegin.o
                0x200000c0                PROVIDE (__fini_array_end, .)
 *(.jcr*)
 .jcr           0x200000c0        0x0 c:/siliconlabs/simplicitystudio/v4/developer/toolchains/gnu_arm/4.9_2015q3/bin/../lib/gcc/arm-none-eabi/4.9.3/armv7-m/crtbegin.o
 .jcr           0x200000c0        0x4 c:/siliconlabs/simplicitystudio/v4/developer/toolchains/gnu_arm/4.9_2015q3/bin/../lib/gcc/arm-none-eabi/4.9.3/armv7-m/crtend.o
                0x200000c4                . = ALIGN (0x4)
                0x200000c4                __data_end__ = .

.igot.plt       0x200000c4        0x0 load address 0x00012268
 .igot.plt      0x00000000        0x0 c:/siliconlabs/simplicitystudio/v4/developer/toolchains/gnu_arm/4.9_2015q3/bin/../lib/gcc/arm-none-eabi/4.9.3/armv7-m/crtbegin.o

.bss            0x200000c8     0x1d8c load address 0x00012270
                0x200000c8                . = ALIGN (0x4)
                0x200000c8                __bss_start__ = .
 *(.bss*)
 .bss           0x200000c8       0x1c c:/siliconlabs/simplicitystudio/v4/developer/toolchains/gnu_arm/4.9_2015q3/bin/../lib/gcc/arm-none-eabi/4.9.3/armv7-m/crtbegin.o
 .bss.array_msg
                0x200000e4      0x400 ./devices_src/tbr.o
 .bss.array_size
                0x200004e4        0x4 ./devices_src/tbr.o
 .bss.array_front
                0x200004e8        0x4 ./devices_src/tbr.o
 .bss.array_rear
                0x200004ec        0x4 ./devices_src/tbr.o
 .bss.current_rx_fifo
                0x200004f0        0x1 ./drivers_src/rs485.o
 .bss.init_flag
                0x200004f1        0x1 ./fat_filesystem_src/diskio.o
 *fill*         0x200004f2        0x2 
 .bss.FatFs     0x200004f4        0x4 ./fat_filesystem_src/ff.o
 .bss.Fsid      0x200004f8        0x2 ./fat_filesystem_src/ff.o
 *fill*         0x200004fa        0x2 
 .bss.fifo_rx_size
                0x200004fc        0x4 ./fifo_buffers_src/fifo_rs232.o
 .bss.fifo_tx_size
                0x20000500        0x4 ./fifo_buffers_src/fifo_rs232.o
 .bss.fifo_rx_front
                0x20000504        0x4 ./fifo_buffers_src/fifo_rs232.o
 .bss.fifo_tx_front
                0x20000508        0x4 ./fifo_buffers_src/fifo_rs232.o
 .bss.fifo_rx_rear
                0x2000050c        0x4 ./fifo_buffers_src/fifo_rs232.o
 .bss.fifo_tx_rear
                0x20000510        0x4 ./fifo_buffers_src/fifo_rs232.o
 .bss.fifo_tx   0x20000514      0x200 ./fifo_buffers_src/fifo_rs232.o
 .bss.fifo_rx   0x20000714       0x10 ./fifo_buffers_src/fifo_rs232.o
 .bss.fifo_rx_data_size
                0x20000724        0x4 ./fifo_buffers_src/fifo_tbr.o
 .bss.fifo_rx_cmd_size
                0x20000728        0x4 ./fifo_buffers_src/fifo_tbr.o
 .bss.fifo_tx_cmd_size
                0x2000072c        0x4 ./fifo_buffers_src/fifo_tbr.o
 .bss.fifo_rx_cmd_front
                0x20000730        0x4 ./fifo_buffers_src/fifo_tbr.o
 .bss.fifo_tx_cmd_front
                0x20000734        0x4 ./fifo_buffers_src/fifo_tbr.o
 .bss.fifo_rx_data_front
                0x20000738        0x4 ./fifo_buffers_src/fifo_tbr.o
 .bss.fifo_rx_cmd_rear
                0x2000073c        0x4 ./fifo_buffers_src/fifo_tbr.o
 .bss.fifo_tx_cmd_rear
                0x20000740        0x4 ./fifo_buffers_src/fifo_tbr.o
 .bss.fifo_rx_data_rear
                0x20000744        0x4 ./fifo_buffers_src/fifo_tbr.o
 .bss.fifo_tx_cmd
                0x20000748       0x10 ./fifo_buffers_src/fifo_tbr.o
 .bss.fifo_rx_cmd
                0x20000758        0x0 ./fifo_buffers_src/fifo_tbr.o
 .bss.fifo_rx_data
                0x20000758      0x400 ./fifo_buffers_src/fifo_tbr.o
 .bss.HAL       0x20000b58        0x8 ./hal/hal.o
 .bss.letimer_running
                0x20000b60        0x1 ./hal/hal.o
 *fill*         0x20000b61        0x1 
 .bss.average_n
                0x20000b62        0x2 ./hal/hal.o
 .bss.avergae_sum
                0x20000b64        0x4 ./hal/hal.o
 .bss.ref_count
                0x20000b68        0x4 ./hal/hal.o
 .bss.time_manager_cmd
                0x20000b6c        0x1 ./hal/hal.o
 *fill*         0x20000b6d        0x3 
 .bss.time_count
                0x20000b70        0x4 ./hal/hal.o
 .bss.rtcInitialized
                0x20000b74        0x1 ./hal/hal.o
 *fill*         0x20000b75        0x3 
 .bss.rtcFreq   0x20000b78        0x4 ./hal/hal.o
 .bss.irqlevel  0x20000b7c        0x1 ./hal/hal.o
 .bss.int_flag  0x20000b7d        0x1 ./hal/hal.o
 *fill*         0x20000b7e        0x2 
 .bss.OS        0x20000b80        0x8 ./lmic/oslmic.o
 .bss.randbuf   0x20000b88       0x10 ./lmic/radio.o
 .bss.FatFs     0x20000b98      0x230 ./resource managers_src/app_manager.o
 .bss.tbr_lora_length
                0x20000dc8        0x4 ./resource managers_src/app_manager.o
 .bss.tbr_lora_buf
                0x20000dcc      0x400 ./resource managers_src/app_manager.o
 .bss.tbr_sd_card_buf
                0x200011cc      0x400 ./resource managers_src/app_manager.o
 .bss.rs232_tx_buf
                0x200015cc      0x200 ./resource managers_src/app_manager.o
 .bss.init_job  0x200017cc        0xc ./resource managers_src/lpwan_manager.o
 .bss.app_job   0x200017d8        0xc ./resource managers_src/lpwan_manager.o
 .bss.lora_msg_length
                0x200017e4        0x1 ./src/main.o
                0x200017e4                lora_msg_length
 *fill*         0x200017e5        0x3 
 .bss.__malloc_sbrk_start
                0x200017e8        0x4 c:/siliconlabs/simplicitystudio/v4/developer/toolchains/gnu_arm/4.9_2015q3/bin/../lib/gcc/arm-none-eabi/4.9.3/../../../../arm-none-eabi/lib/armv7-m\libc_nano.a(lib_a-nano-mallocr.o)
                0x200017e8                __malloc_sbrk_start
 .bss.__malloc_free_list
                0x200017ec        0x4 c:/siliconlabs/simplicitystudio/v4/developer/toolchains/gnu_arm/4.9_2015q3/bin/../lib/gcc/arm-none-eabi/4.9.3/../../../../arm-none-eabi/lib/armv7-m\libc_nano.a(lib_a-nano-mallocr.o)
                0x200017ec                __malloc_free_list
 .bss.heap_end.4079
                0x200017f0        0x4 c:/siliconlabs/simplicitystudio/v4/developer/toolchains/gnu_arm/4.9_2015q3/bin/../lib/gcc/arm-none-eabi/4.9.3/../../../../arm-none-eabi/lib/armv7-m\libnosys.a(sbrk.o)
 *(COMMON)
 COMMON         0x200017f4       0x80 ./devices_src/tbr.o
                0x200017f4                resuable_buffer
 COMMON         0x20001874       0x84 ./hal/hal.o
                0x20001874                irqState
                0x20001878                temp_buf
 COMMON         0x200018f8       0xc0 ./lmic/aes.o
                0x200018f8                AESKEY
                0x200019a8                AESAUX
 COMMON         0x200019b8      0x244 ./lmic/lmic.o
                0x200019b8                LMIC
 COMMON         0x20001bfc       0x54 ./resource managers_src/lpwan_manager.o
                0x20001bfc                diff_in_tstamp
                0x20001c00                running_tstamp
                0x20001c28                ref_tstamp
 COMMON         0x20001c50      0x200 ./src/main.o
                0x20001c50                lora_buffer
 COMMON         0x20001e50        0x4 c:/siliconlabs/simplicitystudio/v4/developer/toolchains/gnu_arm/4.9_2015q3/bin/../lib/gcc/arm-none-eabi/4.9.3/../../../../arm-none-eabi/lib/armv7-m\libc_nano.a(lib_a-reent.o)
                0x20001e50                errno
                0x20001e54                . = ALIGN (0x4)
                0x20001e54                __bss_end__ = .

.heap           0x20001e58      0xc00
                0x20001e58                __HeapBase = .
                0x20001e58                __end__ = .
                0x20001e58                end = __end__
                0x20001e58                _end = __end__
 *(.heap*)
 .heap          0x20001e58      0xc00 ./CMSIS/EFM32GG/startup_efm32gg.o
                0x20002a58                __HeapLimit = .

.stack_dummy    0x20001e58      0x400
 *(.stack*)
 .stack         0x20001e58      0x400 ./CMSIS/EFM32GG/startup_efm32gg.o
                0x20020000                __StackTop = (ORIGIN (RAM) + 0x20000)
                0x2001fc00                __StackLimit = (__StackTop - SIZEOF (.stack_dummy))
                0x20020000                PROVIDE (__stack, __StackTop)
                0x00000001                ASSERT ((__StackLimit >= __HeapLimit), region RAM overflowed with stack)
                0x00000001                ASSERT ((0x100000 >= (__etext + SIZEOF (.data))), FLASH memory overflowed !)
OUTPUT(lmic_and_testproject_iA.axf elf32-littlearm)

.ARM.attributes
                0x00000000       0x29
 .ARM.attributes
                0x00000000       0x1d c:/siliconlabs/simplicitystudio/v4/developer/toolchains/gnu_arm/4.9_2015q3/bin/../lib/gcc/arm-none-eabi/4.9.3/armv7-m/crti.o
 .ARM.attributes
                0x0000001d       0x2d c:/siliconlabs/simplicitystudio/v4/developer/toolchains/gnu_arm/4.9_2015q3/bin/../lib/gcc/arm-none-eabi/4.9.3/armv7-m/crtbegin.o
 .ARM.attributes
                0x0000004a       0x1b c:/siliconlabs/simplicitystudio/v4/developer/toolchains/gnu_arm/4.9_2015q3/bin/../lib/gcc/arm-none-eabi/4.9.3/../../../../arm-none-eabi/lib/armv7-m/crt0.o
 .ARM.attributes
                0x00000065       0x1b ./CMSIS/EFM32GG/startup_efm32gg.o
 .ARM.attributes
                0x00000080       0x33 ./CMSIS/EFM32GG/system_efm32gg.o
 .ARM.attributes
                0x000000b3       0x33 ./devices_src/rgb_led.o
 .ARM.attributes
                0x000000e6       0x33 ./devices_src/sd_card.o
 .ARM.attributes
                0x00000119       0x33 ./devices_src/tbr.o
 .ARM.attributes
                0x0000014c       0x33 ./devices_src/ublox_gps.o
 .ARM.attributes
                0x0000017f       0x33 ./drivers_src/delay.o
 .ARM.attributes
                0x000001b2       0x33 ./drivers_src/pwm.o
 .ARM.attributes
                0x000001e5       0x33 ./drivers_src/rs232.o
 .ARM.attributes
                0x00000218       0x33 ./drivers_src/rs485.o
 .ARM.attributes
                0x0000024b       0x33 ./drivers_src/spi.o
 .ARM.attributes
                0x0000027e       0x33 ./emlib/src/em_burtc.o
 .ARM.attributes
                0x000002b1       0x33 ./emlib/src/em_cmu.o
 .ARM.attributes
                0x000002e4       0x33 ./emlib/src/em_core.o
 .ARM.attributes
                0x00000317       0x33 ./emlib/src/em_dma.o
 .ARM.attributes
                0x0000034a       0x33 ./emlib/src/em_gpio.o
 .ARM.attributes
                0x0000037d       0x33 ./emlib/src/em_letimer.o
 .ARM.attributes
                0x000003b0       0x33 ./emlib/src/em_leuart.o
 .ARM.attributes
                0x000003e3       0x33 ./emlib/src/em_rmu.o
 .ARM.attributes
                0x00000416       0x33 ./emlib/src/em_rtc.o
 .ARM.attributes
                0x00000449       0x33 ./emlib/src/em_system.o
 .ARM.attributes
                0x0000047c       0x33 ./emlib/src/em_timer.o
 .ARM.attributes
                0x000004af       0x33 ./emlib/src/em_usart.o
 .ARM.attributes
                0x000004e2       0x33 ./fat_filesystem_src/diskio.o
 .ARM.attributes
                0x00000515       0x33 ./fat_filesystem_src/ff.o
 .ARM.attributes
                0x00000548       0x33 ./fifo_buffers_src/fifo_rs232.o
 .ARM.attributes
                0x0000057b       0x33 ./fifo_buffers_src/fifo_tbr.o
 .ARM.attributes
                0x000005ae       0x33 ./hal/debug.o
 .ARM.attributes
                0x000005e1       0x33 ./hal/hal.o
 .ARM.attributes
                0x00000614       0x33 ./lmic/aes.o
 .ARM.attributes
                0x00000647       0x33 ./lmic/lmic.o
 .ARM.attributes