Archive member included because of file (symbol)

c:/siliconlabs/simplicitystudio/v4/developer/toolchains/gnu_arm/4.9_2015q3/bin/../lib/gcc/arm-none-eabi/4.9.3/armv7-m\libgcc.a(_aeabi_uldivmod.o)
                              ./emlib/src/em_usart.o (__aeabi_uldivmod)
c:/siliconlabs/simplicitystudio/v4/developer/toolchains/gnu_arm/4.9_2015q3/bin/../lib/gcc/arm-none-eabi/4.9.3/armv7-m\libgcc.a(bpabi.o)
                              c:/siliconlabs/simplicitystudio/v4/developer/toolchains/gnu_arm/4.9_2015q3/bin/../lib/gcc/arm-none-eabi/4.9.3/armv7-m\libgcc.a(_aeabi_uldivmod.o) (__gnu_uldivmod_helper)
c:/siliconlabs/simplicitystudio/v4/developer/toolchains/gnu_arm/4.9_2015q3/bin/../lib/gcc/arm-none-eabi/4.9.3/armv7-m\libgcc.a(_dvmd_tls.o)
                              c:/siliconlabs/simplicitystudio/v4/developer/toolchains/gnu_arm/4.9_2015q3/bin/../lib/gcc/arm-none-eabi/4.9.3/armv7-m\libgcc.a(_aeabi_uldivmod.o) (__aeabi_ldiv0)
c:/siliconlabs/simplicitystudio/v4/developer/toolchains/gnu_arm/4.9_2015q3/bin/../lib/gcc/arm-none-eabi/4.9.3/armv7-m\libgcc.a(_divdi3.o)
                              c:/siliconlabs/simplicitystudio/v4/developer/toolchains/gnu_arm/4.9_2015q3/bin/../lib/gcc/arm-none-eabi/4.9.3/armv7-m\libgcc.a(bpabi.o) (__divdi3)
c:/siliconlabs/simplicitystudio/v4/developer/toolchains/gnu_arm/4.9_2015q3/bin/../lib/gcc/arm-none-eabi/4.9.3/armv7-m\libgcc.a(_udivdi3.o)
                              c:/siliconlabs/simplicitystudio/v4/developer/toolchains/gnu_arm/4.9_2015q3/bin/../lib/gcc/arm-none-eabi/4.9.3/armv7-m\libgcc.a(bpabi.o) (__udivdi3)
c:/siliconlabs/simplicitystudio/v4/developer/toolchains/gnu_arm/4.9_2015q3/bin/../lib/gcc/arm-none-eabi/4.9.3/../../../../arm-none-eabi/lib/armv7-m\libc_nano.a(lib_a-exit.o)
                              c:/siliconlabs/simplicitystudio/v4/developer/toolchains/gnu_arm/4.9_2015q3/bin/../lib/gcc/arm-none-eabi/4.9.3/../../../../arm-none-eabi/lib/armv7-m/crt0.o (exit)
c:/siliconlabs/simplicitystudio/v4/developer/toolchains/gnu_arm/4.9_2015q3/bin/../lib/gcc/arm-none-eabi/4.9.3/../../../../arm-none-eabi/lib/armv7-m\libc_nano.a(lib_a-impure.o)
                              c:/siliconlabs/simplicitystudio/v4/developer/toolchains/gnu_arm/4.9_2015q3/bin/../lib/gcc/arm-none-eabi/4.9.3/../../../../arm-none-eabi/lib/armv7-m\libc_nano.a(lib_a-exit.o) (_global_impure_ptr)
c:/siliconlabs/simplicitystudio/v4/developer/toolchains/gnu_arm/4.9_2015q3/bin/../lib/gcc/arm-none-eabi/4.9.3/../../../../arm-none-eabi/lib/armv7-m\libc_nano.a(lib_a-init.o)
                              c:/siliconlabs/simplicitystudio/v4/developer/toolchains/gnu_arm/4.9_2015q3/bin/../lib/gcc/arm-none-eabi/4.9.3/../../../../arm-none-eabi/lib/armv7-m/crt0.o (__libc_init_array)
c:/siliconlabs/simplicitystudio/v4/developer/toolchains/gnu_arm/4.9_2015q3/bin/../lib/gcc/arm-none-eabi/4.9.3/../../../../arm-none-eabi/lib/armv7-m\libc_nano.a(lib_a-memcpy.o)
                              ./lmic/lmic.o (memcpy)
c:/siliconlabs/simplicitystudio/v4/developer/toolchains/gnu_arm/4.9_2015q3/bin/../lib/gcc/arm-none-eabi/4.9.3/../../../../arm-none-eabi/lib/armv7-m\libc_nano.a(lib_a-memset.o)
                              c:/siliconlabs/simplicitystudio/v4/developer/toolchains/gnu_arm/4.9_2015q3/bin/../lib/gcc/arm-none-eabi/4.9.3/../../../../arm-none-eabi/lib/armv7-m/crt0.o (memset)
c:/siliconlabs/simplicitystudio/v4/developer/toolchains/gnu_arm/4.9_2015q3/bin/../lib/gcc/arm-none-eabi/4.9.3/../../../../arm-none-eabi/lib/armv7-m\libc_nano.a(lib_a-sprintf.o)
                              ./devices_src/radio.o (sprintf)
c:/siliconlabs/simplicitystudio/v4/developer/toolchains/gnu_arm/4.9_2015q3/bin/../lib/gcc/arm-none-eabi/4.9.3/../../../../arm-none-eabi/lib/armv7-m\libc_nano.a(lib_a-strchr.o)
                              ./devices_src/tbr.o (strchr)
c:/siliconlabs/simplicitystudio/v4/developer/toolchains/gnu_arm/4.9_2015q3/bin/../lib/gcc/arm-none-eabi/4.9.3/../../../../arm-none-eabi/lib/armv7-m\libc_nano.a(lib_a-strlen.o)
                              ./devices_src/radio.o (strlen)
c:/siliconlabs/simplicitystudio/v4/developer/toolchains/gnu_arm/4.9_2015q3/bin/../lib/gcc/arm-none-eabi/4.9.3/../../../../arm-none-eabi/lib/armv7-m\libc_nano.a(lib_a-strstr.o)
                              ./devices_src/tbr.o (strstr)
c:/siliconlabs/simplicitystudio/v4/developer/toolchains/gnu_arm/4.9_2015q3/bin/../lib/gcc/arm-none-eabi/4.9.3/../../../../arm-none-eabi/lib/armv7-m\libc_nano.a(lib_a-strtok.o)
                              ./devices_src/tbr.o (strtok)
c:/siliconlabs/simplicitystudio/v4/developer/toolchains/gnu_arm/4.9_2015q3/bin/../lib/gcc/arm-none-eabi/4.9.3/../../../../arm-none-eabi/lib/armv7-m\libc_nano.a(lib_a-strtok_r.o)
                              c:/siliconlabs/simplicitystudio/v4/developer/toolchains/gnu_arm/4.9_2015q3/bin/../lib/gcc/arm-none-eabi/4.9.3/../../../../arm-none-eabi/lib/armv7-m\libc_nano.a(lib_a-strtok.o) (__strtok_r)
[...]
Memory Configuration

Name             Origin             Length             Attributes
FLASH            0x00000000         0x00100000         xr
RAM              0x20000000         0x00020000         xrw
*default*        0x00000000         0xffffffff

Linker script and memory map

LOAD c:/siliconlabs/simplicitystudio/v4/developer/toolchains/gnu_arm/4.9_2015q3/bin/../lib/gcc/arm-none-eabi/4.9.3/armv7-m/crti.o
LOAD c:/siliconlabs/simplicitystudio/v4/developer/toolchains/gnu_arm/4.9_2015q3/bin/../lib/gcc/arm-none-eabi/4.9.3/armv7-m/crtbegin.o
LOAD c:/siliconlabs/simplicitystudio/v4/developer/toolchains/gnu_arm/4.9_2015q3/bin/../lib/gcc/arm-none-eabi/4.9.3/../../../../arm-none-eabi/lib/armv7-m/crt0.o
LOAD ./CMSIS/EFM32GG/startup_efm32gg.o
LOAD ./CMSIS/EFM32GG/system_efm32gg.o
LOAD ./devices_src/radio.o
LOAD ./devices_src/rgb_led.o
LOAD ./devices_src/sd_card.o
LOAD ./devices_src/tbr.o
LOAD ./devices_src/ublox_gps.o
LOAD ./drivers_src/delay.o
LOAD ./drivers_src/pwm.o
LOAD ./drivers_src/rs232.o
LOAD ./drivers_src/rs485.o
LOAD ./drivers_src/spi.o
LOAD ./emlib/src/em_acmp.o
LOAD ./emlib/src/em_adc.o
LOAD ./emlib/src/em_aes.o
LOAD ./emlib/src/em_assert.o
LOAD ./emlib/src/em_burtc.o
LOAD ./emlib/src/em_can.o
LOAD ./emlib/src/em_cmu.o
LOAD ./emlib/src/em_core.o
LOAD ./emlib/src/em_cryotimer.o
LOAD ./emlib/src/em_crypto.o
LOAD ./emlib/src/em_csen.o
LOAD ./emlib/src/em_dac.o
LOAD ./emlib/src/em_dbg.o
LOAD ./emlib/src/em_dma.o
LOAD ./emlib/src/em_ebi.o
LOAD ./emlib/src/em_emu.o
LOAD ./emlib/src/em_gpcrc.o
LOAD ./emlib/src/em_gpio.o
LOAD ./emlib/src/em_i2c.o
LOAD ./emlib/src/em_idac.o
LOAD ./emlib/src/em_int.o
LOAD ./emlib/src/em_lcd.o
LOAD ./emlib/src/em_ldma.o
LOAD ./emlib/src/em_lesense.o
LOAD ./emlib/src/em_letimer.o
LOAD ./emlib/src/em_leuart.o
LOAD ./emlib/src/em_mpu.o
LOAD ./emlib/src/em_msc.o
LOAD ./emlib/src/em_opamp.o
LOAD ./emlib/src/em_pcnt.o
LOAD ./emlib/src/em_prs.o
LOAD ./emlib/src/em_qspi.o
LOAD ./emlib/src/em_rmu.o
LOAD ./emlib/src/em_rtc.o
LOAD ./emlib/src/em_rtcc.o
LOAD ./emlib/src/em_system.o
LOAD ./emlib/src/em_timer.o
LOAD ./emlib/src/em_usart.o
LOAD ./emlib/src/em_vcmp.o
LOAD ./emlib/src/em_vdac.o
LOAD ./emlib/src/em_wdog.o
LOAD ./fat_filesystem_src/diskio.o
LOAD ./fat_filesystem_src/ff.o
LOAD ./fifo_buffers_src/fifo_rs232.o
LOAD ./fifo_buffers_src/fifo_tbr.o
LOAD ./hal/debug.o
LOAD ./hal/hal.o
LOAD ./lmic/aes.o
LOAD ./lmic/lmic.o
LOAD ./lmic/oslmic.o
LOAD ./lmic/radio.o
LOAD ./resource managers_src/app_manager.o
LOAD ./src/main.o
START GROUP
LOAD c:/siliconlabs/simplicitystudio/v4/developer/toolchains/gnu_arm/4.9_2015q3/bin/../lib/gcc/arm-none-eabi/4.9.3/armv7-m\libgcc.a
LOAD c:/siliconlabs/simplicitystudio/v4/developer/toolchains/gnu_arm/4.9_2015q3/bin/../lib/gcc/arm-none-eabi/4.9.3/../../../../arm-none-eabi/lib/armv7-m\libc_nano.a
LOAD c:/siliconlabs/simplicitystudio/v4/developer/toolchains/gnu_arm/4.9_2015q3/bin/../lib/gcc/arm-none-eabi/4.9.3/../../../../arm-none-eabi/lib/armv7-m\libnosys.a
END GROUP
START GROUP
LOAD c:/siliconlabs/simplicitystudio/v4/developer/toolchains/gnu_arm/4.9_2015q3/bin/../lib/gcc/arm-none-eabi/4.9.3/armv7-m\libgcc.a
LOAD c:/siliconlabs/simplicitystudio/v4/developer/toolchains/gnu_arm/4.9_2015q3/bin/../lib/gcc/arm-none-eabi/4.9.3/../../../../arm-none-eabi/lib/armv7-m\libg_nano.a
LOAD c:/siliconlabs/simplicitystudio/v4/developer/toolchains/gnu_arm/4.9_2015q3/bin/../lib/gcc/arm-none-eabi/4.9.3/../../../../arm-none-eabi/lib/armv7-m\libc_nano.a
END GROUP
START GROUP
LOAD c:/siliconlabs/simplicitystudio/v4/developer/toolchains/gnu_arm/4.9_2015q3/bin/../lib/gcc/arm-none-eabi/4.9.3/armv7-m\libgcc.a
LOAD c:/siliconlabs/simplicitystudio/v4/developer/toolchains/gnu_arm/4.9_2015q3/bin/../lib/gcc/arm-none-eabi/4.9.3/../../../../arm-none-eabi/lib/armv7-m\libc_nano.a
END GROUP
LOAD c:/siliconlabs/simplicitystudio/v4/developer/toolchains/gnu_arm/4.9_2015q3/bin/../lib/gcc/arm-none-eabi/4.9.3/armv7-m/crtend.o
LOAD c:/siliconlabs/simplicitystudio/v4/developer/toolchains/gnu_arm/4.9_2015q3/bin/../lib/gcc/arm-none-eabi/4.9.3/armv7-m/crtn.o

.text           0x00000000     0xe3b8
 *(.vectors)
 .vectors       0x00000000       0xdc ./CMSIS/EFM32GG/startup_efm32gg.o
                0x00000000                __Vectors
                0x000000dc                __Vectors_End = .
                0x000000dc                __Vectors_Size = (__Vectors_End - __Vectors)
                0x000000dc                __end__ = .
 *(.text*)
 .text          0x000000dc       0x5c c:/siliconlabs/simplicitystudio/v4/developer/toolchains/gnu_arm/4.9_2015q3/bin/../lib/gcc/arm-none-eabi/4.9.3/armv7-m/crtbegin.o
 .text          0x00000138       0x74 c:/siliconlabs/simplicitystudio/v4/developer/toolchains/gnu_arm/4.9_2015q3/bin/../lib/gcc/arm-none-eabi/4.9.3/../../../../arm-none-eabi/lib/armv7-m/crt0.o
                0x00000138                _start
                0x00000138                _mainCRTStartup
 .text          0x000001ac       0x30 ./CMSIS/EFM32GG/startup_efm32gg.o
                0x000001ac                Reset_Handler
                0x000001d8                DebugMon_Handler
                0x000001d8                USART0_TX_IRQHandler
                0x000001d8                I2C0_IRQHandler
                0x000001d8                HardFault_Handler
                0x000001d8                LEUART1_IRQHandler
                0x000001d8                SysTick_Handler
                0x000001d8                USART1_RX_IRQHandler
                0x000001d8                PendSV_Handler
                0x000001d8                NMI_Handler
                0x000001d8                I2C1_IRQHandler
                0x000001d8                TIMER3_IRQHandler
                0x000001d8                USART1_TX_IRQHandler
                0x000001d8                MSC_IRQHandler
                0x000001d8                ADC0_IRQHandler
                0x000001d8                UsageFault_Handler
                0x000001d8                UART0_TX_IRQHandler
                0x000001d8                UART1_TX_IRQHandler
                0x000001d8                TIMER0_IRQHandler
                0x000001d8                TIMER2_IRQHandler
                0x000001d8                LCD_IRQHandler
                0x000001d8                PCNT2_IRQHandler
                0x000001d8                UART0_RX_IRQHandler
                0x000001d8                LETIMER0_IRQHandler
                0x000001d8                TIMER1_IRQHandler
                0x000001d8                Default_Handler
                0x000001d8                EMU_IRQHandler
                0x000001d8                PCNT0_IRQHandler
                0x000001d8                USB_IRQHandler
                0x000001d8                BURTC_IRQHandler
                0x000001d8                PCNT1_IRQHandler
                0x000001d8                ACMP0_IRQHandler
                0x000001d8                USART0_RX_IRQHandler
                0x000001d8                MemManage_Handler
                0x000001d8                SVC_Handler
                0x000001d8                DAC0_IRQHandler
                0x000001d8                UART1_RX_IRQHandler
                0x000001d8                CMU_IRQHandler
                0x000001d8                EBI_IRQHandler
                0x000001d8                LESENSE_IRQHandler
                0x000001d8                AES_IRQHandler
                0x000001d8                VCMP_IRQHandler
                0x000001d8                BusFault_Handler
 .text.GetProdRev
                0x000001dc       0x1c ./CMSIS/EFM32GG/system_efm32gg.o
 .text.SystemCoreClockGet
                0x000001f8       0x34 ./CMSIS/EFM32GG/system_efm32gg.o
                0x000001f8                SystemCoreClockGet
 .text.SystemMaxCoreClockGet
                0x0000022c       0x14 ./CMSIS/EFM32GG/system_efm32gg.o
                0x0000022c                SystemMaxCoreClockGet
 .text.SystemHFClockGet
                0x00000240      0x100 ./CMSIS/EFM32GG/system_efm32gg.o
                0x00000240                SystemHFClockGet
 .text.SystemHFXOClockGet
                0x00000340       0x18 ./CMSIS/EFM32GG/system_efm32gg.o
                0x00000340                SystemHFXOClockGet
 .text.SystemInit
                0x00000358        0xc ./CMSIS/EFM32GG/system_efm32gg.o
                0x00000358                SystemInit
 .text.SystemLFRCOClockGet
                0x00000364       0x14 ./CMSIS/EFM32GG/system_efm32gg.o
                0x00000364                SystemLFRCOClockGet
 .text.SystemULFRCOClockGet
                0x00000378       0x14 ./CMSIS/EFM32GG/system_efm32gg.o
                0x00000378                SystemULFRCOClockGet
 .text.SystemLFXOClockGet
                0x0000038c       0x18 ./CMSIS/EFM32GG/system_efm32gg.o
                0x0000038c                SystemLFXOClockGet
 .text.GPIO_PinOutClear
                0x000003a4       0x58 ./devices_src/radio.o
 .text.GPIO_PinOutSet
                0x000003fc       0x58 ./devices_src/radio.o
 .text.write_reg
                0x00000454       0x40 ./devices_src/radio.o
                0x00000454                write_reg
 .text.read_reg
                0x00000494       0x3c ./devices_src/radio.o
                0x00000494                read_reg
 .text.RFM_Init
                0x000004d0       0xd4 ./devices_src/radio.o
                0x000004d0                RFM_Init
 .text.RFM_on   0x000005a4       0x18 ./devices_src/radio.o
                0x000005a4                RFM_on
 .text.RFM_off  0x000005bc       0x10 ./devices_src/radio.o
                0x000005bc                RFM_off
 .text.GPIO_PinOutClear
                0x000005cc       0x58 ./devices_src/rgb_led.o
 .text.GPIO_PinOutSet
                0x00000624       0x58 ./devices_src/rgb_led.o
 .text.generate_pulses
                0x0000067c       0x50 ./devices_src/rgb_led.o
                0x0000067c                generate_pulses
 .text.rgb_init
                0x000006cc       0x34 ./devices_src/rgb_led.o
                0x000006cc                rgb_init
 .text.rgb_on   0x00000700      0x110 ./devices_src/rgb_led.o
                0x00000700                rgb_on
 .text.rgb_shutdown
                0x00000810       0x18 ./devices_src/rgb_led.o
                0x00000810                rgb_shutdown
 .text.GPIO_PinOutClear
                0x00000828       0x58 ./devices_src/sd_card.o
 .text.GPIO_PinOutSet
                0x00000880       0x58 ./devices_src/sd_card.o
 .text.start_transfer
                0x000008d8       0x10 ./devices_src/sd_card.o
                0x000008d8                start_transfer
 .text.end_transfer
                0x000008e8       0x14 ./devices_src/sd_card.o
                0x000008e8                end_transfer
 .text.send_cmd
                0x000008fc      0x24c ./devices_src/sd_card.o
                0x000008fc                send_cmd
 .text.sd_card_init
                0x00000b48      0x1d4 ./devices_src/sd_card.o
                0x00000b48                sd_card_init
 .text.sd_card_on
                0x00000d1c       0x10 ./devices_src/sd_card.o
                0x00000d1c                sd_card_on
 .text.sd_card_off
                0x00000d2c       0x10 ./devices_src/sd_card.o
                0x00000d2c                sd_card_off
 .text.sd_card_read
                0x00000d3c      0x130 ./devices_src/sd_card.o
                0x00000d3c                sd_card_read
 .text.sd_card_write
                0x00000e6c      0x10c ./devices_src/sd_card.o
                0x00000e6c                sd_card_write
 .text.array_is_full
                0x00000f78       0x24 ./devices_src/tbr.o
                0x00000f78                array_is_full
 .text.array_is_empty
                0x00000f9c       0x20 ./devices_src/tbr.o
                0x00000f9c                array_is_empty
 .text.array_add
                0x00000fbc       0x58 ./devices_src/tbr.o
                0x00000fbc                array_add
 .text.array_remove
                0x00001014       0x5c ./devices_src/tbr.o
                0x00001014                array_remove
 .text.CalculateLuhn
                0x00001070      0x12c ./devices_src/tbr.o
                0x00001070                CalculateLuhn
 .text.parse_message_tbr
                0x0000119c       0xa4 ./devices_src/tbr.o
                0x0000119c                parse_message_tbr
 .text.check_other_messages
                0x00001240       0x3c ./devices_src/tbr.o
                0x00001240                check_other_messages
 .text.clear_buffer
                0x0000127c       0x3c ./devices_src/tbr.o
                0x0000127c                clear_buffer
 .text.get_and_compare
                0x000012b8       0xd8 ./devices_src/tbr.o
                0x000012b8                get_and_compare
 .text.tbr_init
                0x00001390       0x48 ./devices_src/tbr.o
                0x00001390                tbr_init
 .text.tbr_send_cmd
                0x000013d8      0x100 ./devices_src/tbr.o
                0x000013d8                tbr_send_cmd
 .text.tbr_recv_msg
                0x000014d8       0x68 ./devices_src/tbr.o
                0x000014d8                tbr_recv_msg
 .text.GPIO_PinOutSet
                0x00001540       0x58 ./devices_src/ublox_gps.o
 .text.send_cmd_rx_ack
                0x00001598       0xfc ./devices_src/ublox_gps.o
                0x00001598                send_cmd_rx_ack
 .text.port_config
                0x00001694       0x64 ./devices_src/ublox_gps.o
                0x00001694                port_config
 .text.receiver_nav_status
                0x000016f8       0xfc ./devices_src/ublox_gps.o
                0x000016f8                receiver_nav_status
 .text.config_low_power
                0x000017f4       0x24 ./devices_src/ublox_gps.o
                0x000017f4                config_low_power
 .text.enter_low_power
                0x00001818       0x24 ./devices_src/ublox_gps.o
                0x00001818                enter_low_power
 .text.disable_sbas
                0x0000183c       0x24 ./devices_src/ublox_gps.o
                0x0000183c                disable_sbas
 .text.poll_psm
                0x00001860      0x130 ./devices_src/ublox_gps.o
                0x00001860                poll_psm
 .text.parse_message
                0x00001990      0x240 ./devices_src/ublox_gps.o
                0x00001990                parse_message
 .text.gps_init
                0x00001bd0      0x148 ./devices_src/ublox_gps.o
                0x00001bd0                gps_init
 .text.gps_get_nav_data
                0x00001d18      0x190 ./devices_src/ublox_gps.o
                0x00001d18                gps_get_nav_data
 .text.gps_on   0x00001ea8       0x10 ./devices_src/ublox_gps.o
                0x00001ea8                gps_on
 .text.TIMER_Valid
                0x00001eb8       0x50 ./drivers_src/delay.o
 .text.TIMER_MaxCount
                0x00001f08       0x18 ./drivers_src/delay.o
 .text.TIMER_CounterSet
                0x00001f20       0x1c ./drivers_src/delay.o
 .text.TIMER_Enable
                0x00001f3c       0x2c ./drivers_src/delay.o
 .text.TIMER_IntClear
                0x00001f68       0x1c ./drivers_src/delay.o
 .text.TIMER_IntEnable
                0x00001f84       0x20 ./drivers_src/delay.o
 .text.TIMER_IntGetEnabled
                0x00001fa4       0x24 ./drivers_src/delay.o
 .text.TIMER_TopBufSet
                0x00001fc8       0x1c ./drivers_src/delay.o
 .text.TIMER_TopSet
                0x00001fe4       0x1c ./drivers_src/delay.o
 .text.delay_init
                0x00002000       0x7c ./drivers_src/delay.o
                0x00002000                delay_init
 .text.delay_enable
                0x0000207c       0x14 ./drivers_src/delay.o
                0x0000207c                delay_enable
 .text.delay_disable
                0x00002090       0x14 ./drivers_src/delay.o
                0x00002090                delay_disable
 .text.delay_ms
                0x000020a4       0x64 ./drivers_src/delay.o
                0x000020a4                delay_ms
 .text.TIMER_Valid
                0x00002108       0x50 ./drivers_src/pwm.o
 .text.TIMER_MaxCount
                0x00002158       0x18 ./drivers_src/pwm.o
 .text.TIMER_CounterSet
                0x00002170       0x1c ./drivers_src/pwm.o
 .text.TIMER_Enable
                0x0000218c       0x2c ./drivers_src/pwm.o
 .text.TIMER_IntClear
                0x000021b8       0x1c ./drivers_src/pwm.o
 .text.TIMER_IntEnable
                0x000021d4       0x20 ./drivers_src/pwm.o
 .text.TIMER_IntGetEnabled
                0x000021f4       0x24 ./drivers_src/pwm.o
 .text.TIMER_TopBufSet
                0x00002218       0x1c ./drivers_src/pwm.o
 .text.TIMER_TopSet
                0x00002234       0x1c ./drivers_src/pwm.o
 .text.pwm_init
                0x00002250       0x7c ./drivers_src/pwm.o
                0x00002250                pwm_init
 .text.pwm_enable
                0x000022cc       0x14 ./drivers_src/pwm.o
                0x000022cc                pwm_enable
 .text.pwm_disable
                0x000022e0       0x14 ./drivers_src/pwm.o
                0x000022e0                pwm_disable
 .text.pwm_us_delay
                0x000022f4       0x5c ./drivers_src/pwm.o
                0x000022f4                pwm_us_delay
 .text.NVIC_EnableIRQ
                0x00002350       0x30 ./drivers_src/rs232.o
 .text.NVIC_ClearPendingIRQ
                0x00002380       0x34 ./drivers_src/rs232.o
 .text.USART_IntClear
                0x000023b4       0x1c ./drivers_src/rs232.o
 .text.USART_IntDisable
                0x000023d0       0x24 ./drivers_src/rs232.o
 .text.USART_IntEnable
                0x000023f4       0x20 ./drivers_src/rs232.o
 .text.rs232_init
                0x00002414       0xb0 ./drivers_src/rs232.o
                0x00002414                rs232_init
 .text.rs232_enable
                0x000024c4       0x14 ./drivers_src/rs232.o
                0x000024c4                rs232_enable
 .text.rs232_transmit_string
                0x000024d8       0x6c ./drivers_src/rs232.o
                0x000024d8                rs232_transmit_string
 .text.USART2_TX_IRQHandler
                0x00002544       0x4c ./drivers_src/rs232.o
                0x00002544                USART2_TX_IRQHandler
 .text.USART2_RX_IRQHandler
                0x00002590       0x40 ./drivers_src/rs232.o
                0x00002590                USART2_RX_IRQHandler
 .text.NVIC_EnableIRQ
                0x000025d0       0x30 ./drivers_src/rs485.o
 .text.NVIC_ClearPendingIRQ
                0x00002600       0x34 ./drivers_src/rs485.o
 .text.GPIO_PinOutClear
                0x00002634       0x58 ./drivers_src/rs485.o
 .text.GPIO_PinOutSet
                0x0000268c       0x58 ./drivers_src/rs485.o
 .text.LEUART_IntClear
                0x000026e4       0x1c ./drivers_src/rs485.o
 .text.LEUART_IntDisable
                0x00002700       0x24 ./drivers_src/rs485.o
 .text.LEUART_IntEnable
                0x00002724       0x20 ./drivers_src/rs485.o
 .text.rs485_init
                0x00002744       0xe0 ./drivers_src/rs485.o
                0x00002744                rs485_init
 .text.rs485_enable
                0x00002824       0x14 ./drivers_src/rs485.o
                0x00002824                rs485_enable
 .text.rs485_transmit_string
                0x00002838       0x78 ./drivers_src/rs485.o
                0x00002838                rs485_transmit_string
 .text.rs485_recieve_char
                0x000028b0       0x3c ./drivers_src/rs485.o
                0x000028b0                rs485_recieve_char
 .text.rs485_tx_mode
                0x000028ec       0x18 ./drivers_src/rs485.o
                0x000028ec                rs485_tx_mode
 .text.rs485_rx_mode
                0x00002904       0x18 ./drivers_src/rs485.o
                0x00002904                rs485_rx_mode
 .text.LEUART0_IRQHandler
                0x0000291c       0xd0 ./drivers_src/rs485.o
                0x0000291c                LEUART0_IRQHandler
 .text.GPIO_PinOutClear
                0x000029ec       0x58 ./drivers_src/spi.o
 .text.GPIO_PinOutSet
                0x00002a44       0x58 ./drivers_src/spi.o
 .text.USART_IntClear
                0x00002a9c       0x1c ./drivers_src/spi.o
 .text.spi_init
                0x00002ab8       0xbc ./drivers_src/spi.o
                0x00002ab8                spi_init
 .text.spi_enable
                0x00002b74       0x14 ./drivers_src/spi.o
                0x00002b74                spi_enable
 .text.spi_disable
                0x00002b88       0x14 ./drivers_src/spi.o
                0x00002b88                spi_disable
 .text.spi_cs_set
                0x00002b9c       0x40 ./drivers_src/spi.o
                0x00002b9c                spi_cs_set
 .text.spi_cs_clear
                0x00002bdc       0x8c ./drivers_src/spi.o
                0x00002bdc                spi_cs_clear
 .text.spi_read_write_byte
                0x00002c68       0x34 ./drivers_src/spi.o
                0x00002c68                spi_read_write_byte
 .text.spi_write_byte
                0x00002c9c       0x28 ./drivers_src/spi.o
                0x00002c9c                spi_write_byte
 .text.spi_read_byte
                0x00002cc4       0x2c ./drivers_src/spi.o
                0x00002cc4                spi_read_byte
 .text.BUS_RegBitWrite
                0x00002cf0       0x2c ./emlib/src/em_cmu.o
 .text.BUS_RegBitRead
                0x00002d1c       0x2c ./emlib/src/em_cmu.o
 .text.CMU_DivToLog2
                0x00002d48       0x34 ./emlib/src/em_cmu.o
 .text.SYSTEM_GetProdRev
                0x00002d7c       0x1c ./emlib/src/em_cmu.o
 .text.SYSTEM_GetFamily
                0x00002d98       0x20 ./emlib/src/em_cmu.o
 .text.maxFreqHfle
                0x00002db8       0x78 ./emlib/src/em_cmu.o
 .text.setHfLeConfig
                0x00002e30       0x60 ./emlib/src/em_cmu.o
 .text.getHfLeConfig
                0x00002e90       0x20 ./emlib/src/em_cmu.o
 .text.auxClkGet
                0x00002eb0       0xb0 ./emlib/src/em_cmu.o
 .text.dbgClkGet
                0x00002f60       0x40 ./emlib/src/em_cmu.o
 .text.flashWaitStateControl
                0x00002fa0       0xb8 ./emlib/src/em_cmu.o
 .text.flashWaitStateMax
                0x00003058       0x14 ./emlib/src/em_cmu.o
 .text.CMU_UpdateWaitStates
                0x0000306c       0x18 ./emlib/src/em_cmu.o
                0x0000306c                CMU_UpdateWaitStates
 .text.lfClkGet
                0x00003084       0xec ./emlib/src/em_cmu.o
 .text.syncReg  0x00003170       0x34 ./emlib/src/em_cmu.o
 .text.CMU_ClockDivSet
                0x000031a4      0x22c ./emlib/src/em_cmu.o
                0x000031a4                CMU_ClockDivSet
 .text.CMU_ClockEnable
                0x000033d0       0xd0 ./emlib/src/em_cmu.o
                0x000033d0                CMU_ClockEnable
 .text.CMU_ClockFreqGet
                0x000034a0      0x1c8 ./emlib/src/em_cmu.o
                0x000034a0                CMU_ClockFreqGet
 .text.CMU_ClockSelectGet
                0x00003668      0x124 ./emlib/src/em_cmu.o
                0x00003668                CMU_ClockSelectGet
 .text.CMU_ClockSelectSet
                0x0000378c      0x22c ./emlib/src/em_cmu.o
                0x0000378c                CMU_ClockSelectSet
 .text.CMU_HFRCOBandSet
                0x000039b8       0xe0 ./emlib/src/em_cmu.o
                0x000039b8                CMU_HFRCOBandSet
 .text.CMU_OscillatorEnable
                0x00003a98       0xbc ./emlib/src/em_cmu.o
                0x00003a98                CMU_OscillatorEnable
 .text.CORE_EnterAtomic
                0x00003b54       0x20 ./emlib/src/em_core.o
                0x00003b54                CORE_EnterAtomic
 .text.CORE_ExitAtomic
                0x00003b74       0x1c ./emlib/src/em_core.o
                0x00003b74                CORE_ExitAtomic
 .text.DMA_IRQHandler
                0x00003b90       0xd8 ./emlib/src/em_dma.o
                0x00003b90                DMA_IRQHandler
 .text.BUS_RegBitWrite
                0x00003c68       0x2c ./emlib/src/em_gpio.o
 .text.BUS_RegMaskedWrite
                0x00003c94       0x28 ./emlib/src/em_gpio.o
 .text.GPIO_PinOutClear
                0x00003cbc       0x58 ./emlib/src/em_gpio.o
 .text.GPIO_PinOutSet
                0x00003d14       0x58 ./emlib/src/em_gpio.o
 .text.GPIO_DriveModeSet
                0x00003d6c       0x70 ./emlib/src/em_gpio.o
                0x00003d6c                GPIO_DriveModeSet
 .text.GPIO_ExtIntConfig
                0x00003ddc       0xd4 ./emlib/src/em_gpio.o
                0x00003ddc                GPIO_ExtIntConfig
 .text.GPIO_PinModeSet
                0x00003eb0      0x10c ./emlib/src/em_gpio.o
                0x00003eb0                GPIO_PinModeSet
 .text.LEUART_Sync
                0x00003fbc       0x30 ./emlib/src/em_leuart.o
 .text.LEUART_BaudrateSet
                0x00003fec       0x80 ./emlib/src/em_leuart.o
                0x00003fec                LEUART_BaudrateSet
 .text.LEUART_Enable
                0x0000406c       0x58 ./emlib/src/em_leuart.o
                0x0000406c                LEUART_Enable
 .text.LEUART_FreezeEnable
                0x000040c4       0x34 ./emlib/src/em_leuart.o
                0x000040c4                LEUART_FreezeEnable
 .text.LEUART_Init
                0x000040f8       0x84 ./emlib/src/em_leuart.o
                0x000040f8                LEUART_Init
 .text.LEUART_Reset
                0x0000417c       0x70 ./emlib/src/em_leuart.o
                0x0000417c                LEUART_Reset
 .text.LEUART_Rx
                0x000041ec       0x28 ./emlib/src/em_leuart.o
                0x000041ec                LEUART_Rx
 .text.LEUART_Tx
                0x00004214       0x30 ./emlib/src/em_leuart.o
                0x00004214                LEUART_Tx
 .text.BUS_RegBitWrite
                0x00004244       0x2c ./emlib/src/em_rtc.o
 .text.RTC_CompareSet
                0x00004270       0x3c ./emlib/src/em_rtc.o
                0x00004270                RTC_CompareSet
 .text.RTC_Enable
                0x000042ac       0x20 ./emlib/src/em_rtc.o
                0x000042ac                RTC_Enable
 .text.RTC_Init
                0x000042cc       0x50 ./emlib/src/em_rtc.o
                0x000042cc                RTC_Init
 .text.SYSTEM_ChipRevisionGet
                0x0000431c       0x74 ./emlib/src/em_system.o
                0x0000431c                SYSTEM_ChipRevisionGet
 .text.TIMER_Valid
                0x00004390       0x50 ./emlib/src/em_timer.o
 .text.TIMER_Init
                0x000043e0       0xdc ./emlib/src/em_timer.o
                0x000043e0                TIMER_Init
 .text.USART_BaudrateAsyncSet
                0x000044bc       0xb0 ./emlib/src/em_usart.o
                0x000044bc                USART_BaudrateAsyncSet
 .text.USART_BaudrateSyncSet
                0x0000456c       0x40 ./emlib/src/em_usart.o
                0x0000456c                USART_BaudrateSyncSet
 .text.USART_Enable
                0x000045ac       0x58 ./emlib/src/em_usart.o
                0x000045ac                USART_Enable
 .text.USART_InitAsync
                0x00004604       0x9c ./emlib/src/em_usart.o
                0x00004604                USART_InitAsync
 .text.USART_InitSync
                0x000046a0       0xcc ./emlib/src/em_usart.o
                0x000046a0                USART_InitSync
 .text.USART_Reset
                0x0000476c       0x98 ./emlib/src/em_usart.o
                0x0000476c                USART_Reset
 .text.USART_Rx
                0x00004804       0x28 ./emlib/src/em_usart.o
                0x00004804                USART_Rx
 .text.USART_SpiTransfer
                0x0000482c       0x40 ./emlib/src/em_usart.o
                0x0000482c                USART_SpiTransfer
 .text.USART_Tx
                0x0000486c       0x2c ./emlib/src/em_usart.o
                0x0000486c                USART_Tx
 .text.disk_status
                0x00004898       0x44 ./fat_filesystem_src/diskio.o
                0x00004898                disk_status
 .text.disk_initialize
                0x000048dc       0x4c ./fat_filesystem_src/diskio.o
                0x000048dc                disk_initialize
 .text.disk_read
                0x00004928       0x50 ./fat_filesystem_src/diskio.o
                0x00004928                disk_read
 .text.disk_write
                0x00004978       0x50 ./fat_filesystem_src/diskio.o
                0x00004978                disk_write
 .text.disk_ioctl
                0x000049c8       0x50 ./fat_filesystem_src/diskio.o
                0x000049c8                disk_ioctl
 .text.ld_word  0x00004a18       0x30 ./fat_filesystem_src/ff.o
 .text.ld_dword
                0x00004a48       0x48 ./fat_filesystem_src/ff.o
 .text.st_word  0x00004a90       0x34 ./fat_filesystem_src/ff.o
 .text.st_dword
                0x00004ac4       0x58 ./fat_filesystem_src/ff.o
 .text.mem_cpy  0x00004b1c       0x40 ./fat_filesystem_src/ff.o
 .text.mem_set  0x00004b5c       0x34 ./fat_filesystem_src/ff.o
 .text.mem_cmp  0x00004b90       0x50 ./fat_filesystem_src/ff.o
 .text.chk_chr  0x00004be0       0x38 ./fat_filesystem_src/ff.o
 .text.sync_window
                0x00004c18       0x8c ./fat_filesystem_src/ff.o
 .text.move_window
                0x00004ca4       0x5c ./fat_filesystem_src/ff.o
 .text.sync_fs  0x00004d00       0xdc ./fat_filesystem_src/ff.o
 .text.clust2sect
                0x00004ddc       0x40 ./fat_filesystem_src/ff.o
 .text.get_fat  0x00004e1c      0x140 ./fat_filesystem_src/ff.o
 .text.put_fat  0x00004f5c      0x1bc ./fat_filesystem_src/ff.o
 .text.remove_chain
                0x00005118       0xc8 ./fat_filesystem_src/ff.o
 .text.create_chain
                0x000051e0      0x134 ./fat_filesystem_src/ff.o
 .text.dir_sdi  0x00005314       0xf4 ./fat_filesystem_src/ff.o
 .text.dir_next
                0x00005408      0x188 ./fat_filesystem_src/ff.o
 .text.dir_alloc
                0x00005590       0x90 ./fat_filesystem_src/ff.o
 .text.ld_clust
                0x00005620       0x40 ./fat_filesystem_src/ff.o
 .text.st_clust
                0x00005660       0x40 ./fat_filesystem_src/ff.o
 .text.dir_find
                0x000056a0       0xa8 ./fat_filesystem_src/ff.o
 .text.dir_register
                0x00005748       0x68 ./fat_filesystem_src/ff.o
 .text.create_name
                0x000057b0      0x1a0 ./fat_filesystem_src/ff.o
 .text.follow_path
                0x00005950       0xdc ./fat_filesystem_src/ff.o
 .text.get_ldnumber
                0x00005a2c       0x88 ./fat_filesystem_src/ff.o
 .text.check_fs
                0x00005ab4       0xa8 ./fat_filesystem_src/ff.o
 .text.find_volume
                0x00005b5c      0x474 ./fat_filesystem_src/ff.o
 .text.validate
                0x00005fd0       0x68 ./fat_filesystem_src/ff.o
 .text.f_mount  0x00006038       0x88 ./fat_filesystem_src/ff.o
                0x00006038                f_mount
 .text.f_open   0x000060c0      0x320 ./fat_filesystem_src/ff.o
                0x000060c0                f_open
 .text.f_write  0x000063e0      0x2d8 ./fat_filesystem_src/ff.o
                0x000063e0                f_write
 .text.f_sync   0x000066b8      0x108 ./fat_filesystem_src/ff.o
                0x000066b8                f_sync
 .text.f_close  0x000067c0       0x40 ./fat_filesystem_src/ff.o
                0x000067c0                f_close
 .text.putc_bfd
                0x00006800       0x78 ./fat_filesystem_src/ff.o
 .text.putc_flush
                0x00006878       0x54 ./fat_filesystem_src/ff.o
 .text.putc_init
                0x000068cc       0x28 ./fat_filesystem_src/ff.o
 .text.f_puts   0x000068f4       0x48 ./fat_filesystem_src/ff.o
                0x000068f4                f_puts
 .text.get_fattime
                0x0000693c       0x14 ./fat_filesystem_src/ff.o
                0x0000693c                get_fattime
 .text.fifo_rs232_init
                0x00006950       0x48 ./fifo_buffers_src/fifo_rs232.o
                0x00006950                fifo_rs232_init
 .text.fifo_rs232_is_empty
                0x00006998       0x4c ./fifo_buffers_src/fifo_rs232.o
                0x00006998                fifo_rs232_is_empty
 .text.fifo_rs232_is_full
                0x000069e4       0x50 ./fifo_buffers_src/fifo_rs232.o
                0x000069e4                fifo_rs232_is_full
 .text.fifo_rs232_remove
                0x00006a34       0xbc ./fifo_buffers_src/fifo_rs232.o
                0x00006a34                fifo_rs232_remove
 .text.fifo_rs232_add
                0x00006af0       0xb0 ./fifo_buffers_src/fifo_rs232.o
                0x00006af0                fifo_rs232_add
 .text.fifo_tbr_init
                0x00006ba0       0x68 ./fifo_buffers_src/fifo_tbr.o
                0x00006ba0                fifo_tbr_init
 .text.fifo_tbr_is_empty
                0x00006c08       0x6c ./fifo_buffers_src/fifo_tbr.o
                0x00006c08                fifo_tbr_is_empty
 .text.fifo_tbr_is_full
                0x00006c74       0x6c ./fifo_buffers_src/fifo_tbr.o
                0x00006c74                fifo_tbr_is_full
 .text.fifo_tbr_remove
                0x00006ce0      0x108 ./fifo_buffers_src/fifo_tbr.o
                0x00006ce0                fifo_tbr_remove
 .text.fifo_tbr_add
                0x00006de8       0xf8 ./fifo_buffers_src/fifo_tbr.o
                0x00006de8                fifo_tbr_add
 .text.debug_led
                0x00006ee0       0x28 ./hal/debug.o
                0x00006ee0                debug_led
 .text.debug_str
                0x00006f08       0x28 ./hal/debug.o
                0x00006f08                debug_str
 .text.NVIC_EnableIRQ
                0x00006f30       0x30 ./hal/hal.o
 .text.NVIC_ClearPendingIRQ
                0x00006f60       0x34 ./hal/hal.o
 .text.NVIC_SystemReset
                0x00006f94       0x28 ./hal/hal.o
 .text.GPIO_IntClear
                0x00006fbc       0x20 ./hal/hal.o
 .text.GPIO_IntGetEnabled
                0x00006fdc       0x28 ./hal/hal.o
 .text.GPIO_PinOutSet
                0x00007004       0x58 ./hal/hal.o
 .text.GPIO_IntConfig
                0x0000705c       0x38 ./hal/hal.o
 .text.RTC_CounterGet
                0x00007094       0x18 ./hal/hal.o
 .text.RTC_IntClear
                0x000070ac       0x1c ./hal/hal.o
 .text.RTC_IntDisable
                0x000070c8       0x24 ./hal/hal.o
 .text.RTC_IntEnable
                0x000070ec       0x24 ./hal/hal.o
 .text.RTC_IntGet
                0x00007110       0x18 ./hal/hal.o
 .text.time_manager_init
                0x00007128       0x38 ./hal/hal.o
                0x00007128                time_manager_init
 .text.time_manager_unixTimestamp
                0x00007160      0x118 ./hal/hal.o
                0x00007160                time_manager_unixTimestamp
 .text.time_manager_get_cmd
                0x00007278       0x18 ./hal/hal.o
                0x00007278                time_manager_get_cmd
 .text.GPIO_EVEN_IRQHandler
                0x00007290       0xb4 ./hal/hal.o
                0x00007290                GPIO_EVEN_IRQHandler
 .text.GPIO_ODD_IRQHandler
                0x00007344       0x34 ./hal/hal.o
                0x00007344                GPIO_ODD_IRQHandler
 .text.hal_io_init
                0x00007378       0xbc ./hal/hal.o
 .text.hal_pin_rxtx
                0x00007434       0x14 ./hal/hal.o
                0x00007434                hal_pin_rxtx
 .text.hal_pin_nss
                0x00007448       0x24 ./hal/hal.o
                0x00007448                hal_pin_nss
 .text.hal_pin_rst
                0x0000746c       0x18 ./hal/hal.o
                0x0000746c                hal_pin_rst
 .text.hal_spi_init
                0x00007484       0x10 ./hal/hal.o
 .text.hal_spi  0x00007494       0x24 ./hal/hal.o
                0x00007494                hal_spi
 .text.RTC_IRQHandler
                0x000074b8       0x34 ./hal/hal.o
                0x000074b8                RTC_IRQHandler
 .text.hal_time_init
                0x000074ec       0x84 ./hal/hal.o
 .text.hal_ticks
                0x00007570       0x4c ./hal/hal.o
                0x00007570                hal_ticks
 .text.deltaticks
                0x000075bc       0x3c ./hal/hal.o
 .text.hal_waitUntil
                0x000075f8       0x1c ./hal/hal.o
                0x000075f8                hal_waitUntil
 .text.hal_checkTimer
                0x00007614       0x4c ./hal/hal.o
                0x00007614                hal_checkTimer
 .text.hal_disableIRQs
                0x00007660       0x40 ./hal/hal.o
                0x00007660                hal_disableIRQs
 .text.hal_enableIRQs
                0x000076a0       0x38 ./hal/hal.o
                0x000076a0                hal_enableIRQs
 .text.hal_sleep
                0x000076d8        0xc ./hal/hal.o
                0x000076d8                hal_sleep
 .text.hal_init
                0x000076e4       0x28 ./hal/hal.o
                0x000076e4                hal_init
 .text.hal_failed
                0x0000770c       0x74 ./hal/hal.o
                0x0000770c                hal_failed
 .text.aesroundkeys
                0x00007780       0xf4 ./lmic/aes.o
 .text.os_aes   0x00007874      0x99c ./lmic/aes.o
                0x00007874                os_aes
 .text.getSf    0x00008210       0x20 ./lmic/lmic.o
                0x00008210                getSf
 .text.getBw    0x00008230       0x24 ./lmic/lmic.o
                0x00008230                getBw
 .text.getCr    0x00008254       0x24 ./lmic/lmic.o
                0x00008254                getCr
 .text.setCr    0x00008278       0x30 ./lmic/lmic.o
                0x00008278                setCr
 .text.getNocrc
                0x000082a8       0x20 ./lmic/lmic.o
                0x000082a8                getNocrc
 .text.setNocrc
                0x000082c8       0x2c ./lmic/lmic.o
                0x000082c8                setNocrc
 .text.getIh    0x000082f4       0x20 ./lmic/lmic.o
                0x000082f4                getIh
 .text.updr2rps
                0x00008314       0x24 ./lmic/lmic.o
                0x00008314                updr2rps
 .text.dndr2rps
                0x00008338       0x28 ./lmic/lmic.o
                0x00008338                dndr2rps
 .text.decDR    0x00008360       0x30 ./lmic/lmic.o
                0x00008360                decDR
 .text.validDR  0x00008390       0x2c ./lmic/lmic.o
                0x00008390                validDR
 .text.lowerDR  0x000083bc       0x34 ./lmic/lmic.o
                0x000083bc                lowerDR
 .text.os_rlsbf2
                0x000083f0       0x2c ./lmic/lmic.o
                0x000083f0                os_rlsbf2
 .text.os_rlsbf4
                0x0000841c       0x3c ./lmic/lmic.o
                0x0000841c                os_rlsbf4
 .text.os_rmsbf4
                0x00008458       0x3c ./lmic/lmic.o
                0x00008458                os_rmsbf4
 .text.os_wlsbf2
                0x00008494       0x2c ./lmic/lmic.o
                0x00008494                os_wlsbf2
 .text.os_wlsbf4
                0x000084c0       0x40 ./lmic/lmic.o
                0x000084c0                os_wlsbf4
 .text.os_wmsbf4
                0x00008500       0x40 ./lmic/lmic.o
                0x00008500                os_wmsbf4
 .text.os_getBattLevel
                0x00008540       0x10 ./lmic/lmic.o
                0x00008540                os_getBattLevel
 .text.micB0    0x00008550       0x60 ./lmic/lmic.o
 .text.aes_verifyMic
                0x000085b0       0x58 ./lmic/lmic.o
 .text.aes_appendMic
                0x00008608       0x4c ./lmic/lmic.o
 .text.aes_appendMic0
                0x00008654       0x38 ./lmic/lmic.o
 .text.aes_verifyMic0
                0x0000868c       0x44 ./lmic/lmic.o
 .text.aes_encrypt
                0x000086d0       0x28 ./lmic/lmic.o
 .text.aes_cipher
                0x000086f8       0x84 ./lmic/lmic.o
 .text.aes_sessKeys
                0x0000877c       0x78 ./lmic/lmic.o
 .text.getSensitivity
                0x000087f4       0x40 ./lmic/lmic.o
                0x000087f4                getSensitivity
 .text.calcAirTime
                0x00008834      0x124 ./lmic/lmic.o
                0x00008834                calcAirTime
 .text.rndDelay
                0x00008958       0x64 ./lmic/lmic.o
 .text.txDelay  0x000089bc       0x58 ./lmic/lmic.o
 .text.setDrJoin
                0x00008a14       0x28 ./lmic/lmic.o
 .text.setDrTxpow
                0x00008a3c       0x58 ./lmic/lmic.o
 .text.initDefaultChannels
                0x00008a94      0x120 ./lmic/lmic.o
 .text.LMIC_setupBand
                0x00008bb4       0x5c ./lmic/lmic.o
                0x00008bb4                LMIC_setupBand
 .text.LMIC_setupChannel
                0x00008c10       0xf8 ./lmic/lmic.o
                0x00008c10                LMIC_setupChannel
 .text.LMIC_disableChannel
                0x00008d08       0x54 ./lmic/lmic.o
                0x00008d08                LMIC_disableChannel
 .text.convFreq
                0x00008d5c       0x44 ./lmic/lmic.o
 .text.mapChannels
                0x00008da0       0x90 ./lmic/lmic.o
 .text.updateTx
                0x00008e30       0x90 ./lmic/lmic.o
 .text.nextTx   0x00008ec0      0x138 ./lmic/lmic.o
 .text.initJoinLoop
                0x00008ff8       0x6c ./lmic/lmic.o
 .text.nextJoinState
                0x00009064       0xcc ./lmic/lmic.o
 .text.runEngineUpdate
                0x00009130       0x14 ./lmic/lmic.o
 .text.reportEvent
                0x00009144       0x1c ./lmic/lmic.o
 .text.runReset
                0x00009160       0x1c ./lmic/lmic.o
 .text.stateJustJoined
                0x0000917c       0xb0 ./lmic/lmic.o
 .text.decodeFrame
                0x0000922c      0x57c ./lmic/lmic.o
 .text.setupRx2
                0x000097a8       0x40 ./lmic/lmic.o
 .text.schedRx2
                0x000097e8       0x50 ./lmic/lmic.o
 .text.setupRx1
                0x00009838       0x44 ./lmic/lmic.o
 .text.txDone   0x0000987c       0x70 ./lmic/lmic.o
 .text.onJoinFailed
                0x000098ec       0x14 ./lmic/lmic.o
 .text.processJoinAccept
                0x00009900      0x25c ./lmic/lmic.o
 .text.processRx2Jacc
                0x00009b5c       0x28 ./lmic/lmic.o
 .text.setupRx2Jacc
                0x00009b84       0x20 ./lmic/lmic.o
 .text.processRx1Jacc
                0x00009ba4       0x34 ./lmic/lmic.o
 .text.setupRx1Jacc
                0x00009bd8       0x18 ./lmic/lmic.o
 .text.jreqDone
                0x00009bf0       0x1c ./lmic/lmic.o
 .text.processRx2DnDataDelay
                0x00009c0c       0x14 ./lmic/lmic.o
 .text.processRx2DnData
                0x00009c20       0x50 ./lmic/lmic.o
 .text.setupRx2DnData
                0x00009c70       0x20 ./lmic/lmic.o
 .text.processRx1DnData
                0x00009c90       0x34 ./lmic/lmic.o
 .text.setupRx1DnData
                0x00009cc4       0x18 ./lmic/lmic.o
 .text.updataDone
                0x00009cdc       0x1c ./lmic/lmic.o
 .text.buildDataFrame
                0x00009cf8      0x330 ./lmic/lmic.o
 .text.buildJoinRequest
                0x0000a028       0x6c ./lmic/lmic.o
 .text.startJoining
                0x0000a094       0x14 ./lmic/lmic.o
 .text.LMIC_startJoining
                0x0000a0a8       0x94 ./lmic/lmic.o
                0x0000a0a8                LMIC_startJoining
 .text.processDnData
                0x0000a13c      0x1a0 ./lmic/lmic.o
 .text.engineUpdate
                0x0000a2dc      0x214 ./lmic/lmic.o
 .text.LMIC_setAdrMode
                0x0000a4f0       0x2c ./lmic/lmic.o
                0x0000a4f0                LMIC_setAdrMode
 .text.LMIC_setDrTxpow
                0x0000a51c       0x28 ./lmic/lmic.o
                0x0000a51c                LMIC_setDrTxpow
 .text.LMIC_reset
                0x0000a544       0x74 ./lmic/lmic.o
                0x0000a544                LMIC_reset
 .text.LMIC_init
                0x0000a5b8       0x18 ./lmic/lmic.o
                0x0000a5b8                LMIC_init
 .text.LMIC_setTxData
                0x0000a5d0       0x38 ./lmic/lmic.o
                0x0000a5d0                LMIC_setTxData
 .text.LMIC_setTxData2
                0x0000a608       0x64 ./lmic/lmic.o
                0x0000a608                LMIC_setTxData2
 .text.os_init  0x0000a66c       0x20 ./lmic/oslmic.o
                0x0000a66c                os_init
 .text.os_getTime
                0x0000a68c       0x10 ./lmic/oslmic.o
                0x0000a68c                os_getTime
 .text.unlinkjob
                0x0000a69c       0x40 ./lmic/oslmic.o
 .text.os_clearCallback
                0x0000a6dc       0x3c ./lmic/oslmic.o
                0x0000a6dc                os_clearCallback
 .text.os_setCallback
                0x0000a718       0x48 ./lmic/oslmic.o
                0x0000a718                os_setCallback
 .text.os_setTimedCallback
                0x0000a760       0x68 ./lmic/oslmic.o
                0x0000a760                os_setTimedCallback
 .text.os_runloop
                0x0000a7c8       0x6c ./lmic/oslmic.o
                0x0000a7c8                os_runloop
 .text.writeReg
                0x0000a834       0x38 ./lmic/radio.o
 .text.readReg  0x0000a86c       0x38 ./lmic/radio.o
 .text.writeBuf
                0x0000a8a4       0x54 ./lmic/radio.o
 .text.readBuf  0x0000a8f8       0x54 ./lmic/radio.o
 .text.opmode   0x0000a94c       0x30 ./lmic/radio.o
 .text.opmodeLora
                0x0000a97c       0x24 ./lmic/radio.o
 .text.opmodeFSK
                0x0000a9a0       0x24 ./lmic/radio.o
 .text.configLoraModem
                0x0000a9c4      0x150 ./lmic/radio.o
 .text.configChannel
                0x0000ab14       0x7c ./lmic/radio.o
 .text.configPower
                0x0000ab90       0x60 ./lmic/radio.o
 .text.txfsk    0x0000abf0       0xd8 ./lmic/radio.o
 .text.txlora   0x0000acc8       0xb4 ./lmic/radio.o
 .text.starttx  0x0000ad7c       0x38 ./lmic/radio.o
 .text.rxlora   0x0000adb4       0xd8 ./lmic/radio.o
 .text.rxfsk    0x0000ae8c       0xe0 ./lmic/radio.o
 .text.startrx  0x0000af6c       0x4c ./lmic/radio.o
 .text.radio_init
                0x0000afb8      0x16c ./lmic/radio.o
                0x0000afb8                radio_init
 .text.radio_rand1
                0x0000b124       0x4c ./lmic/radio.o
                0x0000b124                radio_rand1
 .text.radio_irq_handler
                0x0000b170      0x1ac ./lmic/radio.o
                0x0000b170                radio_irq_handler
 .text.os_radio
                0x0000b31c       0x54 ./lmic/radio.o
                0x0000b31c                os_radio
 .text.file_sys_setup
                0x0000b370       0xf8 ./resource managers_src/app_manager.o
                0x0000b370                file_sys_setup
 .text.tbr_cmd_update_rgb_led
                0x0000b468       0x54 ./resource managers_src/app_manager.o
                0x0000b468                tbr_cmd_update_rgb_led
 .text.app_manager_init
                0x0000b4bc      0x218 ./resource managers_src/app_manager.o
                0x0000b4bc                app_manager_init
 .text.app_manager_tbr_synch_msg
                0x0000b6d4      0x238 ./resource managers_src/app_manager.o
                0x0000b6d4                app_manager_tbr_synch_msg
 .text.app_manager_get_nav_data
                0x0000b90c       0x18 ./resource managers_src/app_manager.o
                0x0000b90c                app_manager_get_nav_data
 .text.SYSTEM_GetProdRev
                0x0000b924       0x1c ./src/main.o
 .text.CHIP_Init
                0x0000b940       0x3c ./src/main.o
 .text.os_getArtEui
                0x0000b97c       0x1c ./src/main.o
                0x0000b97c                os_getArtEui
 .text.os_getDevEui
                0x0000b998       0x1c ./src/main.o
                0x0000b998                os_getDevEui
 .text.os_getDevKey
                0x0000b9b4       0x1c ./src/main.o
                0x0000b9b4                os_getDevKey
 .text.tx_function
                0x0000b9d0       0xa4 ./src/main.o
 .text.initfunc
                0x0000ba74       0x18 ./src/main.o
 .text.blinkfunc
                0x0000ba8c       0xd0 ./src/main.o
 .text.main     0x0000bb5c       0x8c ./src/main.o
                0x0000bb5c                main
 .text.onEvent  0x0000bbe8       0xd0 ./src/main.o
                0x0000bbe8                onEvent
 .text          0x0000bcb8       0x30 c:/siliconlabs/simplicitystudio/v4/developer/toolchains/gnu_arm/4.9_2015q3/bin/../lib/gcc/arm-none-eabi/4.9.3/armv7-m\libgcc.a(_aeabi_uldivmod.o)
                0x0000bcb8                __aeabi_uldivmod
 .text          0x0000bce8       0x60 c:/siliconlabs/simplicitystudio/v4/developer/toolchains/gnu_arm/4.9_2015q3/bin/../lib/gcc/arm-none-eabi/4.9.3/armv7-m\libgcc.a(bpabi.o)
                0x0000bce8                __gnu_ldivmod_helper
                0x0000bd18                __gnu_uldivmod_helper
 .text          0x0000bd48        0x4 c:/siliconlabs/simplicitystudio/v4/developer/toolchains/gnu_arm/4.9_2015q3/bin/../lib/gcc/arm-none-eabi/4.9.3/armv7-m\libgcc.a(_dvmd_tls.o)
                0x0000bd48                __aeabi_idiv0
                0x0000bd48                __aeabi_ldiv0
 .text          0x0000bd4c      0x2ac c:/siliconlabs/simplicitystudio/v4/developer/toolchains/gnu_arm/4.9_2015q3/bin/../lib/gcc/arm-none-eabi/4.9.3/armv7-m\libgcc.a(_divdi3.o)
                0x0000bd4c                __divdi3
 .text          0x0000bff8      0x270 c:/siliconlabs/simplicitystudio/v4/developer/toolchains/gnu_arm/4.9_2015q3/bin/../lib/gcc/arm-none-eabi/4.9.3/armv7-m\libgcc.a(_udivdi3.o)
                0x0000bff8                __udivdi3
 .text.exit     0x0000c268       0x28 c:/siliconlabs/simplicitystudio/v4/developer/toolchains/gnu_arm/4.9_2015q3/bin/../lib/gcc/arm-none-eabi/4.9.3/../../../../arm-none-eabi/lib/armv7-m\libc_nano.a(lib_a-exit.o)
                0x0000c268                exit
 .text.__libc_init_array
                0x0000c290       0x4c c:/siliconlabs/simplicitystudio/v4/developer/toolchains/gnu_arm/4.9_2015q3/bin/../lib/gcc/arm-none-eabi/4.9.3/../../../../arm-none-eabi/lib/armv7-m\libc_nano.a(lib_a-init.o)
                0x0000c290                __libc_init_array
 .text.memcpy   0x0000c2dc       0x16 c:/siliconlabs/simplicitystudio/v4/developer/toolchains/gnu_arm/4.9_2015q3/bin/../lib/gcc/arm-none-eabi/4.9.3/../../../../arm-none-eabi/lib/armv7-m\libc_nano.a(lib_a-memcpy.o)
                0x0000c2dc                memcpy
 .text.memset   0x0000c2f2       0x10 c:/siliconlabs/simplicitystudio/v4/developer/toolchains/gnu_arm/4.9_2015q3/bin/../lib/gcc/arm-none-eabi/4.9.3/../../../../arm-none-eabi/lib/armv7-m\libc_nano.a(lib_a-memset.o)
                0x0000c2f2                memset
 *fill*         0x0000c302        0x2 
 .text.sprintf  0x0000c304       0x48 c:/siliconlabs/simplicitystudio/v4/developer/toolchains/gnu_arm/4.9_2015q3/bin/../lib/gcc/arm-none-eabi/4.9.3/../../../../arm-none-eabi/lib/armv7-m\libc_nano.a(lib_a-sprintf.o)
                0x0000c304                siprintf
                0x0000c304                sprintf
 .text.strchr   0x0000c34c       0x1c c:/siliconlabs/simplicitystudio/v4/developer/toolchains/gnu_arm/4.9_2015q3/bin/../lib/gcc/arm-none-eabi/4.9.3/../../../../arm-none-eabi/lib/armv7-m\libc_nano.a(lib_a-strchr.o)
                0x0000c34c                strchr
 .text.strlen   0x0000c368       0x10 c:/siliconlabs/simplicitystudio/v4/developer/toolchains/gnu_arm/4.9_2015q3/bin/../lib/gcc/arm-none-eabi/4.9.3/../../../../arm-none-eabi/lib/armv7-m\libc_nano.a(lib_a-strlen.o)
                0x0000c368                strlen
 .text.strstr   0x0000c378       0x30 c:/siliconlabs/simplicitystudio/v4/developer/toolchains/gnu_arm/4.9_2015q3/bin/../lib/gcc/arm-none-eabi/4.9.3/../../../../arm-none-eabi/lib/armv7-m\libc_nano.a(lib_a-strstr.o)
                0x0000c378                strstr
 .text.strtok   0x0000c3a8       0x64 c:/siliconlabs/simplicitystudio/v4/developer/toolchains/gnu_arm/4.9_2015q3/bin/../lib/gcc/arm-none-eabi/4.9.3/../../../../arm-none-eabi/lib/armv7-m\libc_nano.a(lib_a-strtok.o)
                0x0000c3a8                strtok
 .text.__strtok_r
                0x0000c40c       0x56 c:/siliconlabs/simplicitystudio/v4/developer/toolchains/gnu_arm/4.9_2015q3/bin/../lib/gcc/arm-none-eabi/4.9.3/../../../../arm-none-eabi/lib/armv7-m\libc_nano.a(lib_a-strtok_r.o)
                0x0000c40c                __strtok_r
 *fill*         0x0000c462        0x2 
 .text.malloc   0x0000c464       0x10 c:/siliconlabs/simplicitystudio/v4/developer/toolchains/gnu_arm/4.9_2015q3/bin/../lib/gcc/arm-none-eabi/4.9.3/../../../../arm-none-eabi/lib/armv7-m\libc_nano.a(lib_a-malloc.o)
                0x0000c464                malloc
 .text._free_r  0x0000c474       0x88 c:/siliconlabs/simplicitystudio/v4/developer/toolchains/gnu_arm/4.9_2015q3/bin/../lib/gcc/arm-none-eabi/4.9.3/../../../../arm-none-eabi/lib/armv7-m\libc_nano.a(lib_a-nano-freer.o)
                0x0000c474                _free_r
 .text._malloc_r
                0x0000c4fc       0xac c:/siliconlabs/simplicitystudio/v4/developer/toolchains/gnu_arm/4.9_2015q3/bin/../lib/gcc/arm-none-eabi/4.9.3/../../../../arm-none-eabi/lib/armv7-m\libc_nano.a(lib_a-nano-mallocr.o)
                0x0000c4fc                _malloc_r
 .text.__ssputs_r
                0x0000c5a8       0xb2 c:/siliconlabs/simplicitystudio/v4/developer/toolchains/gnu_arm/4.9_2015q3/bin/../lib/gcc/arm-none-eabi/4.9.3/../../../../arm-none-eabi/lib/armv7-m\libc_nano.a(lib_a-nano-svfprintf.o)
                0x0000c5a8                __ssputs_r
 *fill*         0x0000c65a        0x2 
 .text._svfprintf_r
                0x0000c65c      0x1e4 c:/siliconlabs/simplicitystudio/v4/developer/toolchains/gnu_arm/4.9_2015q3/bin/../lib/gcc/arm-none-eabi/4.9.3/../../../../arm-none-eabi/lib/armv7-m\libc_nano.a(lib_a-nano-svfprintf.o)
                0x0000c65c                _svfiprintf_r
                0x0000c65c                _svfprintf_r
 .text._printf_common
                0x0000c840       0xea c:/siliconlabs/simplicitystudio/v4/developer/toolchains/gnu_arm/4.9_2015q3/bin/../lib/gcc/arm-none-eabi/4.9.3/../../../../arm-none-eabi/lib/armv7-m\libc_nano.a(lib_a-nano-vfprintf_i.o)
                0x0000c840                _printf_common
 *fill*         0x0000c92a        0x2 
 .text._printf_i
                0x0000c92c      0x240 c:/siliconlabs/simplicitystudio/v4/developer/toolchains/gnu_arm/4.9_2015q3/bin/../lib/gcc/arm-none-eabi/4.9.3/../../../../arm-none-eabi/lib/armv7-m\libc_nano.a(lib_a-nano-vfprintf_i.o)
                0x0000c92c                _printf_i
 .text._sbrk_r  0x0000cb6c       0x20 c:/siliconlabs/simplicitystudio/v4/developer/toolchains/gnu_arm/4.9_2015q3/bin/../lib/gcc/arm-none-eabi/4.9.3/../../../../arm-none-eabi/lib/armv7-m\libc_nano.a(lib_a-sbrkr.o)
                0x0000cb6c                _sbrk_r
 .text.memchr   0x0000cb8c       0x1c c:/siliconlabs/simplicitystudio/v4/developer/toolchains/gnu_arm/4.9_2015q3/bin/../lib/gcc/arm-none-eabi/4.9.3/../../../../arm-none-eabi/lib/armv7-m\libc_nano.a(lib_a-memchr.o)
                0x0000cb8c                memchr
 .text.memmove  0x0000cba8       0x36 c:/siliconlabs/simplicitystudio/v4/developer/toolchains/gnu_arm/4.9_2015q3/bin/../lib/gcc/arm-none-eabi/4.9.3/../../../../arm-none-eabi/lib/armv7-m\libc_nano.a(lib_a-memmove.o)
                0x0000cba8                memmove
 .text._realloc_r
                0x0000cbde       0x4c c:/siliconlabs/simplicitystudio/v4/developer/toolchains/gnu_arm/4.9_2015q3/bin/../lib/gcc/arm-none-eabi/4.9.3/../../../../arm-none-eabi/lib/armv7-m\libc_nano.a(lib_a-nano-reallocr.o)
                0x0000cbde                _realloc_r
 .text._malloc_usable_size_r
                0x0000cc2a       0x14 c:/siliconlabs/simplicitystudio/v4/developer/toolchains/gnu_arm/4.9_2015q3/bin/../lib/gcc/arm-none-eabi/4.9.3/../../../../arm-none-eabi/lib/armv7-m\libc_nano.a(lib_a-nano-msizer.o)
                0x0000cc2a                _malloc_usable_size_r
 *fill*         0x0000cc3e        0x2 
 .text._sbrk    0x0000cc40       0x1c c:/siliconlabs/simplicitystudio/v4/developer/toolchains/gnu_arm/4.9_2015q3/bin/../lib/gcc/arm-none-eabi/4.9.3/../../../../arm-none-eabi/lib/armv7-m\libnosys.a(sbrk.o)
                0x0000cc40                _sbrk
 .text._exit    0x0000cc5c        0x4 c:/siliconlabs/simplicitystudio/v4/developer/toolchains/gnu_arm/4.9_2015q3/bin/../lib/gcc/arm-none-eabi/4.9.3/../../../../arm-none-eabi/lib/armv7-m\libnosys.a(_exit.o)
                0x0000cc5c                _exit
 *(.init)
 .init          0x0000cc60        0x4 c:/siliconlabs/simplicitystudio/v4/developer/toolchains/gnu_arm/4.9_2015q3/bin/../lib/gcc/arm-none-eabi/4.9.3/armv7-m/crti.o
                0x0000cc60                _init
 .init          0x0000cc64        0x8 c:/siliconlabs/simplicitystudio/v4/developer/toolchains/gnu_arm/4.9_2015q3/bin/../lib/gcc/arm-none-eabi/4.9.3/armv7-m/crtn.o
 *(.fini)
 .fini          0x0000cc6c        0x4 c:/siliconlabs/simplicitystudio/v4/developer/toolchains/gnu_arm/4.9_2015q3/bin/../lib/gcc/arm-none-eabi/4.9.3/armv7-m/crti.o
                0x0000cc6c                _fini
 .fini          0x0000cc70        0x8 c:/siliconlabs/simplicitystudio/v4/developer/toolchains/gnu_arm/4.9_2015q3/bin/../lib/gcc/arm-none-eabi/4.9.3/armv7-m/crtn.o
 *crtbegin.o(.ctors)
 *crtbegin?.o(.ctors)
 *(EXCLUDE_FILE(*crtend.o *crtend?.o) .ctors)
 *(SORT(.ctors.*))
 *(.ctors)
 *crtbegin.o(.dtors)
 *crtbegin?.o(.dtors)
 *(EXCLUDE_FILE(*crtend.o *crtend?.o) .dtors)
 *(SORT(.dtors.*))
 *(.dtors)
 *(.rodata*)
 .rodata        0x0000cc78       0x26 ./devices_src/tbr.o
 *fill*         0x0000cc9e        0x2 
 .rodata.nav_pvt_gps_data
                0x0000cca0        0x8 ./devices_src/ublox_gps.o
 .rodata.cfg_prt_spi
                0x0000cca8       0x1c ./devices_src/ublox_gps.o
 .rodata.cfg_prt_usb
                0x0000ccc4       0x1c ./devices_src/ublox_gps.o
 .rodata.cfg_prt_ddc
                0x0000cce0       0x1c ./devices_src/ublox_gps.o
 .rodata.cfg_pm2_on_off
                0x0000ccfc       0x34 ./devices_src/ublox_gps.o
 .rodata.cfg_sbas_disable
                0x0000cd30       0x10 ./devices_src/ublox_gps.o
 .rodata.cfg_rxm_psm_mode
                0x0000cd40        0xa ./devices_src/ublox_gps.o
 *fill*         0x0000cd4a        0x2 
 .rodata.cfg_rxm_poll_psm
                0x0000cd4c        0x8 ./devices_src/ublox_gps.o
 .rodata        0x0000cd54       0x1f ./devices_src/ublox_gps.o
 *fill*         0x0000cd73        0x1 
 .rodata        0x0000cd74       0x18 ./drivers_src/rs232.o
 .rodata        0x0000cd8c       0x18 ./drivers_src/spi.o
 .rodata        0x0000cda4        0xf ./fat_filesystem_src/ff.o
 *fill*         0x0000cdb3        0x1 
 .rodata        0x0000cdb4       0x23 ./hal/hal.o
 *fill*         0x0000cdd7        0x1 
 .rodata.AES_RCON
                0x0000cdd8       0x28 ./lmic/aes.o
 .rodata.AES_S  0x0000ce00      0x100 ./lmic/aes.o
 .rodata.AES_E1
                0x0000cf00      0x400 ./lmic/aes.o
 .rodata.AES_E2
                0x0000d300      0x400 ./lmic/aes.o
 .rodata.AES_E3
                0x0000d700      0x400 ./lmic/aes.o
 .rodata.AES_E4
                0x0000db00      0x400 ./lmic/aes.o
 .rodata._DR2RPS_CRC
                0x0000df00        0xa ./lmic/lmic.o
                0x0000df00                _DR2RPS_CRC
 *fill*         0x0000df0a        0x2 
 .rodata.TXPOWLEVELS
                0x0000df0c       0x10 ./lmic/lmic.o
 .rodata.SENSITIVITY
                0x0000df1c       0x15 ./lmic/lmic.o
 *fill*         0x0000df31        0x3 
 .rodata.DRADJUST
                0x0000df34        0xa ./lmic/lmic.o
 *fill*         0x0000df3e        0x2 
 .rodata.DR2HSYM_osticks
                0x0000df40       0x20 ./lmic/lmic.o
 .rodata.iniChannelFreq
                0x0000df60       0x30 ./lmic/lmic.o
 .rodata.rxlorairqmask
                0x0000df90        0x3 ./lmic/radio.o
 *fill*         0x0000df93        0x1 
 .rodata.LORA_RXDONE_FIXUP
                0x0000df94        0xe ./lmic/radio.o
 *fill*         0x0000dfa2        0x2 
 .rodata        0x0000dfa4      0x260 ./resource managers_src/app_manager.o
 .rodata.APPEUI
                0x0000e204        0x8 ./src/main.o
 .rodata.DEVEUI
                0x0000e20c        0x8 ./src/main.o
 .rodata.DEVKEY
                0x0000e214       0x10 ./src/main.o
 .rodata        0x0000e224      0x155 ./src/main.o
 .rodata.str1.1
                0x0000e379        0x2 c:/siliconlabs/simplicitystudio/v4/developer/toolchains/gnu_arm/4.9_2015q3/bin/../lib/gcc/arm-none-eabi/4.9.3/../../../../arm-none-eabi/lib/armv7-m\libc_nano.a(lib_a-impure.o)
 *fill*         0x0000e37b        0x1 
 .rodata._global_impure_ptr
                0x0000e37c        0x4 c:/siliconlabs/simplicitystudio/v4/developer/toolchains/gnu_arm/4.9_2015q3/bin/../lib/gcc/arm-none-eabi/4.9.3/../../../../arm-none-eabi/lib/armv7-m\libc_nano.a(lib_a-impure.o)
                0x0000e37c                _global_impure_ptr
 .rodata.str1.1
                0x0000e380       0x11 c:/siliconlabs/simplicitystudio/v4/developer/toolchains/gnu_arm/4.9_2015q3/bin/../lib/gcc/arm-none-eabi/4.9.3/../../../../arm-none-eabi/lib/armv7-m\libc_nano.a(lib_a-nano-svfprintf.o)
 .rodata.str1.1
                0x0000e391       0x22 c:/siliconlabs/simplicitystudio/v4/developer/toolchains/gnu_arm/4.9_2015q3/bin/../lib/gcc/arm-none-eabi/4.9.3/../../../../arm-none-eabi/lib/armv7-m\libc_nano.a(lib_a-nano-vfprintf_i.o)
 *(.eh_frame*)
 *fill*         0x0000e3b3        0x1 
 .eh_frame      0x0000e3b4        0x0 c:/siliconlabs/simplicitystudio/v4/developer/toolchains/gnu_arm/4.9_2015q3/bin/../lib/gcc/arm-none-eabi/4.9.3/armv7-m/crtbegin.o
 .eh_frame      0x0000e3b4        0x4 c:/siliconlabs/simplicitystudio/v4/developer/toolchains/gnu_arm/4.9_2015q3/bin/../lib/gcc/arm-none-eabi/4.9.3/armv7-m/crtend.o

.glue_7         0x0000e3b8        0x0
 .glue_7        0x00000000        0x0 linker stubs

.glue_7t        0x0000e3b8        0x0
 .glue_7t       0x00000000        0x0 linker stubs

.vfp11_veneer   0x0000e3b8        0x0
 .vfp11_veneer  0x00000000        0x0 linker stubs

.v4_bx          0x0000e3b8        0x0
 .v4_bx         0x00000000        0x0 linker stubs

.iplt           0x0000e3b8        0x0
 .iplt          0x00000000        0x0 c:/siliconlabs/simplicitystudio/v4/developer/toolchains/gnu_arm/4.9_2015q3/bin/../lib/gcc/arm-none-eabi/4.9.3/armv7-m/crtbegin.o

.ARM.extab
 *(.ARM.extab* .gnu.linkonce.armextab.*)
                0x0000e3b8                __exidx_start = .

.ARM.exidx      0x0000e3b8        0x8
 *(.ARM.exidx* .gnu.linkonce.armexidx.*)
 .ARM.exidx     0x0000e3b8        0x8 c:/siliconlabs/simplicitystudio/v4/developer/toolchains/gnu_arm/4.9_2015q3/bin/../lib/gcc/arm-none-eabi/4.9.3/../../../../arm-none-eabi/lib/armv7-m/crt0.o
 .ARM.exidx     0x0000e3c0        0x0 c:/siliconlabs/simplicitystudio/v4/developer/toolchains/gnu_arm/4.9_2015q3/bin/../lib/gcc/arm-none-eabi/4.9.3/armv7-m\libgcc.a(_divdi3.o)
                                  0x8 (size before relaxing)
 .ARM.exidx     0x0000e3c0        0x0 c:/siliconlabs/simplicitystudio/v4/developer/toolchains/gnu_arm/4.9_2015q3/bin/../lib/gcc/arm-none-eabi/4.9.3/armv7-m\libgcc.a(_udivdi3.o)
                                  0x8 (size before relaxing)
                0x0000e3c0                __exidx_end = .
                0x0000e3c0                __etext = .

.rel.dyn        0x0000e3c0        0x0
 .rel.iplt      0x00000000        0x0 c:/siliconlabs/simplicitystudio/v4/developer/toolchains/gnu_arm/4.9_2015q3/bin/../lib/gcc/arm-none-eabi/4.9.3/armv7-m/crtbegin.o

.data           0x20000000       0x80 load address 0x0000e3c0
                0x20000000                __data_start__ = .
 *(vtable)
 *(.data*)
 .data.SystemHFXOClock
                0x20000000        0x4 ./CMSIS/EFM32GG/system_efm32gg.o
 .data.SystemLFXOClock
                0x20000004        0x4 ./CMSIS/EFM32GG/system_efm32gg.o
 .data.SystemCoreClock
                0x20000008        0x4 ./CMSIS/EFM32GG/system_efm32gg.o
                0x20000008                SystemCoreClock
 .data.isr_rx_tx_char
                0x2000000c        0x1 ./drivers_src/rs485.o
 *fill*         0x2000000d        0x3 
 .data.impure_data
                0x20000010       0x60 c:/siliconlabs/simplicitystudio/v4/developer/toolchains/gnu_arm/4.9_2015q3/bin/../lib/gcc/arm-none-eabi/4.9.3/../../../../arm-none-eabi/lib/armv7-m\libc_nano.a(lib_a-impure.o)
 .data._impure_ptr
                0x20000070        0x4 c:/siliconlabs/simplicitystudio/v4/developer/toolchains/gnu_arm/4.9_2015q3/bin/../lib/gcc/arm-none-eabi/4.9.3/../../../../arm-none-eabi/lib/armv7-m\libc_nano.a(lib_a-impure.o)
                0x20000070                _impure_ptr
                0x20000074                . = ALIGN (0x4)
 *(.ram)
                0x20000074                . = ALIGN (0x4)
                0x20000074                PROVIDE (__preinit_array_start, .)
 *(.preinit_array)
                0x20000074                PROVIDE (__preinit_array_end, .)
                0x20000074                . = ALIGN (0x4)
                0x20000074                PROVIDE (__init_array_start, .)
 *(SORT(.init_array.*))
 *(.init_array)
 .init_array    0x20000074        0x4 c:/siliconlabs/simplicitystudio/v4/developer/toolchains/gnu_arm/4.9_2015q3/bin/../lib/gcc/arm-none-eabi/4.9.3/armv7-m/crtbegin.o
                0x20000078                PROVIDE (__init_array_end, .)
                0x20000078                . = ALIGN (0x4)
                0x20000078                PROVIDE (__fini_array_start, .)
 *(SORT(.fini_array.*))
 *(.fini_array)
 .fini_array    0x20000078        0x4 c:/siliconlabs/simplicitystudio/v4/developer/toolchains/gnu_arm/4.9_2015q3/bin/../lib/gcc/arm-none-eabi/4.9.3/armv7-m/crtbegin.o
                0x2000007c                PROVIDE (__fini_array_end, .)
 *(.jcr*)
 .jcr           0x2000007c        0x0 c:/siliconlabs/simplicitystudio/v4/developer/toolchains/gnu_arm/4.9_2015q3/bin/../lib/gcc/arm-none-eabi/4.9.3/armv7-m/crtbegin.o
 .jcr           0x2000007c        0x4 c:/siliconlabs/simplicitystudio/v4/developer/toolchains/gnu_arm/4.9_2015q3/bin/../lib/gcc/arm-none-eabi/4.9.3/armv7-m/crtend.o
                0x20000080                . = ALIGN (0x4)
                0x20000080                __data_end__ = .

.igot.plt       0x20000080        0x0 load address 0x0000e440
 .igot.plt      0x00000000        0x0 c:/siliconlabs/simplicitystudio/v4/developer/toolchains/gnu_arm/4.9_2015q3/bin/../lib/gcc/arm-none-eabi/4.9.3/armv7-m/crtbegin.o

.bss            0x20000080      0xbcc load address 0x0000e440
                0x20000080                . = ALIGN (0x4)
                0x20000080                __bss_start__ = .
 *(.bss*)
 .bss           0x20000080       0x1c c:/siliconlabs/simplicitystudio/v4/developer/toolchains/gnu_arm/4.9_2015q3/bin/../lib/gcc/arm-none-eabi/4.9.3/armv7-m/crtbegin.o
 .bss.array_msg
                0x2000009c      0x200 ./devices_src/tbr.o
 .bss.array_size
                0x2000029c        0x4 ./devices_src/tbr.o
 .bss.array_front
                0x200002a0        0x4 ./devices_src/tbr.o
 .bss.array_rear
                0x200002a4        0x4 ./devices_src/tbr.o
 .bss.current_rx_fifo
                0x200002a8        0x1 ./drivers_src/rs485.o
 .bss.init_flag
                0x200002a9        0x1 ./fat_filesystem_src/diskio.o
 *fill*         0x200002aa        0x2 
 .bss.FatFs     0x200002ac        0x4 ./fat_filesystem_src/ff.o
 .bss.Fsid      0x200002b0        0x2 ./fat_filesystem_src/ff.o
 *fill*         0x200002b2        0x2 
 .bss.fifo_rx_size
                0x200002b4        0x4 ./fifo_buffers_src/fifo_rs232.o
 .bss.fifo_tx_size
                0x200002b8        0x4 ./fifo_buffers_src/fifo_rs232.o
 .bss.fifo_rx_front
                0x200002bc        0x4 ./fifo_buffers_src/fifo_rs232.o
 .bss.fifo_tx_front
                0x200002c0        0x4 ./fifo_buffers_src/fifo_rs232.o
 .bss.fifo_rx_rear
                0x200002c4        0x4 ./fifo_buffers_src/fifo_rs232.o
 .bss.fifo_tx_rear
                0x200002c8        0x4 ./fifo_buffers_src/fifo_rs232.o
 .bss.fifo_tx   0x200002cc      0x200 ./fifo_buffers_src/fifo_rs232.o
 .bss.fifo_rx   0x200004cc       0x10 ./fifo_buffers_src/fifo_rs232.o
 .bss.fifo_rx_data_size
                0x200004dc        0x4 ./fifo_buffers_src/fifo_tbr.o
 .bss.fifo_rx_cmd_size
                0x200004e0        0x4 ./fifo_buffers_src/fifo_tbr.o
 .bss.fifo_tx_cmd_size
                0x200004e4        0x4 ./fifo_buffers_src/fifo_tbr.o
 .bss.fifo_rx_cmd_front
                0x200004e8        0x4 ./fifo_buffers_src/fifo_tbr.o
 .bss.fifo_tx_cmd_front
                0x200004ec        0x4 ./fifo_buffers_src/fifo_tbr.o
 .bss.fifo_rx_data_front
                0x200004f0        0x4 ./fifo_buffers_src/fifo_tbr.o
 .bss.fifo_rx_cmd_rear
                0x200004f4        0x4 ./fifo_buffers_src/fifo_tbr.o
 .bss.fifo_tx_cmd_rear
                0x200004f8        0x4 ./fifo_buffers_src/fifo_tbr.o
 .bss.fifo_rx_data_rear
                0x200004fc        0x4 ./fifo_buffers_src/fifo_tbr.o
 .bss.fifo_tx_cmd
                0x20000500       0x10 ./fifo_buffers_src/fifo_tbr.o
 .bss.fifo_rx_cmd
                0x20000510        0x0 ./fifo_buffers_src/fifo_tbr.o
 .bss.fifo_rx_data
                0x20000510      0x200 ./fifo_buffers_src/fifo_tbr.o
 .bss.HAL       0x20000710        0x8 ./hal/hal.o
 .bss.time_manager_cmd
                0x20000718        0x1 ./hal/hal.o
 *fill*         0x20000719        0x3 
 .bss.time_count
                0x2000071c        0x4 ./hal/hal.o
 .bss.gpio_int_flag
                0x20000720        0x4 ./hal/hal.o
                0x20000720                gpio_int_flag
 .bss.rtcInitialized
                0x20000724        0x1 ./hal/hal.o
 *fill*         0x20000725        0x3 
 .bss.rtcFreq   0x20000728        0x4 ./hal/hal.o
 .bss.irqlevel  0x2000072c        0x1 ./hal/hal.o
 .bss.int_flag  0x2000072d        0x1 ./hal/hal.o
 *fill*         0x2000072e        0x2 
 .bss.OS        0x20000730        0x8 ./lmic/oslmic.o
 .bss.randbuf   0x20000738       0x10 ./lmic/radio.o
 .bss.FatFs     0x20000748      0x230 ./resource managers_src/app_manager.o
 .bss.last_nav_data
                0x20000978       0x1c ./resource managers_src/app_manager.o
 .bss.blinkjob  0x20000994        0xc ./src/main.o
 .bss.ledstate  0x200009a0        0x1 ./src/main.o
 *fill*         0x200009a1        0x3 
 .bss.__malloc_sbrk_start
                0x200009a4        0x4 c:/siliconlabs/simplicitystudio/v4/developer/toolchains/gnu_arm/4.9_2015q3/bin/../lib/gcc/arm-none-eabi/4.9.3/../../../../arm-none-eabi/lib/armv7-m\libc_nano.a(lib_a-nano-mallocr.o)
                0x200009a4                __malloc_sbrk_start
 .bss.__malloc_free_list
                0x200009a8        0x4 c:/siliconlabs/simplicitystudio/v4/developer/toolchains/gnu_arm/4.9_2015q3/bin/../lib/gcc/arm-none-eabi/4.9.3/../../../../arm-none-eabi/lib/armv7-m\libc_nano.a(lib_a-nano-mallocr.o)
                0x200009a8                __malloc_free_list
 .bss.heap_end.4079
                0x200009ac        0x4 c:/siliconlabs/simplicitystudio/v4/developer/toolchains/gnu_arm/4.9_2015q3/bin/../lib/gcc/arm-none-eabi/4.9.3/../../../../arm-none-eabi/lib/armv7-m\libnosys.a(sbrk.o)
 *(COMMON)
 COMMON         0x200009b0       0x40 ./devices_src/radio.o
                0x200009b0                rs232_tx_buf
 COMMON         0x200009f0        0x4 ./hal/hal.o
                0x200009f0                irqState
 COMMON         0x200009f4       0xc0 ./lmic/aes.o
                0x200009f4                AESKEY
                0x20000aa4                AESAUX
 COMMON         0x20000ab4      0x194 ./lmic/lmic.o
                0x20000ab4                LMIC
 COMMON         0x20000c48        0x4 c:/siliconlabs/simplicitystudio/v4/developer/toolchains/gnu_arm/4.9_2015q3/bin/../lib/gcc/arm-none-eabi/4.9.3/../../../../arm-none-eabi/lib/armv7-m\libc_nano.a(lib_a-reent.o)
                0x20000c48                errno
                0x20000c4c                . = ALIGN (0x4)
                0x20000c4c                __bss_end__ = .

.heap           0x20000c50      0xc00
                0x20000c50                __HeapBase = .
                0x20000c50                __end__ = .
                0x20000c50                end = __end__
                0x20000c50                _end = __end__
 *(.heap*)
 .heap          0x20000c50      0xc00 ./CMSIS/EFM32GG/startup_efm32gg.o
                0x20001850                __HeapLimit = .

.stack_dummy    0x20000c50      0x400
 *(.stack*)
 .stack         0x20000c50      0x400 ./CMSIS/EFM32GG/startup_efm32gg.o
                0x20020000                __StackTop = (ORIGIN (RAM) + 0x20000)
                0x2001fc00                __StackLimit = (__StackTop - SIZEOF (.stack_dummy))
                0x20020000                PROVIDE (__stack, __StackTop)
                0x00000001                ASSERT ((__StackLimit >= __HeapLimit), region RAM overflowed with stack)
                0x00000001                ASSERT ((0x100000 >= (__etext + SIZEOF (.data))), FLASH memory overflowed !)
OUTPUT(lmic_and_testproject_iA.axf elf32-littlearm)

.ARM.attributes
                0x00000000       0x29
 .ARM.attributes
                0x00000000       0x1d c:/siliconlabs/simplicitystudio/v4/developer/toolchains/gnu_arm/4.9_2015q3/bin/../lib/gcc/arm-none-eabi/4.9.3/armv7-m/crti.o
 .ARM.attributes
                0x0000001d       0x2d c:/siliconlabs/simplicitystudio/v4/developer/toolchains/gnu_arm/4.9_2015q3/bin/../lib/gcc/arm-none-eabi/4.9.3/armv7-m/crtbegin.o
 .ARM.attributes
                0x0000004a       0x1b c:/siliconlabs/simplicitystudio/v4/developer/toolchains/gnu_arm/4.9_2015q3/bin/../lib/gcc/arm-none-eabi/4.9.3/../../../../arm-none-eabi/lib/armv7-m/crt0.o
 .ARM.attributes
                0x00000065       0x1b ./CMSIS/EFM32GG/startup_efm32gg.o
 .ARM.attributes
                0x00000080       0x33 ./CMSIS/EFM32GG/system_efm32gg.o
 .ARM.attributes
                0x000000b3       0x33 ./devices_src/radio.o
 .ARM.attributes
                0x000000e6       0x33 ./devices_src/rgb_led.o
 .ARM.attributes
                0x00000119       0x33 ./devices_src/sd_card.o
 .ARM.attributes
                0x0000014c       0x33 ./devices_src/tbr.o
 .ARM.attributes
                0x0000017f       0x33 ./devices_src/ublox_gps.o
 .ARM.attributes
                0x000001b2       0x33 ./drivers_src/delay.o
 .ARM.attributes
                0x000001e5       0x33 ./drivers_src/pwm.o
 .ARM.attributes
                0x00000218       0x33 ./drivers_src/rs232.o
 .ARM.attributes
                0x0000024b       0x33 ./drivers_src/rs485.o
 .ARM.attributes
                0x0000027e       0x33 ./drivers_src/spi.o
 .ARM.attributes
                0x000002b1       0x33 ./emlib/src/em_cmu.o
 .ARM.attributes
                0x000002e4       0x33 ./emlib/src/em_core.o
 .ARM.attributes
                0x00000317       0x33 ./emlib/src/em_dma.o
 .ARM.attributes
                0x0000034a       0x33 ./emlib/src/em_gpio.o
 .ARM.attributes
                0x0000037d       0x33 ./emlib/src/em_leuart.o
 .ARM.attributes
                0x000003b0       0x33 ./emlib/src/em_rtc.o
 .ARM.attributes
                0x000003e3       0x33 ./emlib/src/em_system.o
 .ARM.attributes
                0x00000416       0x33 ./emlib/src/em_timer.o
 .ARM.attributes
                0x00000449       0x33 ./emlib/src/em_usart.o
 .ARM.attributes
                0x0000047c       0x33 ./fat_filesystem_src/diskio.o
 .ARM.attributes
                0x000004af       0x33 ./fat_filesystem_src/ff.o
 .ARM.attributes
                0x000004e2       0x33 ./fifo_buffers_src/fifo_rs232.o
 .ARM.attributes
                0x00000515       0x33 ./fifo_buffers_src/fifo_tbr.o
 .ARM.attributes
                0x00000548       0x33 ./hal/debug.o
 .ARM.attributes
                0x0000057b       0x33 ./hal/hal.o
 .ARM.attributes
                0x000005ae       0x33 ./lmic/aes.o
 .ARM.attributes
                0x000005e1       0x33 ./lmic/lmic.o
 .ARM.attributes
                0x00000614       0x33 ./lmic/oslmic.o
 .ARM.attributes
                0x00000647       0x33 ./lmic/radio.o
 .ARM.attributes
                0x0000067a       0x33 ./resource managers_src/app_manager.o
 .ARM.attributes
                0x000006ad       0x33 ./src/main.o
 .ARM.attributes
                0x000006e0       0x1d c:/siliconlabs/simplicitystudio/v4/developer/toolchains/gnu_arm/4.9_2015q3/bin/../lib/gcc/arm-none-eabi/4.9.3/armv7-m\libgcc.a(_aeabi_uldivmod.o)
 .ARM.attributes
                0x000006fd       0x2d c:/siliconlabs/simplicitystudio/v4/developer/toolchains/gnu_arm/4.9_2015q3/bin/../lib/gcc/arm-none-eabi/4.9.3/armv7-m\libgcc.a(bpabi.o)
 .ARM.attributes
                0x0000072a       0x1d c:/siliconlabs/simplicitystudio/v4/developer/toolchains/gnu_arm/4.9_2015q3/bin/../lib/gcc/arm-none-eabi/4.9.3/armv7-m\libgcc.a(_dvmd_tls.o)
 .ARM.attributes
                0x00000747       0x2d c:/siliconlabs/simplicitystudio/v4/developer/toolchains/gnu_arm/4.9_2015q3/bin/../lib/gcc/arm-none-eabi/4.9.3/armv7-m\libgcc.a(_divdi3.o)
 .ARM.attributes
                0x00000774       0x2d c:/siliconlabs/simplicitystudio/v4/developer/toolchains/gnu_arm/4.9_2015q3/bin/../lib/gcc/arm-none-eabi/4.9.3/armv7-m\libgcc.a(_udivdi3.o)
 .ARM.attributes
                0x000007a1       0x2d c:/siliconlabs/simplicitystudio/v4/developer/toolchains/gnu_arm/4.9_2015q3/bin/../lib/gcc/arm-none-eabi/4.9.3/../../../../arm-none-eabi/lib/armv7-m\libc_nano.a(lib_a-exit.o)
 .ARM.attributes
                0x000007ce       0x2d c:/siliconlabs/simplicitystudio/v4/developer/toolchains/gnu_arm/4.9_2015q3/bin/../lib/gcc/arm-none-eabi/4.9.3/../../../../arm-none-eabi/lib/armv7-m\libc_nano.a(lib_a-impure.o)
 .ARM.attributes
                0x000007fb       0x2d c:/siliconlabs/simplicitystudio/v4/developer/toolchains/gnu_arm/4.9_2015q3/bin/../lib/gcc/arm-none-eabi/4.9.3/../../../../arm-none-eabi/lib/armv7-m\libc_nano.a(lib_a-init.o)
 .ARM.attributes
                0x00000828       0x2d c:/siliconlabs/simplicitystudio/v4/developer/toolchains/gnu_arm/4.9_2015q3/bin/../lib/gcc/arm-none-eabi/4.9.3/../../../../arm-none-eabi/lib/armv7-m\libc_nano.a(lib_a-memcpy.o)
 .ARM.attributes
                0x00000855       0x2d c:/siliconlabs/simplicitystudio/v4/developer/toolchains/gnu_arm/4.9_2015q3/bin/../lib/gcc/arm-none-eabi/4.9.3/../../../../arm-none-eabi/lib/armv7-m\libc_nano.a(lib_a-memset.o)
 .ARM.attributes
                0x00000882       0x2d c:/siliconlabs/simplicitystudio/v4/developer/toolchains/gnu_arm/4.9_2015q3/bin/../lib/gcc/arm-none-eabi/4.9.3/../../../../arm-none-eabi/lib/armv7-m\libc_nano.a(lib_a-sprintf.o)
 .ARM.attributes
                0x000008af       0x2d c:/siliconlabs/simplicitystudio/v4/developer/toolchains/gnu_arm/4.9_2015q3/bin/../lib/gcc/arm-none-eabi/4.9.3/../../../../arm-none-eabi/lib/armv7-m\libc_nano.a(lib_a-strchr.o)
 .ARM.attributes
                0x000008dc       0x2d c:/siliconlabs/simplicitystudio/v4/developer/toolchains/gnu_arm/4.9_2015q3/bin/../lib/gcc/arm-none-eabi/4.9.3/../../../../arm-none-eabi/lib/armv7-m\libc_nano.a(lib_a-strlen.o)
 .ARM.attributes
                0x00000909       0x2d c:/siliconlabs/simplicitystudio/v4/developer/toolchains/gnu_arm/4.9_2015q3/bin/../lib/gcc/arm-none-eabi/4.9.3/../../../../arm-none-eabi/lib/armv7-m\libc_nano.a(lib_a-strstr.o)
 .ARM.attributes
                0x00000936       0x2d c:/siliconlabs/simplicitystudio/v4/developer/toolchains/gnu_arm/4.9_2015q3/bin/../lib/gcc/arm-none-eabi/4.9.3/../../../../arm-none-eabi/lib/armv7-m\libc_nano.a(lib_a-strtok.o)
 .ARM.attributes
                0x00000963       0x2d c:/siliconlabs/simplicitystudio/v4/developer/toolchains/gnu_arm/4.9_2015q3/bin/../lib/gcc/arm-none-eabi/4.9.3/../../../../arm-none-eabi/lib/armv7-m\libc_nano.a(lib_a-strtok_r.o)
 .ARM.attributes
                0x00000990       0x2d c:/siliconlabs/simplicitystudio/v4/developer/toolchains/gnu_arm/4.9_2015q3/bin/../lib/gcc/arm-none-eabi/4.9.3/../../../../arm-none-eabi/lib/armv7-m\libc_nano.a(lib_a-malloc.o)
 .ARM.attributes
                0x000009bd       0x2d c:/siliconlabs/simplicitystudio/v4/developer/toolchains/gnu_arm/4.9_2015q3/bin/../lib/gcc/arm-none-eabi/4.9.3/../../../../arm-none-eabi/lib/armv7-m\libc_nano.a(lib_a-nano-freer.o)
 .ARM.attributes
                0x000009ea       0x2d c:/siliconlabs/simplicitystudio/v4/developer/toolchains/gnu_arm/4.9_2015q3/bin/../lib/gcc/arm-none-eabi/4.9.3/../../../../arm-none-eabi/lib/armv7-m\libc_nano.a(lib_a-nano-mallocr.o)
 .ARM.attributes
                0x00000a17       0x2d c:/siliconlabs/simplicitystudio/v4/developer/toolchains/gnu_arm/4.9_2015q3/bin/../lib/gcc/arm-none-eabi/4.9.3/../../../../arm-none-eabi/lib/armv7-m\libc_nano.a(lib_a-nano-svfprintf.o)
 .ARM.attributes
                0x00000a44       0x2d c:/siliconlabs/simplicitystudio/v4/developer/toolchains/gnu_arm/4.9_2015q3/bin/../lib/gcc/arm-none-eabi/4.9.3/../../../../arm-none-eabi/lib/armv7-m\libc_nano.a(lib_a-nano-vfprintf_i.o)
 .ARM.attributes
                0x00000a71       0x2d c:/siliconlabs/simplicitystudio/v4/developer/toolchains/gnu_arm/4.9_2015q3/bin/../lib/gcc/arm-none-eabi/4.9.3/../../../../arm-none-eabi/lib/armv7-m\libc_nano.a(lib_a-sbrkr.o)
 .ARM.attributes
                0x00000a9e       0x2d c:/siliconlabs/simplicitystudio/v4/developer/toolchains/gnu_arm/4.9_2015q3/bin/../lib/gcc/arm-none-eabi/4.9.3/../../../../arm-none-eabi/lib/armv7-m\libc_nano.a(lib_a-memchr.o)
 .ARM.attributes
                0x00000acb       0x2d c:/siliconlabs/simplicitystudio/v4/developer/toolchains/gnu_arm/4.9_2015q3/bin/../lib/gcc/arm-none-eabi/4.9.3/../../../../arm-none-eabi/lib/armv7-m\libc_nano.a(lib_a-memmove.o)
 .ARM.attributes
                0x00000af8       0x2d c:/siliconlabs/simplicitystudio/v4/developer/toolchains/gnu_arm/4.9_2015q3/bin/../lib/gcc/arm-none-eabi/4.9.3/../../../../arm-none-eabi/lib/armv7-m\libc_nano.a(lib_a-nano-reallocr.o)
 .ARM.attributes
                0x00000b25       0x2d c:/siliconlabs/simplicitystudio/v4/developer/toolchains/gnu_arm/4.9_2015q3/bin/../lib/gcc/arm-none-eabi/4.9.3/../../../../arm-none-eabi/lib/armv7-m\libc_nano.a(lib_a-reent.o)
 .ARM.attributes
                0x00000b52       0x2d c:/siliconlabs/simplicitystudio/v4/developer/toolchains/gnu_arm/4.9_2015q3/bin/../lib/gcc/arm-none-eabi/4.9.3/../../../../arm-none-eabi/lib/armv7-m\libc_nano.a(lib_a-nano-msizer.o)
 .ARM.attributes
                0x00000b7f       0x2d c:/siliconlabs/simplicitystudio/v4/developer/toolchains/gnu_arm/4.9_2015q3/bin/../lib/gcc/arm-none-eabi/4.9.3/../../../../arm-none-eabi/lib/armv7-m\libnosys.a(sbrk.o)
 .ARM.attributes
                0x00000bac       0x2d c:/siliconlabs/simplicitystudio/v4/developer/toolchains/gnu_arm/4.9_2015q3/bin/../lib/gcc/arm-none-eabi/4.9.3/../../../../arm-none-eabi/lib/armv7-m\libnosys.a(_exit.o)
 .ARM.attributes
                0x00000bd9       0x2d c:/siliconlabs/simplicitystudio/v4/developer/toolchains/gnu_arm/4.9_2015q3/bin/../lib/gcc/arm-none-eabi/4.9.3/armv7-m/crtend.o
 .ARM.attributes
                0x00000c06       0x1d c:/siliconlabs/simplicitystudio/v4/developer/toolchains/gnu_arm/4.9_2015q3/bin/../lib/gcc/arm-none-eabi/4.9.3/armv7-m/crtn.o

.comment        0x00000000       0x70
 .comment       0x00000000       0x70 ./CMSIS/EFM32GG/system_efm32gg.o
                                 0x71 (size before relaxing)
 .comment       0x00000000       0x71 ./devices_src/radio.o
 .comment       0x00000000       0x71 ./devices_src/rgb_led.o
 .comment       0x00000000       0x71 ./devices_src/sd_card.o
 .comment       0x00000000       0x71 ./devices_src/tbr.o
 .comment       0x00000000       0x71 ./devices_src/ublox_gps.o
 .comment       0x00000000       0x71 ./drivers_src/delay.o
 .comment       0x00000000       0x71 ./drivers_src/pwm.o
 .comment       0x00000000       0x71 ./drivers_src/rs232.o
 .comment       0x00000000       0x71 ./drivers_src/rs485.o
 .comment       0x00000000       0x71 ./drivers_src/spi.o
 .comment       0x00000000       0x71 ./emlib/src/em_cmu.o
 .comment       0x00000000       0x71 ./emlib/src/em_core.o
 .comment       0x00000000       0x71 ./emlib/src/em_dma.o
 .comment       0x00000000       0x71 ./emlib/src/em_gpio.o
 .comment       0x00000000       0x71 ./emlib/src/em_leuart.o
 .comment       0x00000000       0x71 ./emlib/src/em_rtc.o
 .comment       0x00000000       0x71 ./emlib/src/em_system.o
 .comment       0x00000000       0x71 ./emlib/src/em_timer.o
 .comment       0x00000000       0x71 ./emlib/src/em_usart.o
 .comment       0x00000000       0x71 ./fat_filesystem_src/diskio.o
 .comment       0x00000000       0x71 ./fat_filesystem_src/ff.o
 .comment       0x00000000       0x71 ./fifo_buffers_src/fifo_rs232.o
 .comment       0x00000000       0x71 ./fifo_buffers_src/fifo_tbr.o
 .comment       0x00000000       0x71 ./hal/debug.o
 .comment       0x00000000       0x71 ./hal/hal.o
 .comment       0x00000000       0x71 ./lmic/aes.o
 .comment       0x00000000       0x71 ./lmic/lmic.o
 .comment       0x00000000       0x71 ./lmic/oslmic.o
 .comment       0x00000000       0x71 ./lmic/radio.o
 .comment       0x00000000       0x71 ./resource managers_src/app_manager.o
 .comment       0x00000000       0x71 ./src/main.o

.debug_line     0x00000000     0xac49
 .debug_line    0x00000000       0xd3 ./CMSIS/EFM32GG/startup_efm32gg.o
 .debug_line    0x000000d3      0x38d ./CMSIS/EFM32GG/system_efm32gg.o
 .debug_line    0x00000460      0x4eb ./devices_src/radio.o
 .debug_line    0x0000094b      0x3fb ./devices_src/rgb_led.o
 .debug_line    0x00000d46      0x571 ./devices_src/sd_card.o
 .debug_line    0x000012b7      0x4ee ./devices_src/tbr.o
 .debug_line    0x000017a5      0x749 ./devices_src/ublox_gps.o
 .debug_line    0x00001eee      0x3d8 ./drivers_src/delay.o
 .debug_line    0x000022c6      0x450 ./drivers_src/pwm.o
 .debug_line    0x00002716      0x4b4 ./drivers_src/rs232.o
 .debug_line    0x00002bca      0x500 ./drivers_src/rs485.o
 .debug_line    0x000030ca      0x44c ./drivers_src/spi.o
 .debug_line    0x00003516      0xa53 ./emlib/src/em_cmu.o
 .debug_line    0x00003f69      0x63e ./emlib/src/em_core.o
 .debug_line    0x000045a7      0x5c3 ./emlib/src/em_dma.o
 .debug_line    0x00004b6a      0x4bc ./emlib/src/em_gpio.o
 .debug_line    0x00005026      0x472 ./emlib/src/em_leuart.o
 .debug_line    0x00005498      0x39c ./emlib/src/em_rtc.o
 .debug_line    0x00005834      0x310 ./emlib/src/em_system.o
 .debug_line    0x00005b44      0x5bf ./emlib/src/em_timer.o
 .debug_line    0x00006103      0x5f8 ./emlib/src/em_usart.o
 .debug_line    0x000066fb      0x2a8 ./fat_filesystem_src/diskio.o
 .debug_line    0x000069a3     0x124c ./fat_filesystem_src/ff.o
 .debug_line    0x00007bef      0x280 ./fifo_buffers_src/fifo_rs232.o
 .debug_line    0x00007e6f      0x2ab ./fifo_buffers_src/fifo_tbr.o
 .debug_line    0x0000811a      0x279 ./hal/debug.o
 .debug_line    0x00008393      0x6dd ./hal/hal.o
 .debug_line    0x00008a70      0x321 ./lmic/aes.o
 .debug_line    0x00008d91      0xe09 ./lmic/lmic.o
 .debug_line    0x00009b9a      0x27f ./lmic/oslmic.o
 .debug_line    0x00009e19      0x4d0 ./lmic/radio.o
 .debug_line    0x0000a2e9      0x4e6 ./resource managers_src/app_manager.o
 .debug_line    0x0000a7cf      0x47a ./src/main.o

.debug_info     0x00000000    0x15261
 .debug_info    0x00000000      0x10e ./CMSIS/EFM32GG/startup_efm32gg.o
 .debug_info    0x0000010e      0x5a1 ./CMSIS/EFM32GG/system_efm32gg.o
 .debug_info    0x000006af      0x730 ./devices_src/radio.o
 .debug_info    0x00000ddf      0x5df ./devices_src/rgb_led.o
 .debug_info    0x000013be      0x61c ./devices_src/sd_card.o
 .debug_info    0x000019da      0x80d ./devices_src/tbr.o
 .debug_info    0x000021e7      0xac0 ./devices_src/ublox_gps.o
 .debug_info    0x00002ca7      0x801 ./drivers_src/delay.o
 .debug_info    0x000034a8      0x8f1 ./drivers_src/pwm.o
 .debug_info    0x00003d99      0xd3e ./drivers_src/rs232.o
 .debug_info    0x00004ad7      0xcca ./drivers_src/rs485.o
 .debug_info    0x000057a1      0x9da ./drivers_src/spi.o
 .debug_info    0x0000617b     0x1508 ./emlib/src/em_cmu.o
 .debug_info    0x00007683      0xcd6 ./emlib/src/em_core.o
 .debug_info    0x00008359     0x12c4 ./emlib/src/em_dma.o
 .debug_info    0x0000961d      0x65b ./emlib/src/em_gpio.o
 .debug_info    0x00009c78      0x824 ./emlib/src/em_leuart.o
 .debug_info    0x0000a49c      0x33f ./emlib/src/em_rtc.o
 .debug_info    0x0000a7db      0x272 ./emlib/src/em_system.o
 .debug_info    0x0000aa4d      0x90f ./emlib/src/em_timer.o
 .debug_info    0x0000b35c      0xe92 ./emlib/src/em_usart.o
 .debug_info    0x0000c1ee      0x2c1 ./fat_filesystem_src/diskio.o
 .debug_info    0x0000c4af     0x1dd6 ./fat_filesystem_src/ff.o
 .debug_info    0x0000e285      0x275 ./fifo_buffers_src/fifo_rs232.o
 .debug_info    0x0000e4fa      0x2ce ./fifo_buffers_src/fifo_tbr.o
 .debug_info    0x0000e7c8      0x335 ./hal/debug.o
 .debug_info    0x0000eafd     0x1328 ./hal/hal.o
 .debug_info    0x0000fe25      0x2f0 ./lmic/aes.o
 .debug_info    0x00010115     0x2698 ./lmic/lmic.o
 .debug_info    0x000127ad      0x4e9 ./lmic/oslmic.o
 .debug_info    0x00012c96      0xe0c ./lmic/radio.o
 .debug_info    0x00013aa2      0xb8f ./resource managers_src/app_manager.o
 .debug_info    0x00014631      0xc30 ./src/main.o

.debug_abbrev   0x00000000     0x3958
 .debug_abbrev  0x00000000       0x14 ./CMSIS/EFM32GG/startup_efm32gg.o
 .debug_abbrev  0x00000014      0x1a3 ./CMSIS/EFM32GG/system_efm32gg.o
 .debug_abbrev  0x000001b7      0x224 ./devices_src/radio.o
 .debug_abbrev  0x000003db      0x15a ./devices_src/rgb_led.o
 .debug_abbrev  0x00000535      0x1c0 ./devices_src/sd_card.o
 .debug_abbrev  0x000006f5      0x1e3 ./devices_src/tbr.o
 .debug_abbrev  0x000008d8      0x1d1 ./devices_src/ublox_gps.o
 .debug_abbrev  0x00000aa9      0x1a4 ./drivers_src/delay.o
 .debug_abbrev  0x00000c4d      0x1ba ./drivers_src/pwm.o
 .debug_abbrev  0x00000e07      0x1cd ./drivers_src/rs232.o
 .debug_abbrev  0x00000fd4      0x1d8 ./drivers_src/rs485.o
 .debug_abbrev  0x000011ac      0x1a2 ./drivers_src/spi.o
 .debug_abbrev  0x0000134e      0x2de ./emlib/src/em_cmu.o
 .debug_abbrev  0x0000162c      0x237 ./emlib/src/em_core.o
 .debug_abbrev  0x00001863      0x240 ./emlib/src/em_dma.o
 .debug_abbrev  0x00001aa3      0x1c0 ./emlib/src/em_gpio.o
 .debug_abbrev  0x00001c63      0x1e0 ./emlib/src/em_leuart.o
 .debug_abbrev  0x00001e43      0x196 ./emlib/src/em_rtc.o
 .debug_abbrev  0x00001fd9      0x107 ./emlib/src/em_system.o
 .debug_abbrev  0x000020e0      0x172 ./emlib/src/em_timer.o
 .debug_abbrev  0x00002252      0x1c5 ./emlib/src/em_usart.o
 .debug_abbrev  0x00002417       0xf2 ./fat_filesystem_src/diskio.o
 .debug_abbrev  0x00002509      0x212 ./fat_filesystem_src/ff.o
 .debug_abbrev  0x0000271b       0xee ./fifo_buffers_src/fifo_rs232.o
 .debug_abbrev  0x00002809       0xf5 ./fifo_buffers_src/fifo_tbr.o
 .debug_abbrev  0x000028fe      0x107 ./hal/debug.o
 .debug_abbrev  0x00002a05      0x3aa ./hal/hal.o
 .debug_abbrev  0x00002daf      0x108 ./lmic/aes.o
 .debug_abbrev  0x00002eb7      0x380 ./lmic/lmic.o
 .debug_abbrev  0x00003237      0x183 ./lmic/oslmic.o
 .debug_abbrev  0x000033ba      0x228 ./lmic/radio.o
 .debug_abbrev  0x000035e2      0x19c ./resource managers_src/app_manager.o
 .debug_abbrev  0x0000377e      0x1da ./src/main.o

.debug_aranges  0x00000000     0x1490
 .debug_aranges
                0x00000000       0x20 ./CMSIS/EFM32GG/startup_efm32gg.o
 .debug_aranges
                0x00000020       0x70 ./CMSIS/EFM32GG/system_efm32gg.o
 .debug_aranges
                0x00000090       0x90 ./devices_src/radio.o
 .debug_aranges
                0x00000120       0x50 ./devices_src/rgb_led.o
 .debug_aranges
                0x00000170       0x70 ./devices_src/sd_card.o
 .debug_aranges
                0x000001e0       0x88 ./devices_src/tbr.o
 .debug_aranges
                0x00000268       0x98 ./devices_src/ublox_gps.o
 .debug_aranges
                0x00000300       0x80 ./drivers_src/delay.o
 .debug_aranges
                0x00000380       0xa8 ./drivers_src/pwm.o
 .debug_aranges
                0x00000428       0x98 ./drivers_src/rs232.o
 .debug_aranges
                0x000004c0       0xa0 ./drivers_src/rs485.o
 .debug_aranges
                0x00000560       0x78 ./drivers_src/spi.o
 .debug_aranges
                0x000005d8      0x168 ./emlib/src/em_cmu.o
 .debug_aranges
                0x00000740       0xe8 ./emlib/src/em_core.o
 .debug_aranges
                0x00000828       0xc0 ./emlib/src/em_dma.o
 .debug_aranges
                0x000008e8       0x70 ./emlib/src/em_gpio.o
 .debug_aranges
                0x00000958       0x88 ./emlib/src/em_leuart.o
 .debug_aranges
                0x000009e0       0x58 ./emlib/src/em_rtc.o
 .debug_aranges
                0x00000a38       0x28 ./emlib/src/em_system.o
 .debug_aranges
                0x00000a60       0x58 ./emlib/src/em_timer.o
 .debug_aranges
                0x00000ab8       0xb8 ./emlib/src/em_usart.o
 .debug_aranges
                0x00000b70       0x40 ./fat_filesystem_src/diskio.o
 .debug_aranges
                0x00000bb0      0x1d8 ./fat_filesystem_src/ff.o
 .debug_aranges
                0x00000d88       0x40 ./fifo_buffers_src/fifo_rs232.o
 .debug_aranges
                0x00000dc8       0x40 ./fifo_buffers_src/fifo_tbr.o
 .debug_aranges
                0x00000e08       0x60 ./hal/debug.o
 .debug_aranges
                0x00000e68      0x128 ./hal/hal.o
 .debug_aranges
                0x00000f90       0x28 ./lmic/aes.o
 .debug_aranges
                0x00000fb8      0x308 ./lmic/lmic.o
 .debug_aranges
                0x000012c0       0x50 ./lmic/oslmic.o
 .debug_aranges
                0x00001310       0xc0 ./lmic/radio.o
 .debug_aranges
                0x000013d0       0x58 ./resource managers_src/app_manager.o
 .debug_aranges
                0x00001428       0x68 ./src/main.o

.debug_loc      0x00000000     0xad29
 .debug_loc     0x00000000      0x31c ./CMSIS/EFM32GG/system_efm32gg.o
 .debug_loc     0x0000031c      0x45c ./devices_src/radio.o
 .debug_loc     0x00000778      0x1dc ./devices_src/rgb_led.o
 .debug_loc     0x00000954      0x2f8 ./devices_src/sd_card.o
 .debug_loc     0x00000c4c      0x43e ./devices_src/tbr.o
 .debug_loc     0x0000108a      0x4cc ./devices_src/ublox_gps.o
 .debug_loc     0x00001556      0x404 ./drivers_src/delay.o
 .debug_loc     0x0000195a      0x54c ./drivers_src/pwm.o
 .debug_loc     0x00001ea6      0x470 ./drivers_src/rs232.o
 .debug_loc     0x00002316      0x4cc ./drivers_src/rs485.o
 .debug_loc     0x000027e2      0x378 ./drivers_src/spi.o
 .debug_loc     0x00002b5a      0xd50 ./emlib/src/em_cmu.o
 .debug_loc     0x000038aa      0x88c ./emlib/src/em_core.o
 .debug_loc     0x00004136      0x72c ./emlib/src/em_dma.o
 .debug_loc     0x00004862      0x3d0 ./emlib/src/em_gpio.o
 .debug_loc     0x00004c32      0x49c ./emlib/src/em_leuart.o
 .debug_loc     0x000050ce      0x28c ./emlib/src/em_rtc.o
 .debug_loc     0x0000535a       0xb8 ./emlib/src/em_system.o