Archive member included because of file (symbol)

c:/siliconlabs/simplicitystudio/v4/developer/toolchains/gnu_arm/4.9_2015q3/bin/../lib/gcc/arm-none-eabi/4.9.3/armv7-m\libgcc.a(_aeabi_uldivmod.o)
                              ./emlib/src/em_usart.o (__aeabi_uldivmod)
c:/siliconlabs/simplicitystudio/v4/developer/toolchains/gnu_arm/4.9_2015q3/bin/../lib/gcc/arm-none-eabi/4.9.3/armv7-m\libgcc.a(bpabi.o)
                              c:/siliconlabs/simplicitystudio/v4/developer/toolchains/gnu_arm/4.9_2015q3/bin/../lib/gcc/arm-none-eabi/4.9.3/armv7-m\libgcc.a(_aeabi_uldivmod.o) (__gnu_uldivmod_helper)
c:/siliconlabs/simplicitystudio/v4/developer/toolchains/gnu_arm/4.9_2015q3/bin/../lib/gcc/arm-none-eabi/4.9.3/armv7-m\libgcc.a(_dvmd_tls.o)
                              c:/siliconlabs/simplicitystudio/v4/developer/toolchains/gnu_arm/4.9_2015q3/bin/../lib/gcc/arm-none-eabi/4.9.3/armv7-m\libgcc.a(_aeabi_uldivmod.o) (__aeabi_ldiv0)
c:/siliconlabs/simplicitystudio/v4/developer/toolchains/gnu_arm/4.9_2015q3/bin/../lib/gcc/arm-none-eabi/4.9.3/armv7-m\libgcc.a(_divdi3.o)
                              c:/siliconlabs/simplicitystudio/v4/developer/toolchains/gnu_arm/4.9_2015q3/bin/../lib/gcc/arm-none-eabi/4.9.3/armv7-m\libgcc.a(bpabi.o) (__divdi3)
c:/siliconlabs/simplicitystudio/v4/developer/toolchains/gnu_arm/4.9_2015q3/bin/../lib/gcc/arm-none-eabi/4.9.3/armv7-m\libgcc.a(_udivdi3.o)
                              c:/siliconlabs/simplicitystudio/v4/developer/toolchains/gnu_arm/4.9_2015q3/bin/../lib/gcc/arm-none-eabi/4.9.3/armv7-m\libgcc.a(bpabi.o) (__udivdi3)
c:/siliconlabs/simplicitystudio/v4/developer/toolchains/gnu_arm/4.9_2015q3/bin/../lib/gcc/arm-none-eabi/4.9.3/../../../../arm-none-eabi/lib/armv7-m\libc_nano.a(lib_a-exit.o)
                              c:/siliconlabs/simplicitystudio/v4/developer/toolchains/gnu_arm/4.9_2015q3/bin/../lib/gcc/arm-none-eabi/4.9.3/../../../../arm-none-eabi/lib/armv7-m/crt0.o (exit)
c:/siliconlabs/simplicitystudio/v4/developer/toolchains/gnu_arm/4.9_2015q3/bin/../lib/gcc/arm-none-eabi/4.9.3/../../../../arm-none-eabi/lib/armv7-m\libc_nano.a(lib_a-impure.o)
                              c:/siliconlabs/simplicitystudio/v4/developer/toolchains/gnu_arm/4.9_2015q3/bin/../lib/gcc/arm-none-eabi/4.9.3/../../../../arm-none-eabi/lib/armv7-m\libc_nano.a(lib_a-exit.o) (_global_impure_ptr)
c:/siliconlabs/simplicitystudio/v4/developer/toolchains/gnu_arm/4.9_2015q3/bin/../lib/gcc/arm-none-eabi/4.9.3/../../../../arm-none-eabi/lib/armv7-m\libc_nano.a(lib_a-init.o)
                              c:/siliconlabs/simplicitystudio/v4/developer/toolchains/gnu_arm/4.9_2015q3/bin/../lib/gcc/arm-none-eabi/4.9.3/../../../../arm-none-eabi/lib/armv7-m/crt0.o (__libc_init_array)
c:/siliconlabs/simplicitystudio/v4/developer/toolchains/gnu_arm/4.9_2015q3/bin/../lib/gcc/arm-none-eabi/4.9.3/../../../../arm-none-eabi/lib/armv7-m\libc_nano.a(lib_a-memcpy.o)
                              ./lmic/lmic.o (memcpy)
c:/siliconlabs/simplicitystudio/v4/developer/toolchains/gnu_arm/4.9_2015q3/bin/../lib/gcc/arm-none-eabi/4.9.3/../../../../arm-none-eabi/lib/armv7-m\libc_nano.a(lib_a-memmove.o)
                              ./resource managers_src/app_manager.o (memmove)
c:/siliconlabs/simplicitystudio/v4/developer/toolchains/gnu_arm/4.9_2015q3/bin/../lib/gcc/arm-none-eabi/4.9.3/../../../../arm-none-eabi/lib/armv7-m\libc_nano.a(lib_a-memset.o)
                              c:/siliconlabs/simplicitystudio/v4/developer/toolchains/gnu_arm/4.9_2015q3/bin/../lib/gcc/arm-none-eabi/4.9.3/../../../../arm-none-eabi/lib/armv7-m/crt0.o (memset)
c:/siliconlabs/simplicitystudio/v4/developer/toolchains/gnu_arm/4.9_2015q3/bin/../lib/gcc/arm-none-eabi/4.9.3/../../../../arm-none-eabi/lib/armv7-m\libc_nano.a(lib_a-sprintf.o)
                              ./devices_src/tbr.o (sprintf)
c:/siliconlabs/simplicitystudio/v4/developer/toolchains/gnu_arm/4.9_2015q3/bin/../lib/gcc/arm-none-eabi/4.9.3/../../../../arm-none-eabi/lib/armv7-m\libc_nano.a(lib_a-strchr.o)
                              ./devices_src/tbr.o (strchr)
c:/siliconlabs/simplicitystudio/v4/developer/toolchains/gnu_arm/4.9_2015q3/bin/../lib/gcc/arm-none-eabi/4.9.3/../../../../arm-none-eabi/lib/armv7-m\libc_nano.a(lib_a-strlen.o)
                              ./devices_src/tbr.o (strlen)
c:/siliconlabs/simplicitystudio/v4/developer/toolchains/gnu_arm/4.9_2015q3/bin/../lib/gcc/arm-none-eabi/4.9.3/../../../../arm-none-eabi/lib/armv7-m\libc_nano.a(lib_a-strstr.o)
                              ./devices_src/tbr.o (strstr)
c:/siliconlabs/simplicitystudio/v4/developer/toolchains/gnu_arm/4.9_2015q3/bin/../lib/gcc/arm-none-eabi/4.9.3/../../../../arm-none-eabi/lib/armv7-m\libc_nano.a(lib_a-strtok.o)
                              ./devices_src/tbr.o (strtok)
c:/siliconlabs/simplicitystudio/v4/developer/toolchains/gnu_arm/4.9_2015q3/bin/../lib/gcc/arm-none-eabi/4.9.3/../../../../arm-none-eabi/lib/armv7-m\libc_nano.a(lib_a-strtok_r.o)
[...]
Memory Configuration

Name             Origin             Length             Attributes
FLASH            0x00000000         0x00100000         xr
RAM              0x20000000         0x00020000         xrw
*default*        0x00000000         0xffffffff

Linker script and memory map

LOAD c:/siliconlabs/simplicitystudio/v4/developer/toolchains/gnu_arm/4.9_2015q3/bin/../lib/gcc/arm-none-eabi/4.9.3/armv7-m/crti.o
LOAD c:/siliconlabs/simplicitystudio/v4/developer/toolchains/gnu_arm/4.9_2015q3/bin/../lib/gcc/arm-none-eabi/4.9.3/armv7-m/crtbegin.o
LOAD c:/siliconlabs/simplicitystudio/v4/developer/toolchains/gnu_arm/4.9_2015q3/bin/../lib/gcc/arm-none-eabi/4.9.3/../../../../arm-none-eabi/lib/armv7-m/crt0.o
LOAD ./CMSIS/EFM32GG/startup_efm32gg.o
LOAD ./CMSIS/EFM32GG/system_efm32gg.o
LOAD ./devices_src/radio.o
LOAD ./devices_src/rgb_led.o
LOAD ./devices_src/sd_card.o
LOAD ./devices_src/tbr.o
LOAD ./devices_src/ublox_gps.o
LOAD ./drivers_src/delay.o
LOAD ./drivers_src/pwm.o
LOAD ./drivers_src/rs232.o
LOAD ./drivers_src/rs485.o
LOAD ./drivers_src/spi.o
LOAD ./emlib/src/em_acmp.o
LOAD ./emlib/src/em_adc.o
LOAD ./emlib/src/em_aes.o
LOAD ./emlib/src/em_assert.o
LOAD ./emlib/src/em_burtc.o
LOAD ./emlib/src/em_can.o
LOAD ./emlib/src/em_cmu.o
LOAD ./emlib/src/em_core.o
LOAD ./emlib/src/em_cryotimer.o
LOAD ./emlib/src/em_crypto.o
LOAD ./emlib/src/em_csen.o
LOAD ./emlib/src/em_dac.o
LOAD ./emlib/src/em_dbg.o
LOAD ./emlib/src/em_dma.o
LOAD ./emlib/src/em_ebi.o
LOAD ./emlib/src/em_emu.o
LOAD ./emlib/src/em_gpcrc.o
LOAD ./emlib/src/em_gpio.o
LOAD ./emlib/src/em_i2c.o
LOAD ./emlib/src/em_idac.o
LOAD ./emlib/src/em_int.o
LOAD ./emlib/src/em_lcd.o
LOAD ./emlib/src/em_ldma.o
LOAD ./emlib/src/em_lesense.o
LOAD ./emlib/src/em_letimer.o
LOAD ./emlib/src/em_leuart.o
LOAD ./emlib/src/em_mpu.o
LOAD ./emlib/src/em_msc.o
LOAD ./emlib/src/em_opamp.o
LOAD ./emlib/src/em_pcnt.o
LOAD ./emlib/src/em_prs.o
LOAD ./emlib/src/em_qspi.o
LOAD ./emlib/src/em_rmu.o
LOAD ./emlib/src/em_rtc.o
LOAD ./emlib/src/em_rtcc.o
LOAD ./emlib/src/em_system.o
LOAD ./emlib/src/em_timer.o
LOAD ./emlib/src/em_usart.o
LOAD ./emlib/src/em_vcmp.o
LOAD ./emlib/src/em_vdac.o
LOAD ./emlib/src/em_wdog.o
LOAD ./fat_filesystem_src/diskio.o
LOAD ./fat_filesystem_src/ff.o
LOAD ./fifo_buffers_src/fifo_rs232.o
LOAD ./fifo_buffers_src/fifo_tbr.o
LOAD ./hal/debug.o
LOAD ./hal/hal.o
LOAD ./lmic/aes.o
LOAD ./lmic/lmic.o
LOAD ./lmic/oslmic.o
LOAD ./lmic/radio.o
LOAD ./resource managers_src/app_manager.o
LOAD ./src/main.o
START GROUP
LOAD c:/siliconlabs/simplicitystudio/v4/developer/toolchains/gnu_arm/4.9_2015q3/bin/../lib/gcc/arm-none-eabi/4.9.3/armv7-m\libgcc.a
LOAD c:/siliconlabs/simplicitystudio/v4/developer/toolchains/gnu_arm/4.9_2015q3/bin/../lib/gcc/arm-none-eabi/4.9.3/../../../../arm-none-eabi/lib/armv7-m\libc_nano.a
LOAD c:/siliconlabs/simplicitystudio/v4/developer/toolchains/gnu_arm/4.9_2015q3/bin/../lib/gcc/arm-none-eabi/4.9.3/../../../../arm-none-eabi/lib/armv7-m\libnosys.a
END GROUP
START GROUP
LOAD c:/siliconlabs/simplicitystudio/v4/developer/toolchains/gnu_arm/4.9_2015q3/bin/../lib/gcc/arm-none-eabi/4.9.3/armv7-m\libgcc.a
LOAD c:/siliconlabs/simplicitystudio/v4/developer/toolchains/gnu_arm/4.9_2015q3/bin/../lib/gcc/arm-none-eabi/4.9.3/../../../../arm-none-eabi/lib/armv7-m\libg_nano.a
LOAD c:/siliconlabs/simplicitystudio/v4/developer/toolchains/gnu_arm/4.9_2015q3/bin/../lib/gcc/arm-none-eabi/4.9.3/../../../../arm-none-eabi/lib/armv7-m\libc_nano.a
END GROUP
START GROUP
LOAD c:/siliconlabs/simplicitystudio/v4/developer/toolchains/gnu_arm/4.9_2015q3/bin/../lib/gcc/arm-none-eabi/4.9.3/armv7-m\libgcc.a
LOAD c:/siliconlabs/simplicitystudio/v4/developer/toolchains/gnu_arm/4.9_2015q3/bin/../lib/gcc/arm-none-eabi/4.9.3/../../../../arm-none-eabi/lib/armv7-m\libc_nano.a
END GROUP
LOAD c:/siliconlabs/simplicitystudio/v4/developer/toolchains/gnu_arm/4.9_2015q3/bin/../lib/gcc/arm-none-eabi/4.9.3/armv7-m/crtend.o
LOAD c:/siliconlabs/simplicitystudio/v4/developer/toolchains/gnu_arm/4.9_2015q3/bin/../lib/gcc/arm-none-eabi/4.9.3/armv7-m/crtn.o

.text           0x00000000     0xcd10
 *(.vectors)
 .vectors       0x00000000       0xdc ./CMSIS/EFM32GG/startup_efm32gg.o
                0x00000000                __Vectors
                0x000000dc                __Vectors_End = .
                0x000000dc                __Vectors_Size = (__Vectors_End - __Vectors)
                0x000000dc                __end__ = .
 *(.text*)
 .text          0x000000dc       0x5c c:/siliconlabs/simplicitystudio/v4/developer/toolchains/gnu_arm/4.9_2015q3/bin/../lib/gcc/arm-none-eabi/4.9.3/armv7-m/crtbegin.o
 .text          0x00000138       0x74 c:/siliconlabs/simplicitystudio/v4/developer/toolchains/gnu_arm/4.9_2015q3/bin/../lib/gcc/arm-none-eabi/4.9.3/../../../../arm-none-eabi/lib/armv7-m/crt0.o
                0x00000138                _start
                0x00000138                _mainCRTStartup
 .text          0x000001ac       0x30 ./CMSIS/EFM32GG/startup_efm32gg.o
                0x000001ac                Reset_Handler
                0x000001d8                DebugMon_Handler
                0x000001d8                USART0_TX_IRQHandler
                0x000001d8                I2C0_IRQHandler
                0x000001d8                HardFault_Handler
                0x000001d8                LEUART1_IRQHandler
                0x000001d8                SysTick_Handler
                0x000001d8                USART1_RX_IRQHandler
                0x000001d8                PendSV_Handler
                0x000001d8                NMI_Handler
                0x000001d8                I2C1_IRQHandler
                0x000001d8                TIMER3_IRQHandler
                0x000001d8                USART1_TX_IRQHandler
                0x000001d8                MSC_IRQHandler
                0x000001d8                ADC0_IRQHandler
                0x000001d8                UsageFault_Handler
                0x000001d8                UART0_TX_IRQHandler
                0x000001d8                UART1_TX_IRQHandler
                0x000001d8                TIMER0_IRQHandler
                0x000001d8                TIMER2_IRQHandler
                0x000001d8                LCD_IRQHandler
                0x000001d8                PCNT2_IRQHandler
                0x000001d8                UART0_RX_IRQHandler
                0x000001d8                LETIMER0_IRQHandler
                0x000001d8                TIMER1_IRQHandler
                0x000001d8                Default_Handler
                0x000001d8                EMU_IRQHandler
                0x000001d8                PCNT0_IRQHandler
                0x000001d8                USB_IRQHandler
                0x000001d8                BURTC_IRQHandler
                0x000001d8                PCNT1_IRQHandler
                0x000001d8                ACMP0_IRQHandler
                0x000001d8                USART0_RX_IRQHandler
                0x000001d8                MemManage_Handler
                0x000001d8                SVC_Handler
                0x000001d8                DAC0_IRQHandler
                0x000001d8                UART1_RX_IRQHandler
                0x000001d8                CMU_IRQHandler
                0x000001d8                EBI_IRQHandler
                0x000001d8                LESENSE_IRQHandler
                0x000001d8                AES_IRQHandler
                0x000001d8                VCMP_IRQHandler
                0x000001d8                BusFault_Handler
 .text.SystemCoreClockGet
                0x000001dc       0xdc ./CMSIS/EFM32GG/system_efm32gg.o
                0x000001dc                SystemCoreClockGet
 .text.SystemMaxCoreClockGet
                0x000002b8        0x8 ./CMSIS/EFM32GG/system_efm32gg.o
                0x000002b8                SystemMaxCoreClockGet
 .text.SystemHFClockGet
                0x000002c0       0xd0 ./CMSIS/EFM32GG/system_efm32gg.o
                0x000002c0                SystemHFClockGet
 .text.SystemHFXOClockGet
                0x00000390        0xc ./CMSIS/EFM32GG/system_efm32gg.o
                0x00000390                SystemHFXOClockGet
 .text.SystemInit
                0x0000039c        0x4 ./CMSIS/EFM32GG/system_efm32gg.o
                0x0000039c                SystemInit
 .text.SystemLFRCOClockGet
                0x000003a0        0x8 ./CMSIS/EFM32GG/system_efm32gg.o
                0x000003a0                SystemLFRCOClockGet
 .text.SystemULFRCOClockGet
                0x000003a8        0x8 ./CMSIS/EFM32GG/system_efm32gg.o
                0x000003a8                SystemULFRCOClockGet
 .text.SystemLFXOClockGet
                0x000003b0        0xc ./CMSIS/EFM32GG/system_efm32gg.o
                0x000003b0                SystemLFXOClockGet
 .text.RFM_Init
                0x000003bc      0x280 ./devices_src/radio.o
                0x000003bc                RFM_Init
 .text.RFM_Send_Package
                0x0000063c      0x13c ./devices_src/radio.o
                0x0000063c                RFM_Send_Package
 .text.RFM_off  0x00000778        0xc ./devices_src/radio.o
                0x00000778                RFM_off
 .text.rgb_init
                0x00000784       0x38 ./devices_src/rgb_led.o
                0x00000784                rgb_init
 .text.rgb_on   0x000007bc      0x124 ./devices_src/rgb_led.o
                0x000007bc                rgb_on
 .text.rgb_shutdown
                0x000008e0       0x18 ./devices_src/rgb_led.o
                0x000008e0                rgb_shutdown
 .text.sd_card_init
                0x000008f8      0x244 ./devices_src/sd_card.o
                0x000008f8                sd_card_init
 .text.sd_card_off
                0x00000b3c        0xc ./devices_src/sd_card.o
                0x00000b3c                sd_card_off
 .text.sd_card_read
                0x00000b48       0xf0 ./devices_src/sd_card.o
                0x00000b48                sd_card_read
 .text.sd_card_write
                0x00000c38       0xdc ./devices_src/sd_card.o
                0x00000c38                sd_card_write
 .text.parse_message_tbr
                0x00000d14       0xf8 ./devices_src/tbr.o
                0x00000d14                parse_message_tbr
 .text.get_and_compare
                0x00000e0c       0x68 ./devices_src/tbr.o
                0x00000e0c                get_and_compare
 .text.tbr_init
                0x00000e74       0x44 ./devices_src/tbr.o
                0x00000e74                tbr_init
 .text.tbr_send_cmd
                0x00000eb8      0x2cc ./devices_src/tbr.o
                0x00000eb8                tbr_send_cmd
 .text.tbr_recv_msg
                0x00001184       0x78 ./devices_src/tbr.o
                0x00001184                tbr_recv_msg
 .text.send_cmd_rx_ack.constprop.0
                0x000011fc       0x88 ./devices_src/ublox_gps.o
 .text.send_cmd_rx_ack.constprop.1
                0x00001284       0x8c ./devices_src/ublox_gps.o
 .text.send_cmd_rx_ack.constprop.2
                0x00001310       0x8c ./devices_src/ublox_gps.o
 .text.send_cmd_rx_ack.constprop.3
                0x0000139c       0x8c ./devices_src/ublox_gps.o
 .text.receiver_nav_status
                0x00001428       0xa4 ./devices_src/ublox_gps.o
                0x00001428                receiver_nav_status
 .text.poll_psm
                0x000014cc       0xac ./devices_src/ublox_gps.o
                0x000014cc                poll_psm
 .text.parse_message
                0x00001578       0xc4 ./devices_src/ublox_gps.o
                0x00001578                parse_message
 .text.gps_init
                0x0000163c       0xe4 ./devices_src/ublox_gps.o
                0x0000163c                gps_init
 .text.gps_get_nav_data
                0x00001720       0xf8 ./devices_src/ublox_gps.o
                0x00001720                gps_get_nav_data
 .text.delay_init
                0x00001818       0x68 ./drivers_src/delay.o
                0x00001818                delay_init
 .text.delay_ms
                0x00001880       0x38 ./drivers_src/delay.o
                0x00001880                delay_ms
 .text.pwm_init
                0x000018b8       0x68 ./drivers_src/pwm.o
                0x000018b8                pwm_init
 .text.pwm_us_delay
                0x00001920       0x34 ./drivers_src/pwm.o
                0x00001920                pwm_us_delay
 .text.rs232_init
                0x00001954       0xa4 ./drivers_src/rs232.o
                0x00001954                rs232_init
 .text.rs232_enable
                0x000019f8        0xc ./drivers_src/rs232.o
                0x000019f8                rs232_enable
 .text.rs232_transmit_string
                0x00001a04       0x38 ./drivers_src/rs232.o
                0x00001a04                rs232_transmit_string
 .text.USART2_TX_IRQHandler
                0x00001a3c       0x38 ./drivers_src/rs232.o
                0x00001a3c                USART2_TX_IRQHandler
 .text.USART2_RX_IRQHandler
                0x00001a74       0x34 ./drivers_src/rs232.o
                0x00001a74                USART2_RX_IRQHandler
 .text.rs485_init
                0x00001aa8       0xe8 ./drivers_src/rs485.o
                0x00001aa8                rs485_init
 .text.rs485_enable
                0x00001b90        0xc ./drivers_src/rs485.o
                0x00001b90                rs485_enable
 .text.rs485_transmit_string
                0x00001b9c       0x54 ./drivers_src/rs485.o
                0x00001b9c                rs485_transmit_string
 .text.rs485_recieve_char
                0x00001bf0       0x18 ./drivers_src/rs485.o
                0x00001bf0                rs485_recieve_char
 .text.LEUART0_IRQHandler
                0x00001c08       0xa8 ./drivers_src/rs485.o
                0x00001c08                LEUART0_IRQHandler
 .text.spi_init
                0x00001cb0       0xac ./drivers_src/spi.o
                0x00001cb0                spi_init
 .text.spi_enable
                0x00001d5c        0xc ./drivers_src/spi.o
                0x00001d5c                spi_enable
 .text.spi_cs_set
                0x00001d68       0x28 ./drivers_src/spi.o
                0x00001d68                spi_cs_set
 .text.spi_cs_clear
                0x00001d90       0x54 ./drivers_src/spi.o
                0x00001d90                spi_cs_clear
 .text.spi_read_write_byte
                0x00001de4       0x28 ./drivers_src/spi.o
                0x00001de4                spi_read_write_byte
 .text.spi_write_byte
                0x00001e0c       0x28 ./drivers_src/spi.o
                0x00001e0c                spi_write_byte
 .text.spi_read_byte
                0x00001e34       0x28 ./drivers_src/spi.o
                0x00001e34                spi_read_byte
 .text.setHfLeConfig
                0x00001e5c       0xdc ./emlib/src/em_cmu.o
 .text.lfClkGet
                0x00001f38      0x124 ./emlib/src/em_cmu.o
 .text.CMU_ClockDivSet
                0x0000205c      0x32c ./emlib/src/em_cmu.o
                0x0000205c                CMU_ClockDivSet
 .text.CMU_ClockSelectGet
                0x00002388       0xa8 ./emlib/src/em_cmu.o
                0x00002388                CMU_ClockSelectGet
 .text.CMU_ClockFreqGet
                0x00002430      0x1c8 ./emlib/src/em_cmu.o
                0x00002430                CMU_ClockFreqGet
 .text.CMU_ClockEnable
                0x000025f8       0x88 ./emlib/src/em_cmu.o
                0x000025f8                CMU_ClockEnable
 .text.CMU_ClockSelectSet
                0x00002680      0x2f0 ./emlib/src/em_cmu.o
                0x00002680                CMU_ClockSelectSet
 .text.CMU_HFRCOBandSet
                0x00002970      0x248 ./emlib/src/em_cmu.o
                0x00002970                CMU_HFRCOBandSet
 .text.CMU_OscillatorEnable
                0x00002bb8       0x74 ./emlib/src/em_cmu.o
                0x00002bb8                CMU_OscillatorEnable
 .text.CORE_EnterAtomic
                0x00002c2c        0x8 ./emlib/src/em_core.o
                0x00002c2c                CORE_EnterAtomic
 .text.CORE_ExitAtomic
                0x00002c34        0x8 ./emlib/src/em_core.o
                0x00002c34                CORE_ExitAtomic
 .text.DMA_IRQHandler
                0x00002c3c       0x84 ./emlib/src/em_dma.o
                0x00002c3c                DMA_IRQHandler
 .text.EMU_EnterEM2
                0x00002cc0       0xf0 ./emlib/src/em_emu.o
                0x00002cc0                EMU_EnterEM2
 .text.GPIO_DriveModeSet
                0x00002db0       0x1c ./emlib/src/em_gpio.o
                0x00002db0                GPIO_DriveModeSet
 .text.GPIO_ExtIntConfig
                0x00002dcc       0x78 ./emlib/src/em_gpio.o
                0x00002dcc                GPIO_ExtIntConfig
 .text.GPIO_PinModeSet
                0x00002e44       0xa4 ./emlib/src/em_gpio.o
                0x00002e44                GPIO_PinModeSet
 .text.LEUART_Enable
                0x00002ee8       0x1c ./emlib/src/em_leuart.o
                0x00002ee8                LEUART_Enable
 .text.LEUART_FreezeEnable
                0x00002f04       0x14 ./emlib/src/em_leuart.o
                0x00002f04                LEUART_FreezeEnable
 .text.LEUART_Init
                0x00002f18       0x98 ./emlib/src/em_leuart.o
                0x00002f18                LEUART_Init
 .text.LEUART_Reset
                0x00002fb0       0x2c ./emlib/src/em_leuart.o
                0x00002fb0                LEUART_Reset
 .text.LEUART_Rx
                0x00002fdc        0xc ./emlib/src/em_leuart.o
                0x00002fdc                LEUART_Rx
 .text.LEUART_Tx
                0x00002fe8       0x18 ./emlib/src/em_leuart.o
                0x00002fe8                LEUART_Tx
 .text.RTC_CompareSet
                0x00003000       0x18 ./emlib/src/em_rtc.o
                0x00003000                RTC_CompareSet
 .text.RTC_Enable
                0x00003018        0x8 ./emlib/src/em_rtc.o
                0x00003018                RTC_Enable
 .text.RTC_Init
                0x00003020       0x1c ./emlib/src/em_rtc.o
                0x00003020                RTC_Init
 .text.SYSTEM_ChipRevisionGet
                0x0000303c       0x34 ./emlib/src/em_system.o
                0x0000303c                SYSTEM_ChipRevisionGet
 .text.TIMER_Init
                0x00003070       0xc0 ./emlib/src/em_timer.o
                0x00003070                TIMER_Init
 .text.USART_Enable
                0x00003130       0x10 ./emlib/src/em_usart.o
                0x00003130                USART_Enable
 .text.USART_InitAsync
                0x00003140       0xdc ./emlib/src/em_usart.o
                0x00003140                USART_InitAsync
 .text.USART_InitSync
                0x0000321c       0xc0 ./emlib/src/em_usart.o
                0x0000321c                USART_InitSync
 .text.USART_Reset
                0x000032dc       0x54 ./emlib/src/em_usart.o
                0x000032dc                USART_Reset
 .text.USART_Rx
                0x00003330        0xc ./emlib/src/em_usart.o
                0x00003330                USART_Rx
 .text.USART_SpiTransfer
                0x0000333c       0x14 ./emlib/src/em_usart.o
                0x0000333c                USART_SpiTransfer
 .text.USART_Tx
                0x00003350        0xc ./emlib/src/em_usart.o
                0x00003350                USART_Tx
 .text.disk_status
                0x0000335c       0x14 ./fat_filesystem_src/diskio.o
                0x0000335c                disk_status
 .text.disk_initialize
                0x00003370       0x1c ./fat_filesystem_src/diskio.o
                0x00003370                disk_initialize
 .text.disk_read
                0x0000338c       0x20 ./fat_filesystem_src/diskio.o
                0x0000338c                disk_read
 .text.disk_write
                0x000033ac       0x20 ./fat_filesystem_src/diskio.o
                0x000033ac                disk_write
 .text.disk_ioctl
                0x000033cc       0x1c ./fat_filesystem_src/diskio.o
                0x000033cc                disk_ioctl
 .text.sync_window.part.5
                0x000033e8       0x4c ./fat_filesystem_src/ff.o
 .text.check_fs
                0x00003434       0xbc ./fat_filesystem_src/ff.o
 .text.move_window
                0x000034f0       0x7c ./fat_filesystem_src/ff.o
 .text.sync_fs  0x0000356c      0x10c ./fat_filesystem_src/ff.o
 .text.find_volume
                0x00003678      0x4b0 ./fat_filesystem_src/ff.o
 .text.put_fat.part.7
                0x00003b28      0x2c8 ./fat_filesystem_src/ff.o
 .text.get_fat.isra.8
                0x00003df0      0x270 ./fat_filesystem_src/ff.o
 .text.create_chain
                0x00004060      0x398 ./fat_filesystem_src/ff.o
 .text.dir_sdi.constprop.12
                0x000043f8      0x300 ./fat_filesystem_src/ff.o
 .text.follow_path
                0x000046f8      0x35c ./fat_filesystem_src/ff.o
 .text.dir_register
                0x00004a54      0x2d0 ./fat_filesystem_src/ff.o
 .text.remove_chain
                0x00004d24      0x2f4 ./fat_filesystem_src/ff.o
 .text.f_mount  0x00005018       0x6c ./fat_filesystem_src/ff.o
                0x00005018                f_mount
 .text.f_open   0x00005084      0x244 ./fat_filesystem_src/ff.o
                0x00005084                f_open
 .text.f_write  0x000052c8      0x2b0 ./fat_filesystem_src/ff.o
                0x000052c8                f_write
 .text.f_close  0x00005578      0x164 ./fat_filesystem_src/ff.o
                0x00005578                f_close
 .text.f_puts   0x000056dc      0x390 ./fat_filesystem_src/ff.o
                0x000056dc                f_puts
 .text.fifo_rs232_init
                0x00005a6c       0x38 ./fifo_buffers_src/fifo_rs232.o
                0x00005a6c                fifo_rs232_init
 .text.fifo_rs232_is_empty
                0x00005aa4       0x24 ./fifo_buffers_src/fifo_rs232.o
                0x00005aa4                fifo_rs232_is_empty
 .text.fifo_rs232_is_full
                0x00005ac8       0x2c ./fifo_buffers_src/fifo_rs232.o
                0x00005ac8                fifo_rs232_is_full
 .text.fifo_rs232_remove
                0x00005af4       0x78 ./fifo_buffers_src/fifo_rs232.o
                0x00005af4                fifo_rs232_remove
 .text.fifo_rs232_add
                0x00005b6c       0x6c ./fifo_buffers_src/fifo_rs232.o
                0x00005b6c                fifo_rs232_add
 .text.fifo_tbr_init
                0x00005bd8       0x58 ./fifo_buffers_src/fifo_tbr.o
                0x00005bd8                fifo_tbr_init
 .text.fifo_tbr_is_empty
                0x00005c30       0x2c ./fifo_buffers_src/fifo_tbr.o
                0x00005c30                fifo_tbr_is_empty
 .text.fifo_tbr_is_full
                0x00005c5c       0x40 ./fifo_buffers_src/fifo_tbr.o
                0x00005c5c                fifo_tbr_is_full
 .text.fifo_tbr_remove
                0x00005c9c       0xa0 ./fifo_buffers_src/fifo_tbr.o
                0x00005c9c                fifo_tbr_remove
 .text.fifo_tbr_add
                0x00005d3c       0x94 ./fifo_buffers_src/fifo_tbr.o
                0x00005d3c                fifo_tbr_add
 .text.debug_led
                0x00005dd0       0x10 ./hal/debug.o
                0x00005dd0                debug_led
 .text.debug_str
                0x00005de0       0x1c ./hal/debug.o
                0x00005de0                debug_str
 .text.time_manager_init
                0x00005dfc       0x40 ./hal/hal.o
                0x00005dfc                time_manager_init
 .text.time_manager_unixTimestamp
                0x00005e3c       0xe8 ./hal/hal.o
                0x00005e3c                time_manager_unixTimestamp
 .text.time_manager_get_cmd
                0x00005f24        0xc ./hal/hal.o
                0x00005f24                time_manager_get_cmd
 .text.GPIO_EVEN_IRQHandler
                0x00005f30       0x8c ./hal/hal.o
                0x00005f30                GPIO_EVEN_IRQHandler
 .text.GPIO_ODD_IRQHandler
                0x00005fbc       0x2c ./hal/hal.o
                0x00005fbc                GPIO_ODD_IRQHandler
 .text.hal_pin_rxtx
                0x00005fe8        0x4 ./hal/hal.o
                0x00005fe8                hal_pin_rxtx
 .text.hal_pin_nss
                0x00005fec       0x10 ./hal/hal.o
                0x00005fec                hal_pin_nss
 .text.hal_pin_rst
                0x00005ffc        0x4 ./hal/hal.o
                0x00005ffc                hal_pin_rst
 .text.hal_spi  0x00006000        0x4 ./hal/hal.o
                0x00006000                hal_spi
 .text.RTC_IRQHandler
                0x00006004       0x2c ./hal/hal.o
                0x00006004                RTC_IRQHandler
 .text.hal_ticks
                0x00006030       0x50 ./hal/hal.o
                0x00006030                hal_ticks
 .text.hal_waitUntil
                0x00006080       0x88 ./hal/hal.o
                0x00006080                hal_waitUntil
 .text.hal_checkTimer
                0x00006108       0xa4 ./hal/hal.o
                0x00006108                hal_checkTimer
 .text.hal_disableIRQs
                0x000061ac       0x2c ./hal/hal.o
                0x000061ac                hal_disableIRQs
 .text.hal_enableIRQs
                0x000061d8       0x28 ./hal/hal.o
                0x000061d8                hal_enableIRQs
 .text.hal_sleep
                0x00006200        0x8 ./hal/hal.o
                0x00006200                hal_sleep
 .text.hal_init
                0x00006208      0x19c ./hal/hal.o
                0x00006208                hal_init
 .text.hal_failed
                0x000063a4       0x80 ./hal/hal.o
                0x000063a4                hal_failed
 .text.os_aes   0x00006424      0x6e0 ./lmic/aes.o
                0x00006424                os_aes
 .text.setupRx1Jacc
                0x00006b04       0x2c ./lmic/lmic.o
 .text.setupRx2Jacc
                0x00006b30       0x44 ./lmic/lmic.o
 .text.jreqDone
                0x00006b74       0x50 ./lmic/lmic.o
 .text.initDefaultChannels
                0x00006bc4      0x108 ./lmic/lmic.o
 .text.setupRx1DnData
                0x00006ccc       0x2c ./lmic/lmic.o
 .text.setupRx2DnData
                0x00006cf8       0x44 ./lmic/lmic.o
 .text.updataDone
                0x00006d3c       0x50 ./lmic/lmic.o
 .text.LMIC_startJoining.part.4
                0x00006d8c       0xc0 ./lmic/lmic.o
 .text.calcAirTime
                0x00006e4c       0xa8 ./lmic/lmic.o
                0x00006e4c                calcAirTime
 .text.engineUpdate
                0x00006ef4      0x6a8 ./lmic/lmic.o
 .text.startJoining
                0x0000759c       0x10 ./lmic/lmic.o
 .text.processRx1Jacc
                0x000075ac      0x400 ./lmic/lmic.o
 .text.onJoinFailed
                0x000079ac       0x10 ./lmic/lmic.o
 .text.runEngineUpdate
                0x000079bc        0x4 ./lmic/lmic.o
 .text.processDnData
                0x000079c0      0x870 ./lmic/lmic.o
 .text.processRx1DnData
                0x00008230       0x4c ./lmic/lmic.o
 .text.processRx2DnData
                0x0000827c       0x5c ./lmic/lmic.o
 .text.processRx2DnDataDelay
                0x000082d8        0x4 ./lmic/lmic.o
 .text.runReset
                0x000082dc       0x64 ./lmic/lmic.o
 .text.processRx2Jacc
                0x00008340      0x3d0 ./lmic/lmic.o
 .text.LMIC_setupBand
                0x00008710       0x30 ./lmic/lmic.o
                0x00008710                LMIC_setupBand
 .text.LMIC_setupChannel
                0x00008740       0x90 ./lmic/lmic.o
                0x00008740                LMIC_setupChannel
 .text.LMIC_disableChannel
                0x000087d0       0x30 ./lmic/lmic.o
                0x000087d0                LMIC_disableChannel
 .text.LMIC_startJoining
                0x00008800       0xcc ./lmic/lmic.o
                0x00008800                LMIC_startJoining
 .text.LMIC_setAdrMode
                0x000088cc       0x14 ./lmic/lmic.o
                0x000088cc                LMIC_setAdrMode
 .text.LMIC_setDrTxpow
                0x000088e0       0x2c ./lmic/lmic.o
                0x000088e0                LMIC_setDrTxpow
 .text.LMIC_reset
                0x0000890c       0x50 ./lmic/lmic.o
                0x0000890c                LMIC_reset
 .text.LMIC_init
                0x0000895c       0x10 ./lmic/lmic.o
                0x0000895c                LMIC_init
 .text.LMIC_setTxData2
                0x0000896c       0x50 ./lmic/lmic.o
                0x0000896c                LMIC_setTxData2
 .text.os_init  0x000089bc       0x20 ./lmic/oslmic.o
                0x000089bc                os_init
 .text.os_getTime
                0x000089dc        0x4 ./lmic/oslmic.o
                0x000089dc                os_getTime
 .text.os_clearCallback
                0x000089e0       0x58 ./lmic/oslmic.o
                0x000089e0                os_clearCallback
 .text.os_setCallback
                0x00008a38       0x78 ./lmic/oslmic.o
                0x00008a38                os_setCallback
 .text.os_setTimedCallback
                0x00008ab0       0x98 ./lmic/oslmic.o
                0x00008ab0                os_setTimedCallback
 .text.os_runloop
                0x00008b48       0x44 ./lmic/oslmic.o
                0x00008b48                os_runloop
 .text.readReg  0x00008b8c       0x24 ./lmic/radio.o
 .text.unlikely.readBuf.constprop.1
                0x00008bb0       0x34 ./lmic/radio.o
 .text.configLoraModem
                0x00008be4      0x158 ./lmic/radio.o
 .text.startrx  0x00008d3c      0x548 ./lmic/radio.o
 .text.radio_init
                0x00009284      0x420 ./lmic/radio.o
                0x00009284                radio_init
 .text.radio_rand1
                0x000096a4       0x3c ./lmic/radio.o
                0x000096a4                radio_rand1
 .text.radio_irq_handler
                0x000096e0      0x1c4 ./lmic/radio.o
                0x000096e0                radio_irq_handler
 .text.os_radio
                0x000098a4      0x634 ./lmic/radio.o
                0x000098a4                os_radio
 .text.app_manager_init
                0x00009ed8      0x15c ./resource managers_src/app_manager.o
                0x00009ed8                app_manager_init
 .text.app_manager_tbr_synch_msg
                0x0000a034      0x2fc ./resource managers_src/app_manager.o
                0x0000a034                app_manager_tbr_synch_msg
 .text.app_manager_get_nav_data
                0x0000a330        0xc ./resource managers_src/app_manager.o
                0x0000a330                app_manager_get_nav_data
 .text.blinkfunc
                0x0000a33c       0xfc ./src/main.o
 .text.initfunc
                0x0000a438       0x10 ./src/main.o
 .text.os_getArtEui
                0x0000a448       0x10 ./src/main.o
                0x0000a448                os_getArtEui
 .text.os_getDevEui
                0x0000a458       0x10 ./src/main.o
                0x0000a458                os_getDevEui
 .text.os_getDevKey
                0x0000a468       0x18 ./src/main.o
                0x0000a468                os_getDevKey
 .text.startup.main
                0x0000a480       0xbc ./src/main.o
                0x0000a480                main
 .text.onEvent  0x0000a53c       0xa4 ./src/main.o
                0x0000a53c                onEvent
 .text          0x0000a5e0       0x30 c:/siliconlabs/simplicitystudio/v4/developer/toolchains/gnu_arm/4.9_2015q3/bin/../lib/gcc/arm-none-eabi/4.9.3/armv7-m\libgcc.a(_aeabi_uldivmod.o)
                0x0000a5e0                __aeabi_uldivmod
 .text          0x0000a610       0x60 c:/siliconlabs/simplicitystudio/v4/developer/toolchains/gnu_arm/4.9_2015q3/bin/../lib/gcc/arm-none-eabi/4.9.3/armv7-m\libgcc.a(bpabi.o)
                0x0000a610                __gnu_ldivmod_helper
                0x0000a640                __gnu_uldivmod_helper
 .text          0x0000a670        0x4 c:/siliconlabs/simplicitystudio/v4/developer/toolchains/gnu_arm/4.9_2015q3/bin/../lib/gcc/arm-none-eabi/4.9.3/armv7-m\libgcc.a(_dvmd_tls.o)
                0x0000a670                __aeabi_idiv0
                0x0000a670                __aeabi_ldiv0
 .text          0x0000a674      0x2ac c:/siliconlabs/simplicitystudio/v4/developer/toolchains/gnu_arm/4.9_2015q3/bin/../lib/gcc/arm-none-eabi/4.9.3/armv7-m\libgcc.a(_divdi3.o)
                0x0000a674                __divdi3
 .text          0x0000a920      0x270 c:/siliconlabs/simplicitystudio/v4/developer/toolchains/gnu_arm/4.9_2015q3/bin/../lib/gcc/arm-none-eabi/4.9.3/armv7-m\libgcc.a(_udivdi3.o)
                0x0000a920                __udivdi3
 .text.exit     0x0000ab90       0x28 c:/siliconlabs/simplicitystudio/v4/developer/toolchains/gnu_arm/4.9_2015q3/bin/../lib/gcc/arm-none-eabi/4.9.3/../../../../arm-none-eabi/lib/armv7-m\libc_nano.a(lib_a-exit.o)
                0x0000ab90                exit
 .text.__libc_init_array
                0x0000abb8       0x4c c:/siliconlabs/simplicitystudio/v4/developer/toolchains/gnu_arm/4.9_2015q3/bin/../lib/gcc/arm-none-eabi/4.9.3/../../../../arm-none-eabi/lib/armv7-m\libc_nano.a(lib_a-init.o)
                0x0000abb8                __libc_init_array
 .text.memcpy   0x0000ac04       0x16 c:/siliconlabs/simplicitystudio/v4/developer/toolchains/gnu_arm/4.9_2015q3/bin/../lib/gcc/arm-none-eabi/4.9.3/../../../../arm-none-eabi/lib/armv7-m\libc_nano.a(lib_a-memcpy.o)
                0x0000ac04                memcpy
 .text.memmove  0x0000ac1a       0x36 c:/siliconlabs/simplicitystudio/v4/developer/toolchains/gnu_arm/4.9_2015q3/bin/../lib/gcc/arm-none-eabi/4.9.3/../../../../arm-none-eabi/lib/armv7-m\libc_nano.a(lib_a-memmove.o)
                0x0000ac1a                memmove
 .text.memset   0x0000ac50       0x10 c:/siliconlabs/simplicitystudio/v4/developer/toolchains/gnu_arm/4.9_2015q3/bin/../lib/gcc/arm-none-eabi/4.9.3/../../../../arm-none-eabi/lib/armv7-m\libc_nano.a(lib_a-memset.o)
                0x0000ac50                memset
 .text.sprintf  0x0000ac60       0x48 c:/siliconlabs/simplicitystudio/v4/developer/toolchains/gnu_arm/4.9_2015q3/bin/../lib/gcc/arm-none-eabi/4.9.3/../../../../arm-none-eabi/lib/armv7-m\libc_nano.a(lib_a-sprintf.o)
                0x0000ac60                siprintf
                0x0000ac60                sprintf
 .text.strchr   0x0000aca8       0x1c c:/siliconlabs/simplicitystudio/v4/developer/toolchains/gnu_arm/4.9_2015q3/bin/../lib/gcc/arm-none-eabi/4.9.3/../../../../arm-none-eabi/lib/armv7-m\libc_nano.a(lib_a-strchr.o)
                0x0000aca8                strchr
 .text.strlen   0x0000acc4       0x10 c:/siliconlabs/simplicitystudio/v4/developer/toolchains/gnu_arm/4.9_2015q3/bin/../lib/gcc/arm-none-eabi/4.9.3/../../../../arm-none-eabi/lib/armv7-m\libc_nano.a(lib_a-strlen.o)
                0x0000acc4                strlen
 .text.strstr   0x0000acd4       0x30 c:/siliconlabs/simplicitystudio/v4/developer/toolchains/gnu_arm/4.9_2015q3/bin/../lib/gcc/arm-none-eabi/4.9.3/../../../../arm-none-eabi/lib/armv7-m\libc_nano.a(lib_a-strstr.o)
                0x0000acd4                strstr
 .text.strtok   0x0000ad04       0x64 c:/siliconlabs/simplicitystudio/v4/developer/toolchains/gnu_arm/4.9_2015q3/bin/../lib/gcc/arm-none-eabi/4.9.3/../../../../arm-none-eabi/lib/armv7-m\libc_nano.a(lib_a-strtok.o)
                0x0000ad04                strtok
 .text.__strtok_r
                0x0000ad68       0x56 c:/siliconlabs/simplicitystudio/v4/developer/toolchains/gnu_arm/4.9_2015q3/bin/../lib/gcc/arm-none-eabi/4.9.3/../../../../arm-none-eabi/lib/armv7-m\libc_nano.a(lib_a-strtok_r.o)
                0x0000ad68                __strtok_r
 *fill*         0x0000adbe        0x2 
 .text.malloc   0x0000adc0       0x10 c:/siliconlabs/simplicitystudio/v4/developer/toolchains/gnu_arm/4.9_2015q3/bin/../lib/gcc/arm-none-eabi/4.9.3/../../../../arm-none-eabi/lib/armv7-m\libc_nano.a(lib_a-malloc.o)
                0x0000adc0                malloc
 .text._free_r  0x0000add0       0x88 c:/siliconlabs/simplicitystudio/v4/developer/toolchains/gnu_arm/4.9_2015q3/bin/../lib/gcc/arm-none-eabi/4.9.3/../../../../arm-none-eabi/lib/armv7-m\libc_nano.a(lib_a-nano-freer.o)
                0x0000add0                _free_r
 .text._malloc_r
                0x0000ae58       0xac c:/siliconlabs/simplicitystudio/v4/developer/toolchains/gnu_arm/4.9_2015q3/bin/../lib/gcc/arm-none-eabi/4.9.3/../../../../arm-none-eabi/lib/armv7-m\libc_nano.a(lib_a-nano-mallocr.o)
                0x0000ae58                _malloc_r
 .text.__ssputs_r
                0x0000af04       0xb2 c:/siliconlabs/simplicitystudio/v4/developer/toolchains/gnu_arm/4.9_2015q3/bin/../lib/gcc/arm-none-eabi/4.9.3/../../../../arm-none-eabi/lib/armv7-m\libc_nano.a(lib_a-nano-svfprintf.o)
                0x0000af04                __ssputs_r
 *fill*         0x0000afb6        0x2 
 .text._svfprintf_r
                0x0000afb8      0x1e4 c:/siliconlabs/simplicitystudio/v4/developer/toolchains/gnu_arm/4.9_2015q3/bin/../lib/gcc/arm-none-eabi/4.9.3/../../../../arm-none-eabi/lib/armv7-m\libc_nano.a(lib_a-nano-svfprintf.o)
                0x0000afb8                _svfiprintf_r
                0x0000afb8                _svfprintf_r
 .text._printf_common
                0x0000b19c       0xea c:/siliconlabs/simplicitystudio/v4/developer/toolchains/gnu_arm/4.9_2015q3/bin/../lib/gcc/arm-none-eabi/4.9.3/../../../../arm-none-eabi/lib/armv7-m\libc_nano.a(lib_a-nano-vfprintf_i.o)
                0x0000b19c                _printf_common
 *fill*         0x0000b286        0x2 
 .text._printf_i
                0x0000b288      0x240 c:/siliconlabs/simplicitystudio/v4/developer/toolchains/gnu_arm/4.9_2015q3/bin/../lib/gcc/arm-none-eabi/4.9.3/../../../../arm-none-eabi/lib/armv7-m\libc_nano.a(lib_a-nano-vfprintf_i.o)
                0x0000b288                _printf_i
 .text._sbrk_r  0x0000b4c8       0x20 c:/siliconlabs/simplicitystudio/v4/developer/toolchains/gnu_arm/4.9_2015q3/bin/../lib/gcc/arm-none-eabi/4.9.3/../../../../arm-none-eabi/lib/armv7-m\libc_nano.a(lib_a-sbrkr.o)
                0x0000b4c8                _sbrk_r
 .text.memchr   0x0000b4e8       0x1c c:/siliconlabs/simplicitystudio/v4/developer/toolchains/gnu_arm/4.9_2015q3/bin/../lib/gcc/arm-none-eabi/4.9.3/../../../../arm-none-eabi/lib/armv7-m\libc_nano.a(lib_a-memchr.o)
                0x0000b4e8                memchr
 .text._realloc_r
                0x0000b504       0x4c c:/siliconlabs/simplicitystudio/v4/developer/toolchains/gnu_arm/4.9_2015q3/bin/../lib/gcc/arm-none-eabi/4.9.3/../../../../arm-none-eabi/lib/armv7-m\libc_nano.a(lib_a-nano-reallocr.o)
                0x0000b504                _realloc_r
 .text._malloc_usable_size_r
                0x0000b550       0x14 c:/siliconlabs/simplicitystudio/v4/developer/toolchains/gnu_arm/4.9_2015q3/bin/../lib/gcc/arm-none-eabi/4.9.3/../../../../arm-none-eabi/lib/armv7-m\libc_nano.a(lib_a-nano-msizer.o)
                0x0000b550                _malloc_usable_size_r
 .text._sbrk    0x0000b564       0x1c c:/siliconlabs/simplicitystudio/v4/developer/toolchains/gnu_arm/4.9_2015q3/bin/../lib/gcc/arm-none-eabi/4.9.3/../../../../arm-none-eabi/lib/armv7-m\libnosys.a(sbrk.o)
                0x0000b564                _sbrk
 .text._exit    0x0000b580        0x4 c:/siliconlabs/simplicitystudio/v4/developer/toolchains/gnu_arm/4.9_2015q3/bin/../lib/gcc/arm-none-eabi/4.9.3/../../../../arm-none-eabi/lib/armv7-m\libnosys.a(_exit.o)
                0x0000b580                _exit
 *(.init)
 .init          0x0000b584        0x4 c:/siliconlabs/simplicitystudio/v4/developer/toolchains/gnu_arm/4.9_2015q3/bin/../lib/gcc/arm-none-eabi/4.9.3/armv7-m/crti.o
                0x0000b584                _init
 .init          0x0000b588        0x8 c:/siliconlabs/simplicitystudio/v4/developer/toolchains/gnu_arm/4.9_2015q3/bin/../lib/gcc/arm-none-eabi/4.9.3/armv7-m/crtn.o
 *(.fini)
 .fini          0x0000b590        0x4 c:/siliconlabs/simplicitystudio/v4/developer/toolchains/gnu_arm/4.9_2015q3/bin/../lib/gcc/arm-none-eabi/4.9.3/armv7-m/crti.o
                0x0000b590                _fini
 .fini          0x0000b594        0x8 c:/siliconlabs/simplicitystudio/v4/developer/toolchains/gnu_arm/4.9_2015q3/bin/../lib/gcc/arm-none-eabi/4.9.3/armv7-m/crtn.o
 *crtbegin.o(.ctors)
 *crtbegin?.o(.ctors)
 *(EXCLUDE_FILE(*crtend.o *crtend?.o) .ctors)
 *(SORT(.ctors.*))
 *(.ctors)
 *crtbegin.o(.dtors)
 *crtbegin?.o(.dtors)
 *(EXCLUDE_FILE(*crtend.o *crtend?.o) .dtors)
 *(SORT(.dtors.*))
 *(.dtors)
 *(.rodata*)
 .rodata.str1.4
                0x0000b59c       0x26 ./devices_src/tbr.o
 *fill*         0x0000b5c2        0x2 
 .rodata.cfg_rxm_poll_psm
                0x0000b5c4        0x8 ./devices_src/ublox_gps.o
 .rodata.cfg_pm2_on_off
                0x0000b5cc       0x34 ./devices_src/ublox_gps.o
 .rodata.cfg_sbas_disable
                0x0000b600       0x10 ./devices_src/ublox_gps.o
 .rodata.cfg_prt_ddc
                0x0000b610       0x1c ./devices_src/ublox_gps.o
 .rodata.cfg_prt_usb
                0x0000b62c       0x1c ./devices_src/ublox_gps.o
 .rodata.cfg_prt_spi
                0x0000b648       0x1c ./devices_src/ublox_gps.o
 .rodata.str1.4
                0x0000b664       0x1f ./devices_src/ublox_gps.o
 *fill*         0x0000b683        0x1 
 .rodata.nav_pvt_gps_data
                0x0000b684        0x8 ./devices_src/ublox_gps.o
 .rodata.cfg_rxm_psm_mode
                0x0000b68c        0xa ./devices_src/ublox_gps.o
 *fill*         0x0000b696        0x2 
 .rodata        0x0000b698       0x18 ./drivers_src/rs232.o
 .rodata        0x0000b6b0       0x18 ./drivers_src/spi.o
 .rodata.str1.4
                0x0000b6c8        0xf ./fat_filesystem_src/ff.o
 *fill*         0x0000b6d7        0x1 
 .rodata        0x0000b6d8       0x18 ./hal/hal.o
 .rodata.str1.4
                0x0000b6f0        0xb ./hal/hal.o
 *fill*         0x0000b6fb        0x1 
 .rodata.AES_S  0x0000b6fc      0x100 ./lmic/aes.o
 .rodata.AES_E1
                0x0000b7fc      0x400 ./lmic/aes.o
 .rodata.AES_E2
                0x0000bbfc      0x400 ./lmic/aes.o
 .rodata.AES_E3
                0x0000bffc      0x400 ./lmic/aes.o
 .rodata.AES_E4
                0x0000c3fc      0x400 ./lmic/aes.o
 .rodata.AES_RCON
                0x0000c7fc       0x28 ./lmic/aes.o
 .rodata.DRADJUST
                0x0000c824        0xa ./lmic/lmic.o
 *fill*         0x0000c82e        0x2 
 .rodata.TXPOWLEVELS
                0x0000c830       0x10 ./lmic/lmic.o
 .rodata._DR2RPS_CRC
                0x0000c840        0xa ./lmic/lmic.o
                0x0000c840                _DR2RPS_CRC
 *fill*         0x0000c84a        0x2 
 .rodata.SENSITIVITY
                0x0000c84c       0x15 ./lmic/lmic.o
 *fill*         0x0000c861        0x3 
 .rodata.DR2HSYM_osticks
                0x0000c864       0x20 ./lmic/lmic.o
 .rodata.iniChannelFreq
                0x0000c884       0x30 ./lmic/lmic.o
 .rodata.rxlorairqmask
                0x0000c8b4        0x3 ./lmic/radio.o
 *fill*         0x0000c8b7        0x1 
 .rodata.LORA_RXDONE_FIXUP
                0x0000c8b8        0xe ./lmic/radio.o
 *fill*         0x0000c8c6        0x2 
 .rodata        0x0000c8c8      0x104 ./resource managers_src/app_manager.o
 .rodata.str1.4
                0x0000c9cc      0x157 ./resource managers_src/app_manager.o
                                0x15b (size before relaxing)
 *fill*         0x0000cb23        0x1 
 .rodata.DEVKEY
                0x0000cb24       0x10 ./src/main.o
 .rodata.DEVEUI
                0x0000cb34        0x8 ./src/main.o
 .rodata.APPEUI
                0x0000cb3c        0x8 ./src/main.o
 .rodata.str1.4
                0x0000cb44      0x18c ./src/main.o
                                0x189 (size before relaxing)
 .rodata.str1.1
                0x0000ccd0        0x2 c:/siliconlabs/simplicitystudio/v4/developer/toolchains/gnu_arm/4.9_2015q3/bin/../lib/gcc/arm-none-eabi/4.9.3/../../../../arm-none-eabi/lib/armv7-m\libc_nano.a(lib_a-impure.o)
 *fill*         0x0000ccd2        0x2 
 .rodata._global_impure_ptr
                0x0000ccd4        0x4 c:/siliconlabs/simplicitystudio/v4/developer/toolchains/gnu_arm/4.9_2015q3/bin/../lib/gcc/arm-none-eabi/4.9.3/../../../../arm-none-eabi/lib/armv7-m\libc_nano.a(lib_a-impure.o)
                0x0000ccd4                _global_impure_ptr
 .rodata.str1.1
                0x0000ccd8       0x11 c:/siliconlabs/simplicitystudio/v4/developer/toolchains/gnu_arm/4.9_2015q3/bin/../lib/gcc/arm-none-eabi/4.9.3/../../../../arm-none-eabi/lib/armv7-m\libc_nano.a(lib_a-nano-svfprintf.o)
 .rodata.str1.1
                0x0000cce9       0x22 c:/siliconlabs/simplicitystudio/v4/developer/toolchains/gnu_arm/4.9_2015q3/bin/../lib/gcc/arm-none-eabi/4.9.3/../../../../arm-none-eabi/lib/armv7-m\libc_nano.a(lib_a-nano-vfprintf_i.o)
 *(.eh_frame*)
 *fill*         0x0000cd0b        0x1 
 .eh_frame      0x0000cd0c        0x0 c:/siliconlabs/simplicitystudio/v4/developer/toolchains/gnu_arm/4.9_2015q3/bin/../lib/gcc/arm-none-eabi/4.9.3/armv7-m/crtbegin.o
 .eh_frame      0x0000cd0c        0x4 c:/siliconlabs/simplicitystudio/v4/developer/toolchains/gnu_arm/4.9_2015q3/bin/../lib/gcc/arm-none-eabi/4.9.3/armv7-m/crtend.o

.glue_7         0x0000cd10        0x0
 .glue_7        0x00000000        0x0 linker stubs

.glue_7t        0x0000cd10        0x0
 .glue_7t       0x00000000        0x0 linker stubs

.vfp11_veneer   0x0000cd10        0x0
 .vfp11_veneer  0x00000000        0x0 linker stubs

.v4_bx          0x0000cd10        0x0
 .v4_bx         0x00000000        0x0 linker stubs

.iplt           0x0000cd10        0x0
 .iplt          0x00000000        0x0 c:/siliconlabs/simplicitystudio/v4/developer/toolchains/gnu_arm/4.9_2015q3/bin/../lib/gcc/arm-none-eabi/4.9.3/armv7-m/crtbegin.o

.ARM.extab
 *(.ARM.extab* .gnu.linkonce.armextab.*)
                0x0000cd10                __exidx_start = .

.ARM.exidx      0x0000cd10        0x8
 *(.ARM.exidx* .gnu.linkonce.armexidx.*)
 .ARM.exidx     0x0000cd10        0x8 c:/siliconlabs/simplicitystudio/v4/developer/toolchains/gnu_arm/4.9_2015q3/bin/../lib/gcc/arm-none-eabi/4.9.3/../../../../arm-none-eabi/lib/armv7-m/crt0.o
 .ARM.exidx     0x0000cd18        0x0 c:/siliconlabs/simplicitystudio/v4/developer/toolchains/gnu_arm/4.9_2015q3/bin/../lib/gcc/arm-none-eabi/4.9.3/armv7-m\libgcc.a(_divdi3.o)
                                  0x8 (size before relaxing)
 .ARM.exidx     0x0000cd18        0x0 c:/siliconlabs/simplicitystudio/v4/developer/toolchains/gnu_arm/4.9_2015q3/bin/../lib/gcc/arm-none-eabi/4.9.3/armv7-m\libgcc.a(_udivdi3.o)
                                  0x8 (size before relaxing)
                0x0000cd18                __exidx_end = .
                0x0000cd18                __etext = .

.rel.dyn        0x0000cd18        0x0
 .rel.iplt      0x00000000        0x0 c:/siliconlabs/simplicitystudio/v4/developer/toolchains/gnu_arm/4.9_2015q3/bin/../lib/gcc/arm-none-eabi/4.9.3/armv7-m/crtbegin.o

.data           0x20000000       0x80 load address 0x0000cd18
                0x20000000                __data_start__ = .
 *(vtable)
 *(.data*)
 .data.SystemLFXOClock
                0x20000000        0x4 ./CMSIS/EFM32GG/system_efm32gg.o
 .data.SystemHFXOClock
                0x20000004        0x4 ./CMSIS/EFM32GG/system_efm32gg.o
 .data.SystemCoreClock
                0x20000008        0x4 ./CMSIS/EFM32GG/system_efm32gg.o
                0x20000008                SystemCoreClock
 .data.isr_rx_tx_char
                0x2000000c        0x1 ./drivers_src/rs485.o
 *fill*         0x2000000d        0x3 
 .data.impure_data
                0x20000010       0x60 c:/siliconlabs/simplicitystudio/v4/developer/toolchains/gnu_arm/4.9_2015q3/bin/../lib/gcc/arm-none-eabi/4.9.3/../../../../arm-none-eabi/lib/armv7-m\libc_nano.a(lib_a-impure.o)
 .data._impure_ptr
                0x20000070        0x4 c:/siliconlabs/simplicitystudio/v4/developer/toolchains/gnu_arm/4.9_2015q3/bin/../lib/gcc/arm-none-eabi/4.9.3/../../../../arm-none-eabi/lib/armv7-m\libc_nano.a(lib_a-impure.o)
                0x20000070                _impure_ptr
                0x20000074                . = ALIGN (0x4)
 *(.ram)
                0x20000074                . = ALIGN (0x4)
                0x20000074                PROVIDE (__preinit_array_start, .)
 *(.preinit_array)
                0x20000074                PROVIDE (__preinit_array_end, .)
                0x20000074                . = ALIGN (0x4)
                0x20000074                PROVIDE (__init_array_start, .)
 *(SORT(.init_array.*))
 *(.init_array)
 .init_array    0x20000074        0x4 c:/siliconlabs/simplicitystudio/v4/developer/toolchains/gnu_arm/4.9_2015q3/bin/../lib/gcc/arm-none-eabi/4.9.3/armv7-m/crtbegin.o
                0x20000078                PROVIDE (__init_array_end, .)
                0x20000078                . = ALIGN (0x4)
                0x20000078                PROVIDE (__fini_array_start, .)
 *(SORT(.fini_array.*))
 *(.fini_array)
 .fini_array    0x20000078        0x4 c:/siliconlabs/simplicitystudio/v4/developer/toolchains/gnu_arm/4.9_2015q3/bin/../lib/gcc/arm-none-eabi/4.9.3/armv7-m/crtbegin.o
                0x2000007c                PROVIDE (__fini_array_end, .)
 *(.jcr*)
 .jcr           0x2000007c        0x0 c:/siliconlabs/simplicitystudio/v4/developer/toolchains/gnu_arm/4.9_2015q3/bin/../lib/gcc/arm-none-eabi/4.9.3/armv7-m/crtbegin.o
 .jcr           0x2000007c        0x4 c:/siliconlabs/simplicitystudio/v4/developer/toolchains/gnu_arm/4.9_2015q3/bin/../lib/gcc/arm-none-eabi/4.9.3/armv7-m/crtend.o
                0x20000080                . = ALIGN (0x4)
                0x20000080                __data_end__ = .

.igot.plt       0x20000080        0x0 load address 0x0000cd98
 .igot.plt      0x00000000        0x0 c:/siliconlabs/simplicitystudio/v4/developer/toolchains/gnu_arm/4.9_2015q3/bin/../lib/gcc/arm-none-eabi/4.9.3/armv7-m/crtbegin.o

.bss            0x20000080      0xbbc load address 0x0000cd98
                0x20000080                . = ALIGN (0x4)
                0x20000080                __bss_start__ = .
 *(.bss*)
 .bss           0x20000080       0x1c c:/siliconlabs/simplicitystudio/v4/developer/toolchains/gnu_arm/4.9_2015q3/bin/../lib/gcc/arm-none-eabi/4.9.3/armv7-m/crtbegin.o
 .bss.array_size
                0x2000009c        0x4 ./devices_src/tbr.o
 .bss.array_rear
                0x200000a0        0x4 ./devices_src/tbr.o
 .bss.array_front
                0x200000a4        0x4 ./devices_src/tbr.o
 .bss.array_msg
                0x200000a8      0x200 ./devices_src/tbr.o
 .bss.cmuStatus.5627
                0x200002a8        0x4 ./emlib/src/em_emu.o
 .bss.hfClock.5628
                0x200002ac        0x1 ./emlib/src/em_emu.o
 .bss.init_flag
                0x200002ad        0x1 ./fat_filesystem_src/diskio.o
 .bss.Fsid      0x200002ae        0x2 ./fat_filesystem_src/ff.o
 .bss.FatFs     0x200002b0        0x4 ./fat_filesystem_src/ff.o
 .bss.fifo_rx_size
                0x200002b4        0x4 ./fifo_buffers_src/fifo_rs232.o
 .bss.fifo_rx_rear
                0x200002b8        0x4 ./fifo_buffers_src/fifo_rs232.o
 .bss.fifo_tx   0x200002bc      0x200 ./fifo_buffers_src/fifo_rs232.o
 .bss.fifo_rx   0x200004bc       0x10 ./fifo_buffers_src/fifo_rs232.o
 .bss.fifo_tx_size
                0x200004cc        0x4 ./fifo_buffers_src/fifo_rs232.o
 .bss.fifo_rx_front
                0x200004d0        0x4 ./fifo_buffers_src/fifo_rs232.o
 .bss.fifo_tx_rear
                0x200004d4        0x4 ./fifo_buffers_src/fifo_rs232.o
 .bss.fifo_tx_front
                0x200004d8        0x4 ./fifo_buffers_src/fifo_rs232.o
 .bss.fifo_tx_cmd
                0x200004dc       0x10 ./fifo_buffers_src/fifo_tbr.o
 .bss.fifo_tx_cmd_front
                0x200004ec        0x4 ./fifo_buffers_src/fifo_tbr.o
 .bss.fifo_tx_cmd_rear
                0x200004f0        0x4 ./fifo_buffers_src/fifo_tbr.o
 .bss.fifo_rx_cmd
                0x200004f4        0x0 ./fifo_buffers_src/fifo_tbr.o
 .bss.fifo_rx_cmd_size
                0x200004f4        0x4 ./fifo_buffers_src/fifo_tbr.o
 .bss.fifo_rx_data_size
                0x200004f8        0x4 ./fifo_buffers_src/fifo_tbr.o
 .bss.fifo_rx_data
                0x200004fc      0x200 ./fifo_buffers_src/fifo_tbr.o
 .bss.fifo_rx_cmd_rear
                0x200006fc        0x4 ./fifo_buffers_src/fifo_tbr.o
 .bss.fifo_rx_data_rear
                0x20000700        0x4 ./fifo_buffers_src/fifo_tbr.o
 .bss.fifo_tx_cmd_size
                0x20000704        0x4 ./fifo_buffers_src/fifo_tbr.o
 .bss.fifo_rx_data_front
                0x20000708        0x4 ./fifo_buffers_src/fifo_tbr.o
 .bss.fifo_rx_cmd_front
                0x2000070c        0x4 ./fifo_buffers_src/fifo_tbr.o
 .bss.time_count
                0x20000710        0x4 ./hal/hal.o
 .bss.int_flag  0x20000714        0x1 ./hal/hal.o
 .bss.rtcInitialized
                0x20000715        0x1 ./hal/hal.o
 *fill*         0x20000716        0x2 
 .bss.HAL       0x20000718        0x8 ./hal/hal.o
 .bss.gpio_int_flag
                0x20000720        0x4 ./hal/hal.o
                0x20000720                gpio_int_flag
 .bss.rtcFreq   0x20000724        0x4 ./hal/hal.o
 .bss.time_manager_cmd
                0x20000728        0x1 ./hal/hal.o
 .bss.irqlevel  0x20000729        0x1 ./hal/hal.o
 *fill*         0x2000072a        0x2 
 .bss.OS        0x2000072c        0x8 ./lmic/oslmic.o
 .bss.randbuf   0x20000734       0x10 ./lmic/radio.o
 .bss.last_nav_data
                0x20000744       0x1c ./resource managers_src/app_manager.o
 .bss.FatFs     0x20000760      0x230 ./resource managers_src/app_manager.o
 .bss.join_flag
                0x20000990        0x1 ./src/main.o
                0x20000990                join_flag
 .bss.ledstate  0x20000991        0x1 ./src/main.o
 *fill*         0x20000992        0x2 
 .bss.__malloc_sbrk_start
                0x20000994        0x4 c:/siliconlabs/simplicitystudio/v4/developer/toolchains/gnu_arm/4.9_2015q3/bin/../lib/gcc/arm-none-eabi/4.9.3/../../../../arm-none-eabi/lib/armv7-m\libc_nano.a(lib_a-nano-mallocr.o)
                0x20000994                __malloc_sbrk_start
 .bss.__malloc_free_list
                0x20000998        0x4 c:/siliconlabs/simplicitystudio/v4/developer/toolchains/gnu_arm/4.9_2015q3/bin/../lib/gcc/arm-none-eabi/4.9.3/../../../../arm-none-eabi/lib/armv7-m\libc_nano.a(lib_a-nano-mallocr.o)
                0x20000998                __malloc_free_list
 .bss.heap_end.4079
                0x2000099c        0x4 c:/siliconlabs/simplicitystudio/v4/developer/toolchains/gnu_arm/4.9_2015q3/bin/../lib/gcc/arm-none-eabi/4.9.3/../../../../arm-none-eabi/lib/armv7-m\libnosys.a(sbrk.o)
 *(COMMON)
 COMMON         0x200009a0       0x40 ./devices_src/radio.o
                0x200009a0                rs232_tx_buf
 COMMON         0x200009e0        0x4 ./hal/hal.o
                0x200009e0                irqState
 COMMON         0x200009e4       0xc0 ./lmic/aes.o
                0x200009e4                AESKEY
                0x20000a94                AESAUX
 COMMON         0x20000aa4      0x194 ./lmic/lmic.o
                0x20000aa4                LMIC
 COMMON         0x20000c38        0x4 c:/siliconlabs/simplicitystudio/v4/developer/toolchains/gnu_arm/4.9_2015q3/bin/../lib/gcc/arm-none-eabi/4.9.3/../../../../arm-none-eabi/lib/armv7-m\libc_nano.a(lib_a-reent.o)
                0x20000c38                errno
                0x20000c3c                . = ALIGN (0x4)
                0x20000c3c                __bss_end__ = .

.heap           0x20000c40      0xc00
                0x20000c40                __HeapBase = .
                0x20000c40                __end__ = .
                0x20000c40                end = __end__
                0x20000c40                _end = __end__
 *(.heap*)
 .heap          0x20000c40      0xc00 ./CMSIS/EFM32GG/startup_efm32gg.o
                0x20001840                __HeapLimit = .

.stack_dummy    0x20000c40      0x400
 *(.stack*)
 .stack         0x20000c40      0x400 ./CMSIS/EFM32GG/startup_efm32gg.o
                0x20020000                __StackTop = (ORIGIN (RAM) + 0x20000)
                0x2001fc00                __StackLimit = (__StackTop - SIZEOF (.stack_dummy))
                0x20020000                PROVIDE (__stack, __StackTop)
                0x00000001                ASSERT ((__StackLimit >= __HeapLimit), region RAM overflowed with stack)
                0x00000001                ASSERT ((0x100000 >= (__etext + SIZEOF (.data))), FLASH memory overflowed !)
OUTPUT(lmic_and_testproject_iA.axf elf32-littlearm)

.ARM.attributes
                0x00000000       0x29
 .ARM.attributes
                0x00000000       0x1d c:/siliconlabs/simplicitystudio/v4/developer/toolchains/gnu_arm/4.9_2015q3/bin/../lib/gcc/arm-none-eabi/4.9.3/armv7-m/crti.o
 .ARM.attributes
                0x0000001d       0x2d c:/siliconlabs/simplicitystudio/v4/developer/toolchains/gnu_arm/4.9_2015q3/bin/../lib/gcc/arm-none-eabi/4.9.3/armv7-m/crtbegin.o
 .ARM.attributes
                0x0000004a       0x1b c:/siliconlabs/simplicitystudio/v4/developer/toolchains/gnu_arm/4.9_2015q3/bin/../lib/gcc/arm-none-eabi/4.9.3/../../../../arm-none-eabi/lib/armv7-m/crt0.o
 .ARM.attributes
                0x00000065       0x1b ./CMSIS/EFM32GG/startup_efm32gg.o
 .ARM.attributes
                0x00000080       0x33 ./CMSIS/EFM32GG/system_efm32gg.o
 .ARM.attributes
                0x000000b3       0x33 ./devices_src/radio.o
 .ARM.attributes
                0x000000e6       0x33 ./devices_src/rgb_led.o
 .ARM.attributes
                0x00000119       0x33 ./devices_src/sd_card.o
 .ARM.attributes
                0x0000014c       0x33 ./devices_src/tbr.o
 .ARM.attributes
                0x0000017f       0x33 ./devices_src/ublox_gps.o
 .ARM.attributes
                0x000001b2       0x33 ./drivers_src/delay.o
 .ARM.attributes
                0x000001e5       0x33 ./drivers_src/pwm.o
 .ARM.attributes
                0x00000218       0x33 ./drivers_src/rs232.o
 .ARM.attributes
                0x0000024b       0x33 ./drivers_src/rs485.o
 .ARM.attributes
                0x0000027e       0x33 ./drivers_src/spi.o
 .ARM.attributes
                0x000002b1       0x33 ./emlib/src/em_cmu.o
 .ARM.attributes
                0x000002e4       0x33 ./emlib/src/em_core.o
 .ARM.attributes
                0x00000317       0x33 ./emlib/src/em_dma.o
 .ARM.attributes
                0x0000034a       0x33 ./emlib/src/em_emu.o
 .ARM.attributes
                0x0000037d       0x33 ./emlib/src/em_gpio.o
 .ARM.attributes
                0x000003b0       0x33 ./emlib/src/em_leuart.o
 .ARM.attributes
                0x000003e3       0x33 ./emlib/src/em_rtc.o
 .ARM.attributes
                0x00000416       0x33 ./emlib/src/em_system.o
 .ARM.attributes
                0x00000449       0x33 ./emlib/src/em_timer.o
 .ARM.attributes
                0x0000047c       0x33 ./emlib/src/em_usart.o
 .ARM.attributes
                0x000004af       0x33 ./fat_filesystem_src/diskio.o
 .ARM.attributes
                0x000004e2       0x33 ./fat_filesystem_src/ff.o
 .ARM.attributes
                0x00000515       0x33 ./fifo_buffers_src/fifo_rs232.o
 .ARM.attributes
                0x00000548       0x33 ./fifo_buffers_src/fifo_tbr.o
 .ARM.attributes
                0x0000057b       0x33 ./hal/debug.o
 .ARM.attributes
                0x000005ae       0x33 ./hal/hal.o
 .ARM.attributes
                0x000005e1       0x33 ./lmic/aes.o
 .ARM.attributes
                0x00000614       0x33 ./lmic/lmic.o
 .ARM.attributes
                0x00000647       0x33 ./lmic/oslmic.o
 .ARM.attributes
                0x0000067a       0x33 ./lmic/radio.o
 .ARM.attributes
                0x000006ad       0x33 ./resource managers_src/app_manager.o
 .ARM.attributes
                0x000006e0       0x33 ./src/main.o
 .ARM.attributes
                0x00000713       0x1d c:/siliconlabs/simplicitystudio/v4/developer/toolchains/gnu_arm/4.9_2015q3/bin/../lib/gcc/arm-none-eabi/4.9.3/armv7-m\libgcc.a(_aeabi_uldivmod.o)
 .ARM.attributes
                0x00000730       0x2d c:/siliconlabs/simplicitystudio/v4/developer/toolchains/gnu_arm/4.9_2015q3/bin/../lib/gcc/arm-none-eabi/4.9.3/armv7-m\libgcc.a(bpabi.o)
 .ARM.attributes
                0x0000075d       0x1d c:/siliconlabs/simplicitystudio/v4/developer/toolchains/gnu_arm/4.9_2015q3/bin/../lib/gcc/arm-none-eabi/4.9.3/armv7-m\libgcc.a(_dvmd_tls.o)
 .ARM.attributes
                0x0000077a       0x2d c:/siliconlabs/simplicitystudio/v4/developer/toolchains/gnu_arm/4.9_2015q3/bin/../lib/gcc/arm-none-eabi/4.9.3/armv7-m\libgcc.a(_divdi3.o)
 .ARM.attributes
                0x000007a7       0x2d c:/siliconlabs/simplicitystudio/v4/developer/toolchains/gnu_arm/4.9_2015q3/bin/../lib/gcc/arm-none-eabi/4.9.3/armv7-m\libgcc.a(_udivdi3.o)
 .ARM.attributes
                0x000007d4       0x2d c:/siliconlabs/simplicitystudio/v4/developer/toolchains/gnu_arm/4.9_2015q3/bin/../lib/gcc/arm-none-eabi/4.9.3/../../../../arm-none-eabi/lib/armv7-m\libc_nano.a(lib_a-exit.o)
 .ARM.attributes
                0x00000801       0x2d c:/siliconlabs/simplicitystudio/v4/developer/toolchains/gnu_arm/4.9_2015q3/bin/../lib/gcc/arm-none-eabi/4.9.3/../../../../arm-none-eabi/lib/armv7-m\libc_nano.a(lib_a-impure.o)
 .ARM.attributes
                0x0000082e       0x2d c:/siliconlabs/simplicitystudio/v4/developer/toolchains/gnu_arm/4.9_2015q3/bin/../lib/gcc/arm-none-eabi/4.9.3/../../../../arm-none-eabi/lib/armv7-m\libc_nano.a(lib_a-init.o)
 .ARM.attributes
                0x0000085b       0x2d c:/siliconlabs/simplicitystudio/v4/developer/toolchains/gnu_arm/4.9_2015q3/bin/../lib/gcc/arm-none-eabi/4.9.3/../../../../arm-none-eabi/lib/armv7-m\libc_nano.a(lib_a-memcpy.o)
 .ARM.attributes
                0x00000888       0x2d c:/siliconlabs/simplicitystudio/v4/developer/toolchains/gnu_arm/4.9_2015q3/bin/../lib/gcc/arm-none-eabi/4.9.3/../../../../arm-none-eabi/lib/armv7-m\libc_nano.a(lib_a-memmove.o)
 .ARM.attributes
                0x000008b5       0x2d c:/siliconlabs/simplicitystudio/v4/developer/toolchains/gnu_arm/4.9_2015q3/bin/../lib/gcc/arm-none-eabi/4.9.3/../../../../arm-none-eabi/lib/armv7-m\libc_nano.a(lib_a-memset.o)
 .ARM.attributes
                0x000008e2       0x2d c:/siliconlabs/simplicitystudio/v4/developer/toolchains/gnu_arm/4.9_2015q3/bin/../lib/gcc/arm-none-eabi/4.9.3/../../../../arm-none-eabi/lib/armv7-m\libc_nano.a(lib_a-sprintf.o)
 .ARM.attributes
                0x0000090f       0x2d c:/siliconlabs/simplicitystudio/v4/developer/toolchains/gnu_arm/4.9_2015q3/bin/../lib/gcc/arm-none-eabi/4.9.3/../../../../arm-none-eabi/lib/armv7-m\libc_nano.a(lib_a-strchr.o)
 .ARM.attributes
                0x0000093c       0x2d c:/siliconlabs/simplicitystudio/v4/developer/toolchains/gnu_arm/4.9_2015q3/bin/../lib/gcc/arm-none-eabi/4.9.3/../../../../arm-none-eabi/lib/armv7-m\libc_nano.a(lib_a-strlen.o)
 .ARM.attributes
                0x00000969       0x2d c:/siliconlabs/simplicitystudio/v4/developer/toolchains/gnu_arm/4.9_2015q3/bin/../lib/gcc/arm-none-eabi/4.9.3/../../../../arm-none-eabi/lib/armv7-m\libc_nano.a(lib_a-strstr.o)
 .ARM.attributes
                0x00000996       0x2d c:/siliconlabs/simplicitystudio/v4/developer/toolchains/gnu_arm/4.9_2015q3/bin/../lib/gcc/arm-none-eabi/4.9.3/../../../../arm-none-eabi/lib/armv7-m\libc_nano.a(lib_a-strtok.o)
 .ARM.attributes
                0x000009c3       0x2d c:/siliconlabs/simplicitystudio/v4/developer/toolchains/gnu_arm/4.9_2015q3/bin/../lib/gcc/arm-none-eabi/4.9.3/../../../../arm-none-eabi/lib/armv7-m\libc_nano.a(lib_a-strtok_r.o)
 .ARM.attributes
                0x000009f0       0x2d c:/siliconlabs/simplicitystudio/v4/developer/toolchains/gnu_arm/4.9_2015q3/bin/../lib/gcc/arm-none-eabi/4.9.3/../../../../arm-none-eabi/lib/armv7-m\libc_nano.a(lib_a-malloc.o)
 .ARM.attributes
                0x00000a1d       0x2d c:/siliconlabs/simplicitystudio/v4/developer/toolchains/gnu_arm/4.9_2015q3/bin/../lib/gcc/arm-none-eabi/4.9.3/../../../../arm-none-eabi/lib/armv7-m\libc_nano.a(lib_a-nano-freer.o)
 .ARM.attributes
                0x00000a4a       0x2d c:/siliconlabs/simplicitystudio/v4/developer/toolchains/gnu_arm/4.9_2015q3/bin/../lib/gcc/arm-none-eabi/4.9.3/../../../../arm-none-eabi/lib/armv7-m\libc_nano.a(lib_a-nano-mallocr.o)
 .ARM.attributes
                0x00000a77       0x2d c:/siliconlabs/simplicitystudio/v4/developer/toolchains/gnu_arm/4.9_2015q3/bin/../lib/gcc/arm-none-eabi/4.9.3/../../../../arm-none-eabi/lib/armv7-m\libc_nano.a(lib_a-nano-svfprintf.o)
 .ARM.attributes
                0x00000aa4       0x2d c:/siliconlabs/simplicitystudio/v4/developer/toolchains/gnu_arm/4.9_2015q3/bin/../lib/gcc/arm-none-eabi/4.9.3/../../../../arm-none-eabi/lib/armv7-m\libc_nano.a(lib_a-nano-vfprintf_i.o)
 .ARM.attributes
                0x00000ad1       0x2d c:/siliconlabs/simplicitystudio/v4/developer/toolchains/gnu_arm/4.9_2015q3/bin/../lib/gcc/arm-none-eabi/4.9.3/../../../../arm-none-eabi/lib/armv7-m\libc_nano.a(lib_a-sbrkr.o)
 .ARM.attributes
                0x00000afe       0x2d c:/siliconlabs/simplicitystudio/v4/developer/toolchains/gnu_arm/4.9_2015q3/bin/../lib/gcc/arm-none-eabi/4.9.3/../../../../arm-none-eabi/lib/armv7-m\libc_nano.a(lib_a-memchr.o)
 .ARM.attributes
                0x00000b2b       0x2d c:/siliconlabs/simplicitystudio/v4/developer/toolchains/gnu_arm/4.9_2015q3/bin/../lib/gcc/arm-none-eabi/4.9.3/../../../../arm-none-eabi/lib/armv7-m\libc_nano.a(lib_a-nano-reallocr.o)
 .ARM.attributes
                0x00000b58       0x2d c:/siliconlabs/simplicitystudio/v4/developer/toolchains/gnu_arm/4.9_2015q3/bin/../lib/gcc/arm-none-eabi/4.9.3/../../../../arm-none-eabi/lib/armv7-m\libc_nano.a(lib_a-reent.o)
 .ARM.attributes
                0x00000b85       0x2d c:/siliconlabs/simplicitystudio/v4/developer/toolchains/gnu_arm/4.9_2015q3/bin/../lib/gcc/arm-none-eabi/4.9.3/../../../../arm-none-eabi/lib/armv7-m\libc_nano.a(lib_a-nano-msizer.o)
 .ARM.attributes
                0x00000bb2       0x2d c:/siliconlabs/simplicitystudio/v4/developer/toolchains/gnu_arm/4.9_2015q3/bin/../lib/gcc/arm-none-eabi/4.9.3/../../../../arm-none-eabi/lib/armv7-m\libnosys.a(sbrk.o)
 .ARM.attributes
                0x00000bdf       0x2d c:/siliconlabs/simplicitystudio/v4/developer/toolchains/gnu_arm/4.9_2015q3/bin/../lib/gcc/arm-none-eabi/4.9.3/../../../../arm-none-eabi/lib/armv7-m\libnosys.a(_exit.o)
 .ARM.attributes
                0x00000c0c       0x2d c:/siliconlabs/simplicitystudio/v4/developer/toolchains/gnu_arm/4.9_2015q3/bin/../lib/gcc/arm-none-eabi/4.9.3/armv7-m/crtend.o
 .ARM.attributes
                0x00000c39       0x1d c:/siliconlabs/simplicitystudio/v4/developer/toolchains/gnu_arm/4.9_2015q3/bin/../lib/gcc/arm-none-eabi/4.9.3/armv7-m/crtn.o

.comment        0x00000000       0x70
 .comment       0x00000000       0x70 ./CMSIS/EFM32GG/system_efm32gg.o
                                 0x71 (size before relaxing)
 .comment       0x00000000       0x71 ./devices_src/radio.o
 .comment       0x00000000       0x71 ./devices_src/rgb_led.o
 .comment       0x00000000       0x71 ./devices_src/sd_card.o
 .comment       0x00000000       0x71 ./devices_src/tbr.o
 .comment       0x00000000       0x71 ./devices_src/ublox_gps.o
 .comment       0x00000000       0x71 ./drivers_src/delay.o
 .comment       0x00000000       0x71 ./drivers_src/pwm.o
 .comment       0x00000000       0x71 ./drivers_src/rs232.o
 .comment       0x00000000       0x71 ./drivers_src/rs485.o
 .comment       0x00000000       0x71 ./drivers_src/spi.o
 .comment       0x00000000       0x71 ./emlib/src/em_cmu.o
 .comment       0x00000000       0x71 ./emlib/src/em_core.o
 .comment       0x00000000       0x71 ./emlib/src/em_dma.o
 .comment       0x00000000       0x71 ./emlib/src/em_emu.o
 .comment       0x00000000       0x71 ./emlib/src/em_gpio.o
 .comment       0x00000000       0x71 ./emlib/src/em_leuart.o
 .comment       0x00000000       0x71 ./emlib/src/em_rtc.o
 .comment       0x00000000       0x71 ./emlib/src/em_system.o
 .comment       0x00000000       0x71 ./emlib/src/em_timer.o
 .comment       0x00000000       0x71 ./emlib/src/em_usart.o
 .comment       0x00000000       0x71 ./fat_filesystem_src/diskio.o
 .comment       0x00000000       0x71 ./fat_filesystem_src/ff.o
 .comment       0x00000000       0x71 ./fifo_buffers_src/fifo_rs232.o
 .comment       0x00000000       0x71 ./fifo_buffers_src/fifo_tbr.o
 .comment       0x00000000       0x71 ./hal/debug.o
 .comment       0x00000000       0x71 ./hal/hal.o
 .comment       0x00000000       0x71 ./lmic/aes.o
 .comment       0x00000000       0x71 ./lmic/lmic.o
 .comment       0x00000000       0x71 ./lmic/oslmic.o
 .comment       0x00000000       0x71 ./lmic/radio.o
 .comment       0x00000000       0x71 ./resource managers_src/app_manager.o
 .comment       0x00000000       0x71 ./src/main.o

.debug_line     0x00000000     0xdde1
 .debug_line    0x00000000       0xd3 ./CMSIS/EFM32GG/startup_efm32gg.o
 .debug_line    0x000000d3      0x488 ./CMSIS/EFM32GG/system_efm32gg.o
 .debug_line    0x0000055b      0x5f3 ./devices_src/radio.o
 .debug_line    0x00000b4e      0x4cb ./devices_src/rgb_led.o
 .debug_line    0x00001019      0x5b5 ./devices_src/sd_card.o
 .debug_line    0x000015ce      0x6da ./devices_src/tbr.o
 .debug_line    0x00001ca8      0x825 ./devices_src/ublox_gps.o
 .debug_line    0x000024cd      0x38d ./drivers_src/delay.o
 .debug_line    0x0000285a      0x424 ./drivers_src/pwm.o
 .debug_line    0x00002c7e      0x484 ./drivers_src/rs232.o
 .debug_line    0x00003102      0x521 ./drivers_src/rs485.o
 .debug_line    0x00003623      0x41b ./drivers_src/spi.o
 .debug_line    0x00003a3e      0xd7a ./emlib/src/em_cmu.o
 .debug_line    0x000047b8      0x58f ./emlib/src/em_core.o
 .debug_line    0x00004d47      0x6a8 ./emlib/src/em_dma.o
 .debug_line    0x000053ef      0x689 ./emlib/src/em_emu.o
 .debug_line    0x00005a78      0x42c ./emlib/src/em_gpio.o
 .debug_line    0x00005ea4      0x503 ./emlib/src/em_leuart.o
 .debug_line    0x000063a7      0x382 ./emlib/src/em_rtc.o
 .debug_line    0x00006729      0x30d ./emlib/src/em_system.o
 .debug_line    0x00006a36      0x430 ./emlib/src/em_timer.o
 .debug_line    0x00006e66      0x726 ./emlib/src/em_usart.o
 .debug_line    0x0000758c      0x2fe ./fat_filesystem_src/diskio.o
 .debug_line    0x0000788a     0x261c ./fat_filesystem_src/ff.o
 .debug_line    0x00009ea6      0x27d ./fifo_buffers_src/fifo_rs232.o
 .debug_line    0x0000a123      0x2aa ./fifo_buffers_src/fifo_tbr.o
 .debug_line    0x0000a3cd      0x447 ./hal/debug.o
 .debug_line    0x0000a814      0x819 ./hal/hal.o
 .debug_line    0x0000b02d      0x39d ./lmic/aes.o
 .debug_line    0x0000b3ca     0x121c ./lmic/lmic.o
 .debug_line    0x0000c5e6      0x2a6 ./lmic/oslmic.o
 .debug_line    0x0000c88c      0x85a ./lmic/radio.o
 .debug_line    0x0000d0e6      0x745 ./resource managers_src/app_manager.o
 .debug_line    0x0000d82b      0x5b6 ./src/main.o

.debug_info     0x00000000    0x2e67e
 .debug_info    0x00000000      0x110 ./CMSIS/EFM32GG/startup_efm32gg.o
 .debug_info    0x00000110      0x6cc ./CMSIS/EFM32GG/system_efm32gg.o
 .debug_info    0x000007dc     0x25ca ./devices_src/radio.o
 .debug_info    0x00002da6      0xc32 ./devices_src/rgb_led.o
 .debug_info    0x000039d8     0x1815 ./devices_src/sd_card.o
 .debug_info    0x000051ed      0xe45 ./devices_src/tbr.o
 .debug_info    0x00006032     0x169c ./devices_src/ublox_gps.o
 .debug_info    0x000076ce      0x9c2 ./drivers_src/delay.o
 .debug_info    0x00008090      0xbe3 ./drivers_src/pwm.o
 .debug_info    0x00008c73     0x119b ./drivers_src/rs232.o
 .debug_info    0x00009e0e     0x141d ./drivers_src/rs485.o
 .debug_info    0x0000b22b      0xfbf ./drivers_src/spi.o
 .debug_info    0x0000c1ea     0x261a ./emlib/src/em_cmu.o
 .debug_info    0x0000e804      0xdcf ./emlib/src/em_core.o
 .debug_info    0x0000f5d3     0x1665 ./emlib/src/em_dma.o
 .debug_info    0x00010c38     0x14d2 ./emlib/src/em_emu.o
 .debug_info    0x0001210a      0x7c7 ./emlib/src/em_gpio.o
 .debug_info    0x000128d1      0xafe ./emlib/src/em_leuart.o
 .debug_info    0x000133cf      0x405 ./emlib/src/em_rtc.o
 .debug_info    0x000137d4      0x273 ./emlib/src/em_system.o
 .debug_info    0x00013a47      0x94a ./emlib/src/em_timer.o
 .debug_info    0x00014391     0x127c ./emlib/src/em_usart.o
 .debug_info    0x0001560d      0x354 ./fat_filesystem_src/diskio.o
 .debug_info    0x00015961     0x8c7e ./fat_filesystem_src/ff.o
 .debug_info    0x0001e5df      0x275 ./fifo_buffers_src/fifo_rs232.o
 .debug_info    0x0001e854      0x2d0 ./fifo_buffers_src/fifo_tbr.o
 .debug_info    0x0001eb24      0x7fd ./hal/debug.o
 .debug_info    0x0001f321     0x1e37 ./hal/hal.o
 .debug_info    0x00021158      0x313 ./lmic/aes.o
 .debug_info    0x0002146b     0x4426 ./lmic/lmic.o
 .debug_info    0x00025891      0x74c ./lmic/oslmic.o
 .debug_info    0x00025fdd     0x5770 ./lmic/radio.o
 .debug_info    0x0002b74d     0x1bd4 ./resource managers_src/app_manager.o
 .debug_info    0x0002d321     0x135d ./src/main.o

.debug_abbrev   0x00000000     0x5e09
 .debug_abbrev  0x00000000       0x14 ./CMSIS/EFM32GG/startup_efm32gg.o
 .debug_abbrev  0x00000014      0x1eb ./CMSIS/EFM32GG/system_efm32gg.o
 .debug_abbrev  0x000001ff      0x3a5 ./devices_src/radio.o
 .debug_abbrev  0x000005a4      0x29b ./devices_src/rgb_led.o
 .debug_abbrev  0x0000083f      0x2f8 ./devices_src/sd_card.o
 .debug_abbrev  0x00000b37      0x3b0 ./devices_src/tbr.o
 .debug_abbrev  0x00000ee7      0x392 ./devices_src/ublox_gps.o
 .debug_abbrev  0x00001279      0x23b ./drivers_src/delay.o
 .debug_abbrev  0x000014b4      0x2a4 ./drivers_src/pwm.o
 .debug_abbrev  0x00001758      0x2e8 ./drivers_src/rs232.o
 .debug_abbrev  0x00001a40      0x32f ./drivers_src/rs485.o
 .debug_abbrev  0x00001d6f      0x29d ./drivers_src/spi.o
 .debug_abbrev  0x0000200c      0x424 ./emlib/src/em_cmu.o
 .debug_abbrev  0x00002430      0x2cb ./emlib/src/em_core.o
 .debug_abbrev  0x000026fb      0x350 ./emlib/src/em_dma.o
 .debug_abbrev  0x00002a4b      0x355 ./emlib/src/em_emu.o
 .debug_abbrev  0x00002da0      0x2a8 ./emlib/src/em_gpio.o
 .debug_abbrev  0x00003048      0x2ee ./emlib/src/em_leuart.o
 .debug_abbrev  0x00003336      0x21b ./emlib/src/em_rtc.o
 .debug_abbrev  0x00003551      0x116 ./emlib/src/em_system.o
 .debug_abbrev  0x00003667      0x1bb ./emlib/src/em_timer.o
 .debug_abbrev  0x00003822      0x2f9 ./emlib/src/em_usart.o
 .debug_abbrev  0x00003b1b      0x172 ./fat_filesystem_src/diskio.o
 .debug_abbrev  0x00003c8d      0x3a2 ./fat_filesystem_src/ff.o
 .debug_abbrev  0x0000402f      0x128 ./fifo_buffers_src/fifo_rs232.o
 .debug_abbrev  0x00004157      0x12f ./fifo_buffers_src/fifo_tbr.o
 .debug_abbrev  0x00004286      0x259 ./hal/debug.o
 .debug_abbrev  0x000044df      0x58c ./hal/hal.o
 .debug_abbrev  0x00004a6b      0x126 ./lmic/aes.o
 .debug_abbrev  0x00004b91      0x5b7 ./lmic/lmic.o
 .debug_abbrev  0x00005148      0x23e ./lmic/oslmic.o
 .debug_abbrev  0x00005386      0x3ff ./lmic/radio.o
 .debug_abbrev  0x00005785      0x338 ./resource managers_src/app_manager.o
 .debug_abbrev  0x00005abd      0x34c ./src/main.o

.debug_aranges  0x00000000     0x1020
 .debug_aranges
                0x00000000       0x20 ./CMSIS/EFM32GG/startup_efm32gg.o
 .debug_aranges
                0x00000020       0x68 ./CMSIS/EFM32GG/system_efm32gg.o
 .debug_aranges
                0x00000088       0x70 ./devices_src/radio.o
 .debug_aranges
                0x000000f8       0x40 ./devices_src/rgb_led.o
 .debug_aranges
                0x00000138       0x60 ./devices_src/sd_card.o
 .debug_aranges
                0x00000198       0x80 ./devices_src/tbr.o
 .debug_aranges
                0x00000218       0xa8 ./devices_src/ublox_gps.o
 .debug_aranges
                0x000002c0       0x38 ./drivers_src/delay.o
 .debug_aranges
                0x000002f8       0x50 ./drivers_src/pwm.o
 .debug_aranges
                0x00000348       0x68 ./drivers_src/rs232.o
 .debug_aranges
                0x000003b0       0x68 ./drivers_src/rs485.o
 .debug_aranges
                0x00000418       0x60 ./drivers_src/spi.o
 .debug_aranges
                0x00000478       0xf8 ./emlib/src/em_cmu.o
 .debug_aranges
                0x00000570       0xe0 ./emlib/src/em_core.o
 .debug_aranges
                0x00000650       0x98 ./emlib/src/em_dma.o
 .debug_aranges
                0x000006e8       0x80 ./emlib/src/em_emu.o
 .debug_aranges
                0x00000768       0x48 ./emlib/src/em_gpio.o
 .debug_aranges
                0x000007b0       0x80 ./emlib/src/em_leuart.o
 .debug_aranges
                0x00000830       0x50 ./emlib/src/em_rtc.o
 .debug_aranges
                0x00000880       0x28 ./emlib/src/em_system.o
 .debug_aranges
                0x000008a8       0x38 ./emlib/src/em_timer.o
 .debug_aranges
                0x000008e0       0xb8 ./emlib/src/em_usart.o
 .debug_aranges
                0x00000998       0x40 ./fat_filesystem_src/diskio.o
 .debug_aranges
                0x000009d8      0x128 ./fat_filesystem_src/ff.o
 .debug_aranges
                0x00000b00       0x40 ./fifo_buffers_src/fifo_rs232.o
 .debug_aranges
                0x00000b40       0x40 ./fifo_buffers_src/fifo_tbr.o
 .debug_aranges
                0x00000b80       0x60 ./hal/debug.o
 .debug_aranges
                0x00000be0       0xa8 ./hal/hal.o
 .debug_aranges
                0x00000c88       0x20 ./lmic/aes.o
 .debug_aranges
                0x00000ca8      0x228 ./lmic/lmic.o
 .debug_aranges
                0x00000ed0       0x48 ./lmic/oslmic.o
 .debug_aranges
                0x00000f18       0x60 ./lmic/radio.o
 .debug_aranges
                0x00000f78       0x58 ./resource managers_src/app_manager.o
 .debug_aranges
                0x00000fd0       0x50 ./src/main.o

.debug_loc      0x00000000    0x2718f
 .debug_loc     0x00000000      0x36a ./CMSIS/EFM32GG/system_efm32gg.o
 .debug_loc     0x0000036a      0x8e9 ./devices_src/radio.o
 .debug_loc     0x00000c53      0x412 ./devices_src/rgb_led.o
 .debug_loc     0x00001065      0x81c ./devices_src/sd_card.o
 .debug_loc     0x00001881     0x24c8 ./devices_src/tbr.o
 .debug_loc     0x00003d49     0x10e3 ./devices_src/ublox_gps.o
 .debug_loc     0x00004e2c      0x10a ./drivers_src/delay.o
 .debug_loc     0x00004f36      0x18b ./drivers_src/pwm.o
 .debug_loc     0x000050c1      0x2c9 ./drivers_src/rs232.o
 .debug_loc     0x0000538a      0x399 ./drivers_src/rs485.o
 .debug_loc     0x00005723      0x318 ./drivers_src/spi.o
 .debug_loc     0x00005a3b     0x2d4b ./emlib/src/em_cmu.o
 .debug_loc     0x00008786      0x773 ./emlib/src/em_core.o
 .debug_loc     0x00008ef9     0x12ab ./emlib/src/em_dma.o
 .debug_loc     0x0000a1a4      0x653 ./emlib/src/em_emu.o
 .debug_loc     0x0000a7f7      0x54b ./emlib/src/em_gpio.o
 .debug_loc     0x0000ad42      0x606 ./emlib/src/em_leuart.o
 .debug_loc     0x0000b348       0x8f ./emlib/src/em_rtc.o
 .debug_loc     0x0000b3d7       0x75 ./emlib/src/em_system.o
 .debug_loc     0x0000b44c      0x154 ./emlib/src/em_timer.o
 .debug_loc     0x0000b5a0      0xb51 ./emlib/src/em_usart.o
 .debug_loc     0x0000c0f1      0x2b5 ./fat_filesystem_src/diskio.o
 .debug_loc     0x0000c3a6    0x11eae ./fat_filesystem_src/ff.o
 .debug_loc     0x0001e254      0x1b7 ./fifo_buffers_src/fifo_rs232.o
 .debug_loc     0x0001e40b      0x25e ./fifo_buffers_src/fifo_tbr.o
 .debug_loc     0x0001e669      0x4b2 ./hal/debug.o
 .debug_loc     0x0001eb1b      0x642 ./hal/hal.o
 .debug_loc     0x0001f15d      0x9c6 ./lmic/aes.o
 .debug_loc     0x0001fb23     0x3f16 ./lmic/lmic.o
 .debug_loc     0x00023a39      0x67c ./lmic/oslmic.o
 .debug_loc     0x000240b5     0x1fa7 ./lmic/radio.o
 .debug_loc     0x0002605c      0xe43 ./resource managers_src/app_manager.o
 .debug_loc     0x00026e9f      0x2f0 ./src/main.o

.debug_ranges   0x00000000     0x6218
 .debug_ranges  0x00000000      0x190 ./CMSIS/EFM32GG/system_efm32gg.o
 .debug_ranges  0x00000190      0x118 ./devices_src/radio.o
 .debug_ranges  0x000002a8      0x178 ./devices_src/rgb_led.o
 .debug_ranges  0x00000420       0x50 ./devices_src/sd_card.o
 .debug_ranges  0x00000470      0x170 ./devices_src/tbr.o
 .debug_ranges  0x000005e0       0x98 ./devices_src/ublox_gps.o
 .debug_ranges  0x00000678       0xe8 ./drivers_src/delay.o
 .debug_ranges  0x00000760      0x198 ./drivers_src/pwm.o
 .debug_ranges  0x000008f8       0xf0 ./drivers_src/rs232.o
 .debug_ranges  0x000009e8      0x2c8 ./drivers_src/rs485.o
 .debug_ranges  0x00000cb0      0x1f0 ./drivers_src/spi.o
 .debug_ranges  0x00000ea0      0x748 ./emlib/src/em_cmu.o
 .debug_ranges  0x000015e8      0x118 ./emlib/src/em_core.o
 .debug_ranges  0x00001700      0x1b0 ./emlib/src/em_dma.o
 .debug_ranges  0x000018b0      0x220 ./emlib/src/em_emu.o
 .debug_ranges  0x00001ad0       0xd0 ./emlib/src/em_gpio.o
 .debug_ranges  0x00001ba0      0x190 ./emlib/src/em_leuart.o
 .debug_ranges  0x00001d30       0x70 ./emlib/src/em_rtc.o
 .debug_ranges  0x00001da0       0x18 ./emlib/src/em_system.o
 .debug_ranges  0x00001db8       0x58 ./emlib/src/em_timer.o
 .debug_ranges  0x00001e10      0x220 ./emlib/src/em_usart.o
 .debug_ranges  0x00002030       0x30 ./fat_filesystem_src/diskio.o
 .debug_ranges  0x00002060     0x23b0 ./fat_filesystem_src/ff.o
 .debug_ranges  0x00004410       0x30 ./fifo_buffers_src/fifo_rs232.o
 .debug_ranges  0x00004440       0x30 ./fifo_buffers_src/fifo_tbr.o
 .debug_ranges  0x00004470       0xf8 ./hal/debug.o
 .debug_ranges  0x00004568      0x3d8 ./hal/hal.o
 .debug_ranges  0x00004940       0x40 ./lmic/aes.o
 .debug_ranges  0x00004980     0x1198 ./lmic/lmic.o
 .debug_ranges  0x00005b18      0x110 ./lmic/oslmic.o
 .debug_ranges  0x00005c28      0x468 ./lmic/radio.o
 .debug_ranges  0x00006090       0xf8 ./resource managers_src/app_manager.o
 .debug_ranges  0x00006188       0x90 ./src/main.o

.debug_str      0x00000000     0x68ab
 .debug_str     0x00000000      0x423 ./CMSIS/EFM32GG/system_efm32gg.o
                                0x4aa (size before relaxing)
 .debug_str     0x00000423      0x48a ./devices_src/radio.o
                                0x679 (size before relaxing)
 .debug_str     0x000008ad      0x31e ./devices_src/rgb_led.o
                                0x7da (size before relaxing)
 .debug_str     0x00000bcb       0xda ./devices_src/sd_card.o
                                0x5ce (size before relaxing)
 .debug_str     0x00000ca5      0x241 ./devices_src/tbr.o
                                0x75a (size before relaxing)
 .debug_str     0x00000ee6      0x231 ./devices_src/ublox_gps.o
                                0x7e5 (size before relaxing)
 .debug_str     0x00001117      0x39e ./drivers_src/delay.o
                                0x7ff (size before relaxing)
 .debug_str     0x000014b5       0xa6 ./drivers_src/pwm.o
                                0x871 (size before relaxing)
 .debug_str     0x0000155b      0x7ab ./drivers_src/rs232.o
                                0xf08 (size before relaxing)
 .debug_str     0x00001d06      0x3dc ./drivers_src/rs485.o
                                0xe43 (size before relaxing)
 .debug_str     0x000020e2       0xea ./drivers_src/spi.o
                                0xb22 (size before relaxing)
 .debug_str     0x000021cc      0x989 ./emlib/src/em_cmu.o
                               0x10aa (size before relaxing)
 .debug_str     0x00002b55      0x3bd ./emlib/src/em_core.o
                                0x7e7 (size before relaxing)
 .debug_str     0x00002f12      0x61c ./emlib/src/em_dma.o
                                0xd5c (size before relaxing)
 .debug_str     0x0000352e      0x486 ./emlib/src/em_emu.o
                                0xbd8 (size before relaxing)
 .debug_str     0x000039b4      0x105 ./emlib/src/em_gpio.o
                                0x5e1 (size before relaxing)
 .debug_str     0x00003ab9      0x118 ./emlib/src/em_leuart.o
                                0x73a (size before relaxing)
 .debug_str     0x00003bd1      0x100 ./emlib/src/em_rtc.o
                                0x2c7 (size before relaxing)
 .debug_str     0x00003cd1       0xfd ./emlib/src/em_system.o
                                0x2c5 (size before relaxing)
 .debug_str     0x00003dce      0x4f7 ./emlib/src/em_timer.o
                                0x975 (size before relaxing)
 .debug_str     0x000042c5      0x4ea ./emlib/src/em_usart.o
                                0xdc0 (size before relaxing)
 .debug_str     0x000047af       0xb8 ./fat_filesystem_src/diskio.o
                                0x2db (size before relaxing)
 .debug_str     0x00004867      0x503 ./fat_filesystem_src/ff.o
                                0x7ae (size before relaxing)
 .debug_str     0x00004d6a       0x95 ./fifo_buffers_src/fifo_rs232.o
                                0x2f1 (size before relaxing)
 .debug_str     0x00004dff       0xd6 ./fifo_buffers_src/fifo_tbr.o
                                0x35e (size before relaxing)
 .debug_str     0x00004ed5      0x16b ./hal/debug.o
                                0x3b8 (size before relaxing)
 .debug_str     0x00005040      0x41c ./hal/hal.o
                               0x1119 (size before relaxing)
 .debug_str     0x0000545c       0x6e ./lmic/aes.o
                                0x24b (size before relaxing)
 .debug_str     0x000054ca     0x1079 ./lmic/lmic.o
                               0x15ee (size before relaxing)
 .debug_str     0x00006543       0x5a ./lmic/oslmic.o
                                0x4dc (size before relaxing)
 .debug_str     0x0000659d      0x10e ./lmic/radio.o
                                0x8d1 (size before relaxing)
 .debug_str     0x000066ab      0x195 ./resource managers_src/app_manager.o
                                0xa41 (size before relaxing)
 .debug_str     0x00006840       0x6b ./src/main.o
                                0xda6 (size before relaxing)

.debug_frame    0x00000000     0x35c0
 .debug_frame   0x00000000       0xb0 ./CMSIS/EFM32GG/system_efm32gg.o
 .debug_frame   0x000000b0      0x130 ./devices_src/radio.o
 .debug_frame   0x000001e0       0xa8 ./devices_src/rgb_led.o
 .debug_frame   0x00000288      0x130 ./devices_src/sd_card.o
 .debug_frame   0x000003b8      0x1a8 ./devices_src/tbr.o
 .debug_frame   0x00000560      0x218 ./devices_src/ublox_gps.o
 .debug_frame   0x00000778       0x6c ./drivers_src/delay.o
 .debug_frame   0x000007e4       0xac ./drivers_src/pwm.o
 .debug_frame   0x00000890      0x100 ./drivers_src/rs232.o
 .debug_frame   0x00000990       0xfc ./drivers_src/rs485.o
 .debug_frame   0x00000a8c       0xe8 ./drivers_src/spi.o
 .debug_frame   0x00000b74      0x2b0 ./emlib/src/em_cmu.o
 .debug_frame   0x00000e24      0x228 ./emlib/src/em_core.o
 .debug_frame   0x0000104c      0x1f4 ./emlib/src/em_dma.o
 .debug_frame   0x00001240      0x148 ./emlib/src/em_emu.o
 .debug_frame   0x00001388       0x9c ./emlib/src/em_gpio.o
 .debug_frame   0x00001424      0x118 ./emlib/src/em_leuart.o
 .debug_frame   0x0000153c       0x80 ./emlib/src/em_rtc.o
 .debug_frame   0x000015bc       0x30 ./emlib/src/em_system.o
 .debug_frame   0x000015ec       0x9c ./emlib/src/em_timer.o
 .debug_frame   0x00001688      0x1e4 ./emlib/src/em_usart.o
 .debug_frame   0x0000186c       0x78 ./fat_filesystem_src/diskio.o
 .debug_frame   0x000018e4      0x6d0 ./fat_filesystem_src/ff.o
 .debug_frame   0x00001fb4       0xa4 ./fifo_buffers_src/fifo_rs232.o
 .debug_frame   0x00002058       0xb0 ./fifo_buffers_src/fifo_tbr.o
 .debug_frame   0x00002108      0x118 ./hal/debug.o
 .debug_frame   0x00002220      0x1dc ./hal/hal.o
 .debug_frame   0x000023fc       0x40 ./lmic/aes.o
 .debug_frame   0x0000243c      0x710 ./lmic/lmic.o
 .debug_frame   0x00002b4c       0xe4 ./lmic/oslmic.o
 .debug_frame   0x00002c30      0x188 ./lmic/radio.o
 .debug_frame   0x00002db8      0x150 ./resource managers_src/app_manager.o
 .debug_frame   0x00002f08      0x104 ./src/main.o
 .debug_frame   0x0000300c       0x28 c:/siliconlabs/simplicitystudio/v4/developer/toolchains/gnu_arm/4.9_2015q3/bin/../lib/gcc/arm-none-eabi/4.9.3/armv7-m\libgcc.a(_aeabi_uldivmod.o)
 .debug_frame   0x00003034       0x54 c:/siliconlabs/simplicitystudio/v4/developer/toolchains/gnu_arm/4.9_2015q3/bin/../lib/gcc/arm-none-eabi/4.9.3/armv7-m\libgcc.a(bpabi.o)
 .debug_frame   0x00003088       0x34 c:/siliconlabs/simplicitystudio/v4/developer/toolchains/gnu_arm/4.9_2015q3/bin/../lib/gcc/arm-none-eabi/4.9.3/armv7-m\libgcc.a(_divdi3.o)
 .debug_frame   0x000030bc       0x34 c:/siliconlabs/simplicitystudio/v4/developer/toolchains/gnu_arm/4.9_2015q3/bin/../lib/gcc/arm-none-eabi/4.9.3/armv7-m\libgcc.a(_udivdi3.o)
 .debug_frame   0x000030f0       0x28 c:/siliconlabs/simplicitystudio/v4/developer/toolchains/gnu_arm/4.9_2015q3/bin/../lib/gcc/arm-none-eabi/4.9.3/../../../../arm-none-eabi/lib/armv7-m\libc_nano.a(lib_a-exit.o)
 .debug_frame   0x00003118       0x2c c:/siliconlabs/simplicitystudio/v4/developer/toolchains/gnu_arm/4.9_2015q3/bin/../lib/gcc/arm-none-eabi/4.9.3/../../../../arm-none-eabi/lib/armv7-m\libc_nano.a(lib_a-init.o)
 .debug_frame   0x00003144       0x28 c:/siliconlabs/simplicitystudio/v4/developer/toolchains/gnu_arm/4.9_2015q3/bin/../lib/gcc/arm-none-eabi/4.9.3/../../../../arm-none-eabi/lib/armv7-m\libc_nano.a(lib_a-memcpy.o)
 .debug_frame   0x0000316c       0x28 c:/siliconlabs/simplicitystudio/v4/developer/toolchains/gnu_arm/4.9_2015q3/bin/../lib/gcc/arm-none-eabi/4.9.3/../../../../arm-none-eabi/lib/armv7-m\libc_nano.a(lib_a-memmove.o)
 .debug_frame   0x00003194       0x20 c:/siliconlabs/simplicitystudio/v4/developer/toolchains/gnu_arm/4.9_2015q3/bin/../lib/gcc/arm-none-eabi/4.9.3/../../../../arm-none-eabi/lib/armv7-m\libc_nano.a(lib_a-memset.o)
 .debug_frame   0x000031b4       0x70 c:/siliconlabs/simplicitystudio/v4/developer/toolchains/gnu_arm/4.9_2015q3/bin/../lib/gcc/arm-none-eabi/4.9.3/../../../../arm-none-eabi/lib/armv7-m\libc_nano.a(lib_a-sprintf.o)
 .debug_frame   0x00003224       0x20 c:/siliconlabs/simplicitystudio/v4/developer/toolchains/gnu_arm/4.9_2015q3/bin/../lib/gcc/arm-none-eabi/4.9.3/../../../../arm-none-eabi/lib/armv7-m\libc_nano.a(lib_a-strchr.o)
 .debug_frame   0x00003244       0x20 c:/siliconlabs/simplicitystudio/v4/developer/toolchains/gnu_arm/4.9_2015q3/bin/../lib/gcc/arm-none-eabi/4.9.3/../../../../arm-none-eabi/lib/armv7-m\libc_nano.a(lib_a-strlen.o)
 .debug_frame   0x00003264       0x2c c:/siliconlabs/simplicitystudio/v4/developer/toolchains/gnu_arm/4.9_2015q3/bin/../lib/gcc/arm-none-eabi/4.9.3/../../../../arm-none-eabi/lib/armv7-m\libc_nano.a(lib_a-strstr.o)
 .debug_frame   0x00003290       0x38 c:/siliconlabs/simplicitystudio/v4/developer/toolchains/gnu_arm/4.9_2015q3/bin/../lib/gcc/arm-none-eabi/4.9.3/../../../../arm-none-eabi/lib/armv7-m\libc_nano.a(lib_a-strtok.o)
 .debug_frame   0x000032c8       0x40 c:/siliconlabs/simplicitystudio/v4/developer/toolchains/gnu_arm/4.9_2015q3/bin/../lib/gcc/arm-none-eabi/4.9.3/../../../../arm-none-eabi/lib/armv7-m\libc_nano.a(lib_a-strtok_r.o)
 .debug_frame   0x00003308       0x30 c:/siliconlabs/simplicitystudio/v4/developer/toolchains/gnu_arm/4.9_2015q3/bin/../lib/gcc/arm-none-eabi/4.9.3/../../../../arm-none-eabi/lib/armv7-m\libc_nano.a(lib_a-malloc.o)
 .debug_frame   0x00003338       0x2c c:/siliconlabs/simplicitystudio/v4/developer/toolchains/gnu_arm/4.9_2015q3/bin/../lib/gcc/arm-none-eabi/4.9.3/../../../../arm-none-eabi/lib/armv7-m\libc_nano.a(lib_a-nano-freer.o)
 .debug_frame   0x00003364       0x2c c:/siliconlabs/simplicitystudio/v4/developer/toolchains/gnu_arm/4.9_2015q3/bin/../lib/gcc/arm-none-eabi/4.9.3/../../../../arm-none-eabi/lib/armv7-m\libc_nano.a(lib_a-nano-mallocr.o)
 .debug_frame   0x00003390       0x8c c:/siliconlabs/simplicitystudio/v4/developer/toolchains/gnu_arm/4.9_2015q3/bin/../lib/gcc/arm-none-eabi/4.9.3/../../../../arm-none-eabi/lib/armv7-m\libc_nano.a(lib_a-nano-svfprintf.o)
 .debug_frame   0x0000341c       0x58 c:/siliconlabs/simplicitystudio/v4/developer/toolchains/gnu_arm/4.9_2015q3/bin/../lib/gcc/arm-none-eabi/4.9.3/../../../../arm-none-eabi/lib/armv7-m\libc_nano.a(lib_a-nano-vfprintf_i.o)
 .debug_frame   0x00003474       0x2c c:/siliconlabs/simplicitystudio/v4/developer/toolchains/gnu_arm/4.9_2015q3/bin/../lib/gcc/arm-none-eabi/4.9.3/../../../../arm-none-eabi/lib/armv7-m\libc_nano.a(lib_a-sbrkr.o)
 .debug_frame   0x000034a0       0x28 c:/siliconlabs/simplicitystudio/v4/developer/toolchains/gnu_arm/4.9_2015q3/bin/../lib/gcc/arm-none-eabi/4.9.3/../../../../arm-none-eabi/lib/armv7-m\libc_nano.a(lib_a-memchr.o)
 .debug_frame   0x000034c8       0x3c c:/siliconlabs/simplicitystudio/v4/developer/toolchains/gnu_arm/4.9_2015q3/bin/../lib/gcc/arm-none-eabi/4.9.3/../../../../arm-none-eabi/lib/armv7-m\libc_nano.a(lib_a-nano-reallocr.o)
 .debug_frame   0x00003504       0x5c c:/siliconlabs/simplicitystudio/v4/developer/toolchains/gnu_arm/4.9_2015q3/bin/../lib/gcc/arm-none-eabi/4.9.3/../../../../arm-none-eabi/lib/armv7-m\libc_nano.a(lib_a-reent.o)
 .debug_frame   0x00003560       0x20 c:/siliconlabs/simplicitystudio/v4/developer/toolchains/gnu_arm/4.9_2015q3/bin/../lib/gcc/arm-none-eabi/4.9.3/../../../../arm-none-eabi/lib/armv7-m\libc_nano.a(lib_a-nano-msizer.o)
 .debug_frame   0x00003580       0x20 c:/siliconlabs/simplicitystudio/v4/developer/toolchains/gnu_arm/4.9_2015q3/bin/../lib/gcc/arm-none-eabi/4.9.3/../../../../arm-none-eabi/lib/armv7-m\libnosys.a(sbrk.o)
 .debug_frame   0x000035a0       0x20 c:/siliconlabs/simplicitystudio/v4/developer/toolchains/gnu_arm/4.9_2015q3/bin/../lib/gcc/arm-none-eabi/4.9.3/../../../../arm-none-eabi/lib/armv7-m\libnosys.a(_exit.o)